#
# There is insufficient memory for the Java Runtime Environment to continue.
# Native memory allocation (malloc) failed to allocate 1301776 bytes for Chunk::new
# Possible reasons:
#   The system is out of physical RAM or swap space
#   The process is running with CompressedOops enabled, and the Java Heap may be blocking the growth of the native heap
# Possible solutions:
#   Reduce memory load on the system
#   Increase physical memory or swap space
#   Check if swap backing store is full
#   Decrease Java heap size (-Xmx/-Xms)
#   Decrease number of Java threads
#   Decrease Java thread stack sizes (-Xss)
#   Set larger code cache with -XX:ReservedCodeCacheSize=
#   JVM is running with Unscaled Compressed Oops mode in which the Java heap is
#     placed in the first 4GB address space. The Java Heap base address is the
#     maximum limit for the native heap growth. Please use -XX:HeapBaseMinAddress
#     to set the Java Heap base and to place the Java Heap above 4GB virtual address.
# This output file may be truncated or incomplete.
#
#  Out of Memory Error (./open/src/hotspot/share/memory/arena.cpp:197), pid=37092, tid=69700
#
# JRE version: Java(TM) SE Runtime Environment 18.9 (11.0.15.1+2) (build 11.0.15.1+2-LTS-10)
# Java VM: Java HotSpot(TM) 64-Bit Server VM 18.9 (11.0.15.1+2-LTS-10, mixed mode, tiered, compressed oops, g1 gc, windows-amd64)
# No core dump will be written. Minidumps are not enabled by default on client versions of Windows
#

---------------  S U M M A R Y ------------

Command Line: -Dfile.encoding=UTF-8 com.rays.ORSProject10Application

Host: Intel(R) Core(TM) i5-9300H CPU @ 2.40GHz, 8 cores, 7G,  Windows 11 , 64 bit Build 26100 (10.0.26100.8115)
Time: Thu Apr 16 12:29:22 2026 India Standard Time elapsed time: 1064.498525 seconds (0d 0h 17m 44s)

---------------  T H R E A D  ---------------

Current thread (0x000002682e49d000):  JavaThread "C2 CompilerThread0" daemon [_thread_in_native, id=69700, stack(0x0000006e85000000,0x0000006e85100000)]


Current CompileTask:
C2:1064498 11558   !   4       jdk.internal.loader.BuiltinClassLoader::findResource (154 bytes)

Stack: [0x0000006e85000000,0x0000006e85100000]
Native frames: (J=compiled Java code, j=interpreted, Vv=VM code, C=native code)
V  [jvm.dll+0x629d8a]
V  [jvm.dll+0x7638ff]
V  [jvm.dll+0x764fa9]
V  [jvm.dll+0x765633]
V  [jvm.dll+0x23d9c8]
V  [jvm.dll+0xb2a1c]
V  [jvm.dll+0xb2fdc]
V  [jvm.dll+0x341002]
V  [jvm.dll+0x30e9b3]
V  [jvm.dll+0x30dcfa]
V  [jvm.dll+0x1f8565]
V  [jvm.dll+0x1f774d]
V  [jvm.dll+0x177c51]
V  [jvm.dll+0x207026]
V  [jvm.dll+0x2051bb]
V  [jvm.dll+0x729820]
V  [jvm.dll+0x7223f4]
V  [jvm.dll+0x628c26]
C  [ucrtbase.dll+0x37b0]
C  [KERNEL32.DLL+0x2e8d7]
C  [ntdll.dll+0x8c3fc]


---------------  P R O C E S S  ---------------

Threads class SMR info:
_java_thread_list=0x000002682f45e8c0, length=31, elements={
0x000002682db3b800, 0x000002682db3c800, 0x000002682e496800, 0x000002682e497800,
0x000002682e49a800, 0x000002682e49d000, 0x000002682e4b3800, 0x000002682e4ce800,
0x000002682e665800, 0x00000268319e8000, 0x000002683753b000, 0x0000026837b2f000,
0x0000026837b28000, 0x0000026837539800, 0x0000026837b27800, 0x0000026837b26800,
0x0000026837b2a000, 0x0000026837b2a800, 0x0000026837b29000, 0x0000026837b2c800,
0x0000026837b2e000, 0x0000026837b2b800, 0x0000026837b2f800, 0x0000026837b2d000,
0x0000026837b31000, 0x0000026837b33000, 0x0000026837b30800, 0x0000026837b33800,
0x0000026837b34800, 0x0000026837b32000, 0x0000026837b35800
}

Java Threads: ( => current thread )
  0x000002682db3b800 JavaThread "Reference Handler" daemon [_thread_blocked, id=64264, stack(0x0000006e84b00000,0x0000006e84c00000)]
  0x000002682db3c800 JavaThread "Finalizer" daemon [_thread_blocked, id=69656, stack(0x0000006e84c00000,0x0000006e84d00000)]
  0x000002682e496800 JavaThread "Signal Dispatcher" daemon [_thread_blocked, id=36312, stack(0x0000006e84d00000,0x0000006e84e00000)]
  0x000002682e497800 JavaThread "Attach Listener" daemon [_thread_blocked, id=13996, stack(0x0000006e84e00000,0x0000006e84f00000)]
  0x000002682e49a800 JavaThread "Service Thread" daemon [_thread_blocked, id=69696, stack(0x0000006e84f00000,0x0000006e85000000)]
=>0x000002682e49d000 JavaThread "C2 CompilerThread0" daemon [_thread_in_native, id=69700, stack(0x0000006e85000000,0x0000006e85100000)]
  0x000002682e4b3800 JavaThread "C1 CompilerThread0" daemon [_thread_blocked, id=67832, stack(0x0000006e85100000,0x0000006e85200000)]
  0x000002682e4ce800 JavaThread "Sweeper thread" daemon [_thread_blocked, id=18696, stack(0x0000006e85200000,0x0000006e85300000)]
  0x000002682e665800 JavaThread "Common-Cleaner" daemon [_thread_blocked, id=69784, stack(0x0000006e85400000,0x0000006e85500000)]
  0x00000268319e8000 JavaThread "mysql-cj-abandoned-connection-cleanup" daemon [_thread_blocked, id=59496, stack(0x0000006e85800000,0x0000006e85900000)]
  0x000002683753b000 JavaThread "Live Reload Server" daemon [_thread_in_native, id=65312, stack(0x0000006e86900000,0x0000006e86a00000)]
  0x0000026837b2f000 JavaThread "DestroyJavaVM" [_thread_blocked, id=74176, stack(0x0000006e84400000,0x0000006e84500000)]
  0x0000026837b28000 JavaThread "File Watcher" daemon [_thread_blocked, id=77424, stack(0x0000006e84200000,0x0000006e84300000)]
  0x0000026837539800 JavaThread "HikariPool-4 housekeeper" daemon [_thread_blocked, id=2448, stack(0x0000006e86400000,0x0000006e86500000)]
  0x0000026837b27800 JavaThread "Catalina-utility-1" [_thread_blocked, id=77800, stack(0x0000006e86600000,0x0000006e86700000)]
  0x0000026837b26800 JavaThread "container-1" [_thread_blocked, id=76924, stack(0x0000006e86700000,0x0000006e86800000)]
  0x0000026837b2a000 JavaThread "File Watcher" daemon [_thread_blocked, id=77644, stack(0x0000006e86800000,0x0000006e86900000)]
  0x0000026837b2a800 JavaThread "NioBlockingSelector.BlockPoller-3" daemon [_thread_in_native, id=77660, stack(0x0000006e86a00000,0x0000006e86b00000)]
  0x0000026837b29000 JavaThread "http-nio-8080-exec-1" daemon [_thread_blocked, id=76324, stack(0x0000006e86b00000,0x0000006e86c00000)]
  0x0000026837b2c800 JavaThread "http-nio-8080-exec-2" daemon [_thread_blocked, id=16636, stack(0x0000006e86c00000,0x0000006e86d00000)]
  0x0000026837b2e000 JavaThread "http-nio-8080-exec-3" daemon [_thread_blocked, id=76844, stack(0x0000006e86d00000,0x0000006e86e00000)]
  0x0000026837b2b800 JavaThread "http-nio-8080-exec-4" daemon [_thread_blocked, id=72652, stack(0x0000006e86e00000,0x0000006e86f00000)]
  0x0000026837b2f800 JavaThread "http-nio-8080-exec-5" daemon [_thread_blocked, id=77504, stack(0x0000006e86f00000,0x0000006e87000000)]
  0x0000026837b2d000 JavaThread "http-nio-8080-exec-6" daemon [_thread_blocked, id=11696, stack(0x0000006e87000000,0x0000006e87100000)]
  0x0000026837b31000 JavaThread "http-nio-8080-exec-7" daemon [_thread_blocked, id=77436, stack(0x0000006e87100000,0x0000006e87200000)]
  0x0000026837b33000 JavaThread "http-nio-8080-exec-8" daemon [_thread_blocked, id=75904, stack(0x0000006e87200000,0x0000006e87300000)]
  0x0000026837b30800 JavaThread "http-nio-8080-exec-9" daemon [_thread_blocked, id=72536, stack(0x0000006e87300000,0x0000006e87400000)]
  0x0000026837b33800 JavaThread "http-nio-8080-exec-10" daemon [_thread_blocked, id=61452, stack(0x0000006e87400000,0x0000006e87500000)]
  0x0000026837b34800 JavaThread "http-nio-8080-ClientPoller-0" daemon [_thread_in_native, id=76840, stack(0x0000006e87500000,0x0000006e87600000)]
  0x0000026837b32000 JavaThread "http-nio-8080-ClientPoller-1" daemon [_thread_in_native, id=72884, stack(0x0000006e87600000,0x0000006e87700000)]
  0x0000026837b35800 JavaThread "http-nio-8080-Acceptor-0" daemon [_thread_in_native, id=77396, stack(0x0000006e87700000,0x0000006e87800000)]

Other Threads:
  0x000002682db28000 VMThread "VM Thread" [stack: 0x0000006e84a00000,0x0000006e84b00000] [id=66084]
  0x000002682e669000 WatcherThread [stack: 0x0000006e85300000,0x0000006e85400000] [id=58416]
  0x000002680fc5b800 GCTaskThread "GC Thread#0" [stack: 0x0000006e84500000,0x0000006e84600000] [id=72788]
  0x000002682f811800 GCTaskThread "GC Thread#1" [stack: 0x0000006e85900000,0x0000006e85a00000] [id=69844]
  0x000002682f812000 GCTaskThread "GC Thread#2" [stack: 0x0000006e85a00000,0x0000006e85b00000] [id=68508]
  0x000002682f612000 GCTaskThread "GC Thread#3" [stack: 0x0000006e85b00000,0x0000006e85c00000] [id=69848]
  0x000002682f613000 GCTaskThread "GC Thread#4" [stack: 0x0000006e85c00000,0x0000006e85d00000] [id=69856]
  0x000002682e4c0000 GCTaskThread "GC Thread#5" [stack: 0x0000006e85d00000,0x0000006e85e00000] [id=69876]
  0x000002682e4bd800 GCTaskThread "GC Thread#6" [stack: 0x0000006e85e00000,0x0000006e85f00000] [id=69888]
  0x000002682e4c3000 GCTaskThread "GC Thread#7" [stack: 0x0000006e85f00000,0x0000006e86000000] [id=70008]
  0x000002680fc8d800 ConcurrentGCThread "G1 Main Marker" [stack: 0x0000006e84600000,0x0000006e84700000] [id=74960]
  0x000002680fc98000 ConcurrentGCThread "G1 Conc#0" [stack: 0x0000006e84700000,0x0000006e84800000] [id=44504]
  0x000002682e4c4800 ConcurrentGCThread "G1 Conc#1" [stack: 0x0000006e86100000,0x0000006e86200000] [id=68600]
  0x000002680fc8f000 ConcurrentGCThread "G1 Refine#0" [stack: 0x0000006e84800000,0x0000006e84900000] [id=54896]
  0x000002682e4c5000 ConcurrentGCThread "G1 Refine#1" [stack: 0x0000006e86000000,0x0000006e86100000] [id=4988]
  0x000002682d971000 ConcurrentGCThread "G1 Young RemSet Sampling" [stack: 0x0000006e84900000,0x0000006e84a00000] [id=73932]

Threads with active compile tasks:
C2 CompilerThread01064532 11558   !   4       jdk.internal.loader.BuiltinClassLoader::findResource (154 bytes)

VM state:not at safepoint (normal execution)

VM Mutex/Monitor currently owned by a thread: None

Heap address: 0x0000000082400000, size: 2012 MB, Compressed Oops mode: 32-bit
Narrow klass base: 0x0000000000000000, Narrow klass shift: 3
Compressed class space size: 1073741824 Address: 0x0000000100000000

Heap:
 garbage-first heap   total 116736K, used 60555K [0x0000000082400000, 0x0000000100000000)
  region size 1024K, 20 young (20480K), 3 survivors (3072K)
 Metaspace       used 85498K, capacity 87231K, committed 87504K, reserved 1126400K
  class space    used 10209K, capacity 10892K, committed 10964K, reserved 1048576K
Heap Regions: E=young(eden), S=young(survivor), O=old, HS=humongous(starts), HC=humongous(continues), CS=collection set, F=free, A=archive, TAMS=top-at-mark-start (previous, next)
|   0|0x0000000082400000, 0x0000000082500000, 0x0000000082500000|100%|HS|  |TAMS 0x0000000082400000, 0x0000000082400000| Untracked 
|   1|0x0000000082500000, 0x00000000825ffef8, 0x0000000082600000| 99%| O|  |TAMS 0x0000000082500000, 0x0000000082500000| Untracked 
|   2|0x0000000082600000, 0x00000000826fe4f8, 0x0000000082700000| 99%| O|  |TAMS 0x0000000082600000, 0x0000000082600000| Untracked 
|   3|0x0000000082700000, 0x00000000827ffff0, 0x0000000082800000| 99%| O|  |TAMS 0x0000000082700000, 0x0000000082700000| Untracked 
|   4|0x0000000082800000, 0x00000000828ffff8, 0x0000000082900000| 99%| O|  |TAMS 0x0000000082800000, 0x0000000082800000| Untracked 
|   5|0x0000000082900000, 0x0000000082a00000, 0x0000000082a00000|100%| O|  |TAMS 0x0000000082900000, 0x0000000082900000| Untracked 
|   6|0x0000000082a00000, 0x0000000082afffe8, 0x0000000082b00000| 99%| O|  |TAMS 0x0000000082a00000, 0x0000000082a00000| Untracked 
|   7|0x0000000082b00000, 0x0000000082bfffc8, 0x0000000082c00000| 99%| O|  |TAMS 0x0000000082b00000, 0x0000000082b00000| Untracked 
|   8|0x0000000082c00000, 0x0000000082cf8478, 0x0000000082d00000| 96%| O|  |TAMS 0x0000000082c00000, 0x0000000082c00000| Untracked 
|   9|0x0000000082d00000, 0x0000000082dffff0, 0x0000000082e00000| 99%| O|  |TAMS 0x0000000082d00000, 0x0000000082d00000| Untracked 
|  10|0x0000000082e00000, 0x0000000082effff8, 0x0000000082f00000| 99%| O|  |TAMS 0x0000000082e00000, 0x0000000082e00000| Untracked 
|  11|0x0000000082f00000, 0x0000000082fff888, 0x0000000083000000| 99%| O|  |TAMS 0x0000000082f00000, 0x0000000082f00000| Untracked 
|  12|0x0000000083000000, 0x00000000830ffc50, 0x0000000083100000| 99%| O|  |TAMS 0x0000000083000000, 0x0000000083000000| Untracked 
|  13|0x0000000083100000, 0x00000000831fffc0, 0x0000000083200000| 99%| O|  |TAMS 0x0000000083100000, 0x0000000083100000| Untracked 
|  14|0x0000000083200000, 0x0000000083300000, 0x0000000083300000|100%| O|  |TAMS 0x0000000083200000, 0x0000000083200000| Untracked 
|  15|0x0000000083300000, 0x00000000833ffff8, 0x0000000083400000| 99%| O|  |TAMS 0x0000000083300000, 0x0000000083300000| Untracked 
|  16|0x0000000083400000, 0x00000000834ffff8, 0x0000000083500000| 99%| O|  |TAMS 0x0000000083400000, 0x0000000083400000| Untracked 
|  17|0x0000000083500000, 0x00000000835f00b8, 0x0000000083600000| 93%| O|  |TAMS 0x0000000083500000, 0x0000000083500000| Untracked 
|  18|0x0000000083600000, 0x00000000836fffb8, 0x0000000083700000| 99%| O|  |TAMS 0x0000000083600000, 0x0000000083600000| Untracked 
|  19|0x0000000083700000, 0x0000000083800000, 0x0000000083800000|100%| O|  |TAMS 0x0000000083700000, 0x0000000083700000| Untracked 
|  20|0x0000000083800000, 0x00000000838fffa8, 0x0000000083900000| 99%| O|  |TAMS 0x0000000083800000, 0x0000000083800000| Untracked 
|  21|0x0000000083900000, 0x00000000839feb10, 0x0000000083a00000| 99%| O|  |TAMS 0x0000000083900000, 0x0000000083900000| Untracked 
|  22|0x0000000083a00000, 0x0000000083afffd0, 0x0000000083b00000| 99%| O|  |TAMS 0x0000000083a00000, 0x0000000083a00000| Untracked 
|  23|0x0000000083b00000, 0x0000000083c00000, 0x0000000083c00000|100%| O|  |TAMS 0x0000000083b00000, 0x0000000083b00000| Untracked 
|  24|0x0000000083c00000, 0x0000000083d00000, 0x0000000083d00000|100%| O|  |TAMS 0x0000000083c00000, 0x0000000083c00000| Untracked 
|  25|0x0000000083d00000, 0x0000000083e00000, 0x0000000083e00000|100%| O|  |TAMS 0x0000000083d00000, 0x0000000083d00000| Untracked 
|  26|0x0000000083e00000, 0x0000000083effff8, 0x0000000083f00000| 99%| O|  |TAMS 0x0000000083e00000, 0x0000000083e00000| Untracked 
|  27|0x0000000083f00000, 0x0000000083ffffd0, 0x0000000084000000| 99%| O|  |TAMS 0x0000000083f00000, 0x0000000083f00000| Untracked 
|  28|0x0000000084000000, 0x00000000840ffa38, 0x0000000084100000| 99%| O|  |TAMS 0x0000000084000000, 0x0000000084000000| Untracked 
|  29|0x0000000084100000, 0x00000000841ffff0, 0x0000000084200000| 99%| O|  |TAMS 0x0000000084100000, 0x0000000084100000| Untracked 
|  30|0x0000000084200000, 0x00000000842e5488, 0x0000000084300000| 89%| O|  |TAMS 0x0000000084200000, 0x0000000084200000| Untracked 
|  31|0x0000000084300000, 0x0000000084400000, 0x0000000084400000|100%| O|  |TAMS 0x0000000084300000, 0x0000000084300000| Untracked 
|  32|0x0000000084400000, 0x0000000084500000, 0x0000000084500000|100%| O|  |TAMS 0x0000000084400000, 0x0000000084400000| Untracked 
|  33|0x0000000084500000, 0x0000000084600000, 0x0000000084600000|100%| O|  |TAMS 0x0000000084500000, 0x0000000084500000| Untracked 
|  34|0x0000000084600000, 0x00000000846339c0, 0x0000000084700000| 20%| O|  |TAMS 0x0000000084600000, 0x0000000084600000| Untracked 
|  35|0x0000000084700000, 0x00000000847d1c80, 0x0000000084800000| 81%| O|  |TAMS 0x0000000084700000, 0x0000000084700000| Untracked 
|  36|0x0000000084800000, 0x0000000084900000, 0x0000000084900000|100%| O|  |TAMS 0x0000000084800000, 0x0000000084800000| Untracked 
|  37|0x0000000084900000, 0x0000000084917318, 0x0000000084a00000|  9%| O|  |TAMS 0x0000000084900000, 0x0000000084900000| Untracked 
|  38|0x0000000084a00000, 0x0000000084af4d60, 0x0000000084b00000| 95%| O|  |TAMS 0x0000000084a00000, 0x0000000084a00000| Untracked 
|  39|0x0000000084b00000, 0x0000000084c00000, 0x0000000084c00000|100%| O|  |TAMS 0x0000000084b00000, 0x0000000084b00000| Untracked 
|  40|0x0000000084c00000, 0x0000000084d00000, 0x0000000084d00000|100%| O|  |TAMS 0x0000000084c00000, 0x0000000084c00000| Untracked 
|  41|0x0000000084d00000, 0x0000000084e00000, 0x0000000084e00000|100%| O|  |TAMS 0x0000000084d00000, 0x0000000084d00000| Untracked 
|  42|0x0000000084e00000, 0x0000000084e6b000, 0x0000000084f00000| 41%| O|  |TAMS 0x0000000084e00000, 0x0000000084e00000| Untracked 
|  43|0x0000000084f00000, 0x0000000084f00000, 0x0000000085000000|  0%| F|  |TAMS 0x0000000084f00000, 0x0000000084f00000| Untracked 
|  44|0x0000000085000000, 0x0000000085000000, 0x0000000085100000|  0%| F|  |TAMS 0x0000000085000000, 0x0000000085000000| Untracked 
|  45|0x0000000085100000, 0x0000000085100000, 0x0000000085200000|  0%| F|  |TAMS 0x0000000085100000, 0x0000000085100000| Untracked 
|  46|0x0000000085200000, 0x0000000085200000, 0x0000000085300000|  0%| F|  |TAMS 0x0000000085200000, 0x0000000085200000| Untracked 
|  47|0x0000000085300000, 0x0000000085300000, 0x0000000085400000|  0%| F|  |TAMS 0x0000000085300000, 0x0000000085300000| Untracked 
|  48|0x0000000085400000, 0x0000000085400000, 0x0000000085500000|  0%| F|  |TAMS 0x0000000085400000, 0x0000000085400000| Untracked 
|  49|0x0000000085500000, 0x0000000085500000, 0x0000000085600000|  0%| F|  |TAMS 0x0000000085500000, 0x0000000085500000| Untracked 
|  50|0x0000000085600000, 0x0000000085600000, 0x0000000085700000|  0%| F|  |TAMS 0x0000000085600000, 0x0000000085600000| Untracked 
|  51|0x0000000085700000, 0x0000000085700000, 0x0000000085800000|  0%| F|  |TAMS 0x0000000085700000, 0x0000000085700000| Untracked 
|  52|0x0000000085800000, 0x0000000085800000, 0x0000000085900000|  0%| F|  |TAMS 0x0000000085800000, 0x0000000085800000| Untracked 
|  53|0x0000000085900000, 0x0000000085900000, 0x0000000085a00000|  0%| F|  |TAMS 0x0000000085900000, 0x0000000085900000| Untracked 
|  54|0x0000000085a00000, 0x0000000085a00000, 0x0000000085b00000|  0%| F|  |TAMS 0x0000000085a00000, 0x0000000085a00000| Untracked 
|  55|0x0000000085b00000, 0x0000000085b00000, 0x0000000085c00000|  0%| F|  |TAMS 0x0000000085b00000, 0x0000000085b00000| Untracked 
|  56|0x0000000085c00000, 0x0000000085c00000, 0x0000000085d00000|  0%| F|  |TAMS 0x0000000085c00000, 0x0000000085c00000| Untracked 
|  57|0x0000000085d00000, 0x0000000085d00000, 0x0000000085e00000|  0%| F|  |TAMS 0x0000000085d00000, 0x0000000085d00000| Untracked 
|  58|0x0000000085e00000, 0x0000000085edd170, 0x0000000085f00000| 86%| S|CS|TAMS 0x0000000085e00000, 0x0000000085e00000| Complete 
|  59|0x0000000085f00000, 0x0000000086000000, 0x0000000086000000|100%| S|CS|TAMS 0x0000000085f00000, 0x0000000085f00000| Complete 
|  60|0x0000000086000000, 0x0000000086000000, 0x0000000086100000|  0%| F|  |TAMS 0x0000000086000000, 0x0000000086000000| Untracked 
|  61|0x0000000086100000, 0x0000000086100000, 0x0000000086200000|  0%| F|  |TAMS 0x0000000086100000, 0x0000000086100000| Untracked 
|  62|0x0000000086200000, 0x0000000086300000, 0x0000000086300000|100%| S|CS|TAMS 0x0000000086200000, 0x0000000086200000| Complete 
|  63|0x0000000086300000, 0x0000000086300000, 0x0000000086400000|  0%| F|  |TAMS 0x0000000086300000, 0x0000000086300000| Untracked 
|  64|0x0000000086400000, 0x0000000086400000, 0x0000000086500000|  0%| F|  |TAMS 0x0000000086400000, 0x0000000086400000| Untracked 
|  65|0x0000000086500000, 0x0000000086500000, 0x0000000086600000|  0%| F|  |TAMS 0x0000000086500000, 0x0000000086500000| Untracked 
|  66|0x0000000086600000, 0x0000000086600000, 0x0000000086700000|  0%| F|  |TAMS 0x0000000086600000, 0x0000000086600000| Untracked 
|  67|0x0000000086700000, 0x0000000086700000, 0x0000000086800000|  0%| F|  |TAMS 0x0000000086700000, 0x0000000086700000| Untracked 
|  68|0x0000000086800000, 0x0000000086800000, 0x0000000086900000|  0%| F|  |TAMS 0x0000000086800000, 0x0000000086800000| Untracked 
|  69|0x0000000086900000, 0x0000000086900000, 0x0000000086a00000|  0%| F|  |TAMS 0x0000000086900000, 0x0000000086900000| Untracked 
|  70|0x0000000086a00000, 0x0000000086a00000, 0x0000000086b00000|  0%| F|  |TAMS 0x0000000086a00000, 0x0000000086a00000| Untracked 
|  71|0x0000000086b00000, 0x0000000086b00000, 0x0000000086c00000|  0%| F|  |TAMS 0x0000000086b00000, 0x0000000086b00000| Untracked 
|  72|0x0000000086c00000, 0x0000000086c00000, 0x0000000086d00000|  0%| F|  |TAMS 0x0000000086c00000, 0x0000000086c00000| Untracked 
|  73|0x0000000086d00000, 0x0000000086d00000, 0x0000000086e00000|  0%| F|  |TAMS 0x0000000086d00000, 0x0000000086d00000| Untracked 
|  74|0x0000000086e00000, 0x0000000086e00000, 0x0000000086f00000|  0%| F|  |TAMS 0x0000000086e00000, 0x0000000086e00000| Untracked 
|  75|0x0000000086f00000, 0x0000000086f00000, 0x0000000087000000|  0%| F|  |TAMS 0x0000000086f00000, 0x0000000086f00000| Untracked 
|  76|0x0000000087000000, 0x0000000087000000, 0x0000000087100000|  0%| F|  |TAMS 0x0000000087000000, 0x0000000087000000| Untracked 
|  77|0x0000000087100000, 0x0000000087100000, 0x0000000087200000|  0%| F|  |TAMS 0x0000000087100000, 0x0000000087100000| Untracked 
|  78|0x0000000087200000, 0x0000000087200000, 0x0000000087300000|  0%| F|  |TAMS 0x0000000087200000, 0x0000000087200000| Untracked 
|  79|0x0000000087300000, 0x0000000087300000, 0x0000000087400000|  0%| F|  |TAMS 0x0000000087300000, 0x0000000087300000| Untracked 
|  80|0x0000000087400000, 0x0000000087400000, 0x0000000087500000|  0%| F|  |TAMS 0x0000000087400000, 0x0000000087400000| Untracked 
|  81|0x0000000087500000, 0x0000000087500000, 0x0000000087600000|  0%| F|  |TAMS 0x0000000087500000, 0x0000000087500000| Untracked 
|  82|0x0000000087600000, 0x0000000087600000, 0x0000000087700000|  0%| F|  |TAMS 0x0000000087600000, 0x0000000087600000| Untracked 
|  83|0x0000000087700000, 0x0000000087700000, 0x0000000087800000|  0%| F|  |TAMS 0x0000000087700000, 0x0000000087700000| Untracked 
|  84|0x0000000087800000, 0x0000000087800000, 0x0000000087900000|  0%| F|  |TAMS 0x0000000087800000, 0x0000000087800000| Untracked 
|  85|0x0000000087900000, 0x0000000087900000, 0x0000000087a00000|  0%| F|  |TAMS 0x0000000087900000, 0x0000000087900000| Untracked 
|  86|0x0000000087a00000, 0x0000000087a00000, 0x0000000087b00000|  0%| F|  |TAMS 0x0000000087a00000, 0x0000000087a00000| Untracked 
|  87|0x0000000087b00000, 0x0000000087b00000, 0x0000000087c00000|  0%| F|  |TAMS 0x0000000087b00000, 0x0000000087b00000| Untracked 
|  88|0x0000000087c00000, 0x0000000087c00000, 0x0000000087d00000|  0%| F|  |TAMS 0x0000000087c00000, 0x0000000087c00000| Untracked 
|  89|0x0000000087d00000, 0x0000000087d00000, 0x0000000087e00000|  0%| F|  |TAMS 0x0000000087d00000, 0x0000000087d00000| Untracked 
|  90|0x0000000087e00000, 0x0000000087e00000, 0x0000000087f00000|  0%| F|  |TAMS 0x0000000087e00000, 0x0000000087e00000| Untracked 
|  91|0x0000000087f00000, 0x0000000087f00000, 0x0000000088000000|  0%| F|  |TAMS 0x0000000087f00000, 0x0000000087f00000| Untracked 
|  92|0x0000000088000000, 0x0000000088000000, 0x0000000088100000|  0%| F|  |TAMS 0x0000000088000000, 0x0000000088000000| Untracked 
|  93|0x0000000088100000, 0x0000000088100000, 0x0000000088200000|  0%| F|  |TAMS 0x0000000088100000, 0x0000000088100000| Untracked 
|  94|0x0000000088200000, 0x0000000088200000, 0x0000000088300000|  0%| F|  |TAMS 0x0000000088200000, 0x0000000088200000| Untracked 
|  95|0x0000000088300000, 0x0000000088300000, 0x0000000088400000|  0%| F|  |TAMS 0x0000000088300000, 0x0000000088300000| Untracked 
|  96|0x0000000088400000, 0x0000000088400000, 0x0000000088500000|  0%| F|  |TAMS 0x0000000088400000, 0x0000000088400000| Untracked 
|  97|0x0000000088500000, 0x00000000885db868, 0x0000000088600000| 85%| E|  |TAMS 0x0000000088500000, 0x0000000088500000| Complete 
|  98|0x0000000088600000, 0x0000000088700000, 0x0000000088700000|100%| E|CS|TAMS 0x0000000088600000, 0x0000000088600000| Complete 
|  99|0x0000000088700000, 0x0000000088800000, 0x0000000088800000|100%| E|CS|TAMS 0x0000000088700000, 0x0000000088700000| Complete 
| 100|0x0000000088800000, 0x0000000088900000, 0x0000000088900000|100%| E|CS|TAMS 0x0000000088800000, 0x0000000088800000| Complete 
| 101|0x0000000088900000, 0x0000000088a00000, 0x0000000088a00000|100%| E|CS|TAMS 0x0000000088900000, 0x0000000088900000| Complete 
| 102|0x0000000088a00000, 0x0000000088b00000, 0x0000000088b00000|100%| E|CS|TAMS 0x0000000088a00000, 0x0000000088a00000| Complete 
| 103|0x0000000088b00000, 0x0000000088c00000, 0x0000000088c00000|100%| E|CS|TAMS 0x0000000088b00000, 0x0000000088b00000| Complete 
| 104|0x0000000088c00000, 0x0000000088d00000, 0x0000000088d00000|100%| E|CS|TAMS 0x0000000088c00000, 0x0000000088c00000| Complete 
| 105|0x0000000088d00000, 0x0000000088e00000, 0x0000000088e00000|100%| E|CS|TAMS 0x0000000088d00000, 0x0000000088d00000| Complete 
| 106|0x0000000088e00000, 0x0000000088f00000, 0x0000000088f00000|100%| E|CS|TAMS 0x0000000088e00000, 0x0000000088e00000| Complete 
| 107|0x0000000088f00000, 0x0000000089000000, 0x0000000089000000|100%| E|CS|TAMS 0x0000000088f00000, 0x0000000088f00000| Complete 
| 108|0x0000000089000000, 0x0000000089100000, 0x0000000089100000|100%| E|CS|TAMS 0x0000000089000000, 0x0000000089000000| Complete 
| 109|0x0000000089100000, 0x0000000089200000, 0x0000000089200000|100%| E|CS|TAMS 0x0000000089100000, 0x0000000089100000| Complete 
| 110|0x0000000089200000, 0x0000000089300000, 0x0000000089300000|100%| E|CS|TAMS 0x0000000089200000, 0x0000000089200000| Complete 
| 111|0x0000000089300000, 0x0000000089400000, 0x0000000089400000|100%| E|CS|TAMS 0x0000000089300000, 0x0000000089300000| Complete 
| 112|0x0000000089400000, 0x0000000089500000, 0x0000000089500000|100%| E|CS|TAMS 0x0000000089400000, 0x0000000089400000| Complete 
| 113|0x0000000089500000, 0x0000000089600000, 0x0000000089600000|100%| E|CS|TAMS 0x0000000089500000, 0x0000000089500000| Complete 

Card table byte_map: [0x0000026826a00000,0x0000026826df0000] _byte_map_base: 0x00000268265ee000

Marking Bits (Prev, Next): (CMBitMap*) 0x000002680fc84e70, (CMBitMap*) 0x000002680fc84e38
 Prev Bits: [0x0000026829150000, 0x000002682b0c0000)
 Next Bits: [0x00000268271e0000, 0x0000026829150000)

Polling page: 0x000002680db10000

Metaspace:

Usage:
  Non-class:     74.55 MB capacity,    73.52 MB ( 99%) used,   836.76 KB (  1%) free+waste,   213.25 KB ( <1%) overhead. 
      Class:     10.64 MB capacity,     9.97 MB ( 94%) used,   587.16 KB (  5%) free+waste,    95.00 KB ( <1%) overhead. 
       Both:     85.19 MB capacity,    83.49 MB ( 98%) used,     1.39 MB (  2%) free+waste,   308.25 KB ( <1%) overhead. 

Virtual space:
  Non-class space:       76.00 MB reserved,      74.75 MB ( 98%) committed 
      Class space:        1.00 GB reserved,      10.71 MB (  1%) committed 
             Both:        1.07 GB reserved,      85.45 MB (  8%) committed 

Chunk freelists:
   Non-Class:  1.13 KB
       Class:  2.50 KB
        Both:  3.63 KB

CodeHeap 'non-profiled nmethods': size=120000Kb used=9490Kb max_used=9490Kb free=110509Kb
 bounds [0x000002681edb0000, 0x000002681f700000, 0x00000268262e0000]
CodeHeap 'profiled nmethods': size=120000Kb used=24372Kb max_used=24372Kb free=95627Kb
 bounds [0x0000026817880000, 0x0000026819050000, 0x000002681edb0000]
CodeHeap 'non-nmethods': size=5760Kb used=1253Kb max_used=1319Kb free=4506Kb
 bounds [0x00000268172e0000, 0x0000026817550000, 0x0000026817880000]
 total_blobs=11815 nmethods=11179 adapters=546
 compilation: enabled
              stopped_count=0, restarted_count=0
 full_count=0

Compilation events (10 events):
Event: 934.180 Thread 0x000002682e49d000 nmethod 11554 0x000002681f6f2390 code [0x000002681f6f25a0, 0x000002681f6f2fc8]
Event: 965.834 Thread 0x000002682e49d000 11555       4       java.util.concurrent.ThreadPoolExecutor::beforeExecute (1 bytes)
Event: 965.834 Thread 0x000002682e49d000 nmethod 11555 0x000002681f6f3710 code [0x000002681f6f3880, 0x000002681f6f38d8]
Event: 986.828 Thread 0x000002682e49d000 11556       4       java.util.concurrent.ThreadPoolExecutor::afterExecute (1 bytes)
Event: 986.829 Thread 0x000002682e49d000 nmethod 11556 0x000002681f6f3990 code [0x000002681f6f3b00, 0x000002681f6f3b58]
Event: 992.840 Thread 0x000002682e49d000 11557       4       java.util.concurrent.ConcurrentHashMap$KeySetView::iterator (34 bytes)
Event: 992.847 Thread 0x000002682e49d000 nmethod 11557 0x000002681f6f3c10 code [0x000002681f6f3da0, 0x000002681f6f42f8]
Event: 1059.404 Thread 0x000002682e49d000 11558   !   4       jdk.internal.loader.BuiltinClassLoader::findResource (154 bytes)
Event: 1060.015 Thread 0x000002682e4b3800 11559       1       org.apache.catalina.core.StandardContext::getThreadBindingListener (5 bytes)
Event: 1060.016 Thread 0x000002682e4b3800 nmethod 11559 0x000002681f6f4590 code [0x000002681f6f4720, 0x000002681f6f47d8]

GC Heap History (10 events):
Event: 458.124 GC heap before
{Heap before GC invocations=31 (full 2):
 garbage-first heap   total 116736K, used 93613K [0x0000000082400000, 0x0000000100000000)
  region size 1024K, 54 young (55296K), 5 survivors (5120K)
 Metaspace       used 85182K, capacity 86865K, committed 86992K, reserved 1126400K
  class space    used 10195K, capacity 10880K, committed 10964K, reserved 1048576K
}
Event: 458.129 GC heap after
{Heap after GC invocations=32 (full 2):
 garbage-first heap   total 116736K, used 44203K [0x0000000082400000, 0x0000000100000000)
  region size 1024K, 5 young (5120K), 5 survivors (5120K)
 Metaspace       used 85182K, capacity 86865K, committed 86992K, reserved 1126400K
  class space    used 10195K, capacity 10880K, committed 10964K, reserved 1048576K
}
Event: 598.799 GC heap before
{Heap before GC invocations=32 (full 2):
 garbage-first heap   total 116736K, used 94379K [0x0000000082400000, 0x0000000100000000)
  region size 1024K, 54 young (55296K), 5 survivors (5120K)
 Metaspace       used 85197K, capacity 86929K, committed 87248K, reserved 1126400K
  class space    used 10195K, capacity 10880K, committed 10964K, reserved 1048576K
}
Event: 598.802 GC heap after
{Heap after GC invocations=33 (full 2):
 garbage-first heap   total 116736K, used 44024K [0x0000000082400000, 0x0000000100000000)
  region size 1024K, 3 young (3072K), 3 survivors (3072K)
 Metaspace       used 85197K, capacity 86929K, committed 87248K, reserved 1126400K
  class space    used 10195K, capacity 10880K, committed 10964K, reserved 1048576K
}
Event: 739.103 GC heap before
{Heap before GC invocations=33 (full 2):
 garbage-first heap   total 116736K, used 95224K [0x0000000082400000, 0x0000000100000000)
  region size 1024K, 53 young (54272K), 3 survivors (3072K)
 Metaspace       used 85250K, capacity 86936K, committed 87248K, reserved 1126400K
  class space    used 10199K, capacity 10882K, committed 10964K, reserved 1048576K
}
Event: 739.110 GC heap after
{Heap after GC invocations=34 (full 2):
 garbage-first heap   total 116736K, used 44077K [0x0000000082400000, 0x0000000100000000)
  region size 1024K, 3 young (3072K), 3 survivors (3072K)
 Metaspace       used 85250K, capacity 86936K, committed 87248K, reserved 1126400K
  class space    used 10199K, capacity 10882K, committed 10964K, reserved 1048576K
}
Event: 882.008 GC heap before
{Heap before GC invocations=34 (full 2):
 garbage-first heap   total 116736K, used 96301K [0x0000000082400000, 0x0000000100000000)
  region size 1024K, 54 young (55296K), 3 survivors (3072K)
 Metaspace       used 85281K, capacity 87003K, committed 87248K, reserved 1126400K
  class space    used 10199K, capacity 10883K, committed 10964K, reserved 1048576K
}
Event: 882.011 GC heap after
{Heap after GC invocations=35 (full 2):
 garbage-first heap   total 116736K, used 44124K [0x0000000082400000, 0x0000000100000000)
  region size 1024K, 3 young (3072K), 3 survivors (3072K)
 Metaspace       used 85281K, capacity 87003K, committed 87248K, reserved 1126400K
  class space    used 10199K, capacity 10883K, committed 10964K, reserved 1048576K
}
Event: 1017.871 GC heap before
{Heap before GC invocations=35 (full 2):
 garbage-first heap   total 116736K, used 96348K [0x0000000082400000, 0x0000000100000000)
  region size 1024K, 54 young (55296K), 3 survivors (3072K)
 Metaspace       used 85498K, capacity 87231K, committed 87504K, reserved 1126400K
  class space    used 10209K, capacity 10892K, committed 10964K, reserved 1048576K
}
Event: 1017.876 GC heap after
{Heap after GC invocations=36 (full 2):
 garbage-first heap   total 116736K, used 44171K [0x0000000082400000, 0x0000000100000000)
  region size 1024K, 3 young (3072K), 3 survivors (3072K)
 Metaspace       used 85498K, capacity 87231K, committed 87504K, reserved 1126400K
  class space    used 10209K, capacity 10892K, committed 10964K, reserved 1048576K
}

Deoptimization events (10 events):
Event: 348.003 Thread 0x0000026837b29000 Uncommon trap: reason=profile_predicate action=maybe_recompile pc=0x000002681f664a30 method=org.springframework.aop.support.AopUtils.canApply(Lorg/springframework/aop/Pointcut;Ljava/lang/Class;Z)Z @ 149 c2
Event: 348.005 Thread 0x0000026837b29000 Uncommon trap: reason=profile_predicate action=maybe_recompile pc=0x000002681f664a30 method=org.springframework.aop.support.AopUtils.canApply(Lorg/springframework/aop/Pointcut;Ljava/lang/Class;Z)Z @ 149 c2
Event: 631.917 Thread 0x0000026837b31000 Uncommon trap: reason=profile_predicate action=maybe_recompile pc=0x000002681f695dcc method=org.springframework.util.AntPathMatcher.doMatch(Ljava/lang/String;Ljava/lang/String;ZLjava/util/Map;)Z @ 82 c2
Event: 631.917 Thread 0x0000026837b31000 Uncommon trap: reason=profile_predicate action=maybe_recompile pc=0x000002681f695dcc method=org.springframework.util.AntPathMatcher.doMatch(Ljava/lang/String;Ljava/lang/String;ZLjava/util/Map;)Z @ 82 c2
Event: 631.917 Thread 0x0000026837b31000 Uncommon trap: reason=profile_predicate action=maybe_recompile pc=0x000002681f695dcc method=org.springframework.util.AntPathMatcher.doMatch(Ljava/lang/String;Ljava/lang/String;ZLjava/util/Map;)Z @ 82 c2
Event: 631.917 Thread 0x0000026837b31000 Uncommon trap: reason=profile_predicate action=maybe_recompile pc=0x000002681f695dcc method=org.springframework.util.AntPathMatcher.doMatch(Ljava/lang/String;Ljava/lang/String;ZLjava/util/Map;)Z @ 82 c2
Event: 632.405 Thread 0x0000026837b31000 Uncommon trap: reason=profile_predicate action=maybe_recompile pc=0x000002681f6ba6e8 method=org.springframework.web.util.UrlPathHelper.getRemainingPath(Ljava/lang/String;Ljava/lang/String;Z)Ljava/lang/String; @ 12 c2
Event: 632.405 Thread 0x0000026837b31000 Uncommon trap: reason=profile_predicate action=maybe_recompile pc=0x000002681f6ba6e8 method=org.springframework.web.util.UrlPathHelper.getRemainingPath(Ljava/lang/String;Ljava/lang/String;Z)Ljava/lang/String; @ 12 c2
Event: 632.405 Thread 0x0000026837b31000 Uncommon trap: reason=profile_predicate action=maybe_recompile pc=0x000002681f6ba6e8 method=org.springframework.web.util.UrlPathHelper.getRemainingPath(Ljava/lang/String;Ljava/lang/String;Z)Ljava/lang/String; @ 12 c2
Event: 632.405 Thread 0x0000026837b31000 Uncommon trap: reason=profile_predicate action=maybe_recompile pc=0x000002681f6ba6e8 method=org.springframework.web.util.UrlPathHelper.getRemainingPath(Ljava/lang/String;Ljava/lang/String;Z)Ljava/lang/String; @ 12 c2

Classes redefined (0 events):
No events

Internal exceptions (10 events):
Event: 339.301 Thread 0x0000026837538800 Exception <a 'java/lang/ClassNotFoundException'{0x0000000088009a98}: org/springframework/context/annotation/ConfigurationClassEnhancer$EnhancedConfigurationCustomizer> (0x0000000088009a98) thrown at [./open/src/hotspot/share/classfile/systemDictionary.cpp
Event: 339.301 Thread 0x0000026837538800 Exception <a 'java/lang/ClassNotFoundException'{0x0000000088017150}: org/springframework/beans/factory/BeanFactoryAwareCustomizer> (0x0000000088017150) thrown at [./open/src/hotspot/share/classfile/systemDictionary.cpp, line 226]
Event: 339.302 Thread 0x0000026837538800 Exception <a 'java/lang/ClassNotFoundException'{0x0000000088024210}: org/springframework/beans/factory/AwareCustomizer> (0x0000000088024210) thrown at [./open/src/hotspot/share/classfile/systemDictionary.cpp, line 226]
Event: 339.302 Thread 0x0000026837538800 Exception <a 'java/lang/ClassNotFoundException'{0x0000000088033d20}: org/springframework/security/config/annotation/web/WebSecurityConfigurerCustomizer> (0x0000000088033d20) thrown at [./open/src/hotspot/share/classfile/systemDictionary.cpp, line 226]
Event: 339.303 Thread 0x0000026837538800 Exception <a 'java/lang/ClassNotFoundException'{0x0000000088043070}: org/springframework/security/config/annotation/SecurityConfigurerCustomizer> (0x0000000088043070) thrown at [./open/src/hotspot/share/classfile/systemDictionary.cpp, line 226]
Event: 360.854 Thread 0x0000026837b2b800 Exception <a 'java/lang/reflect/InvocationTargetException'{0x00000000887f1ae0}> (0x00000000887f1ae0) thrown at [./open/src/hotspot/share/runtime/reflection.cpp, line 1242]
Event: 884.220 Thread 0x0000026837b33000 Exception <a 'java/lang/ClassNotFoundException'{0x0000000089223228}: java/lang/ObjectCustomizer> (0x0000000089223228) thrown at [./open/src/hotspot/share/classfile/systemDictionary.cpp, line 226]
Event: 884.224 Thread 0x0000026837b33000 Exception <a 'java/lang/ClassNotFoundException'{0x0000000089235728}: com/rays/common/BaseFormCustomizer> (0x0000000089235728) thrown at [./open/src/hotspot/share/classfile/systemDictionary.cpp, line 226]
Event: 884.228 Thread 0x0000026837b33000 Exception <a 'java/lang/ClassNotFoundException'{0x00000000892481d8}: com/rays/form/SecretFormCustomizer> (0x00000000892481d8) thrown at [./open/src/hotspot/share/classfile/systemDictionary.cpp, line 226]
Event: 902.336 Thread 0x0000026837b29000 Exception <a 'java/lang/reflect/InvocationTargetException'{0x0000000088a5b4b0}> (0x0000000088a5b4b0) thrown at [./open/src/hotspot/share/runtime/reflection.cpp, line 1242]

Events (10 events):
Event: 884.233 loading class org/springframework/web/context/request/async/DeferredResult
Event: 884.233 loading class org/springframework/web/context/request/async/DeferredResult done
Event: 884.235 loading class java/util/concurrent/CompletionStage
Event: 884.236 loading class java/util/concurrent/CompletionStage done
Event: 884.236 loading class org/springframework/web/context/request/async/WebAsyncTask
Event: 884.236 loading class org/springframework/web/context/request/async/WebAsyncTask done
Event: 889.433 Executing VM operation: RevokeBias
Event: 889.433 Executing VM operation: RevokeBias done
Event: 1017.870 Executing VM operation: G1CollectForAllocation
Event: 1017.876 Executing VM operation: G1CollectForAllocation done


Dynamic libraries:
0x00007ff69ccc0000 - 0x00007ff69cccf000 	C:\Program Files\Java\jdk-11.0.15.1\bin\javaw.exe
0x00007ffbc46e0000 - 0x00007ffbc4947000 	C:\WINDOWS\SYSTEM32\ntdll.dll
0x00007ffbc2c20000 - 0x00007ffbc2ce9000 	C:\WINDOWS\System32\KERNEL32.DLL
0x00007ffbc1d80000 - 0x00007ffbc2174000 	C:\WINDOWS\System32\KERNELBASE.dll
0x00007ffbc22f0000 - 0x00007ffbc243b000 	C:\WINDOWS\System32\ucrtbase.dll
0x00007ffbaed50000 - 0x00007ffbaed65000 	C:\Program Files\Java\jdk-11.0.15.1\bin\VCRUNTIME140.dll
0x00007ffbbbd10000 - 0x00007ffbbbd28000 	C:\Program Files\Java\jdk-11.0.15.1\bin\jli.dll
0x00007ffbc3d40000 - 0x00007ffbc3df6000 	C:\WINDOWS\System32\ADVAPI32.dll
0x00007ffbc2b30000 - 0x00007ffbc2bd9000 	C:\WINDOWS\System32\msvcrt.dll
0x00007ffbc45d0000 - 0x00007ffbc4677000 	C:\WINDOWS\System32\sechost.dll
0x00007ffbc3f60000 - 0x00007ffbc4078000 	C:\WINDOWS\System32\RPCRT4.dll
0x00007ffbc2590000 - 0x00007ffbc2755000 	C:\WINDOWS\System32\USER32.dll
0x00007ffbc2440000 - 0x00007ffbc2467000 	C:\WINDOWS\System32\win32u.dll
0x00007ffbab7d0000 - 0x00007ffbaba63000 	C:\WINDOWS\WinSxS\amd64_microsoft.windows.common-controls_6595b64144ccf1df_6.0.26100.8115_none_3e075c82e3354f9c\COMCTL32.dll
0x00007ffbc2be0000 - 0x00007ffbc2c0b000 	C:\WINDOWS\System32\GDI32.dll
0x00007ffbc1330000 - 0x00007ffbc145a000 	C:\WINDOWS\System32\gdi32full.dll
0x00007ffbc0fb0000 - 0x00007ffbc1053000 	C:\WINDOWS\System32\msvcp_win.dll
0x00007ffbb9b40000 - 0x00007ffbb9b4b000 	C:\WINDOWS\SYSTEM32\VERSION.dll
0x00007ffbc27f0000 - 0x00007ffbc2822000 	C:\WINDOWS\System32\IMM32.DLL
0x00007ffb94000000 - 0x00007ffb9409b000 	C:\Program Files\Java\jdk-11.0.15.1\bin\msvcp140.dll
0x00007ffaf8b30000 - 0x00007ffaf9646000 	C:\Program Files\Java\jdk-11.0.15.1\bin\server\jvm.dll
0x00007ffbc4680000 - 0x00007ffbc4688000 	C:\WINDOWS\System32\PSAPI.DLL
0x00007ffb9e290000 - 0x00007ffb9e29a000 	C:\WINDOWS\SYSTEM32\WSOCK32.dll
0x00007ffbb1420000 - 0x00007ffbb1456000 	C:\WINDOWS\SYSTEM32\WINMM.dll
0x00007ffbc24f0000 - 0x00007ffbc2570000 	C:\WINDOWS\System32\WS2_32.dll
0x00007ffbbfd00000 - 0x00007ffbbfd1b000 	C:\WINDOWS\SYSTEM32\kernel.appcore.dll
0x00007ffbaeda0000 - 0x00007ffbaedb0000 	C:\Program Files\Java\jdk-11.0.15.1\bin\verify.dll
0x00007ffbbeec0000 - 0x00007ffbbf102000 	C:\WINDOWS\SYSTEM32\DBGHELP.DLL
0x00007ffbc4240000 - 0x00007ffbc45c2000 	C:\WINDOWS\System32\combase.dll
0x00007ffbc3c40000 - 0x00007ffbc3d17000 	C:\WINDOWS\System32\OLEAUT32.dll
0x00007ffba9a40000 - 0x00007ffba9a7b000 	C:\WINDOWS\SYSTEM32\dbgcore.DLL
0x00007ffbc1cd0000 - 0x00007ffbc1d75000 	C:\WINDOWS\System32\bcryptPrimitives.dll
0x00007ffbaed70000 - 0x00007ffbaed98000 	C:\Program Files\Java\jdk-11.0.15.1\bin\java.dll
0x00007ffbaed30000 - 0x00007ffbaed3a000 	C:\Program Files\Java\jdk-11.0.15.1\bin\jimage.dll
0x00007ffb7af90000 - 0x00007ffb7afa6000 	C:\Program Files\Java\jdk-11.0.15.1\bin\zip.dll
0x00007ffbc2f10000 - 0x00007ffbc3676000 	C:\WINDOWS\System32\SHELL32.dll
0x00007ffbc2180000 - 0x00007ffbc22ea000 	C:\WINDOWS\System32\wintypes.dll
0x00007ffbc1460000 - 0x00007ffbc1cc5000 	C:\WINDOWS\System32\windows.storage.dll
0x00007ffbc3b40000 - 0x00007ffbc3c37000 	C:\WINDOWS\System32\SHCORE.dll
0x00007ffbc2880000 - 0x00007ffbc28e6000 	C:\WINDOWS\System32\shlwapi.dll
0x00007ffbc0ed0000 - 0x00007ffbc0ef9000 	C:\WINDOWS\SYSTEM32\profapi.dll
0x00007ffb7af70000 - 0x00007ffb7af89000 	C:\Program Files\Java\jdk-11.0.15.1\bin\net.dll
0x00007ffbb8be0000 - 0x00007ffbb8d0d000 	C:\WINDOWS\SYSTEM32\WINHTTP.dll
0x00007ffbc0250000 - 0x00007ffbc02bc000 	C:\WINDOWS\system32\mswsock.dll
0x00007ffb7af50000 - 0x00007ffb7af62000 	C:\Program Files\Java\jdk-11.0.15.1\bin\nio.dll
0x00007ffbb47b0000 - 0x00007ffbb47b9000 	C:\Program Files\Java\jdk-11.0.15.1\bin\management.dll
0x00007ffbaedb0000 - 0x00007ffbaedbb000 	C:\Program Files\Java\jdk-11.0.15.1\bin\management_ext.dll
0x00007ffba1b40000 - 0x00007ffba1b58000 	C:\WINDOWS\system32\napinsp.dll
0x00007ffbbf770000 - 0x00007ffbbf8a2000 	C:\WINDOWS\SYSTEM32\DNSAPI.dll
0x00007ffbbf600000 - 0x00007ffbbf632000 	C:\WINDOWS\SYSTEM32\IPHLPAPI.DLL
0x00007ffbc2c10000 - 0x00007ffbc2c1a000 	C:\WINDOWS\System32\NSI.dll
0x00007ffba1b20000 - 0x00007ffba1b33000 	C:\WINDOWS\System32\winrnr.dll
0x00007ffba1af0000 - 0x00007ffba1b12000 	C:\WINDOWS\system32\nlansp_c.dll
0x00007ffbb9b50000 - 0x00007ffbb9b66000 	C:\WINDOWS\system32\wshbth.dll
0x00007ffbb48c0000 - 0x00007ffbb48cb000 	C:\Windows\System32\rasadhlp.dll
0x00007ffbb50d0000 - 0x00007ffbb5156000 	C:\WINDOWS\System32\fwpuclnt.dll
0x00007ffbc05d0000 - 0x00007ffbc05eb000 	C:\WINDOWS\SYSTEM32\CRYPTSP.dll
0x00007ffbbfc60000 - 0x00007ffbbfc99000 	C:\WINDOWS\system32\rsaenh.dll
0x00007ffbc0300000 - 0x00007ffbc0333000 	C:\WINDOWS\SYSTEM32\USERENV.dll
0x00007ffbc0ea0000 - 0x00007ffbc0eca000 	C:\WINDOWS\SYSTEM32\bcrypt.dll
0x00007ffbc04b0000 - 0x00007ffbc04bc000 	C:\WINDOWS\SYSTEM32\CRYPTBASE.dll
0x00007ffbb9270000 - 0x00007ffbb928d000 	C:\WINDOWS\SYSTEM32\dhcpcsvc6.DLL
0x00007ffbb9210000 - 0x00007ffbb9235000 	C:\WINDOWS\SYSTEM32\dhcpcsvc.DLL
0x00007ffb9d800000 - 0x00007ffb9d80d000 	C:\Program Files\Java\jdk-11.0.15.1\bin\sunmscapi.dll
0x00007ffbc11b0000 - 0x00007ffbc1327000 	C:\WINDOWS\System32\CRYPT32.dll
0x00007ffbc0730000 - 0x00007ffbc0760000 	C:\WINDOWS\SYSTEM32\ncrypt.dll
0x00007ffbc06e0000 - 0x00007ffbc071f000 	C:\WINDOWS\SYSTEM32\NTASN1.dll
0x00007ffb62c60000 - 0x00007ffb62c85000 	C:\Program Files\Java\jdk-11.0.15.1\bin\sunec.dll

dbghelp: loaded successfully - version: 4.0.5 - missing functions: none
symbol engine: initialized successfully - sym options: 0x614 - pdb path: .;C:\Program Files\Java\jdk-11.0.15.1\bin;C:\WINDOWS\SYSTEM32;C:\WINDOWS\WinSxS\amd64_microsoft.windows.common-controls_6595b64144ccf1df_6.0.26100.8115_none_3e075c82e3354f9c;C:\Program Files\Java\jdk-11.0.15.1\bin\server

VM Arguments:
jvm_args: -Dfile.encoding=UTF-8 
java_command: com.rays.ORSProject10Application
java_class_path (initial): C:\project-10-Jwt\ORSProject-10 JWT\target\classes;C:\Users\DELL\.m2\repository\org\springframework\boot\spring-boot-devtools\2.1.2.RELEASE\spring-boot-devtools-2.1.2.RELEASE.jar;C:\Users\DELL\.m2\repository\org\springframework\boot\spring-boot\2.1.2.RELEASE\spring-boot-2.1.2.RELEASE.jar;C:\Users\DELL\.m2\repository\org\springframework\spring-core\5.1.4.RELEASE\spring-core-5.1.4.RELEASE.jar;C:\Users\DELL\.m2\repository\org\springframework\spring-jcl\5.1.4.RELEASE\spring-jcl-5.1.4.RELEASE.jar;C:\Users\DELL\.m2\repository\org\springframework\spring-context\5.1.4.RELEASE\spring-context-5.1.4.RELEASE.jar;C:\Users\DELL\.m2\repository\org\springframework\boot\spring-boot-autoconfigure\2.1.2.RELEASE\spring-boot-autoconfigure-2.1.2.RELEASE.jar;C:\Users\DELL\.m2\repository\org\springframework\boot\spring-boot-starter-web\2.1.2.RELEASE\spring-boot-starter-web-2.1.2.RELEASE.jar;C:\Users\DELL\.m2\repository\org\springframework\boot\spring-boot-starter\2.1.2.RELEASE\spring-boot-starter-2.1.2.RELEASE.jar;C:\Users\DELL\.m2\repository\org\springframework\boot\spring-boot-starter-logging\2.1.2.RELEASE\spring-boot-starter-logging-2.1.2.RELEASE.jar;C:\Users\DELL\.m2\repository\ch\qos\logback\logback-classic\1.2.3\logback-classic-1.2.3.jar;C:\Users\DELL\.m2\repository\ch\qos\logback\logback-core\1.2.3\logback-core-1.2.3.jar;C:\Users\DELL\.m2\repository\org\apache\logging\log4j\log4j-to-slf4j\2.11.1\log4j-to-slf4j-2.11.1.jar;C:\Users\DELL\.m2\repository\org\apache\logging\log4j\log4j-api\2.11.1\log4j-api-2.11.1.jar;C:\Users\DELL\.m2\repository\org\slf4j\jul-to-slf4j\1.7.25\jul-to-slf4j-1.7.25.jar;C:\Users\DELL\.m2\repository\javax\annotation\javax.annotation-api\1.3.2\javax.annotation-api-1.3.2.jar;C:\Users\DELL\.m2\repository\org\yaml\snakeyaml\1.23\snakeyaml-1.23.jar;C:\Users\DELL\.m2\repository\org\springframework\boot\spring-boot-starter-json\2.1.2.RELEASE\spring-boot-starter-json-2.1.2.RELEASE.jar;C:\Users\DELL\.m2\repository\com\fasterxml\jackson\datat
Launcher Type: SUN_STANDARD

[Global flags]
     intx CICompilerCount                          = 4                                         {product} {ergonomic}
     uint ConcGCThreads                            = 2                                         {product} {ergonomic}
     uint G1ConcRefinementThreads                  = 8                                         {product} {ergonomic}
   size_t G1HeapRegionSize                         = 1048576                                   {product} {ergonomic}
    uintx GCDrainStackTargetSize                   = 64                                        {product} {ergonomic}
   size_t InitialHeapSize                          = 132120576                                 {product} {ergonomic}
   size_t MarkStackSize                            = 4194304                                   {product} {ergonomic}
   size_t MaxHeapSize                              = 2109734912                                {product} {ergonomic}
   size_t MaxNewSize                               = 1265631232                                {product} {ergonomic}
   size_t MinHeapDeltaBytes                        = 1048576                                   {product} {ergonomic}
    uintx NonNMethodCodeHeapSize                   = 5836300                                {pd product} {ergonomic}
    uintx NonProfiledCodeHeapSize                  = 122910970                              {pd product} {ergonomic}
    uintx ProfiledCodeHeapSize                     = 122910970                              {pd product} {ergonomic}
    uintx ReservedCodeCacheSize                    = 251658240                              {pd product} {ergonomic}
     bool SegmentedCodeCache                       = true                                      {product} {ergonomic}
     bool UseCompressedClassPointers               = true                                 {lp64_product} {ergonomic}
     bool UseCompressedOops                        = true                                 {lp64_product} {ergonomic}
     bool UseG1GC                                  = true                                      {product} {ergonomic}
     bool UseLargePagesIndividualAllocation        = false                                  {pd product} {ergonomic}

Logging:
Log output configuration:
 #0: stdout all=warning uptime,level,tags
 #1: stderr all=off uptime,level,tags

Environment Variables:
JAVA_HOME=C:\Program Files\Java\jdk-11.0.15.1
PATH=C:/Program Files/Java/jdk-11.0.15.1/bin/server;C:/Program Files/Java/jdk-11.0.15.1/bin;C:\WINDOWS\system32;C:\WINDOWS;C:\WINDOWS\System32\Wbem;C:\WINDOWS\System32\WindowsPowerShell\v1.0\;C:\WINDOWS\System32\OpenSSH\;C:\Program Files\Git\cmd;C:\Program Files\dotnet\;C:\Program Files\Docker\Docker\resources\bin;C:\Program Files\nodejs\;C:\Program Files (x86)\NVIDIA Corporation\PhysX\Common;C:\Program Files\NVIDIA Corporation\NVIDIA App\NvDLISR;C:\Program Files\Apache\Maven\bin;C:\WINDOWS\system32;C:\WINDOWS;C:\WINDOWS\System32\Wbem;C:\WINDOWS\System32\WindowsPowerShell\v1.0\;C:\WINDOWS\System32\OpenSSH\;C:\Program Files\Git\cmd;C:\Program Files\dotnet\;C:\Program Files\Docker\Docker\resources\bin;C:\Program Files\nodejs\;C:\Program Files (x86)\NVIDIA Corporation\PhysX\Common;C:\Program Files\NVIDIA Corporation\NVIDIA App\NvDLISR;C:\WINDOWS\system32;C:\WINDOWS;C:\WINDOWS\System32\Wbem;C:\WINDOWS\System32\WindowsPowerShell\v1.0\;C:\WINDOWS\System32\OpenSSH\;C:\Program Files\Git\cmd;C:\Program Files\dotnet\;C:\Program Files\Docker\Docker\resources\bin;C:\Program Files\nodejs\;C:\Program Files (x86)\NVIDIA Corporation\PhysX\Common;C:\Program Files\NVIDIA Corporation\NVIDIA App\NvDLISR;C:\Program Files\Java\jdk-11.0.15.1\bin;C:\Users\DELL\AppData\Roaming\npm;C:\Users\DELL\AppData\Local\Microsoft\WindowsApps;;C:\Users\DELL\AppData\Local\Programs\Microsoft VS Code\bin;C:\Users\DELL\AppData\Local\Programs\mongosh\;C:\Users\DELL\Downloads\eclipse-jee-2019-03-R-win32-x86_64\eclipse;
USERNAME=DELL
OS=Windows_NT
PROCESSOR_IDENTIFIER=Intel64 Family 6 Model 158 Stepping 10, GenuineIntel



---------------  S Y S T E M  ---------------

OS: Windows 11 , 64 bit Build 26100 (10.0.26100.8115)
Hyper-V role detected

CPU:total 8 (initial active 8) (4 cores per cpu, 2 threads per core) family 6 model 158 stepping 10 microcode 0xde, cmov, cx8, fxsr, mmx, sse, sse2, sse3, ssse3, sse4.1, sse4.2, popcnt, avx, avx2, aes, clmul, erms, 3dnowpref, lzcnt, ht, tsc, tscinvbit, bmi1, bmi2, adx, fma

Memory: 4k page, system-wide physical 8044M (734M free)
TotalPageFile size 32620M (AvailPageFile size 1M)
current process WorkingSet (physical memory assigned to process): 166M, peak: 412M
current process commit charge ("private bytes"): 370M, peak: 479M

vm_info: Java HotSpot(TM) 64-Bit Server VM (11.0.15.1+2-LTS-10) for windows-amd64 JRE (11.0.15.1+2-LTS-10), built on Apr 25 2022 21:51:57 by "mach5one" with MS VC++ 15.9 (VS2017)

END.
