#
# There is insufficient memory for the Java Runtime Environment to continue.
# Native memory allocation (malloc) failed to allocate 5480 bytes for AllocateHeap
# Possible reasons:
#   The system is out of physical RAM or swap space
#   The process is running with CompressedOops enabled, and the Java Heap may be blocking the growth of the native heap
# Possible solutions:
#   Reduce memory load on the system
#   Increase physical memory or swap space
#   Check if swap backing store is full
#   Decrease Java heap size (-Xmx/-Xms)
#   Decrease number of Java threads
#   Decrease Java thread stack sizes (-Xss)
#   Set larger code cache with -XX:ReservedCodeCacheSize=
#   JVM is running with Unscaled Compressed Oops mode in which the Java heap is
#     placed in the first 4GB address space. The Java Heap base address is the
#     maximum limit for the native heap growth. Please use -XX:HeapBaseMinAddress
#     to set the Java Heap base and to place the Java Heap above 4GB virtual address.
# This output file may be truncated or incomplete.
#
#  Out of Memory Error (./open/src/hotspot/share/memory/allocation.cpp:46), pid=1084, tid=9116
#
# JRE version: Java(TM) SE Runtime Environment 18.9 (11.0.15.1+2) (build 11.0.15.1+2-LTS-10)
# Java VM: Java HotSpot(TM) 64-Bit Server VM 18.9 (11.0.15.1+2-LTS-10, mixed mode, tiered, compressed oops, g1 gc, windows-amd64)
# No core dump will be written. Minidumps are not enabled by default on client versions of Windows
#

---------------  S U M M A R Y ------------

Command Line: -Dfile.encoding=UTF-8 com.rays.ORSProject10Application

Host: Intel(R) Core(TM) i5-9300H CPU @ 2.40GHz, 8 cores, 7G,  Windows 11 , 64 bit Build 26100 (10.0.26100.8246)
Time: Fri Apr 24 11:39:18 2026 India Standard Time elapsed time: 697.365973 seconds (0d 0h 11m 37s)

---------------  T H R E A D  ---------------

Current thread (0x0000025df952a800):  JavaThread "File Watcher" daemon [_thread_in_Java, id=9116, stack(0x000000ba40e00000,0x000000ba40f00000)]

Stack: [0x000000ba40e00000,0x000000ba40f00000]
[error occurred during error reporting (printing stack bounds), id 0xc0000005, EXCEPTION_ACCESS_VIOLATION (0xc0000005) at pc=0x00007fff16328b7a]

Native frames: (J=compiled Java code, j=interpreted, Vv=VM code, C=native code)
V  [jvm.dll+0x629d8a]
V  [jvm.dll+0x7638ff]
V  [jvm.dll+0x764fa9]
V  [jvm.dll+0x765595]
V  [jvm.dll+0x76554b]
V  [jvm.dll+0x629273]
V  [jvm.dll+0x629988]
C  [ntdll.dll+0x16623f]
C  [ntdll.dll+0x12397]
C  [ntdll.dll+0x165b7e]
V  [jvm.dll+0x698b7a]
C  0x0000025dda9186be

Java frames: (J=compiled Java code, j=interpreted, Vv=VM code)
v  blob 0x0000025dda9365ab
J 7983 c2 java.io.File.listFiles()[Ljava/io/File; java.base@11.0.15.1 (52 bytes) @ 0x0000025de29488a8 [0x0000025de2948160+0x0000000000000748]
j  org.springframework.boot.devtools.filewatch.FolderSnapshot.collectFiles(Ljava/io/File;Ljava/util/Set;)V+1
j  org.springframework.boot.devtools.filewatch.FolderSnapshot.collectFiles(Ljava/io/File;Ljava/util/Set;)V+62
J 7988 c2 org.springframework.boot.devtools.filewatch.FolderSnapshot.collectFiles(Ljava/io/File;Ljava/util/Set;)V (99 bytes) @ 0x0000025de294aea4 [0x0000025de29499e0+0x00000000000014c4]
J 8077 c1 org.springframework.boot.devtools.filewatch.FolderSnapshot.<init>(Ljava/io/File;)V (88 bytes) @ 0x0000025ddc0c345c [0x0000025ddc0c27a0+0x0000000000000cbc]
J 8096 c1 org.springframework.boot.devtools.filewatch.FileSystemWatcher$Watcher.getCurrentSnapshots()Ljava/util/Map; (63 bytes) @ 0x0000025ddafa2e04 [0x0000025ddafa2800+0x0000000000000604]
J 8078 c1 org.springframework.boot.devtools.filewatch.FileSystemWatcher$Watcher.scan()V (63 bytes) @ 0x0000025ddc0c48ec [0x0000025ddc0c4820+0x00000000000000cc]
j  org.springframework.boot.devtools.filewatch.FileSystemWatcher$Watcher.run()V+30
j  java.lang.Thread.run()V+11 java.base@11.0.15.1
v  ~StubRoutines::call_stub

---------------  P R O C E S S  ---------------

Threads class SMR info:
_java_thread_list=0x0000025df6a61ca0, length=30, elements={
0x0000025df1145800, 0x0000025df1178800, 0x0000025df1ad7800, 0x0000025df1ad8800,
0x0000025df1ad9800, 0x0000025df1ae8000, 0x0000025df1ae9000, 0x0000025df1b09800,
0x0000025df1c75000, 0x0000025df65db800, 0x0000025df2aa3000, 0x0000025df3780000,
0x0000025df7d8d000, 0x0000025df9391800, 0x0000025df952a800, 0x0000025df952b800,
0x0000025df952c800, 0x0000025df952a000, 0x0000025df952e800, 0x0000025df952f800,
0x0000025df952d000, 0x0000025df9530800, 0x0000025df952e000, 0x0000025df7827800,
0x0000025df7828800, 0x0000025df782a000, 0x0000025df7829800, 0x0000025df782b800,
0x0000025df782c800, 0x0000025df782d800
}

Java Threads: ( => current thread )
  0x0000025df1145800 JavaThread "Reference Handler" daemon [_thread_blocked, id=16172, stack(0x000000ba3f100000,0x000000ba3f200000)]
  0x0000025df1178800 JavaThread "Finalizer" daemon [_thread_blocked, id=10580, stack(0x000000ba3f200000,0x000000ba3f300000)]
  0x0000025df1ad7800 JavaThread "Signal Dispatcher" daemon [_thread_blocked, id=1992, stack(0x000000ba3f300000,0x000000ba3f400000)]
  0x0000025df1ad8800 JavaThread "Attach Listener" daemon [_thread_blocked, id=3764, stack(0x000000ba3f400000,0x000000ba3f500000)]
  0x0000025df1ad9800 JavaThread "Service Thread" daemon [_thread_blocked, id=1836, stack(0x000000ba3f500000,0x000000ba3f600000)]
  0x0000025df1ae8000 JavaThread "C2 CompilerThread0" daemon [_thread_blocked, id=17852, stack(0x000000ba3f600000,0x000000ba3f700000)]
  0x0000025df1ae9000 JavaThread "C1 CompilerThread0" daemon [_thread_blocked, id=13276, stack(0x000000ba3f700000,0x000000ba3f800000)]
  0x0000025df1b09800 JavaThread "Sweeper thread" daemon [_thread_blocked, id=17576, stack(0x000000ba3f800000,0x000000ba3f900000)]
  0x0000025df1c75000 JavaThread "Common-Cleaner" daemon [_thread_blocked, id=768, stack(0x000000ba3fa00000,0x000000ba3fb00000)]
  0x0000025df65db800 JavaThread "mysql-cj-abandoned-connection-cleanup" daemon [_thread_blocked, id=22104, stack(0x000000ba40700000,0x000000ba40800000)]
  0x0000025df2aa3000 JavaThread "HikariPool-1 housekeeper" daemon [_thread_blocked, id=2596, stack(0x000000ba3fe00000,0x000000ba3ff00000)]
  0x0000025df3780000 JavaThread "Catalina-utility-1" [_thread_blocked, id=16468, stack(0x000000ba40c00000,0x000000ba40d00000)]
  0x0000025df7d8d000 JavaThread "container-0" [_thread_blocked, id=4772, stack(0x000000ba40d00000,0x000000ba40e00000)]
  0x0000025df9391800 JavaThread "Live Reload Server" daemon [_thread_in_native, id=7696, stack(0x000000ba40f00000,0x000000ba41000000)]
=>0x0000025df952a800 JavaThread "File Watcher" daemon [_thread_in_Java, id=9116, stack(0x000000ba40e00000,0x000000ba40f00000)]
  0x0000025df952b800 JavaThread "NioBlockingSelector.BlockPoller-1" daemon [_thread_in_native, id=14724, stack(0x000000ba41000000,0x000000ba41100000)]
  0x0000025df952c800 JavaThread "http-nio-8080-exec-1" daemon [_thread_blocked, id=9372, stack(0x000000ba41100000,0x000000ba41200000)]
  0x0000025df952a000 JavaThread "http-nio-8080-exec-2" daemon [_thread_blocked, id=21276, stack(0x000000ba41200000,0x000000ba41300000)]
  0x0000025df952e800 JavaThread "http-nio-8080-exec-3" daemon [_thread_blocked, id=4240, stack(0x000000ba41300000,0x000000ba41400000)]
  0x0000025df952f800 JavaThread "http-nio-8080-exec-4" daemon [_thread_blocked, id=2512, stack(0x000000ba41400000,0x000000ba41500000)]
  0x0000025df952d000 JavaThread "http-nio-8080-exec-5" daemon [_thread_blocked, id=11300, stack(0x000000ba41500000,0x000000ba41600000)]
  0x0000025df9530800 JavaThread "http-nio-8080-exec-6" daemon [_thread_blocked, id=18312, stack(0x000000ba41600000,0x000000ba41700000)]
  0x0000025df952e000 JavaThread "http-nio-8080-exec-7" daemon [_thread_blocked, id=12348, stack(0x000000ba41700000,0x000000ba41800000)]
  0x0000025df7827800 JavaThread "http-nio-8080-exec-8" daemon [_thread_blocked, id=13296, stack(0x000000ba41800000,0x000000ba41900000)]
  0x0000025df7828800 JavaThread "http-nio-8080-exec-9" daemon [_thread_blocked, id=16392, stack(0x000000ba41900000,0x000000ba41a00000)]
  0x0000025df782a000 JavaThread "http-nio-8080-exec-10" daemon [_thread_blocked, id=20664, stack(0x000000ba41a00000,0x000000ba41b00000)]
  0x0000025df7829800 JavaThread "http-nio-8080-ClientPoller-0" daemon [_thread_in_native, id=21460, stack(0x000000ba41b00000,0x000000ba41c00000)]
  0x0000025df782b800 JavaThread "http-nio-8080-ClientPoller-1" daemon [_thread_in_native, id=9412, stack(0x000000ba41c00000,0x000000ba41d00000)]
  0x0000025df782c800 JavaThread "http-nio-8080-Acceptor-0" daemon [_thread_in_native, id=19576, stack(0x000000ba41d00000,0x000000ba41e00000)]
  0x0000025df782d800 JavaThread "DestroyJavaVM" [_thread_blocked, id=7692, stack(0x000000ba3ea00000,0x000000ba3eb00000)]

Other Threads:
  0x0000025df1143800 VMThread "VM Thread" [stack: 0x000000ba3f000000,0x000000ba3f100000] [id=12752]
  0x0000025df1c70000 WatcherThread [stack: 0x000000ba3f900000,0x000000ba3fa00000] [id=10704]
  0x0000025dd328b800 GCTaskThread "GC Thread#0" [stack: 0x000000ba3eb00000,0x000000ba3ec00000] [id=17252]
  0x0000025df2ae5800 GCTaskThread "GC Thread#1" [stack: 0x000000ba3ff00000,0x000000ba40000000] [id=16316]
  0x0000025df2bc6000 GCTaskThread "GC Thread#2" [stack: 0x000000ba40000000,0x000000ba40100000] [id=10684]
  0x0000025df2bc7000 GCTaskThread "GC Thread#3" [stack: 0x000000ba40100000,0x000000ba40200000] [id=11120]
  0x0000025df2bc7800 GCTaskThread "GC Thread#4" [stack: 0x000000ba40200000,0x000000ba40300000] [id=16084]
  0x0000025df2b9f800 GCTaskThread "GC Thread#5" [stack: 0x000000ba40300000,0x000000ba40400000] [id=7004]
  0x0000025df2ba0000 GCTaskThread "GC Thread#6" [stack: 0x000000ba40400000,0x000000ba40500000] [id=6284]
  0x0000025df2ba1000 GCTaskThread "GC Thread#7" [stack: 0x000000ba40500000,0x000000ba40600000] [id=10380]
  0x0000025dd32be800 ConcurrentGCThread "G1 Main Marker" [stack: 0x000000ba3ec00000,0x000000ba3ed00000] [id=7952]
  0x0000025dd32c8000 ConcurrentGCThread "G1 Conc#0" [stack: 0x000000ba3ed00000,0x000000ba3ee00000] [id=7112]
  0x0000025df33d4000 ConcurrentGCThread "G1 Conc#1" [stack: 0x000000ba40800000,0x000000ba40900000] [id=21696]
  0x0000025dd32c3000 ConcurrentGCThread "G1 Refine#0" [stack: 0x000000ba3ee00000,0x000000ba3ef00000] [id=6912]
  0x0000025df1b00000 ConcurrentGCThread "G1 Refine#1" [stack: 0x000000ba40600000,0x000000ba40700000] [id=2476]
  0x0000025df0faf800 ConcurrentGCThread "G1 Young RemSet Sampling" [stack: 0x000000ba3ef00000,0x000000ba3f000000] [id=1768]

Threads with active compile tasks:

VM state:not at safepoint (normal execution)

VM Mutex/Monitor currently owned by a thread: None

Heap address: 0x0000000082400000, size: 2012 MB, Compressed Oops mode: 32-bit
Narrow klass base: 0x0000000000000000, Narrow klass shift: 3
Compressed class space size: 1073741824 Address: 0x0000000100000000

Heap:
 garbage-first heap   total 155648K, used 53867K [0x0000000082400000, 0x0000000100000000)
  region size 1024K, 23 young (23552K), 8 survivors (8192K)
 Metaspace       used 77743K, capacity 79313K, committed 79648K, reserved 1118208K
  class space    used 9628K, capacity 10248K, committed 10368K, reserved 1048576K
Heap Regions: E=young(eden), S=young(survivor), O=old, HS=humongous(starts), HC=humongous(continues), CS=collection set, F=free, A=archive, TAMS=top-at-mark-start (previous, next)
|   0|0x0000000082400000, 0x0000000082500000, 0x0000000082500000|100%|HS|  |TAMS 0x0000000082500000, 0x0000000082400000| Complete 
|   1|0x0000000082500000, 0x0000000082600000, 0x0000000082600000|100%| O|  |TAMS 0x0000000082600000, 0x0000000082500000| Untracked 
|   2|0x0000000082600000, 0x0000000082700000, 0x0000000082700000|100%| O|  |TAMS 0x0000000082700000, 0x0000000082600000| Untracked 
|   3|0x0000000082700000, 0x0000000082800000, 0x0000000082800000|100%| O|  |TAMS 0x0000000082800000, 0x0000000082700000| Untracked 
|   4|0x0000000082800000, 0x0000000082900000, 0x0000000082900000|100%| O|  |TAMS 0x0000000082900000, 0x0000000082800000| Untracked 
|   5|0x0000000082900000, 0x0000000082a00000, 0x0000000082a00000|100%| O|  |TAMS 0x0000000082a00000, 0x0000000082900000| Untracked 
|   6|0x0000000082a00000, 0x0000000082b00000, 0x0000000082b00000|100%| O|  |TAMS 0x0000000082b00000, 0x0000000082a00000| Untracked 
|   7|0x0000000082b00000, 0x0000000082c00000, 0x0000000082c00000|100%| O|  |TAMS 0x0000000082c00000, 0x0000000082b00000| Untracked 
|   8|0x0000000082c00000, 0x0000000082d00000, 0x0000000082d00000|100%| O|  |TAMS 0x0000000082d00000, 0x0000000082c00000| Untracked 
|   9|0x0000000082d00000, 0x0000000082e00000, 0x0000000082e00000|100%| O|  |TAMS 0x0000000082e00000, 0x0000000082d00000| Untracked 
|  10|0x0000000082e00000, 0x0000000082f00000, 0x0000000082f00000|100%| O|  |TAMS 0x0000000082f00000, 0x0000000082e00000| Untracked 
|  11|0x0000000082f00000, 0x0000000083000000, 0x0000000083000000|100%| O|  |TAMS 0x0000000083000000, 0x0000000082f00000| Untracked 
|  12|0x0000000083000000, 0x0000000083100000, 0x0000000083100000|100%| O|  |TAMS 0x0000000083100000, 0x0000000083000000| Untracked 
|  13|0x0000000083100000, 0x0000000083200000, 0x0000000083200000|100%| O|  |TAMS 0x0000000083200000, 0x0000000083100000| Untracked 
|  14|0x0000000083200000, 0x0000000083300000, 0x0000000083300000|100%| O|  |TAMS 0x0000000083300000, 0x0000000083200000| Untracked 
|  15|0x0000000083300000, 0x0000000083400000, 0x0000000083400000|100%| O|  |TAMS 0x0000000083400000, 0x0000000083300000| Untracked 
|  16|0x0000000083400000, 0x0000000083500000, 0x0000000083500000|100%| O|  |TAMS 0x0000000083500000, 0x0000000083400000| Untracked 
|  17|0x0000000083500000, 0x0000000083600000, 0x0000000083600000|100%| O|  |TAMS 0x0000000083600000, 0x0000000083500000| Untracked 
|  18|0x0000000083600000, 0x0000000083700000, 0x0000000083700000|100%| O|  |TAMS 0x0000000083700000, 0x0000000083600000| Untracked 
|  19|0x0000000083700000, 0x0000000083800000, 0x0000000083800000|100%| O|  |TAMS 0x0000000083800000, 0x0000000083700000| Untracked 
|  20|0x0000000083800000, 0x0000000083900000, 0x0000000083900000|100%| O|  |TAMS 0x0000000083900000, 0x0000000083800000| Untracked 
|  21|0x0000000083900000, 0x0000000083a00000, 0x0000000083a00000|100%| O|  |TAMS 0x0000000083a00000, 0x0000000083900000| Untracked 
|  22|0x0000000083a00000, 0x0000000083b00000, 0x0000000083b00000|100%| O|  |TAMS 0x0000000083b00000, 0x0000000083a00000| Untracked 
|  23|0x0000000083b00000, 0x0000000083c00000, 0x0000000083c00000|100%| O|  |TAMS 0x0000000083c00000, 0x0000000083b00000| Untracked 
|  24|0x0000000083c00000, 0x0000000083d00000, 0x0000000083d00000|100%| O|  |TAMS 0x0000000083d00000, 0x0000000083c00000| Untracked 
|  25|0x0000000083d00000, 0x0000000083e00000, 0x0000000083e00000|100%| O|  |TAMS 0x0000000083db7a00, 0x0000000083d00000| Untracked 
|  26|0x0000000083e00000, 0x0000000083f00000, 0x0000000083f00000|100%| O|  |TAMS 0x0000000083e00000, 0x0000000083e00000| Untracked 
|  27|0x0000000083f00000, 0x0000000084000000, 0x0000000084000000|100%| O|  |TAMS 0x0000000083f00000, 0x0000000083f00000| Untracked 
|  28|0x0000000084000000, 0x0000000084100000, 0x0000000084100000|100%| O|  |TAMS 0x0000000084000000, 0x0000000084000000| Untracked 
|  29|0x0000000084100000, 0x0000000084200000, 0x0000000084200000|100%| O|  |TAMS 0x0000000084100000, 0x0000000084100000| Untracked 
|  30|0x0000000084200000, 0x000000008429ac00, 0x0000000084300000| 60%| O|  |TAMS 0x0000000084200000, 0x0000000084200000| Untracked 
|  31|0x0000000084300000, 0x0000000084300000, 0x0000000084400000|  0%| F|  |TAMS 0x0000000084300000, 0x0000000084300000| Untracked 
|  32|0x0000000084400000, 0x0000000084400000, 0x0000000084500000|  0%| F|  |TAMS 0x0000000084400000, 0x0000000084400000| Untracked 
|  33|0x0000000084500000, 0x0000000084500000, 0x0000000084600000|  0%| F|  |TAMS 0x0000000084500000, 0x0000000084500000| Untracked 
|  34|0x0000000084600000, 0x0000000084600000, 0x0000000084700000|  0%| F|  |TAMS 0x0000000084600000, 0x0000000084600000| Untracked 
|  35|0x0000000084700000, 0x0000000084700000, 0x0000000084800000|  0%| F|  |TAMS 0x0000000084700000, 0x0000000084700000| Untracked 
|  36|0x0000000084800000, 0x0000000084800000, 0x0000000084900000|  0%| F|  |TAMS 0x0000000084800000, 0x0000000084800000| Untracked 
|  37|0x0000000084900000, 0x0000000084900000, 0x0000000084a00000|  0%| F|  |TAMS 0x0000000084900000, 0x0000000084900000| Untracked 
|  38|0x0000000084a00000, 0x0000000084a00000, 0x0000000084b00000|  0%| F|  |TAMS 0x0000000084a00000, 0x0000000084a00000| Untracked 
|  39|0x0000000084b00000, 0x0000000084b00000, 0x0000000084c00000|  0%| F|  |TAMS 0x0000000084b00000, 0x0000000084b00000| Untracked 
|  40|0x0000000084c00000, 0x0000000084c00000, 0x0000000084d00000|  0%| F|  |TAMS 0x0000000084c00000, 0x0000000084c00000| Untracked 
|  41|0x0000000084d00000, 0x0000000084d00000, 0x0000000084e00000|  0%| F|  |TAMS 0x0000000084d00000, 0x0000000084d00000| Untracked 
|  42|0x0000000084e00000, 0x0000000084e00000, 0x0000000084f00000|  0%| F|  |TAMS 0x0000000084e00000, 0x0000000084e00000| Untracked 
|  43|0x0000000084f00000, 0x0000000084f00000, 0x0000000085000000|  0%| F|  |TAMS 0x0000000084f00000, 0x0000000084f00000| Untracked 
|  44|0x0000000085000000, 0x0000000085000000, 0x0000000085100000|  0%| F|  |TAMS 0x0000000085000000, 0x0000000085000000| Untracked 
|  45|0x0000000085100000, 0x0000000085100000, 0x0000000085200000|  0%| F|  |TAMS 0x0000000085100000, 0x0000000085100000| Untracked 
|  46|0x0000000085200000, 0x0000000085200000, 0x0000000085300000|  0%| F|  |TAMS 0x0000000085200000, 0x0000000085200000| Untracked 
|  47|0x0000000085300000, 0x0000000085300000, 0x0000000085400000|  0%| F|  |TAMS 0x0000000085300000, 0x0000000085300000| Untracked 
|  48|0x0000000085400000, 0x0000000085400000, 0x0000000085500000|  0%| F|  |TAMS 0x0000000085400000, 0x0000000085400000| Untracked 
|  49|0x0000000085500000, 0x0000000085500000, 0x0000000085600000|  0%| F|  |TAMS 0x0000000085500000, 0x0000000085500000| Untracked 
|  50|0x0000000085600000, 0x0000000085600000, 0x0000000085700000|  0%| F|  |TAMS 0x0000000085600000, 0x0000000085600000| Untracked 
|  51|0x0000000085700000, 0x0000000085700000, 0x0000000085800000|  0%| F|  |TAMS 0x0000000085700000, 0x0000000085700000| Untracked 
|  52|0x0000000085800000, 0x0000000085800000, 0x0000000085900000|  0%| F|  |TAMS 0x0000000085800000, 0x0000000085800000| Untracked 
|  53|0x0000000085900000, 0x0000000085900000, 0x0000000085a00000|  0%| F|  |TAMS 0x0000000085900000, 0x0000000085900000| Untracked 
|  54|0x0000000085a00000, 0x0000000085a00000, 0x0000000085b00000|  0%| F|  |TAMS 0x0000000085a00000, 0x0000000085a00000| Untracked 
|  55|0x0000000085b00000, 0x0000000085c00000, 0x0000000085c00000|100%| S|CS|TAMS 0x0000000085b00000, 0x0000000085b00000| Complete 
|  56|0x0000000085c00000, 0x0000000085d00000, 0x0000000085d00000|100%| S|CS|TAMS 0x0000000085c00000, 0x0000000085c00000| Complete 
|  57|0x0000000085d00000, 0x0000000085e00000, 0x0000000085e00000|100%| S|CS|TAMS 0x0000000085d00000, 0x0000000085d00000| Complete 
|  58|0x0000000085e00000, 0x0000000085f00000, 0x0000000085f00000|100%| S|CS|TAMS 0x0000000085e00000, 0x0000000085e00000| Complete 
|  59|0x0000000085f00000, 0x0000000086000000, 0x0000000086000000|100%| S|CS|TAMS 0x0000000085f00000, 0x0000000085f00000| Complete 
|  60|0x0000000086000000, 0x0000000086100000, 0x0000000086100000|100%| S|CS|TAMS 0x0000000086000000, 0x0000000086000000| Complete 
|  61|0x0000000086100000, 0x0000000086200000, 0x0000000086200000|100%| S|CS|TAMS 0x0000000086100000, 0x0000000086100000| Complete 
|  62|0x0000000086200000, 0x0000000086300000, 0x0000000086300000|100%| S|CS|TAMS 0x0000000086200000, 0x0000000086200000| Complete 
|  63|0x0000000086300000, 0x0000000086300000, 0x0000000086400000|  0%| F|  |TAMS 0x0000000086300000, 0x0000000086300000| Untracked 
|  64|0x0000000086400000, 0x0000000086400000, 0x0000000086500000|  0%| F|  |TAMS 0x0000000086400000, 0x0000000086400000| Untracked 
|  65|0x0000000086500000, 0x0000000086500000, 0x0000000086600000|  0%| F|  |TAMS 0x0000000086500000, 0x0000000086500000| Untracked 
|  66|0x0000000086600000, 0x0000000086600000, 0x0000000086700000|  0%| F|  |TAMS 0x0000000086600000, 0x0000000086600000| Untracked 
|  67|0x0000000086700000, 0x0000000086700000, 0x0000000086800000|  0%| F|  |TAMS 0x0000000086700000, 0x0000000086700000| Untracked 
|  68|0x0000000086800000, 0x0000000086800000, 0x0000000086900000|  0%| F|  |TAMS 0x0000000086800000, 0x0000000086800000| Untracked 
|  69|0x0000000086900000, 0x0000000086900000, 0x0000000086a00000|  0%| F|  |TAMS 0x0000000086900000, 0x0000000086900000| Untracked 
|  70|0x0000000086a00000, 0x0000000086a00000, 0x0000000086b00000|  0%| F|  |TAMS 0x0000000086a00000, 0x0000000086a00000| Untracked 
|  71|0x0000000086b00000, 0x0000000086b00000, 0x0000000086c00000|  0%| F|  |TAMS 0x0000000086b00000, 0x0000000086b00000| Untracked 
|  72|0x0000000086c00000, 0x0000000086c00000, 0x0000000086d00000|  0%| F|  |TAMS 0x0000000086c00000, 0x0000000086c00000| Untracked 
|  73|0x0000000086d00000, 0x0000000086d00000, 0x0000000086e00000|  0%| F|  |TAMS 0x0000000086d00000, 0x0000000086d00000| Untracked 
|  74|0x0000000086e00000, 0x0000000086e00000, 0x0000000086f00000|  0%| F|  |TAMS 0x0000000086e00000, 0x0000000086e00000| Untracked 
|  75|0x0000000086f00000, 0x0000000086f00000, 0x0000000087000000|  0%| F|  |TAMS 0x0000000086f00000, 0x0000000086f00000| Untracked 
|  76|0x0000000087000000, 0x0000000087000000, 0x0000000087100000|  0%| F|  |TAMS 0x0000000087000000, 0x0000000087000000| Untracked 
|  77|0x0000000087100000, 0x0000000087100000, 0x0000000087200000|  0%| F|  |TAMS 0x0000000087100000, 0x0000000087100000| Untracked 
|  78|0x0000000087200000, 0x0000000087200000, 0x0000000087300000|  0%| F|  |TAMS 0x0000000087200000, 0x0000000087200000| Untracked 
|  79|0x0000000087300000, 0x0000000087300000, 0x0000000087400000|  0%| F|  |TAMS 0x0000000087300000, 0x0000000087300000| Untracked 
|  80|0x0000000087400000, 0x0000000087400000, 0x0000000087500000|  0%| F|  |TAMS 0x0000000087400000, 0x0000000087400000| Untracked 
|  81|0x0000000087500000, 0x0000000087500000, 0x0000000087600000|  0%| F|  |TAMS 0x0000000087500000, 0x0000000087500000| Untracked 
|  82|0x0000000087600000, 0x0000000087600000, 0x0000000087700000|  0%| F|  |TAMS 0x0000000087600000, 0x0000000087600000| Untracked 
|  83|0x0000000087700000, 0x0000000087700000, 0x0000000087800000|  0%| F|  |TAMS 0x0000000087700000, 0x0000000087700000| Untracked 
|  84|0x0000000087800000, 0x0000000087800000, 0x0000000087900000|  0%| F|  |TAMS 0x0000000087800000, 0x0000000087800000| Untracked 
|  85|0x0000000087900000, 0x0000000087900000, 0x0000000087a00000|  0%| F|  |TAMS 0x0000000087900000, 0x0000000087900000| Untracked 
|  86|0x0000000087a00000, 0x0000000087a00000, 0x0000000087b00000|  0%| F|  |TAMS 0x0000000087a00000, 0x0000000087a00000| Untracked 
|  87|0x0000000087b00000, 0x0000000087b00000, 0x0000000087c00000|  0%| F|  |TAMS 0x0000000087b00000, 0x0000000087b00000| Untracked 
|  88|0x0000000087c00000, 0x0000000087c00000, 0x0000000087d00000|  0%| F|  |TAMS 0x0000000087c00000, 0x0000000087c00000| Untracked 
|  89|0x0000000087d00000, 0x0000000087d00000, 0x0000000087e00000|  0%| F|  |TAMS 0x0000000087d00000, 0x0000000087d00000| Untracked 
|  90|0x0000000087e00000, 0x0000000087e00000, 0x0000000087f00000|  0%| F|  |TAMS 0x0000000087e00000, 0x0000000087e00000| Untracked 
|  91|0x0000000087f00000, 0x0000000087f00000, 0x0000000088000000|  0%| F|  |TAMS 0x0000000087f00000, 0x0000000087f00000| Untracked 
|  92|0x0000000088000000, 0x0000000088000000, 0x0000000088100000|  0%| F|  |TAMS 0x0000000088000000, 0x0000000088000000| Untracked 
|  93|0x0000000088100000, 0x0000000088100000, 0x0000000088200000|  0%| F|  |TAMS 0x0000000088100000, 0x0000000088100000| Untracked 
|  94|0x0000000088200000, 0x0000000088200000, 0x0000000088300000|  0%| F|  |TAMS 0x0000000088200000, 0x0000000088200000| Untracked 
|  95|0x0000000088300000, 0x0000000088300000, 0x0000000088400000|  0%| F|  |TAMS 0x0000000088300000, 0x0000000088300000| Untracked 
|  96|0x0000000088400000, 0x0000000088400000, 0x0000000088500000|  0%| F|  |TAMS 0x0000000088400000, 0x0000000088400000| Untracked 
|  97|0x0000000088500000, 0x0000000088500000, 0x0000000088600000|  0%| F|  |TAMS 0x0000000088500000, 0x0000000088500000| Untracked 
|  98|0x0000000088600000, 0x0000000088600000, 0x0000000088700000|  0%| F|  |TAMS 0x0000000088600000, 0x0000000088600000| Untracked 
|  99|0x0000000088700000, 0x0000000088700000, 0x0000000088800000|  0%| F|  |TAMS 0x0000000088700000, 0x0000000088700000| Untracked 
| 100|0x0000000088800000, 0x0000000088800000, 0x0000000088900000|  0%| F|  |TAMS 0x0000000088800000, 0x0000000088800000| Untracked 
| 101|0x0000000088900000, 0x0000000088900000, 0x0000000088a00000|  0%| F|  |TAMS 0x0000000088900000, 0x0000000088900000| Untracked 
| 102|0x0000000088a00000, 0x0000000088a00000, 0x0000000088b00000|  0%| F|  |TAMS 0x0000000088a00000, 0x0000000088a00000| Untracked 
| 103|0x0000000088b00000, 0x0000000088b00000, 0x0000000088c00000|  0%| F|  |TAMS 0x0000000088b00000, 0x0000000088b00000| Untracked 
| 104|0x0000000088c00000, 0x0000000088c00000, 0x0000000088d00000|  0%| F|  |TAMS 0x0000000088c00000, 0x0000000088c00000| Untracked 
| 105|0x0000000088d00000, 0x0000000088d00000, 0x0000000088e00000|  0%| F|  |TAMS 0x0000000088d00000, 0x0000000088d00000| Untracked 
| 106|0x0000000088e00000, 0x0000000088e00000, 0x0000000088f00000|  0%| F|  |TAMS 0x0000000088e00000, 0x0000000088e00000| Untracked 
| 107|0x0000000088f00000, 0x0000000088f00000, 0x0000000089000000|  0%| F|  |TAMS 0x0000000088f00000, 0x0000000088f00000| Untracked 
| 108|0x0000000089000000, 0x0000000089000000, 0x0000000089100000|  0%| F|  |TAMS 0x0000000089000000, 0x0000000089000000| Untracked 
| 109|0x0000000089100000, 0x0000000089100000, 0x0000000089200000|  0%| F|  |TAMS 0x0000000089100000, 0x0000000089100000| Untracked 
| 110|0x0000000089200000, 0x0000000089200000, 0x0000000089300000|  0%| F|  |TAMS 0x0000000089200000, 0x0000000089200000| Untracked 
| 111|0x0000000089300000, 0x0000000089300000, 0x0000000089400000|  0%| F|  |TAMS 0x0000000089300000, 0x0000000089300000| Untracked 
| 112|0x0000000089400000, 0x0000000089400000, 0x0000000089500000|  0%| F|  |TAMS 0x0000000089400000, 0x0000000089400000| Untracked 
| 113|0x0000000089500000, 0x0000000089500000, 0x0000000089600000|  0%| F|  |TAMS 0x0000000089500000, 0x0000000089500000| Untracked 
| 114|0x0000000089600000, 0x0000000089600000, 0x0000000089700000|  0%| F|  |TAMS 0x0000000089600000, 0x0000000089600000| Untracked 
| 115|0x0000000089700000, 0x0000000089700000, 0x0000000089800000|  0%| F|  |TAMS 0x0000000089700000, 0x0000000089700000| Untracked 
| 116|0x0000000089800000, 0x0000000089800000, 0x0000000089900000|  0%| F|  |TAMS 0x0000000089800000, 0x0000000089800000| Untracked 
| 117|0x0000000089900000, 0x0000000089900000, 0x0000000089a00000|  0%| F|  |TAMS 0x0000000089900000, 0x0000000089900000| Untracked 
| 118|0x0000000089a00000, 0x0000000089a00000, 0x0000000089b00000|  0%| F|  |TAMS 0x0000000089a00000, 0x0000000089a00000| Untracked 
| 119|0x0000000089b00000, 0x0000000089b00000, 0x0000000089c00000|  0%| F|  |TAMS 0x0000000089b00000, 0x0000000089b00000| Untracked 
| 120|0x0000000089c00000, 0x0000000089c00000, 0x0000000089d00000|  0%| F|  |TAMS 0x0000000089c00000, 0x0000000089c00000| Untracked 
| 121|0x0000000089d00000, 0x0000000089d00000, 0x0000000089e00000|  0%| F|  |TAMS 0x0000000089d00000, 0x0000000089d00000| Untracked 
| 122|0x0000000089e00000, 0x0000000089e00000, 0x0000000089f00000|  0%| F|  |TAMS 0x0000000089e00000, 0x0000000089e00000| Untracked 
| 123|0x0000000089f00000, 0x0000000089f00000, 0x000000008a000000|  0%| F|  |TAMS 0x0000000089f00000, 0x0000000089f00000| Untracked 
| 124|0x000000008a000000, 0x000000008a000000, 0x000000008a100000|  0%| F|  |TAMS 0x000000008a000000, 0x000000008a000000| Untracked 
| 125|0x000000008a100000, 0x000000008a100000, 0x000000008a200000|  0%| F|  |TAMS 0x000000008a100000, 0x000000008a100000| Untracked 
| 126|0x000000008a200000, 0x000000008a200000, 0x000000008a300000|  0%| F|  |TAMS 0x000000008a200000, 0x000000008a200000| Untracked 
| 127|0x000000008a300000, 0x000000008a300000, 0x000000008a400000|  0%| F|  |TAMS 0x000000008a300000, 0x000000008a300000| Untracked 
| 128|0x000000008a400000, 0x000000008a400000, 0x000000008a500000|  0%| F|  |TAMS 0x000000008a400000, 0x000000008a400000| Untracked 
| 129|0x000000008a500000, 0x000000008a500000, 0x000000008a600000|  0%| F|  |TAMS 0x000000008a500000, 0x000000008a500000| Untracked 
| 130|0x000000008a600000, 0x000000008a600000, 0x000000008a700000|  0%| F|  |TAMS 0x000000008a600000, 0x000000008a600000| Untracked 
| 131|0x000000008a700000, 0x000000008a700000, 0x000000008a800000|  0%| F|  |TAMS 0x000000008a700000, 0x000000008a700000| Untracked 
| 132|0x000000008a800000, 0x000000008a800000, 0x000000008a900000|  0%| F|  |TAMS 0x000000008a800000, 0x000000008a800000| Untracked 
| 133|0x000000008a900000, 0x000000008a900000, 0x000000008aa00000|  0%| F|  |TAMS 0x000000008a900000, 0x000000008a900000| Untracked 
| 134|0x000000008aa00000, 0x000000008aa00000, 0x000000008ab00000|  0%| F|  |TAMS 0x000000008aa00000, 0x000000008aa00000| Untracked 
| 135|0x000000008ab00000, 0x000000008ab00000, 0x000000008ac00000|  0%| F|  |TAMS 0x000000008ab00000, 0x000000008ab00000| Untracked 
| 136|0x000000008ac00000, 0x000000008ac00000, 0x000000008ad00000|  0%| F|  |TAMS 0x000000008ac00000, 0x000000008ac00000| Untracked 
| 137|0x000000008ad00000, 0x000000008ad00028, 0x000000008ae00000|  0%| E|  |TAMS 0x000000008ad00000, 0x000000008ad00000| Complete 
| 138|0x000000008ae00000, 0x000000008af00000, 0x000000008af00000|100%| E|CS|TAMS 0x000000008ae00000, 0x000000008ae00000| Complete 
| 139|0x000000008af00000, 0x000000008b000000, 0x000000008b000000|100%| E|CS|TAMS 0x000000008af00000, 0x000000008af00000| Complete 
| 140|0x000000008b000000, 0x000000008b100000, 0x000000008b100000|100%| E|CS|TAMS 0x000000008b000000, 0x000000008b000000| Complete 
| 141|0x000000008b100000, 0x000000008b200000, 0x000000008b200000|100%| E|CS|TAMS 0x000000008b100000, 0x000000008b100000| Complete 
| 142|0x000000008b200000, 0x000000008b300000, 0x000000008b300000|100%| E|CS|TAMS 0x000000008b200000, 0x000000008b200000| Complete 
| 143|0x000000008b300000, 0x000000008b400000, 0x000000008b400000|100%| E|CS|TAMS 0x000000008b300000, 0x000000008b300000| Complete 
| 144|0x000000008b400000, 0x000000008b500000, 0x000000008b500000|100%| E|CS|TAMS 0x000000008b400000, 0x000000008b400000| Complete 
| 145|0x000000008b500000, 0x000000008b600000, 0x000000008b600000|100%| E|CS|TAMS 0x000000008b500000, 0x000000008b500000| Complete 
| 146|0x000000008b600000, 0x000000008b700000, 0x000000008b700000|100%| E|CS|TAMS 0x000000008b600000, 0x000000008b600000| Complete 
| 147|0x000000008b700000, 0x000000008b800000, 0x000000008b800000|100%| E|CS|TAMS 0x000000008b700000, 0x000000008b700000| Complete 
| 148|0x000000008b800000, 0x000000008b900000, 0x000000008b900000|100%| E|CS|TAMS 0x000000008b800000, 0x000000008b800000| Complete 
| 149|0x000000008b900000, 0x000000008ba00000, 0x000000008ba00000|100%| E|CS|TAMS 0x000000008b900000, 0x000000008b900000| Complete 
| 150|0x000000008ba00000, 0x000000008bb00000, 0x000000008bb00000|100%| E|CS|TAMS 0x000000008ba00000, 0x000000008ba00000| Complete 
| 151|0x000000008bb00000, 0x000000008bc00000, 0x000000008bc00000|100%| E|CS|TAMS 0x000000008bb00000, 0x000000008bb00000| Complete 

Card table byte_map: [0x0000025dea030000,0x0000025dea420000] _byte_map_base: 0x0000025de9c1e000

Marking Bits (Prev, Next): (CMBitMap*) 0x0000025dd32b5fd0, (CMBitMap*) 0x0000025dd32b5f98
 Prev Bits: [0x0000025dec780000, 0x0000025dee6f0000)
 Next Bits: [0x0000025dea810000, 0x0000025dec780000)

Polling page: 0x0000025dd1160000

Metaspace:

Usage:
  Non-class:     67.45 MB capacity,    66.52 MB ( 99%) used,   753.27 KB (  1%) free+waste,   197.19 KB ( <1%) overhead. 
      Class:     10.01 MB capacity,     9.40 MB ( 94%) used,   528.84 KB (  5%) free+waste,    90.50 KB ( <1%) overhead. 
       Both:     77.45 MB capacity,    75.92 MB ( 98%) used,     1.25 MB (  2%) free+waste,   287.69 KB ( <1%) overhead. 

Virtual space:
  Non-class space:       68.00 MB reserved,      67.66 MB (>99%) committed 
      Class space:        1.00 GB reserved,      10.13 MB ( <1%) committed 
             Both:        1.07 GB reserved,      77.78 MB (  7%) committed 

Chunk freelists:
   Non-Class:  2.88 KB
       Class:  3.00 KB
        Both:  5.88 KB

CodeHeap 'non-profiled nmethods': size=120000Kb used=6390Kb max_used=6390Kb free=113609Kb
 bounds [0x0000025de23e0000, 0x0000025de2a20000, 0x0000025de9910000]
CodeHeap 'profiled nmethods': size=120000Kb used=19701Kb max_used=19701Kb free=100298Kb
 bounds [0x0000025ddaeb0000, 0x0000025ddc1f0000, 0x0000025de23e0000]
CodeHeap 'non-nmethods': size=5760Kb used=1250Kb max_used=1301Kb free=4509Kb
 bounds [0x0000025dda910000, 0x0000025ddab80000, 0x0000025ddaeb0000]
 total_blobs=9224 nmethods=8588 adapters=546
 compilation: enabled
              stopped_count=0, restarted_count=0
 full_count=0

Compilation events (10 events):
Event: 634.948 Thread 0x0000025df1ae9000 8664       3       java.util.concurrent.atomic.AtomicIntegerFieldUpdater$AtomicIntegerFieldUpdaterImpl::get (17 bytes)
Event: 634.948 Thread 0x0000025df1ae9000 nmethod 8664 0x0000025ddc1ed390 code [0x0000025ddc1ed540, 0x0000025ddc1ed768]
Event: 637.698 Thread 0x0000025df1ae9000 8665       1       org.apache.tomcat.util.net.NioEndpoint$NioSocketWrapper::getLastRead (5 bytes)
Event: 637.698 Thread 0x0000025df1ae9000 nmethod 8665 0x0000025de2a1c110 code [0x0000025de2a1c2a0, 0x0000025de2a1c358]
Event: 637.698 Thread 0x0000025df1ae9000 8666       1       org.apache.tomcat.util.net.SocketWrapperBase::getReadTimeout (5 bytes)
Event: 637.698 Thread 0x0000025df1ae9000 nmethod 8666 0x0000025de2a1c410 code [0x0000025de2a1c5a0, 0x0000025de2a1c658]
Event: 647.403 Thread 0x0000025df1ae9000 8667       1       org.apache.catalina.core.StandardWrapper::getServlet (5 bytes)
Event: 647.403 Thread 0x0000025df1ae9000 nmethod 8667 0x0000025de2a1c710 code [0x0000025de2a1c8a0, 0x0000025de2a1c958]
Event: 670.946 Thread 0x0000025df1ae8000 8668   !   4       sun.nio.ch.WindowsSelectorImpl$SubSelector::processFDSet (177 bytes)
Event: 670.953 Thread 0x0000025df1ae8000 nmethod 8668 0x0000025de2a1ca10 code [0x0000025de2a1cbe0, 0x0000025de2a1d390]

GC Heap History (10 events):
Event: 6.763 GC heap before
{Heap before GC invocations=11 (full 0):
 garbage-first heap   total 155648K, used 105014K [0x0000000082400000, 0x0000000100000000)
  region size 1024K, 77 young (78848K), 4 survivors (4096K)
 Metaspace       used 62713K, capacity 63936K, committed 64160K, reserved 1105920K
  class space    used 7919K, capacity 8398K, committed 8448K, reserved 1048576K
}
Event: 6.767 GC heap after
{Heap after GC invocations=12 (full 0):
 garbage-first heap   total 155648K, used 31565K [0x0000000082400000, 0x0000000100000000)
  region size 1024K, 6 young (6144K), 6 survivors (6144K)
 Metaspace       used 62713K, capacity 63936K, committed 64160K, reserved 1105920K
  class space    used 7919K, capacity 8398K, committed 8448K, reserved 1048576K
}
Event: 7.607 GC heap before
{Heap before GC invocations=12 (full 0):
 garbage-first heap   total 155648K, used 108365K [0x0000000082400000, 0x0000000100000000)
  region size 1024K, 81 young (82944K), 6 survivors (6144K)
 Metaspace       used 66230K, capacity 67598K, committed 67872K, reserved 1107968K
  class space    used 8222K, capacity 8741K, committed 8832K, reserved 1048576K
}
Event: 7.612 GC heap after
{Heap after GC invocations=13 (full 0):
 garbage-first heap   total 155648K, used 33949K [0x0000000082400000, 0x0000000100000000)
  region size 1024K, 8 young (8192K), 8 survivors (8192K)
 Metaspace       used 66230K, capacity 67598K, committed 67872K, reserved 1107968K
  class space    used 8222K, capacity 8741K, committed 8832K, reserved 1048576K
}
Event: 58.705 GC heap before
{Heap before GC invocations=13 (full 0):
 garbage-first heap   total 155648K, used 116893K [0x0000000082400000, 0x0000000100000000)
  region size 1024K, 89 young (91136K), 8 survivors (8192K)
 Metaspace       used 70615K, capacity 72082K, committed 72352K, reserved 1112064K
  class space    used 8825K, capacity 9397K, committed 9472K, reserved 1048576K
}
Event: 58.718 GC heap after
{Heap after GC invocations=14 (full 0):
 garbage-first heap   total 155648K, used 37581K [0x0000000082400000, 0x0000000100000000)
  region size 1024K, 10 young (10240K), 10 survivors (10240K)
 Metaspace       used 70615K, capacity 72082K, committed 72352K, reserved 1112064K
  class space    used 8825K, capacity 9397K, committed 9472K, reserved 1048576K
}
Event: 443.638 GC heap before
{Heap before GC invocations=14 (full 0):
 garbage-first heap   total 155648K, used 118477K [0x0000000082400000, 0x0000000100000000)
  region size 1024K, 89 young (91136K), 10 survivors (10240K)
 Metaspace       used 70715K, capacity 72146K, committed 72352K, reserved 1112064K
  class space    used 8826K, capacity 9397K, committed 9472K, reserved 1048576K
}
Event: 443.666 GC heap after
{Heap after GC invocations=15 (full 0):
 garbage-first heap   total 155648K, used 38031K [0x0000000082400000, 0x0000000100000000)
  region size 1024K, 7 young (7168K), 7 survivors (7168K)
 Metaspace       used 70715K, capacity 72146K, committed 72352K, reserved 1112064K
  class space    used 8826K, capacity 9397K, committed 9472K, reserved 1048576K
}
Event: 634.076 GC heap before
{Heap before GC invocations=15 (full 0):
 garbage-first heap   total 155648K, used 121999K [0x0000000082400000, 0x0000000100000000)
  region size 1024K, 89 young (91136K), 7 survivors (7168K)
 Metaspace       used 77740K, capacity 79313K, committed 79648K, reserved 1118208K
  class space    used 9628K, capacity 10248K, committed 10368K, reserved 1048576K
}
Event: 634.097 GC heap after
{Heap after GC invocations=16 (full 0):
 garbage-first heap   total 155648K, used 39531K [0x0000000082400000, 0x0000000100000000)
  region size 1024K, 8 young (8192K), 8 survivors (8192K)
 Metaspace       used 77740K, capacity 79313K, committed 79648K, reserved 1118208K
  class space    used 9628K, capacity 10248K, committed 10368K, reserved 1048576K
}

Deoptimization events (10 events):
Event: 573.967 Thread 0x0000025df952e800 Uncommon trap: reason=unstable_if action=reinterpret pc=0x0000025de26aefc0 method=java.util.regex.Matcher.reset()Ljava/util/regex/Matcher; @ 71 c2
Event: 573.967 Thread 0x0000025df952e800 Uncommon trap: reason=unstable_if action=reinterpret pc=0x0000025de26a2940 method=java.util.regex.Matcher.search(I)Z @ 76 c2
Event: 573.967 Thread 0x0000025df952e800 Uncommon trap: reason=unstable_if action=reinterpret pc=0x0000025de269bac0 method=java.util.regex.Pattern$BmpCharProperty.match(Ljava/util/regex/Matcher;ILjava/lang/CharSequence;)Z @ 39 c2
Event: 573.967 Thread 0x0000025df952e800 Uncommon trap: reason=unstable_if action=reinterpret pc=0x0000025de26b00d0 method=java.util.regex.Matcher.reset()Ljava/util/regex/Matcher; @ 71 c2
Event: 581.412 Thread 0x0000025df7827800 Uncommon trap: reason=profile_predicate action=maybe_recompile pc=0x0000025de2a0dc68 method=org.springframework.web.util.UrlPathHelper.getRemainingPath(Ljava/lang/String;Ljava/lang/String;Z)Ljava/lang/String; @ 12 c2
Event: 581.412 Thread 0x0000025df7827800 Uncommon trap: reason=profile_predicate action=maybe_recompile pc=0x0000025de2a0dc68 method=org.springframework.web.util.UrlPathHelper.getRemainingPath(Ljava/lang/String;Ljava/lang/String;Z)Ljava/lang/String; @ 12 c2
Event: 581.412 Thread 0x0000025df7827800 Uncommon trap: reason=profile_predicate action=maybe_recompile pc=0x0000025de2a0dc68 method=org.springframework.web.util.UrlPathHelper.getRemainingPath(Ljava/lang/String;Ljava/lang/String;Z)Ljava/lang/String; @ 12 c2
Event: 581.412 Thread 0x0000025df7827800 Uncommon trap: reason=profile_predicate action=maybe_recompile pc=0x0000025de2a0dc68 method=org.springframework.web.util.UrlPathHelper.getRemainingPath(Ljava/lang/String;Ljava/lang/String;Z)Ljava/lang/String; @ 12 c2
Event: 695.343 Thread 0x0000025df952a800 Uncommon trap: reason=unstable_if action=reinterpret pc=0x0000025de294f610 method=org.springframework.boot.devtools.filewatch.FolderSnapshot.collectFiles(Ljava/io/File;Ljava/util/Set;)V @ 73 c2
Event: 695.344 Thread 0x0000025df952a800 Uncommon trap: reason=unstable_if action=reinterpret pc=0x0000025de29488a8 method=java.io.File.normalizedList()[Ljava/lang/String; @ 34 c2

Classes redefined (0 events):
No events

Internal exceptions (10 events):
Event: 7.948 Thread 0x0000025df2982000 Exception <a 'java/lang/NoSuchMethodError'{0x0000000089f4ccd8}: java.lang.invoke.DirectMethodHandle$Holder.invokeInterface(Ljava/lang/Object;Ljava/lang/Object;Ljava/lang/Object;Ljava/lang/Object;)Ljava/lang/Object;> (0x0000000089f4ccd8) thrown at [./open/
Event: 8.074 Thread 0x0000025df2982000 Exception <a 'java/lang/NoSuchMethodError'{0x00000000892636b0}: java.lang.invoke.DirectMethodHandle$Holder.invokeVirtual(Ljava/lang/Object;Ljava/lang/Object;I)V> (0x00000000892636b0) thrown at [./open/src/hotspot/share/interpreter/linkResolver.cpp, line 7
Event: 8.372 Thread 0x0000025df2982000 Exception <a 'java/lang/NoSuchMethodError'{0x0000000087deb470}: java.lang.invoke.DirectMethodHandle$Holder.newInvokeSpecial(Ljava/lang/Object;I)Ljava/lang/Object;> (0x0000000087deb470) thrown at [./open/src/hotspot/share/interpreter/linkResolver.cpp, line
Event: 568.106 Thread 0x0000025df952a000 Exception <a 'java/lang/NoSuchMethodError'{0x0000000089bb6338}: java.lang.invoke.DirectMethodHandle$Holder.invokeStaticInit(Ljava/lang/Object;ILjava/lang/Object;)V> (0x0000000089bb6338) thrown at [./open/src/hotspot/share/interpreter/linkResolver.cpp, lin
Event: 568.285 Thread 0x0000025df952a000 Implicit null exception at 0x0000025de24066f4 to 0x0000025de2406c00
Event: 575.753 Thread 0x0000025df952d000 Exception <a 'java/lang/NoSuchMethodError'{0x0000000087a7c058}: java.lang.invoke.Invokers$Holder.linkToTargetMethod(Ljava/lang/Object;Ljava/lang/Object;Ljava/lang/Object;Ljava/lang/Object;Ljava/lang/Object;Ljava/lang/Object;Ljava/lang/Object;)Ljava/lang/O
Event: 575.790 Thread 0x0000025df952d000 Exception <a 'java/lang/ClassNotFoundException'{0x00000000879c0a40}: java/lang/ObjectCustomizer> (0x00000000879c0a40) thrown at [./open/src/hotspot/share/classfile/systemDictionary.cpp, line 226]
Event: 575.793 Thread 0x0000025df952d000 Exception <a 'java/lang/ClassNotFoundException'{0x00000000879d37f0}: com/rays/common/BaseFormCustomizer> (0x00000000879d37f0) thrown at [./open/src/hotspot/share/classfile/systemDictionary.cpp, line 226]
Event: 575.797 Thread 0x0000025df952d000 Exception <a 'java/lang/ClassNotFoundException'{0x00000000879e7160}: com/rays/form/LoginAttemptFormCustomizer> (0x00000000879e7160) thrown at [./open/src/hotspot/share/classfile/systemDictionary.cpp, line 226]
Event: 695.344 Thread 0x0000025df952a800 Implicit null exception at 0x0000025de294838f to 0x0000025de294888c

Events (10 events):
Event: 641.730 Executing VM operation: RevokeBias done
Event: 641.731 Executing VM operation: RevokeBias
Event: 641.731 Executing VM operation: RevokeBias done
Event: 647.371 Executing VM operation: RevokeBias
Event: 647.371 Executing VM operation: RevokeBias done
Event: 695.343 Thread 0x0000025df952a800 Uncommon trap: trap_request=0xffffff4d fr.pc=0x0000025de294f610 relative=0x0000000000005c30
Event: 695.343 Thread 0x0000025df952a800 DEOPT PACKING pc=0x0000025de294f610 sp=0x000000ba40efe960
Event: 695.343 Thread 0x0000025df952a800 DEOPT UNPACKING pc=0x0000025dda93662f sp=0x000000ba40efe980 mode 2
Event: 695.344 Thread 0x0000025df952a800 Uncommon trap: trap_request=0xffffff4d fr.pc=0x0000025de29488a8 relative=0x0000000000000748
Event: 695.344 Thread 0x0000025df952a800 DEOPT PACKING pc=0x0000025de29488a8 sp=0x000000ba40efe880


Dynamic libraries:
0x00007ff7bd740000 - 0x00007ff7bd74f000 	C:\Program Files\Java\jdk-11.0.15.1\bin\javaw.exe
0x00007fff9bc20000 - 0x00007fff9be87000 	C:\WINDOWS\SYSTEM32\ntdll.dll
0x00007fff9b060000 - 0x00007fff9b129000 	C:\WINDOWS\System32\KERNEL32.DLL
0x00007fff98d40000 - 0x00007fff99134000 	C:\WINDOWS\System32\KERNELBASE.dll
0x00007fff985a0000 - 0x00007fff986eb000 	C:\WINDOWS\System32\ucrtbase.dll
0x00007fff93060000 - 0x00007fff93078000 	C:\Program Files\Java\jdk-11.0.15.1\bin\jli.dll
0x00007fff93010000 - 0x00007fff93025000 	C:\Program Files\Java\jdk-11.0.15.1\bin\VCRUNTIME140.dll
0x00007fff9b530000 - 0x00007fff9b5e6000 	C:\WINDOWS\System32\ADVAPI32.dll
0x00007fff9b240000 - 0x00007fff9b2e9000 	C:\WINDOWS\System32\msvcrt.dll
0x00007fff9bb30000 - 0x00007fff9bbd7000 	C:\WINDOWS\System32\sechost.dll
0x00007fff99a40000 - 0x00007fff99b58000 	C:\WINDOWS\System32\RPCRT4.dll
0x00007fff9b360000 - 0x00007fff9b525000 	C:\WINDOWS\System32\USER32.dll
0x00007fff986f0000 - 0x00007fff98717000 	C:\WINDOWS\System32\win32u.dll
0x00007fff81590000 - 0x00007fff81823000 	C:\WINDOWS\WinSxS\amd64_microsoft.windows.common-controls_6595b64144ccf1df_6.0.26100.8115_none_3e075c82e3354f9c\COMCTL32.dll
0x00007fff9aec0000 - 0x00007fff9aeeb000 	C:\WINDOWS\System32\GDI32.dll
0x00007fff98950000 - 0x00007fff98a7b000 	C:\WINDOWS\System32\gdi32full.dll
0x00007fff984f0000 - 0x00007fff98593000 	C:\WINDOWS\System32\msvcp_win.dll
0x00007fff90b00000 - 0x00007fff90b0b000 	C:\WINDOWS\SYSTEM32\VERSION.dll
0x00007fff9aa00000 - 0x00007fff9aa32000 	C:\WINDOWS\System32\IMM32.DLL
0x00007fff8e940000 - 0x00007fff8e9db000 	C:\Program Files\Java\jdk-11.0.15.1\bin\msvcp140.dll
0x00007fff15c90000 - 0x00007fff167a6000 	C:\Program Files\Java\jdk-11.0.15.1\bin\server\jvm.dll
0x00007fff9b050000 - 0x00007fff9b058000 	C:\WINDOWS\System32\PSAPI.DLL
0x00007fff887b0000 - 0x00007fff887e6000 	C:\WINDOWS\SYSTEM32\WINMM.dll
0x00007fff725e0000 - 0x00007fff725ea000 	C:\WINDOWS\SYSTEM32\WSOCK32.dll
0x00007fff999b0000 - 0x00007fff99a30000 	C:\WINDOWS\System32\WS2_32.dll
0x00007fff97240000 - 0x00007fff9725b000 	C:\WINDOWS\SYSTEM32\kernel.appcore.dll
0x00007fff89170000 - 0x00007fff89180000 	C:\Program Files\Java\jdk-11.0.15.1\bin\verify.dll
0x00007fff96460000 - 0x00007fff966a2000 	C:\WINDOWS\SYSTEM32\DBGHELP.DLL
0x00007fff9ab30000 - 0x00007fff9aeb2000 	C:\WINDOWS\System32\combase.dll
0x00007fff9b940000 - 0x00007fff9ba18000 	C:\WINDOWS\System32\OLEAUT32.dll
0x00007fff7e7b0000 - 0x00007fff7e7eb000 	C:\WINDOWS\SYSTEM32\dbgcore.DLL
0x00007fff98b10000 - 0x00007fff98bb5000 	C:\WINDOWS\System32\bcryptPrimitives.dll
0x00007fff75150000 - 0x00007fff75178000 	C:\Program Files\Java\jdk-11.0.15.1\bin\java.dll
0x00007fff89160000 - 0x00007fff8916a000 	C:\Program Files\Java\jdk-11.0.15.1\bin\jimage.dll
0x00007fff75f40000 - 0x00007fff75f56000 	C:\Program Files\Java\jdk-11.0.15.1\bin\zip.dll
0x00007fff9a240000 - 0x00007fff9a9a7000 	C:\WINDOWS\System32\SHELL32.dll
0x00007fff98720000 - 0x00007fff9888a000 	C:\WINDOWS\System32\wintypes.dll
0x00007fff99140000 - 0x00007fff999a8000 	C:\WINDOWS\System32\windows.storage.dll
0x00007fff9b7e0000 - 0x00007fff9b8d8000 	C:\WINDOWS\System32\SHCORE.dll
0x00007fff9b2f0000 - 0x00007fff9b356000 	C:\WINDOWS\System32\shlwapi.dll
0x00007fff98410000 - 0x00007fff98439000 	C:\WINDOWS\SYSTEM32\profapi.dll
0x00007fff6a430000 - 0x00007fff6a449000 	C:\Program Files\Java\jdk-11.0.15.1\bin\net.dll
0x00007fff90d60000 - 0x00007fff90e8d000 	C:\WINDOWS\SYSTEM32\WINHTTP.dll
0x00007fff97790000 - 0x00007fff977fc000 	C:\WINDOWS\system32\mswsock.dll
0x00007fff6a410000 - 0x00007fff6a422000 	C:\Program Files\Java\jdk-11.0.15.1\bin\nio.dll
0x00007fff93090000 - 0x00007fff93099000 	C:\Program Files\Java\jdk-11.0.15.1\bin\management.dll
0x00007fff93050000 - 0x00007fff9305b000 	C:\Program Files\Java\jdk-11.0.15.1\bin\management_ext.dll
0x00007fff74f50000 - 0x00007fff74f68000 	C:\WINDOWS\system32\napinsp.dll
0x00007fff96cb0000 - 0x00007fff96de2000 	C:\WINDOWS\SYSTEM32\DNSAPI.dll
0x00007fff96c20000 - 0x00007fff96c52000 	C:\WINDOWS\SYSTEM32\IPHLPAPI.DLL
0x00007fff9b5f0000 - 0x00007fff9b5fa000 	C:\WINDOWS\System32\NSI.dll
0x00007fff745b0000 - 0x00007fff745c3000 	C:\WINDOWS\System32\winrnr.dll
0x00007fff74580000 - 0x00007fff745a2000 	C:\WINDOWS\system32\nlansp_c.dll
0x00007fff90a80000 - 0x00007fff90a96000 	C:\WINDOWS\system32\wshbth.dll
0x00007fff887f0000 - 0x00007fff887fb000 	C:\Windows\System32\rasadhlp.dll
0x00007fff8fc70000 - 0x00007fff8fcf6000 	C:\WINDOWS\System32\fwpuclnt.dll
0x00007fff97b10000 - 0x00007fff97b2b000 	C:\WINDOWS\SYSTEM32\CRYPTSP.dll
0x00007fff971a0000 - 0x00007fff971d9000 	C:\WINDOWS\system32\rsaenh.dll
0x00007fff97840000 - 0x00007fff97873000 	C:\WINDOWS\SYSTEM32\USERENV.dll
0x00007fff983e0000 - 0x00007fff9840a000 	C:\WINDOWS\SYSTEM32\bcrypt.dll
0x00007fff979f0000 - 0x00007fff979fc000 	C:\WINDOWS\SYSTEM32\CRYPTBASE.dll
0x00007fff91560000 - 0x00007fff9157d000 	C:\WINDOWS\SYSTEM32\dhcpcsvc6.DLL
0x00007fff90b80000 - 0x00007fff90ba5000 	C:\WINDOWS\SYSTEM32\dhcpcsvc.DLL
0x00007fff6e9a0000 - 0x00007fff6e9ad000 	C:\Program Files\Java\jdk-11.0.15.1\bin\sunmscapi.dll
0x00007fff98bc0000 - 0x00007fff98d37000 	C:\WINDOWS\System32\CRYPT32.dll
0x00007fff97c70000 - 0x00007fff97ca0000 	C:\WINDOWS\SYSTEM32\ncrypt.dll
0x00007fff97c20000 - 0x00007fff97c5f000 	C:\WINDOWS\SYSTEM32\NTASN1.dll
0x00007fff65ea0000 - 0x00007fff65ec5000 	C:\Program Files\Java\jdk-11.0.15.1\bin\sunec.dll

dbghelp: loaded successfully - version: 4.0.5 - missing functions: none
symbol engine: initialized successfully - sym options: 0x614 - pdb path: .;C:\Program Files\Java\jdk-11.0.15.1\bin;C:\WINDOWS\SYSTEM32;C:\WINDOWS\WinSxS\amd64_microsoft.windows.common-controls_6595b64144ccf1df_6.0.26100.8115_none_3e075c82e3354f9c;C:\Program Files\Java\jdk-11.0.15.1\bin\server

VM Arguments:
jvm_args: -Dfile.encoding=UTF-8 
java_command: com.rays.ORSProject10Application
java_class_path (initial): C:\project-10-Jwt\ORSProject-10 JWT\target\classes;C:\Users\DELL\.m2\repository\org\springframework\boot\spring-boot-devtools\2.1.2.RELEASE\spring-boot-devtools-2.1.2.RELEASE.jar;C:\Users\DELL\.m2\repository\org\springframework\boot\spring-boot\2.1.2.RELEASE\spring-boot-2.1.2.RELEASE.jar;C:\Users\DELL\.m2\repository\org\springframework\spring-core\5.1.4.RELEASE\spring-core-5.1.4.RELEASE.jar;C:\Users\DELL\.m2\repository\org\springframework\spring-jcl\5.1.4.RELEASE\spring-jcl-5.1.4.RELEASE.jar;C:\Users\DELL\.m2\repository\org\springframework\spring-context\5.1.4.RELEASE\spring-context-5.1.4.RELEASE.jar;C:\Users\DELL\.m2\repository\org\springframework\boot\spring-boot-autoconfigure\2.1.2.RELEASE\spring-boot-autoconfigure-2.1.2.RELEASE.jar;C:\Users\DELL\.m2\repository\org\springframework\boot\spring-boot-starter-web\2.1.2.RELEASE\spring-boot-starter-web-2.1.2.RELEASE.jar;C:\Users\DELL\.m2\repository\org\springframework\boot\spring-boot-starter\2.1.2.RELEASE\spring-boot-starter-2.1.2.RELEASE.jar;C:\Users\DELL\.m2\repository\org\springframework\boot\spring-boot-starter-logging\2.1.2.RELEASE\spring-boot-starter-logging-2.1.2.RELEASE.jar;C:\Users\DELL\.m2\repository\ch\qos\logback\logback-classic\1.2.3\logback-classic-1.2.3.jar;C:\Users\DELL\.m2\repository\ch\qos\logback\logback-core\1.2.3\logback-core-1.2.3.jar;C:\Users\DELL\.m2\repository\org\apache\logging\log4j\log4j-to-slf4j\2.11.1\log4j-to-slf4j-2.11.1.jar;C:\Users\DELL\.m2\repository\org\apache\logging\log4j\log4j-api\2.11.1\log4j-api-2.11.1.jar;C:\Users\DELL\.m2\repository\org\slf4j\jul-to-slf4j\1.7.25\jul-to-slf4j-1.7.25.jar;C:\Users\DELL\.m2\repository\javax\annotation\javax.annotation-api\1.3.2\javax.annotation-api-1.3.2.jar;C:\Users\DELL\.m2\repository\org\yaml\snakeyaml\1.23\snakeyaml-1.23.jar;C:\Users\DELL\.m2\repository\org\springframework\boot\spring-boot-starter-json\2.1.2.RELEASE\spring-boot-starter-json-2.1.2.RELEASE.jar;C:\Users\DELL\.m2\repository\com\fasterxml\jackson\datat
Launcher Type: SUN_STANDARD

[Global flags]
     intx CICompilerCount                          = 4                                         {product} {ergonomic}
     uint ConcGCThreads                            = 2                                         {product} {ergonomic}
     uint G1ConcRefinementThreads                  = 8                                         {product} {ergonomic}
   size_t G1HeapRegionSize                         = 1048576                                   {product} {ergonomic}
    uintx GCDrainStackTargetSize                   = 64                                        {product} {ergonomic}
   size_t InitialHeapSize                          = 132120576                                 {product} {ergonomic}
   size_t MarkStackSize                            = 4194304                                   {product} {ergonomic}
   size_t MaxHeapSize                              = 2109734912                                {product} {ergonomic}
   size_t MaxNewSize                               = 1265631232                                {product} {ergonomic}
   size_t MinHeapDeltaBytes                        = 1048576                                   {product} {ergonomic}
    uintx NonNMethodCodeHeapSize                   = 5836300                                {pd product} {ergonomic}
    uintx NonProfiledCodeHeapSize                  = 122910970                              {pd product} {ergonomic}
    uintx ProfiledCodeHeapSize                     = 122910970                              {pd product} {ergonomic}
    uintx ReservedCodeCacheSize                    = 251658240                              {pd product} {ergonomic}
     bool SegmentedCodeCache                       = true                                      {product} {ergonomic}
     bool UseCompressedClassPointers               = true                                 {lp64_product} {ergonomic}
     bool UseCompressedOops                        = true                                 {lp64_product} {ergonomic}
     bool UseG1GC                                  = true                                      {product} {ergonomic}
     bool UseLargePagesIndividualAllocation        = false                                  {pd product} {ergonomic}

Logging:
Log output configuration:
 #0: stdout all=warning uptime,level,tags
 #1: stderr all=off uptime,level,tags

Environment Variables:
JAVA_HOME=C:\Program Files\Java\jdk-11.0.15.1
PATH=C:/Program Files/Java/jdk-11.0.15.1/bin/server;C:/Program Files/Java/jdk-11.0.15.1/bin;C:\WINDOWS\system32;C:\WINDOWS;C:\WINDOWS\System32\Wbem;C:\WINDOWS\System32\WindowsPowerShell\v1.0\;C:\WINDOWS\System32\OpenSSH\;C:\Program Files\Git\cmd;C:\Program Files\dotnet\;C:\Program Files\Docker\Docker\resources\bin;C:\Program Files\nodejs\;C:\Program Files (x86)\NVIDIA Corporation\PhysX\Common;C:\Program Files\NVIDIA Corporation\NVIDIA App\NvDLISR;C:\Program Files\Apache\Maven\bin;C:\WINDOWS\system32;C:\WINDOWS;C:\WINDOWS\System32\Wbem;C:\WINDOWS\System32\WindowsPowerShell\v1.0\;C:\WINDOWS\System32\OpenSSH\;C:\Program Files\Git\cmd;C:\Program Files\dotnet\;C:\Program Files\Docker\Docker\resources\bin;C:\Program Files\nodejs\;C:\Program Files (x86)\NVIDIA Corporation\PhysX\Common;C:\Program Files\NVIDIA Corporation\NVIDIA App\NvDLISR;C:\Program Files\Java\jdk-11.0.15.1\bin;C:\Users\DELL\AppData\Roaming\npm;C:\Users\DELL\AppData\Local\Microsoft\WindowsApps;;C:\Users\DELL\AppData\Local\Programs\Microsoft VS Code\bin;C:\Users\DELL\AppData\Local\Programs\mongosh\;%USERPROFILE%\AppData\Local\Microsoft\WindowsApps;C:\Users\DELL\Downloads\eclipse-jee-2019-03-R-win32-x86_64\eclipse;
USERNAME=DELL
OS=Windows_NT
PROCESSOR_IDENTIFIER=Intel64 Family 6 Model 158 Stepping 10, GenuineIntel



---------------  S Y S T E M  ---------------

OS: Windows 11 , 64 bit Build 26100 (10.0.26100.8246)
Hyper-V role detected

CPU:total 8 (initial active 8) (4 cores per cpu, 2 threads per core) family 6 model 158 stepping 10 microcode 0xde, cmov, cx8, fxsr, mmx, sse, sse2, sse3, ssse3, sse4.1, sse4.2, popcnt, avx, avx2, aes, clmul, erms, 3dnowpref, lzcnt, ht, tsc, tscinvbit, bmi1, bmi2, adx, fma

Memory: 4k page, system-wide physical 8044M (1703M free)
TotalPageFile size 32620M (AvailPageFile size 0M)
current process WorkingSet (physical memory assigned to process): 104M, peak: 375M
current process commit charge ("private bytes"): 369M, peak: 428M

vm_info: Java HotSpot(TM) 64-Bit Server VM (11.0.15.1+2-LTS-10) for windows-amd64 JRE (11.0.15.1+2-LTS-10), built on Apr 25 2022 21:51:57 by "mach5one" with MS VC++ 15.9 (VS2017)

END.
