#
# There is insufficient memory for the Java Runtime Environment to continue.
# Native memory allocation (malloc) failed to allocate 449936 bytes for Chunk::new
# Possible reasons:
#   The system is out of physical RAM or swap space
#   The process is running with CompressedOops enabled, and the Java Heap may be blocking the growth of the native heap
# Possible solutions:
#   Reduce memory load on the system
#   Increase physical memory or swap space
#   Check if swap backing store is full
#   Decrease Java heap size (-Xmx/-Xms)
#   Decrease number of Java threads
#   Decrease Java thread stack sizes (-Xss)
#   Set larger code cache with -XX:ReservedCodeCacheSize=
#   JVM is running with Unscaled Compressed Oops mode in which the Java heap is
#     placed in the first 4GB address space. The Java Heap base address is the
#     maximum limit for the native heap growth. Please use -XX:HeapBaseMinAddress
#     to set the Java Heap base and to place the Java Heap above 4GB virtual address.
# This output file may be truncated or incomplete.
#
#  Out of Memory Error (./open/src/hotspot/share/memory/arena.cpp:197), pid=18092, tid=19368
#
# JRE version: Java(TM) SE Runtime Environment 18.9 (11.0.15.1+2) (build 11.0.15.1+2-LTS-10)
# Java VM: Java HotSpot(TM) 64-Bit Server VM 18.9 (11.0.15.1+2-LTS-10, mixed mode, tiered, compressed oops, g1 gc, windows-amd64)
# No core dump will be written. Minidumps are not enabled by default on client versions of Windows
#

---------------  S U M M A R Y ------------

Command Line: -Dfile.encoding=UTF-8 com.rays.ORSProject10Application

Host: Intel(R) Core(TM) i5-9300H CPU @ 2.40GHz, 8 cores, 7G,  Windows 11 , 64 bit Build 26100 (10.0.26100.8115)
Time: Thu Apr  9 12:24:46 2026 India Standard Time elapsed time: 1807.368269 seconds (0d 0h 30m 7s)

---------------  T H R E A D  ---------------

Current thread (0x0000021c583ff800):  JavaThread "C2 CompilerThread0" daemon [_thread_in_native, id=19368, stack(0x000000b48f900000,0x000000b48fa00000)]


Current CompileTask:
C2:1807368 9152   !   4       sun.security.ssl.SSLSocketImpl$AppInputStream::read (645 bytes)

Stack: [0x000000b48f900000,0x000000b48fa00000]
Native frames: (J=compiled Java code, j=interpreted, Vv=VM code, C=native code)
V  [jvm.dll+0x629d8a]
V  [jvm.dll+0x7638ff]
V  [jvm.dll+0x764fa9]
V  [jvm.dll+0x765633]
V  [jvm.dll+0x23d9c8]
V  [jvm.dll+0xb2a1c]
V  [jvm.dll+0xb2fdc]
V  [jvm.dll+0x341047]
V  [jvm.dll+0x18cd11]
V  [jvm.dll+0x1f8672]
V  [jvm.dll+0x1f774d]
V  [jvm.dll+0x177c51]
V  [jvm.dll+0x207026]
V  [jvm.dll+0x2051bb]
V  [jvm.dll+0x729820]
V  [jvm.dll+0x7223f4]
V  [jvm.dll+0x628c26]
C  [ucrtbase.dll+0x37b0]
C  [KERNEL32.DLL+0x2e8d7]
C  [ntdll.dll+0x8c3fc]


---------------  P R O C E S S  ---------------

Threads class SMR info:
_java_thread_list=0x0000021c5e3ed340, length=32, elements={
0x0000021c58381800, 0x0000021c5838d000, 0x0000021c583d6800, 0x0000021c583d7000,
0x0000021c583db800, 0x0000021c583ff800, 0x0000021c583e9000, 0x0000021c58408800,
0x0000021c5857f800, 0x0000021c5d15a000, 0x0000021c5ed7b800, 0x0000021c5b6b4000,
0x0000021c5959f800, 0x0000021c5ea09800, 0x0000021c5e5f5000, 0x0000021c5cc8a800,
0x0000021c5c76a800, 0x0000021c5e93b800, 0x0000021c5efef800, 0x0000021c5eff1000,
0x0000021c5efee800, 0x0000021c5eff0800, 0x0000021c5f1dc000, 0x0000021c5f1dc800,
0x0000021c5f1da800, 0x0000021c5f1dd800, 0x0000021c5f1db000, 0x0000021c5f1df000,
0x0000021c5f1de800, 0x0000021c5f1e2800, 0x0000021c5f1e1800, 0x0000021c5f1e0000
}

Java Threads: ( => current thread )
  0x0000021c58381800 JavaThread "Reference Handler" daemon [_thread_blocked, id=12740, stack(0x000000b48f400000,0x000000b48f500000)]
  0x0000021c5838d000 JavaThread "Finalizer" daemon [_thread_blocked, id=3568, stack(0x000000b48f500000,0x000000b48f600000)]
  0x0000021c583d6800 JavaThread "Signal Dispatcher" daemon [_thread_blocked, id=8300, stack(0x000000b48f600000,0x000000b48f700000)]
  0x0000021c583d7000 JavaThread "Attach Listener" daemon [_thread_blocked, id=15728, stack(0x000000b48f700000,0x000000b48f800000)]
  0x0000021c583db800 JavaThread "Service Thread" daemon [_thread_blocked, id=9452, stack(0x000000b48f800000,0x000000b48f900000)]
=>0x0000021c583ff800 JavaThread "C2 CompilerThread0" daemon [_thread_in_native, id=19368, stack(0x000000b48f900000,0x000000b48fa00000)]
  0x0000021c583e9000 JavaThread "C1 CompilerThread0" daemon [_thread_blocked, id=18948, stack(0x000000b48fa00000,0x000000b48fb00000)]
  0x0000021c58408800 JavaThread "Sweeper thread" daemon [_thread_blocked, id=18872, stack(0x000000b48fb00000,0x000000b48fc00000)]
  0x0000021c5857f800 JavaThread "Common-Cleaner" daemon [_thread_blocked, id=20216, stack(0x000000b48fd00000,0x000000b48fe00000)]
  0x0000021c5d15a000 JavaThread "mysql-cj-abandoned-connection-cleanup" daemon [_thread_blocked, id=16276, stack(0x000000b490a00000,0x000000b490b00000)]
  0x0000021c5ed7b800 JavaThread "HikariPool-1 housekeeper" daemon [_thread_blocked, id=19828, stack(0x000000b490d00000,0x000000b490e00000)]
  0x0000021c5b6b4000 JavaThread "Catalina-utility-1" [_thread_blocked, id=18068, stack(0x000000b490f00000,0x000000b491000000)]
  0x0000021c5959f800 JavaThread "container-0" [_thread_blocked, id=16080, stack(0x000000b491000000,0x000000b491100000)]
  0x0000021c5ea09800 JavaThread "Live Reload Server" daemon [_thread_in_native, id=15616, stack(0x000000b491200000,0x000000b491300000)]
  0x0000021c5e5f5000 JavaThread "File Watcher" daemon [_thread_blocked, id=20952, stack(0x000000b491100000,0x000000b491200000)]
  0x0000021c5cc8a800 JavaThread "NioBlockingSelector.BlockPoller-1" daemon [_thread_in_native, id=8212, stack(0x000000b491300000,0x000000b491400000)]
  0x0000021c5c76a800 JavaThread "http-nio-8080-exec-1" daemon [_thread_blocked, id=15780, stack(0x000000b491400000,0x000000b491500000)]
  0x0000021c5e93b800 JavaThread "http-nio-8080-exec-2" daemon [_thread_blocked, id=10320, stack(0x000000b491500000,0x000000b491600000)]
  0x0000021c5efef800 JavaThread "http-nio-8080-exec-3" daemon [_thread_blocked, id=15520, stack(0x000000b491600000,0x000000b491700000)]
  0x0000021c5eff1000 JavaThread "http-nio-8080-exec-4" daemon [_thread_blocked, id=20760, stack(0x000000b491700000,0x000000b491800000)]
  0x0000021c5efee800 JavaThread "http-nio-8080-exec-5" daemon [_thread_blocked, id=14236, stack(0x000000b491800000,0x000000b491900000)]
  0x0000021c5eff0800 JavaThread "http-nio-8080-exec-6" daemon [_thread_blocked, id=19976, stack(0x000000b491900000,0x000000b491a00000)]
  0x0000021c5f1dc000 JavaThread "http-nio-8080-exec-7" daemon [_thread_blocked, id=18308, stack(0x000000b491a00000,0x000000b491b00000)]
  0x0000021c5f1dc800 JavaThread "http-nio-8080-exec-8" daemon [_thread_blocked, id=6416, stack(0x000000b491b00000,0x000000b491c00000)]
  0x0000021c5f1da800 JavaThread "http-nio-8080-exec-9" daemon [_thread_blocked, id=14168, stack(0x000000b491c00000,0x000000b491d00000)]
  0x0000021c5f1dd800 JavaThread "http-nio-8080-exec-10" daemon [_thread_blocked, id=19956, stack(0x000000b491d00000,0x000000b491e00000)]
  0x0000021c5f1db000 JavaThread "http-nio-8080-ClientPoller-0" daemon [_thread_in_native, id=12408, stack(0x000000b491e00000,0x000000b491f00000)]
  0x0000021c5f1df000 JavaThread "http-nio-8080-ClientPoller-1" daemon [_thread_in_native, id=19952, stack(0x000000b491f00000,0x000000b492000000)]
  0x0000021c5f1de800 JavaThread "http-nio-8080-Acceptor-0" daemon [_thread_in_native, id=2872, stack(0x000000b492000000,0x000000b492100000)]
  0x0000021c5f1e2800 JavaThread "DestroyJavaVM" [_thread_blocked, id=18760, stack(0x000000b48ed00000,0x000000b48ee00000)]
  0x0000021c5f1e1800 JavaThread "HikariPool-1 connection closer" daemon [_thread_blocked, id=17080, stack(0x000000b48ea00000,0x000000b48eb00000)]
  0x0000021c5f1e0000 JavaThread "HikariPool-1 connection adder" daemon [_thread_blocked, id=14096, stack(0x000000b48eb00000,0x000000b48ec00000)]

Other Threads:
  0x0000021c57b56800 VMThread "VM Thread" [stack: 0x000000b48f300000,0x000000b48f400000] [id=18844]
  0x0000021c5856d800 WatcherThread [stack: 0x000000b48fc00000,0x000000b48fd00000] [id=3988]
  0x0000021c37cbb000 GCTaskThread "GC Thread#0" [stack: 0x000000b48ee00000,0x000000b48ef00000] [id=13704]
  0x0000021c594eb000 GCTaskThread "GC Thread#1" [stack: 0x000000b490200000,0x000000b490300000] [id=20504]
  0x0000021c5943c000 GCTaskThread "GC Thread#2" [stack: 0x000000b490300000,0x000000b490400000] [id=5972]
  0x0000021c5943c800 GCTaskThread "GC Thread#3" [stack: 0x000000b490400000,0x000000b490500000] [id=10336]
  0x0000021c58efc800 GCTaskThread "GC Thread#4" [stack: 0x000000b490500000,0x000000b490600000] [id=21236]
  0x0000021c58efd800 GCTaskThread "GC Thread#5" [stack: 0x000000b490600000,0x000000b490700000] [id=11020]
  0x0000021c58f8a800 GCTaskThread "GC Thread#6" [stack: 0x000000b490700000,0x000000b490800000] [id=7872]
  0x0000021c59462800 GCTaskThread "GC Thread#7" [stack: 0x000000b490800000,0x000000b490900000] [id=16172]
  0x0000021c37cf2000 ConcurrentGCThread "G1 Main Marker" [stack: 0x000000b48ef00000,0x000000b48f000000] [id=18464]
  0x0000021c37cf9000 ConcurrentGCThread "G1 Conc#0" [stack: 0x000000b48f000000,0x000000b48f100000] [id=12004]
  0x0000021c59dc8000 ConcurrentGCThread "G1 Conc#1" [stack: 0x000000b490b00000,0x000000b490c00000] [id=19824]
  0x0000021c37cf1000 ConcurrentGCThread "G1 Refine#0" [stack: 0x000000b48f100000,0x000000b48f200000] [id=20052]
  0x0000021c583fc000 ConcurrentGCThread "G1 Refine#1" [stack: 0x000000b490900000,0x000000b490a00000] [id=21120]
  0x0000021c579be800 ConcurrentGCThread "G1 Young RemSet Sampling" [stack: 0x000000b48f200000,0x000000b48f300000] [id=8372]

Threads with active compile tasks:
C2 CompilerThread01807400 9152   !   4       sun.security.ssl.SSLSocketImpl$AppInputStream::read (645 bytes)

VM state:not at safepoint (normal execution)

VM Mutex/Monitor currently owned by a thread: None

Heap address: 0x0000000082400000, size: 2012 MB, Compressed Oops mode: 32-bit
Narrow klass base: 0x0000000000000000, Narrow klass shift: 3
Compressed class space size: 1073741824 Address: 0x0000000100000000

Heap:
 garbage-first heap   total 197632K, used 91666K [0x0000000082400000, 0x0000000100000000)
  region size 1024K, 60 young (61440K), 7 survivors (7168K)
 Metaspace       used 77616K, capacity 79146K, committed 79312K, reserved 1118208K
  class space    used 9611K, capacity 10200K, committed 10240K, reserved 1048576K
Heap Regions: E=young(eden), S=young(survivor), O=old, HS=humongous(starts), HC=humongous(continues), CS=collection set, F=free, A=archive, TAMS=top-at-mark-start (previous, next)
|   0|0x0000000082400000, 0x0000000082500000, 0x0000000082500000|100%|HS|  |TAMS 0x0000000082500000, 0x0000000082400000| Complete 
|   1|0x0000000082500000, 0x0000000082600000, 0x0000000082600000|100%| O|  |TAMS 0x0000000082600000, 0x0000000082500000| Untracked 
|   2|0x0000000082600000, 0x0000000082700000, 0x0000000082700000|100%| O|  |TAMS 0x0000000082700000, 0x0000000082600000| Untracked 
|   3|0x0000000082700000, 0x0000000082800000, 0x0000000082800000|100%| O|  |TAMS 0x0000000082800000, 0x0000000082700000| Untracked 
|   4|0x0000000082800000, 0x0000000082900000, 0x0000000082900000|100%| O|  |TAMS 0x0000000082900000, 0x0000000082800000| Untracked 
|   5|0x0000000082900000, 0x0000000082a00000, 0x0000000082a00000|100%| O|  |TAMS 0x0000000082a00000, 0x0000000082900000| Untracked 
|   6|0x0000000082a00000, 0x0000000082b00000, 0x0000000082b00000|100%| O|  |TAMS 0x0000000082b00000, 0x0000000082a00000| Untracked 
|   7|0x0000000082b00000, 0x0000000082c00000, 0x0000000082c00000|100%| O|  |TAMS 0x0000000082c00000, 0x0000000082b00000| Untracked 
|   8|0x0000000082c00000, 0x0000000082d00000, 0x0000000082d00000|100%| O|  |TAMS 0x0000000082d00000, 0x0000000082c00000| Untracked 
|   9|0x0000000082d00000, 0x0000000082e00000, 0x0000000082e00000|100%| O|  |TAMS 0x0000000082e00000, 0x0000000082d00000| Untracked 
|  10|0x0000000082e00000, 0x0000000082f00000, 0x0000000082f00000|100%| O|  |TAMS 0x0000000082f00000, 0x0000000082e00000| Untracked 
|  11|0x0000000082f00000, 0x0000000083000000, 0x0000000083000000|100%| O|  |TAMS 0x0000000083000000, 0x0000000082f00000| Untracked 
|  12|0x0000000083000000, 0x0000000083100000, 0x0000000083100000|100%| O|  |TAMS 0x0000000083100000, 0x0000000083000000| Untracked 
|  13|0x0000000083100000, 0x0000000083200000, 0x0000000083200000|100%| O|  |TAMS 0x0000000083200000, 0x0000000083100000| Untracked 
|  14|0x0000000083200000, 0x0000000083300000, 0x0000000083300000|100%| O|  |TAMS 0x0000000083300000, 0x0000000083200000| Untracked 
|  15|0x0000000083300000, 0x0000000083400000, 0x0000000083400000|100%| O|  |TAMS 0x0000000083400000, 0x0000000083300000| Untracked 
|  16|0x0000000083400000, 0x0000000083500000, 0x0000000083500000|100%| O|  |TAMS 0x0000000083500000, 0x0000000083400000| Untracked 
|  17|0x0000000083500000, 0x0000000083600000, 0x0000000083600000|100%| O|  |TAMS 0x0000000083600000, 0x0000000083500000| Untracked 
|  18|0x0000000083600000, 0x0000000083700000, 0x0000000083700000|100%| O|  |TAMS 0x0000000083700000, 0x0000000083600000| Untracked 
|  19|0x0000000083700000, 0x0000000083800000, 0x0000000083800000|100%| O|  |TAMS 0x0000000083800000, 0x0000000083700000| Untracked 
|  20|0x0000000083800000, 0x0000000083900000, 0x0000000083900000|100%| O|  |TAMS 0x0000000083900000, 0x0000000083800000| Untracked 
|  21|0x0000000083900000, 0x0000000083a00000, 0x0000000083a00000|100%| O|  |TAMS 0x0000000083a00000, 0x0000000083900000| Untracked 
|  22|0x0000000083a00000, 0x0000000083b00000, 0x0000000083b00000|100%| O|  |TAMS 0x0000000083b00000, 0x0000000083a00000| Untracked 
|  23|0x0000000083b00000, 0x0000000083c00000, 0x0000000083c00000|100%| O|  |TAMS 0x0000000083c00000, 0x0000000083b00000| Untracked 
|  24|0x0000000083c00000, 0x0000000083d00000, 0x0000000083d00000|100%| O|  |TAMS 0x0000000083d00000, 0x0000000083c00000| Untracked 
|  25|0x0000000083d00000, 0x0000000083e00000, 0x0000000083e00000|100%| O|  |TAMS 0x0000000083d7dc00, 0x0000000083d00000| Untracked 
|  26|0x0000000083e00000, 0x0000000083e00000, 0x0000000083f00000|  0%| F|  |TAMS 0x0000000083e00000, 0x0000000083e00000| Untracked 
|  27|0x0000000083f00000, 0x0000000083f00000, 0x0000000084000000|  0%| F|  |TAMS 0x0000000083f00000, 0x0000000083f00000| Untracked 
|  28|0x0000000084000000, 0x0000000084000000, 0x0000000084100000|  0%| F|  |TAMS 0x0000000084000000, 0x0000000084000000| Untracked 
|  29|0x0000000084100000, 0x0000000084100000, 0x0000000084200000|  0%| F|  |TAMS 0x0000000084100000, 0x0000000084100000| Untracked 
|  30|0x0000000084200000, 0x0000000084200000, 0x0000000084300000|  0%| F|  |TAMS 0x0000000084200000, 0x0000000084200000| Untracked 
|  31|0x0000000084300000, 0x0000000084300000, 0x0000000084400000|  0%| F|  |TAMS 0x0000000084300000, 0x0000000084300000| Untracked 
|  32|0x0000000084400000, 0x0000000084400000, 0x0000000084500000|  0%| F|  |TAMS 0x0000000084400000, 0x0000000084400000| Untracked 
|  33|0x0000000084500000, 0x0000000084500000, 0x0000000084600000|  0%| F|  |TAMS 0x0000000084500000, 0x0000000084500000| Untracked 
|  34|0x0000000084600000, 0x0000000084600000, 0x0000000084700000|  0%| F|  |TAMS 0x0000000084600000, 0x0000000084600000| Untracked 
|  35|0x0000000084700000, 0x0000000084700000, 0x0000000084800000|  0%| F|  |TAMS 0x0000000084700000, 0x0000000084700000| Untracked 
|  36|0x0000000084800000, 0x0000000084800000, 0x0000000084900000|  0%| F|  |TAMS 0x0000000084800000, 0x0000000084800000| Untracked 
|  37|0x0000000084900000, 0x0000000084900000, 0x0000000084a00000|  0%| F|  |TAMS 0x0000000084900000, 0x0000000084900000| Untracked 
|  38|0x0000000084a00000, 0x0000000084a00000, 0x0000000084b00000|  0%| F|  |TAMS 0x0000000084a00000, 0x0000000084a00000| Untracked 
|  39|0x0000000084b00000, 0x0000000084b00000, 0x0000000084c00000|  0%| F|  |TAMS 0x0000000084b00000, 0x0000000084b00000| Untracked 
|  40|0x0000000084c00000, 0x0000000084c00000, 0x0000000084d00000|  0%| F|  |TAMS 0x0000000084c00000, 0x0000000084c00000| Untracked 
|  41|0x0000000084d00000, 0x0000000084d00000, 0x0000000084e00000|  0%| F|  |TAMS 0x0000000084d00000, 0x0000000084d00000| Untracked 
|  42|0x0000000084e00000, 0x0000000084e00000, 0x0000000084f00000|  0%| F|  |TAMS 0x0000000084e00000, 0x0000000084e00000| Untracked 
|  43|0x0000000084f00000, 0x0000000084f00000, 0x0000000085000000|  0%| F|  |TAMS 0x0000000084f00000, 0x0000000084f00000| Untracked 
|  44|0x0000000085000000, 0x0000000085000000, 0x0000000085100000|  0%| F|  |TAMS 0x0000000085000000, 0x0000000085000000| Untracked 
|  45|0x0000000085100000, 0x0000000085100000, 0x0000000085200000|  0%| F|  |TAMS 0x0000000085100000, 0x0000000085100000| Untracked 
|  46|0x0000000085200000, 0x0000000085200000, 0x0000000085300000|  0%| F|  |TAMS 0x0000000085200000, 0x0000000085200000| Untracked 
|  47|0x0000000085300000, 0x0000000085300000, 0x0000000085400000|  0%| F|  |TAMS 0x0000000085300000, 0x0000000085300000| Untracked 
|  48|0x0000000085400000, 0x0000000085400000, 0x0000000085500000|  0%| F|  |TAMS 0x0000000085400000, 0x0000000085400000| Untracked 
|  49|0x0000000085500000, 0x0000000085500000, 0x0000000085600000|  0%| F|  |TAMS 0x0000000085500000, 0x0000000085500000| Untracked 
|  50|0x0000000085600000, 0x0000000085600000, 0x0000000085700000|  0%| F|  |TAMS 0x0000000085600000, 0x0000000085600000| Untracked 
|  51|0x0000000085700000, 0x0000000085700000, 0x0000000085800000|  0%| F|  |TAMS 0x0000000085700000, 0x0000000085700000| Untracked 
|  52|0x0000000085800000, 0x0000000085800000, 0x0000000085900000|  0%| F|  |TAMS 0x0000000085800000, 0x0000000085800000| Untracked 
|  53|0x0000000085900000, 0x0000000085900000, 0x0000000085a00000|  0%| F|  |TAMS 0x0000000085900000, 0x0000000085900000| Untracked 
|  54|0x0000000085a00000, 0x0000000085a00000, 0x0000000085b00000|  0%| F|  |TAMS 0x0000000085a00000, 0x0000000085a00000| Untracked 
|  55|0x0000000085b00000, 0x0000000085b00000, 0x0000000085c00000|  0%| F|  |TAMS 0x0000000085b00000, 0x0000000085b00000| Untracked 
|  56|0x0000000085c00000, 0x0000000085c00000, 0x0000000085d00000|  0%| F|  |TAMS 0x0000000085c00000, 0x0000000085c00000| Untracked 
|  57|0x0000000085d00000, 0x0000000085d00000, 0x0000000085e00000|  0%| F|  |TAMS 0x0000000085d00000, 0x0000000085d00000| Untracked 
|  58|0x0000000085e00000, 0x0000000085e00000, 0x0000000085f00000|  0%| F|  |TAMS 0x0000000085e00000, 0x0000000085e00000| Untracked 
|  59|0x0000000085f00000, 0x0000000085f00000, 0x0000000086000000|  0%| F|  |TAMS 0x0000000085f00000, 0x0000000085f00000| Untracked 
|  60|0x0000000086000000, 0x0000000086000000, 0x0000000086100000|  0%| F|  |TAMS 0x0000000086000000, 0x0000000086000000| Untracked 
|  61|0x0000000086100000, 0x0000000086100000, 0x0000000086200000|  0%| F|  |TAMS 0x0000000086100000, 0x0000000086100000| Untracked 
|  62|0x0000000086200000, 0x0000000086200000, 0x0000000086300000|  0%| F|  |TAMS 0x0000000086200000, 0x0000000086200000| Untracked 
|  63|0x0000000086300000, 0x0000000086300000, 0x0000000086400000|  0%| F|  |TAMS 0x0000000086300000, 0x0000000086300000| Untracked 
|  64|0x0000000086400000, 0x0000000086400000, 0x0000000086500000|  0%| F|  |TAMS 0x0000000086400000, 0x0000000086400000| Untracked 
|  65|0x0000000086500000, 0x0000000086500000, 0x0000000086600000|  0%| F|  |TAMS 0x0000000086500000, 0x0000000086500000| Untracked 
|  66|0x0000000086600000, 0x00000000866a4988, 0x0000000086700000| 64%| S|CS|TAMS 0x0000000086600000, 0x0000000086600000| Complete 
|  67|0x0000000086700000, 0x0000000086800000, 0x0000000086800000|100%| S|CS|TAMS 0x0000000086700000, 0x0000000086700000| Complete 
|  68|0x0000000086800000, 0x0000000086900000, 0x0000000086900000|100%| S|CS|TAMS 0x0000000086800000, 0x0000000086800000| Complete 
|  69|0x0000000086900000, 0x0000000086a00000, 0x0000000086a00000|100%| S|CS|TAMS 0x0000000086900000, 0x0000000086900000| Complete 
|  70|0x0000000086a00000, 0x0000000086b00000, 0x0000000086b00000|100%| S|CS|TAMS 0x0000000086a00000, 0x0000000086a00000| Complete 
|  71|0x0000000086b00000, 0x0000000086c00000, 0x0000000086c00000|100%| S|CS|TAMS 0x0000000086b00000, 0x0000000086b00000| Complete 
|  72|0x0000000086c00000, 0x0000000086d00000, 0x0000000086d00000|100%| O|  |TAMS 0x0000000086c00000, 0x0000000086c00000| Untracked 
|  73|0x0000000086d00000, 0x0000000086e00000, 0x0000000086e00000|100%| O|  |TAMS 0x0000000086d00000, 0x0000000086d00000| Untracked 
|  74|0x0000000086e00000, 0x0000000086e00000, 0x0000000086f00000|  0%| F|  |TAMS 0x0000000086e00000, 0x0000000086e00000| Untracked 
|  75|0x0000000086f00000, 0x0000000086f00000, 0x0000000087000000|  0%| F|  |TAMS 0x0000000086f00000, 0x0000000086f00000| Untracked 
|  76|0x0000000087000000, 0x0000000087000000, 0x0000000087100000|  0%| F|  |TAMS 0x0000000087000000, 0x0000000087000000| Untracked 
|  77|0x0000000087100000, 0x0000000087100000, 0x0000000087200000|  0%| F|  |TAMS 0x0000000087100000, 0x0000000087100000| Untracked 
|  78|0x0000000087200000, 0x0000000087300000, 0x0000000087300000|100%| S|CS|TAMS 0x0000000087200000, 0x0000000087200000| Complete 
|  79|0x0000000087300000, 0x0000000087300000, 0x0000000087400000|  0%| F|  |TAMS 0x0000000087300000, 0x0000000087300000| Untracked 
|  80|0x0000000087400000, 0x0000000087400000, 0x0000000087500000|  0%| F|  |TAMS 0x0000000087400000, 0x0000000087400000| Untracked 
|  81|0x0000000087500000, 0x0000000087500000, 0x0000000087600000|  0%| F|  |TAMS 0x0000000087500000, 0x0000000087500000| Untracked 
|  82|0x0000000087600000, 0x0000000087600000, 0x0000000087700000|  0%| F|  |TAMS 0x0000000087600000, 0x0000000087600000| Untracked 
|  83|0x0000000087700000, 0x0000000087700000, 0x0000000087800000|  0%| F|  |TAMS 0x0000000087700000, 0x0000000087700000| Untracked 
|  84|0x0000000087800000, 0x0000000087800000, 0x0000000087900000|  0%| F|  |TAMS 0x0000000087800000, 0x0000000087800000| Untracked 
|  85|0x0000000087900000, 0x0000000087900000, 0x0000000087a00000|  0%| F|  |TAMS 0x0000000087900000, 0x0000000087900000| Untracked 
|  86|0x0000000087a00000, 0x0000000087a00000, 0x0000000087b00000|  0%| F|  |TAMS 0x0000000087a00000, 0x0000000087a00000| Untracked 
|  87|0x0000000087b00000, 0x0000000087b00000, 0x0000000087c00000|  0%| F|  |TAMS 0x0000000087b00000, 0x0000000087b00000| Untracked 
|  88|0x0000000087c00000, 0x0000000087c00000, 0x0000000087d00000|  0%| F|  |TAMS 0x0000000087c00000, 0x0000000087c00000| Untracked 
|  89|0x0000000087d00000, 0x0000000087d00000, 0x0000000087e00000|  0%| F|  |TAMS 0x0000000087d00000, 0x0000000087d00000| Untracked 
|  90|0x0000000087e00000, 0x0000000087e00000, 0x0000000087f00000|  0%| F|  |TAMS 0x0000000087e00000, 0x0000000087e00000| Untracked 
|  91|0x0000000087f00000, 0x0000000087f00000, 0x0000000088000000|  0%| F|  |TAMS 0x0000000087f00000, 0x0000000087f00000| Untracked 
|  92|0x0000000088000000, 0x0000000088000000, 0x0000000088100000|  0%| F|  |TAMS 0x0000000088000000, 0x0000000088000000| Untracked 
|  93|0x0000000088100000, 0x0000000088100000, 0x0000000088200000|  0%| F|  |TAMS 0x0000000088100000, 0x0000000088100000| Untracked 
|  94|0x0000000088200000, 0x0000000088200000, 0x0000000088300000|  0%| F|  |TAMS 0x0000000088200000, 0x0000000088200000| Untracked 
|  95|0x0000000088300000, 0x0000000088300000, 0x0000000088400000|  0%| F|  |TAMS 0x0000000088300000, 0x0000000088300000| Untracked 
|  96|0x0000000088400000, 0x0000000088400000, 0x0000000088500000|  0%| F|  |TAMS 0x0000000088400000, 0x0000000088400000| Untracked 
|  97|0x0000000088500000, 0x0000000088500000, 0x0000000088600000|  0%| F|  |TAMS 0x0000000088500000, 0x0000000088500000| Untracked 
|  98|0x0000000088600000, 0x0000000088600000, 0x0000000088700000|  0%| F|  |TAMS 0x0000000088600000, 0x0000000088600000| Untracked 
|  99|0x0000000088700000, 0x0000000088700000, 0x0000000088800000|  0%| F|  |TAMS 0x0000000088700000, 0x0000000088700000| Untracked 
| 100|0x0000000088800000, 0x0000000088800000, 0x0000000088900000|  0%| F|  |TAMS 0x0000000088800000, 0x0000000088800000| Untracked 
| 101|0x0000000088900000, 0x0000000088900000, 0x0000000088a00000|  0%| F|  |TAMS 0x0000000088900000, 0x0000000088900000| Untracked 
| 102|0x0000000088a00000, 0x0000000088a00000, 0x0000000088b00000|  0%| F|  |TAMS 0x0000000088a00000, 0x0000000088a00000| Untracked 
| 103|0x0000000088b00000, 0x0000000088b00000, 0x0000000088c00000|  0%| F|  |TAMS 0x0000000088b00000, 0x0000000088b00000| Untracked 
| 104|0x0000000088c00000, 0x0000000088c00000, 0x0000000088d00000|  0%| F|  |TAMS 0x0000000088c00000, 0x0000000088c00000| Untracked 
| 105|0x0000000088d00000, 0x0000000088d00000, 0x0000000088e00000|  0%| F|  |TAMS 0x0000000088d00000, 0x0000000088d00000| Untracked 
| 106|0x0000000088e00000, 0x0000000088e00000, 0x0000000088f00000|  0%| F|  |TAMS 0x0000000088e00000, 0x0000000088e00000| Untracked 
| 107|0x0000000088f00000, 0x0000000088f00000, 0x0000000089000000|  0%| F|  |TAMS 0x0000000088f00000, 0x0000000088f00000| Untracked 
| 108|0x0000000089000000, 0x0000000089000000, 0x0000000089100000|  0%| F|  |TAMS 0x0000000089000000, 0x0000000089000000| Untracked 
| 109|0x0000000089100000, 0x0000000089100000, 0x0000000089200000|  0%| F|  |TAMS 0x0000000089100000, 0x0000000089100000| Untracked 
| 110|0x0000000089200000, 0x0000000089200000, 0x0000000089300000|  0%| F|  |TAMS 0x0000000089200000, 0x0000000089200000| Untracked 
| 111|0x0000000089300000, 0x0000000089300000, 0x0000000089400000|  0%| F|  |TAMS 0x0000000089300000, 0x0000000089300000| Untracked 
| 112|0x0000000089400000, 0x0000000089400000, 0x0000000089500000|  0%| F|  |TAMS 0x0000000089400000, 0x0000000089400000| Untracked 
| 113|0x0000000089500000, 0x0000000089500000, 0x0000000089600000|  0%| F|  |TAMS 0x0000000089500000, 0x0000000089500000| Untracked 
| 114|0x0000000089600000, 0x0000000089600000, 0x0000000089700000|  0%| F|  |TAMS 0x0000000089600000, 0x0000000089600000| Untracked 
| 115|0x0000000089700000, 0x0000000089700000, 0x0000000089800000|  0%| F|  |TAMS 0x0000000089700000, 0x0000000089700000| Untracked 
| 116|0x0000000089800000, 0x0000000089800000, 0x0000000089900000|  0%| F|  |TAMS 0x0000000089800000, 0x0000000089800000| Untracked 
| 117|0x0000000089900000, 0x0000000089900000, 0x0000000089a00000|  0%| F|  |TAMS 0x0000000089900000, 0x0000000089900000| Untracked 
| 118|0x0000000089a00000, 0x0000000089a00000, 0x0000000089b00000|  0%| F|  |TAMS 0x0000000089a00000, 0x0000000089a00000| Untracked 
| 119|0x0000000089b00000, 0x0000000089b00000, 0x0000000089c00000|  0%| F|  |TAMS 0x0000000089b00000, 0x0000000089b00000| Untracked 
| 120|0x0000000089c00000, 0x0000000089c00000, 0x0000000089d00000|  0%| F|  |TAMS 0x0000000089c00000, 0x0000000089c00000| Untracked 
| 121|0x0000000089d00000, 0x0000000089d00000, 0x0000000089e00000|  0%| F|  |TAMS 0x0000000089d00000, 0x0000000089d00000| Untracked 
| 122|0x0000000089e00000, 0x0000000089e00000, 0x0000000089f00000|  0%| F|  |TAMS 0x0000000089e00000, 0x0000000089e00000| Untracked 
| 123|0x0000000089f00000, 0x0000000089f00000, 0x000000008a000000|  0%| F|  |TAMS 0x0000000089f00000, 0x0000000089f00000| Untracked 
| 124|0x000000008a000000, 0x000000008a000000, 0x000000008a100000|  0%| F|  |TAMS 0x000000008a000000, 0x000000008a000000| Untracked 
| 125|0x000000008a100000, 0x000000008a100000, 0x000000008a200000|  0%| F|  |TAMS 0x000000008a100000, 0x000000008a100000| Untracked 
| 126|0x000000008a200000, 0x000000008a200000, 0x000000008a300000|  0%| F|  |TAMS 0x000000008a200000, 0x000000008a200000| Untracked 
| 127|0x000000008a300000, 0x000000008a300000, 0x000000008a400000|  0%| F|  |TAMS 0x000000008a300000, 0x000000008a300000| Untracked 
| 128|0x000000008a400000, 0x000000008a400000, 0x000000008a500000|  0%| F|  |TAMS 0x000000008a400000, 0x000000008a400000| Untracked 
| 129|0x000000008a500000, 0x000000008a500000, 0x000000008a600000|  0%| F|  |TAMS 0x000000008a500000, 0x000000008a500000| Untracked 
| 130|0x000000008a600000, 0x000000008a600000, 0x000000008a700000|  0%| F|  |TAMS 0x000000008a600000, 0x000000008a600000| Untracked 
| 131|0x000000008a700000, 0x000000008a700000, 0x000000008a800000|  0%| F|  |TAMS 0x000000008a700000, 0x000000008a700000| Untracked 
| 132|0x000000008a800000, 0x000000008a800000, 0x000000008a900000|  0%| F|  |TAMS 0x000000008a800000, 0x000000008a800000| Untracked 
| 133|0x000000008a900000, 0x000000008a900000, 0x000000008aa00000|  0%| F|  |TAMS 0x000000008a900000, 0x000000008a900000| Untracked 
| 134|0x000000008aa00000, 0x000000008aa00000, 0x000000008ab00000|  0%| F|  |TAMS 0x000000008aa00000, 0x000000008aa00000| Untracked 
| 135|0x000000008ab00000, 0x000000008ab00000, 0x000000008ac00000|  0%| F|  |TAMS 0x000000008ab00000, 0x000000008ab00000| Untracked 
| 136|0x000000008ac00000, 0x000000008ac00000, 0x000000008ad00000|  0%| F|  |TAMS 0x000000008ac00000, 0x000000008ac00000| Untracked 
| 137|0x000000008ad00000, 0x000000008ae00000, 0x000000008ae00000|100%| E|  |TAMS 0x000000008ad00000, 0x000000008ad00000| Complete 
| 138|0x000000008ae00000, 0x000000008af00000, 0x000000008af00000|100%| E|CS|TAMS 0x000000008ae00000, 0x000000008ae00000| Complete 
| 139|0x000000008af00000, 0x000000008b000000, 0x000000008b000000|100%| E|CS|TAMS 0x000000008af00000, 0x000000008af00000| Complete 
| 140|0x000000008b000000, 0x000000008b100000, 0x000000008b100000|100%| E|CS|TAMS 0x000000008b000000, 0x000000008b000000| Complete 
| 141|0x000000008b100000, 0x000000008b200000, 0x000000008b200000|100%| E|CS|TAMS 0x000000008b100000, 0x000000008b100000| Complete 
| 142|0x000000008b200000, 0x000000008b300000, 0x000000008b300000|100%| E|CS|TAMS 0x000000008b200000, 0x000000008b200000| Complete 
| 143|0x000000008b300000, 0x000000008b400000, 0x000000008b400000|100%| E|CS|TAMS 0x000000008b300000, 0x000000008b300000| Complete 
| 144|0x000000008b400000, 0x000000008b500000, 0x000000008b500000|100%| E|CS|TAMS 0x000000008b400000, 0x000000008b400000| Complete 
| 145|0x000000008b500000, 0x000000008b600000, 0x000000008b600000|100%| E|CS|TAMS 0x000000008b500000, 0x000000008b500000| Complete 
| 146|0x000000008b600000, 0x000000008b700000, 0x000000008b700000|100%| E|CS|TAMS 0x000000008b600000, 0x000000008b600000| Complete 
| 147|0x000000008b700000, 0x000000008b800000, 0x000000008b800000|100%| E|CS|TAMS 0x000000008b700000, 0x000000008b700000| Complete 
| 148|0x000000008b800000, 0x000000008b900000, 0x000000008b900000|100%| E|CS|TAMS 0x000000008b800000, 0x000000008b800000| Complete 
| 149|0x000000008b900000, 0x000000008ba00000, 0x000000008ba00000|100%| E|CS|TAMS 0x000000008b900000, 0x000000008b900000| Complete 
| 150|0x000000008ba00000, 0x000000008bb00000, 0x000000008bb00000|100%| E|CS|TAMS 0x000000008ba00000, 0x000000008ba00000| Complete 
| 151|0x000000008bb00000, 0x000000008bc00000, 0x000000008bc00000|100%| E|CS|TAMS 0x000000008bb00000, 0x000000008bb00000| Complete 
| 152|0x000000008bc00000, 0x000000008bd00000, 0x000000008bd00000|100%| E|CS|TAMS 0x000000008bc00000, 0x000000008bc00000| Complete 
| 153|0x000000008bd00000, 0x000000008be00000, 0x000000008be00000|100%| E|CS|TAMS 0x000000008bd00000, 0x000000008bd00000| Complete 
| 154|0x000000008be00000, 0x000000008bf00000, 0x000000008bf00000|100%| E|CS|TAMS 0x000000008be00000, 0x000000008be00000| Complete 
| 155|0x000000008bf00000, 0x000000008c000000, 0x000000008c000000|100%| E|CS|TAMS 0x000000008bf00000, 0x000000008bf00000| Complete 
| 156|0x000000008c000000, 0x000000008c100000, 0x000000008c100000|100%| E|CS|TAMS 0x000000008c000000, 0x000000008c000000| Complete 
| 157|0x000000008c100000, 0x000000008c200000, 0x000000008c200000|100%| E|CS|TAMS 0x000000008c100000, 0x000000008c100000| Complete 
| 158|0x000000008c200000, 0x000000008c300000, 0x000000008c300000|100%| E|CS|TAMS 0x000000008c200000, 0x000000008c200000| Complete 
| 159|0x000000008c300000, 0x000000008c400000, 0x000000008c400000|100%| E|CS|TAMS 0x000000008c300000, 0x000000008c300000| Complete 
| 160|0x000000008c400000, 0x000000008c500000, 0x000000008c500000|100%| E|CS|TAMS 0x000000008c400000, 0x000000008c400000| Complete 
| 161|0x000000008c500000, 0x000000008c600000, 0x000000008c600000|100%| E|CS|TAMS 0x000000008c500000, 0x000000008c500000| Complete 
| 162|0x000000008c600000, 0x000000008c700000, 0x000000008c700000|100%| E|CS|TAMS 0x000000008c600000, 0x000000008c600000| Complete 
| 163|0x000000008c700000, 0x000000008c800000, 0x000000008c800000|100%| E|CS|TAMS 0x000000008c700000, 0x000000008c700000| Complete 
| 164|0x000000008c800000, 0x000000008c900000, 0x000000008c900000|100%| E|CS|TAMS 0x000000008c800000, 0x000000008c800000| Complete 
| 165|0x000000008c900000, 0x000000008ca00000, 0x000000008ca00000|100%| E|CS|TAMS 0x000000008c900000, 0x000000008c900000| Complete 
| 166|0x000000008ca00000, 0x000000008cb00000, 0x000000008cb00000|100%| E|CS|TAMS 0x000000008ca00000, 0x000000008ca00000| Complete 
| 167|0x000000008cb00000, 0x000000008cc00000, 0x000000008cc00000|100%| E|CS|TAMS 0x000000008cb00000, 0x000000008cb00000| Complete 
| 168|0x000000008cc00000, 0x000000008cd00000, 0x000000008cd00000|100%| E|CS|TAMS 0x000000008cc00000, 0x000000008cc00000| Complete 
| 169|0x000000008cd00000, 0x000000008ce00000, 0x000000008ce00000|100%| E|CS|TAMS 0x000000008cd00000, 0x000000008cd00000| Complete 
| 170|0x000000008ce00000, 0x000000008cf00000, 0x000000008cf00000|100%| E|CS|TAMS 0x000000008ce00000, 0x000000008ce00000| Complete 
| 171|0x000000008cf00000, 0x000000008d000000, 0x000000008d000000|100%| E|CS|TAMS 0x000000008cf00000, 0x000000008cf00000| Complete 
| 172|0x000000008d000000, 0x000000008d100000, 0x000000008d100000|100%| E|CS|TAMS 0x000000008d000000, 0x000000008d000000| Complete 
| 173|0x000000008d100000, 0x000000008d200000, 0x000000008d200000|100%| E|CS|TAMS 0x000000008d100000, 0x000000008d100000| Complete 
| 174|0x000000008d200000, 0x000000008d300000, 0x000000008d300000|100%| E|CS|TAMS 0x000000008d200000, 0x000000008d200000| Complete 
| 175|0x000000008d300000, 0x000000008d400000, 0x000000008d400000|100%| E|CS|TAMS 0x000000008d300000, 0x000000008d300000| Complete 
| 176|0x000000008d400000, 0x000000008d500000, 0x000000008d500000|100%| E|CS|TAMS 0x000000008d400000, 0x000000008d400000| Complete 
| 177|0x000000008d500000, 0x000000008d600000, 0x000000008d600000|100%| E|CS|TAMS 0x000000008d500000, 0x000000008d500000| Complete 
| 178|0x000000008d600000, 0x000000008d700000, 0x000000008d700000|100%| E|CS|TAMS 0x000000008d600000, 0x000000008d600000| Complete 
| 179|0x000000008d700000, 0x000000008d800000, 0x000000008d800000|100%| E|CS|TAMS 0x000000008d700000, 0x000000008d700000| Complete 
| 180|0x000000008d800000, 0x000000008d900000, 0x000000008d900000|100%| E|CS|TAMS 0x000000008d800000, 0x000000008d800000| Complete 
| 181|0x000000008d900000, 0x000000008da00000, 0x000000008da00000|100%| E|CS|TAMS 0x000000008d900000, 0x000000008d900000| Complete 
| 182|0x000000008da00000, 0x000000008db00000, 0x000000008db00000|100%| E|CS|TAMS 0x000000008da00000, 0x000000008da00000| Complete 
| 183|0x000000008db00000, 0x000000008dc00000, 0x000000008dc00000|100%| O|  |TAMS 0x000000008db00000, 0x000000008db00000| Untracked 
| 184|0x000000008dc00000, 0x000000008dd00000, 0x000000008dd00000|100%| E|CS|TAMS 0x000000008dc00000, 0x000000008dc00000| Complete 
| 185|0x000000008dd00000, 0x000000008de00000, 0x000000008de00000|100%| E|CS|TAMS 0x000000008dd00000, 0x000000008dd00000| Complete 
| 186|0x000000008de00000, 0x000000008df00000, 0x000000008df00000|100%| O|  |TAMS 0x000000008de00000, 0x000000008de00000| Untracked 
| 187|0x000000008df00000, 0x000000008e000000, 0x000000008e000000|100%| E|CS|TAMS 0x000000008df00000, 0x000000008df00000| Complete 
| 188|0x000000008e000000, 0x000000008e100000, 0x000000008e100000|100%| E|CS|TAMS 0x000000008e000000, 0x000000008e000000| Complete 
| 189|0x000000008e100000, 0x000000008e200000, 0x000000008e200000|100%| E|CS|TAMS 0x000000008e100000, 0x000000008e100000| Complete 
| 190|0x000000008e200000, 0x000000008e300000, 0x000000008e300000|100%| E|CS|TAMS 0x000000008e200000, 0x000000008e200000| Complete 
| 191|0x000000008e300000, 0x000000008e3e0000, 0x000000008e400000| 87%| O|  |TAMS 0x000000008e300000, 0x000000008e300000| Untracked 
| 192|0x000000008e400000, 0x000000008e500000, 0x000000008e500000|100%| E|CS|TAMS 0x000000008e400000, 0x000000008e400000| Complete 

Card table byte_map: [0x0000021c50990000,0x0000021c50d80000] _byte_map_base: 0x0000021c5057e000

Marking Bits (Prev, Next): (CMBitMap*) 0x0000021c37ce6f50, (CMBitMap*) 0x0000021c37ce6f18
 Prev Bits: [0x0000021c530e0000, 0x0000021c55050000)
 Next Bits: [0x0000021c51170000, 0x0000021c530e0000)

Polling page: 0x0000021c37d70000

Metaspace:

Usage:
  Non-class:     67.33 MB capacity,    66.41 MB ( 99%) used,   742.04 KB (  1%) free+waste,   198.94 KB ( <1%) overhead. 
      Class:      9.96 MB capacity,     9.39 MB ( 94%) used,   497.46 KB (  5%) free+waste,    91.38 KB ( <1%) overhead. 
       Both:     77.29 MB capacity,    75.80 MB ( 98%) used,     1.21 MB (  2%) free+waste,   290.31 KB ( <1%) overhead. 

Virtual space:
  Non-class space:       68.00 MB reserved,      67.45 MB (>99%) committed 
      Class space:        1.00 GB reserved,      10.00 MB ( <1%) committed 
             Both:        1.07 GB reserved,      77.45 MB (  7%) committed 

Chunk freelists:
   Non-Class:  256 bytes
       Class:  0 bytes
        Both:  256 bytes

CodeHeap 'non-profiled nmethods': size=120000Kb used=6522Kb max_used=6522Kb free=113477Kb
 bounds [0x0000021c48610000, 0x0000021c48c70000, 0x0000021c4fb40000]
CodeHeap 'profiled nmethods': size=120000Kb used=20176Kb max_used=20176Kb free=99823Kb
 bounds [0x0000021c410e0000, 0x0000021c424a0000, 0x0000021c48610000]
CodeHeap 'non-nmethods': size=5760Kb used=1254Kb max_used=1299Kb free=4505Kb
 bounds [0x0000021c40b40000, 0x0000021c40db0000, 0x0000021c410e0000]
 total_blobs=9707 nmethods=9067 adapters=550
 compilation: enabled
              stopped_count=0, restarted_count=0
 full_count=0

Compilation events (10 events):
Event: 1801.278 Thread 0x0000021c583ff800 nmethod 9146 0x0000021c48c6de10 code [0x0000021c48c6dfa0, 0x0000021c48c6e178]
Event: 1804.297 Thread 0x0000021c583ff800 9149       4       java.util.stream.AbstractPipeline::wrapSink (37 bytes)
Event: 1804.298 Thread 0x0000021c583ff800 nmethod 9149 0x0000021c48c6e290 code [0x0000021c48c6e420, 0x0000021c48c6e4f8]
Event: 1804.298 Thread 0x0000021c583ff800 9148       4       java.util.Spliterator::getExactSizeIfKnown (25 bytes)
Event: 1804.298 Thread 0x0000021c583ff800 nmethod 9148 0x0000021c48c6e610 code [0x0000021c48c6e7a0, 0x0000021c48c6e858]
Event: 1804.303 Thread 0x0000021c583e9000 9150       3       sun.security.ssl.Record::getInt8 (14 bytes)
Event: 1804.303 Thread 0x0000021c583e9000 nmethod 9150 0x0000021c42493790 code [0x0000021c42493960, 0x0000021c42493d18]
Event: 1804.303 Thread 0x0000021c583e9000 9151       3       java.util.HashMap::getOrDefault (23 bytes)
Event: 1804.304 Thread 0x0000021c583e9000 nmethod 9151 0x0000021c42493e90 code [0x0000021c42494060, 0x0000021c42494398]
Event: 1804.305 Thread 0x0000021c583ff800 9152   !   4       sun.security.ssl.SSLSocketImpl$AppInputStream::read (645 bytes)

GC Heap History (10 events):
Event: 6.751 GC heap before
{Heap before GC invocations=12 (full 0):
 garbage-first heap   total 187392K, used 112473K [0x0000000082400000, 0x0000000100000000)
  region size 1024K, 85 young (87040K), 4 survivors (4096K)
 Metaspace       used 63979K, capacity 65209K, committed 65360K, reserved 1105920K
  class space    used 8040K, capacity 8504K, committed 8576K, reserved 1048576K
}
Event: 6.757 GC heap after
{Heap after GC invocations=13 (full 0):
 garbage-first heap   total 187392K, used 32005K [0x0000000082400000, 0x0000000100000000)
  region size 1024K, 6 young (6144K), 6 survivors (6144K)
 Metaspace       used 63979K, capacity 65209K, committed 65360K, reserved 1105920K
  class space    used 8040K, capacity 8504K, committed 8576K, reserved 1048576K
}
Event: 71.646 GC heap before
{Heap before GC invocations=13 (full 0):
 garbage-first heap   total 187392K, used 128261K [0x0000000082400000, 0x0000000100000000)
  region size 1024K, 100 young (102400K), 6 survivors (6144K)
 Metaspace       used 69261K, capacity 70748K, committed 70992K, reserved 1112064K
  class space    used 8718K, capacity 9275K, committed 9344K, reserved 1048576K
}
Event: 71.661 GC heap after
{Heap after GC invocations=14 (full 0):
 garbage-first heap   total 187392K, used 35939K [0x0000000082400000, 0x0000000100000000)
  region size 1024K, 10 young (10240K), 10 survivors (10240K)
 Metaspace       used 69261K, capacity 70748K, committed 70992K, reserved 1112064K
  class space    used 8718K, capacity 9275K, committed 9344K, reserved 1048576K
}
Event: 350.499 GC heap before
{Heap before GC invocations=14 (full 0):
 garbage-first heap   total 187392K, used 179299K [0x0000000082400000, 0x0000000100000000)
  region size 1024K, 105 young (107520K), 10 survivors (10240K)
 Metaspace       used 76916K, capacity 78454K, committed 78800K, reserved 1118208K
  class space    used 9561K, capacity 10133K, committed 10240K, reserved 1048576K
}
Event: 350.550 GC heap after
{Heap after GC invocations=15 (full 0):
 garbage-first heap   total 193536K, used 37772K [0x0000000082400000, 0x0000000100000000)
  region size 1024K, 9 young (9216K), 9 survivors (9216K)
 Metaspace       used 76916K, capacity 78454K, committed 78800K, reserved 1118208K
  class space    used 9561K, capacity 10133K, committed 10240K, reserved 1048576K
}
Event: 912.881 GC heap before
{Heap before GC invocations=15 (full 0):
 garbage-first heap   total 193536K, used 186252K [0x0000000082400000, 0x0000000100000000)
  region size 1024K, 109 young (111616K), 9 survivors (9216K)
 Metaspace       used 77496K, capacity 79043K, committed 79312K, reserved 1118208K
  class space    used 9604K, capacity 10193K, committed 10240K, reserved 1048576K
}
Event: 912.892 GC heap after
{Heap after GC invocations=16 (full 0):
 garbage-first heap   total 197632K, used 38561K [0x0000000082400000, 0x0000000100000000)
  region size 1024K, 7 young (7168K), 7 survivors (7168K)
 Metaspace       used 77496K, capacity 79043K, committed 79312K, reserved 1118208K
  class space    used 9604K, capacity 10193K, committed 10240K, reserved 1048576K
}
Event: 1693.089 GC heap before
{Heap before GC invocations=16 (full 0):
 garbage-first heap   total 197632K, used 149153K [0x0000000082400000, 0x0000000100000000)
  region size 1024K, 115 young (117760K), 7 survivors (7168K)
 Metaspace       used 77500K, capacity 79043K, committed 79312K, reserved 1118208K
  class space    used 9604K, capacity 10193K, committed 10240K, reserved 1048576K
}
Event: 1693.095 GC heap after
{Heap after GC invocations=17 (full 0):
 garbage-first heap   total 197632K, used 38418K [0x0000000082400000, 0x0000000100000000)
  region size 1024K, 7 young (7168K), 7 survivors (7168K)
 Metaspace       used 77500K, capacity 79043K, committed 79312K, reserved 1118208K
  class space    used 9604K, capacity 10193K, committed 10240K, reserved 1048576K
}

Deoptimization events (10 events):
Event: 350.484 Thread 0x0000021c5eff0800 Uncommon trap: reason=profile_predicate action=maybe_recompile pc=0x0000021c48bbfa68 method=org.springframework.web.util.UrlPathHelper.getRemainingPath(Ljava/lang/String;Ljava/lang/String;Z)Ljava/lang/String; @ 12 c2
Event: 350.485 Thread 0x0000021c5eff0800 Uncommon trap: reason=profile_predicate action=maybe_recompile pc=0x0000021c48bbfa68 method=org.springframework.web.util.UrlPathHelper.getRemainingPath(Ljava/lang/String;Ljava/lang/String;Z)Ljava/lang/String; @ 12 c2
Event: 350.485 Thread 0x0000021c5eff0800 Uncommon trap: reason=profile_predicate action=maybe_recompile pc=0x0000021c48bbfa68 method=org.springframework.web.util.UrlPathHelper.getRemainingPath(Ljava/lang/String;Ljava/lang/String;Z)Ljava/lang/String; @ 12 c2
Event: 350.671 Thread 0x0000021c5f1dd800 Uncommon trap: reason=unstable_if action=reinterpret pc=0x0000021c486303c8 method=java.lang.String.equals(Ljava/lang/Object;)Z @ 34 c2
Event: 363.729 Thread 0x0000021c5f1dc800 Uncommon trap: reason=intrinsic_or_type_checked_inlining action=make_not_entrant pc=0x0000021c48bd3ef4 method=java.util.ArrayList$SubList.toArray([Ljava/lang/Object;)[Ljava/lang/Object; @ 58 c2
Event: 424.353 Thread 0x0000021c5f1dd800 Uncommon trap: reason=unstable_if action=reinterpret pc=0x0000021c48b0e3e4 method=java.util.concurrent.locks.ReentrantLock$Sync.nonfairTryAcquire(I)Z @ 19 c2
Event: 1791.601 Thread 0x0000021c5f1e0000 Uncommon trap: reason=bimorphic_or_optimized_type_check action=maybe_recompile pc=0x0000021c48c6782c method=sun.security.provider.DigestBase.engineUpdate([BII)V @ 128 c2
Event: 1791.601 Thread 0x0000021c5f1e0000 Uncommon trap: reason=bimorphic_or_optimized_type_check action=maybe_recompile pc=0x0000021c48c6782c method=sun.security.provider.DigestBase.engineUpdate([BII)V @ 128 c2
Event: 1791.602 Thread 0x0000021c5f1e0000 Uncommon trap: reason=bimorphic_or_optimized_type_check action=maybe_recompile pc=0x0000021c48c6782c method=sun.security.provider.DigestBase.engineUpdate([BII)V @ 128 c2
Event: 1791.602 Thread 0x0000021c5f1e0000 Uncommon trap: reason=bimorphic_or_optimized_type_check action=maybe_recompile pc=0x0000021c48c6782c method=sun.security.provider.DigestBase.engineUpdate([BII)V @ 128 c2

Classes redefined (0 events):
No events

Internal exceptions (10 events):
Event: 7.735 Thread 0x0000021c596c4800 Exception <a 'java/lang/NoSuchMethodError'{0x0000000088c79918}: java.lang.invoke.DirectMethodHandle$Holder.newInvokeSpecial(Ljava/lang/Object;I)Ljava/lang/Object;> (0x0000000088c79918) thrown at [./open/src/hotspot/share/interpreter/linkResolver.cpp, line
Event: 223.081 Thread 0x0000021c5c76a800 Exception <a 'java/lang/NoSuchMethodError'{0x000000008be51868}: java.lang.invoke.DirectMethodHandle$Holder.invokeStaticInit(Ljava/lang/Object;ILjava/lang/Object;)V> (0x000000008be51868) thrown at [./open/src/hotspot/share/interpreter/linkResolver.cpp, lin
Event: 223.226 Thread 0x0000021c5c76a800 Implicit null exception at 0x0000021c48635fd7 to 0x0000021c486364d0
Event: 246.687 Thread 0x0000021c5efef800 Implicit null exception at 0x0000021c4863c254 to 0x0000021c4863c788
Event: 248.484 Thread 0x0000021c5eff0800 Exception <a 'java/lang/NoSuchMethodError'{0x000000008970df80}: java.lang.invoke.Invokers$Holder.linkToTargetMethod(Ljava/lang/Object;Ljava/lang/Object;Ljava/lang/Object;Ljava/lang/Object;Ljava/lang/Object;Ljava/lang/Object;Ljava/lang/Object;)Ljava/lang/O
Event: 248.527 Thread 0x0000021c5eff0800 Exception <a 'java/lang/ClassNotFoundException'{0x0000000089649ed0}: java/lang/ObjectCustomizer> (0x0000000089649ed0) thrown at [./open/src/hotspot/share/classfile/systemDictionary.cpp, line 226]
Event: 248.531 Thread 0x0000021c5eff0800 Exception <a 'java/lang/ClassNotFoundException'{0x000000008965b6c0}: com/rays/common/BaseFormCustomizer> (0x000000008965b6c0) thrown at [./open/src/hotspot/share/classfile/systemDictionary.cpp, line 226]
Event: 248.534 Thread 0x0000021c5eff0800 Exception <a 'java/lang/ClassNotFoundException'{0x000000008966cda0}: com/rays/form/GameFormCustomizer> (0x000000008966cda0) thrown at [./open/src/hotspot/share/classfile/systemDictionary.cpp, line 226]
Event: 1764.571 Thread 0x0000021c5f1e1000 Exception <a 'java/net/SocketException'{0x000000008d7834e0}: Software caused connection abort: socket write error> (0x000000008d7834e0) thrown at [./open/src/hotspot/share/prims/jni.cpp, line 632]
Event: 1764.572 Thread 0x0000021c5f1e1000 Exception <a 'java/net/SocketException'{0x000000008d783b88}: Software caused connection abort: recv failed> (0x000000008d783b88) thrown at [./open/src/hotspot/share/prims/jni.cpp, line 632]

Events (10 events):
Event: 1804.295 Executing VM operation: RevokeBias
Event: 1804.295 Executing VM operation: RevokeBias done
Event: 1804.295 Executing VM operation: RevokeBias
Event: 1804.295 Executing VM operation: RevokeBias done
Event: 1804.295 Executing VM operation: RevokeBias
Event: 1804.295 Executing VM operation: RevokeBias done
Event: 1804.296 Executing VM operation: RevokeBias
Event: 1804.296 Executing VM operation: RevokeBias done
Event: 1804.296 Executing VM operation: RevokeBias
Event: 1804.296 Executing VM operation: RevokeBias done


Dynamic libraries:
0x00007ff6bcc10000 - 0x00007ff6bcc1f000 	C:\Program Files\Java\jdk-11.0.15.1\bin\javaw.exe
0x00007ffd9baa0000 - 0x00007ffd9bd07000 	C:\WINDOWS\SYSTEM32\ntdll.dll
0x00007ffd9a520000 - 0x00007ffd9a5e9000 	C:\WINDOWS\System32\KERNEL32.DLL
0x00007ffd98750000 - 0x00007ffd98b44000 	C:\WINDOWS\System32\KERNELBASE.dll
0x00007ffd98b50000 - 0x00007ffd98c9b000 	C:\WINDOWS\System32\ucrtbase.dll
0x00007ffd93110000 - 0x00007ffd93125000 	C:\Program Files\Java\jdk-11.0.15.1\bin\VCRUNTIME140.dll
0x00007ffd93130000 - 0x00007ffd93148000 	C:\Program Files\Java\jdk-11.0.15.1\bin\jli.dll
0x00007ffd9b960000 - 0x00007ffd9ba16000 	C:\WINDOWS\System32\ADVAPI32.dll
0x00007ffd9aa10000 - 0x00007ffd9aab9000 	C:\WINDOWS\System32\msvcrt.dll
0x00007ffd9b600000 - 0x00007ffd9b6a7000 	C:\WINDOWS\System32\sechost.dll
0x00007ffd9b6b0000 - 0x00007ffd9b7c8000 	C:\WINDOWS\System32\RPCRT4.dll
0x00007ffd9a600000 - 0x00007ffd9a7c5000 	C:\WINDOWS\System32\USER32.dll
0x00007ffd99750000 - 0x00007ffd99777000 	C:\WINDOWS\System32\win32u.dll
0x00007ffd846a0000 - 0x00007ffd84933000 	C:\WINDOWS\WinSxS\amd64_microsoft.windows.common-controls_6595b64144ccf1df_6.0.26100.8115_none_3e075c82e3354f9c\COMCTL32.dll
0x00007ffd99c50000 - 0x00007ffd99c7b000 	C:\WINDOWS\System32\GDI32.dll
0x00007ffd98620000 - 0x00007ffd9874a000 	C:\WINDOWS\System32\gdi32full.dll
0x00007ffd99780000 - 0x00007ffd99823000 	C:\WINDOWS\System32\msvcp_win.dll
0x00007ffd91f30000 - 0x00007ffd91f3b000 	C:\WINDOWS\SYSTEM32\VERSION.dll
0x00007ffd9ba20000 - 0x00007ffd9ba52000 	C:\WINDOWS\System32\IMM32.DLL
0x00007ffd93070000 - 0x00007ffd9310b000 	C:\Program Files\Java\jdk-11.0.15.1\bin\msvcp140.dll
0x00007ffced530000 - 0x00007ffcee046000 	C:\Program Files\Java\jdk-11.0.15.1\bin\server\jvm.dll
0x00007ffd9a5f0000 - 0x00007ffd9a5f8000 	C:\WINDOWS\System32\PSAPI.DLL
0x00007ffd7ce40000 - 0x00007ffd7ce4a000 	C:\WINDOWS\SYSTEM32\WSOCK32.dll
0x00007ffd8a150000 - 0x00007ffd8a186000 	C:\WINDOWS\SYSTEM32\WINMM.dll
0x00007ffd9b8d0000 - 0x00007ffd9b950000 	C:\WINDOWS\System32\WS2_32.dll
0x00007ffd970c0000 - 0x00007ffd970db000 	C:\WINDOWS\SYSTEM32\kernel.appcore.dll
0x00007ffd87730000 - 0x00007ffd87740000 	C:\Program Files\Java\jdk-11.0.15.1\bin\verify.dll
0x00007ffd96280000 - 0x00007ffd964c2000 	C:\WINDOWS\SYSTEM32\DBGHELP.DLL
0x00007ffd99830000 - 0x00007ffd99bb2000 	C:\WINDOWS\System32\combase.dll
0x00007ffd9a440000 - 0x00007ffd9a517000 	C:\WINDOWS\System32\OLEAUT32.dll
0x00007ffd83130000 - 0x00007ffd8316b000 	C:\WINDOWS\SYSTEM32\dbgcore.DLL
0x00007ffd98400000 - 0x00007ffd984a5000 	C:\WINDOWS\System32\bcryptPrimitives.dll
0x00007ffd87680000 - 0x00007ffd876a8000 	C:\Program Files\Java\jdk-11.0.15.1\bin\java.dll
0x00007ffd87720000 - 0x00007ffd8772a000 	C:\Program Files\Java\jdk-11.0.15.1\bin\jimage.dll
0x00007ffd75690000 - 0x00007ffd756a6000 	C:\Program Files\Java\jdk-11.0.15.1\bin\zip.dll
0x00007ffd9ab80000 - 0x00007ffd9b2e6000 	C:\WINDOWS\System32\SHELL32.dll
0x00007ffd984b0000 - 0x00007ffd9861a000 	C:\WINDOWS\System32\wintypes.dll
0x00007ffd98ee0000 - 0x00007ffd99745000 	C:\WINDOWS\System32\windows.storage.dll
0x00007ffd9b7d0000 - 0x00007ffd9b8c7000 	C:\WINDOWS\System32\SHCORE.dll
0x00007ffd9b490000 - 0x00007ffd9b4f6000 	C:\WINDOWS\System32\shlwapi.dll
0x00007ffd98290000 - 0x00007ffd982b9000 	C:\WINDOWS\SYSTEM32\profapi.dll
0x00007ffd75670000 - 0x00007ffd75689000 	C:\Program Files\Java\jdk-11.0.15.1\bin\net.dll
0x00007ffd911d0000 - 0x00007ffd912fd000 	C:\WINDOWS\SYSTEM32\WINHTTP.dll
0x00007ffd97610000 - 0x00007ffd9767c000 	C:\WINDOWS\system32\mswsock.dll
0x00007ffd75650000 - 0x00007ffd75662000 	C:\Program Files\Java\jdk-11.0.15.1\bin\nio.dll
0x00007ffd93060000 - 0x00007ffd93069000 	C:\Program Files\Java\jdk-11.0.15.1\bin\management.dll
0x00007ffd93050000 - 0x00007ffd9305b000 	C:\Program Files\Java\jdk-11.0.15.1\bin\management_ext.dll
0x00007ffd7aef0000 - 0x00007ffd7af08000 	C:\WINDOWS\system32\napinsp.dll
0x00007ffd96b30000 - 0x00007ffd96c62000 	C:\WINDOWS\SYSTEM32\DNSAPI.dll
0x00007ffd969c0000 - 0x00007ffd969f2000 	C:\WINDOWS\SYSTEM32\IPHLPAPI.DLL
0x00007ffd9b2f0000 - 0x00007ffd9b2fa000 	C:\WINDOWS\System32\NSI.dll
0x00007ffd7aed0000 - 0x00007ffd7aee3000 	C:\WINDOWS\System32\winrnr.dll
0x00007ffd7adc0000 - 0x00007ffd7ade2000 	C:\WINDOWS\system32\nlansp_c.dll
0x00007ffd7a950000 - 0x00007ffd7a966000 	C:\WINDOWS\system32\wshbth.dll
0x00007ffd8a030000 - 0x00007ffd8a03b000 	C:\Windows\System32\rasadhlp.dll
0x00007ffd8fa30000 - 0x00007ffd8fab6000 	C:\WINDOWS\System32\fwpuclnt.dll
0x00007ffd97990000 - 0x00007ffd979ab000 	C:\WINDOWS\SYSTEM32\CRYPTSP.dll
0x00007ffd97020000 - 0x00007ffd97059000 	C:\WINDOWS\system32\rsaenh.dll
0x00007ffd976c0000 - 0x00007ffd976f3000 	C:\WINDOWS\SYSTEM32\USERENV.dll
0x00007ffd98260000 - 0x00007ffd9828a000 	C:\WINDOWS\SYSTEM32\bcrypt.dll
0x00007ffd97870000 - 0x00007ffd9787c000 	C:\WINDOWS\SYSTEM32\CRYPTBASE.dll
0x00007ffd91e90000 - 0x00007ffd91ead000 	C:\WINDOWS\SYSTEM32\dhcpcsvc6.DLL
0x00007ffd91e60000 - 0x00007ffd91e85000 	C:\WINDOWS\SYSTEM32\dhcpcsvc.DLL
0x00007ffd94f80000 - 0x00007ffd94f8d000 	C:\Program Files\Java\jdk-11.0.15.1\bin\sunmscapi.dll
0x00007ffd98ca0000 - 0x00007ffd98e17000 	C:\WINDOWS\System32\CRYPT32.dll
0x00007ffd97af0000 - 0x00007ffd97b20000 	C:\WINDOWS\SYSTEM32\ncrypt.dll
0x00007ffd97aa0000 - 0x00007ffd97adf000 	C:\WINDOWS\SYSTEM32\NTASN1.dll
0x00007ffd77da0000 - 0x00007ffd77dc5000 	C:\Program Files\Java\jdk-11.0.15.1\bin\sunec.dll

dbghelp: loaded successfully - version: 4.0.5 - missing functions: none
symbol engine: initialized successfully - sym options: 0x614 - pdb path: .;C:\Program Files\Java\jdk-11.0.15.1\bin;C:\WINDOWS\SYSTEM32;C:\WINDOWS\WinSxS\amd64_microsoft.windows.common-controls_6595b64144ccf1df_6.0.26100.8115_none_3e075c82e3354f9c;C:\Program Files\Java\jdk-11.0.15.1\bin\server

VM Arguments:
jvm_args: -Dfile.encoding=UTF-8 
java_command: com.rays.ORSProject10Application
java_class_path (initial): C:\project-10-Jwt\ORSProject-10 JWT\target\classes;C:\Users\DELL\.m2\repository\org\springframework\boot\spring-boot-devtools\2.1.2.RELEASE\spring-boot-devtools-2.1.2.RELEASE.jar;C:\Users\DELL\.m2\repository\org\springframework\boot\spring-boot\2.1.2.RELEASE\spring-boot-2.1.2.RELEASE.jar;C:\Users\DELL\.m2\repository\org\springframework\spring-core\5.1.4.RELEASE\spring-core-5.1.4.RELEASE.jar;C:\Users\DELL\.m2\repository\org\springframework\spring-jcl\5.1.4.RELEASE\spring-jcl-5.1.4.RELEASE.jar;C:\Users\DELL\.m2\repository\org\springframework\spring-context\5.1.4.RELEASE\spring-context-5.1.4.RELEASE.jar;C:\Users\DELL\.m2\repository\org\springframework\boot\spring-boot-autoconfigure\2.1.2.RELEASE\spring-boot-autoconfigure-2.1.2.RELEASE.jar;C:\Users\DELL\.m2\repository\org\springframework\boot\spring-boot-starter-web\2.1.2.RELEASE\spring-boot-starter-web-2.1.2.RELEASE.jar;C:\Users\DELL\.m2\repository\org\springframework\boot\spring-boot-starter\2.1.2.RELEASE\spring-boot-starter-2.1.2.RELEASE.jar;C:\Users\DELL\.m2\repository\org\springframework\boot\spring-boot-starter-logging\2.1.2.RELEASE\spring-boot-starter-logging-2.1.2.RELEASE.jar;C:\Users\DELL\.m2\repository\ch\qos\logback\logback-classic\1.2.3\logback-classic-1.2.3.jar;C:\Users\DELL\.m2\repository\ch\qos\logback\logback-core\1.2.3\logback-core-1.2.3.jar;C:\Users\DELL\.m2\repository\org\apache\logging\log4j\log4j-to-slf4j\2.11.1\log4j-to-slf4j-2.11.1.jar;C:\Users\DELL\.m2\repository\org\apache\logging\log4j\log4j-api\2.11.1\log4j-api-2.11.1.jar;C:\Users\DELL\.m2\repository\org\slf4j\jul-to-slf4j\1.7.25\jul-to-slf4j-1.7.25.jar;C:\Users\DELL\.m2\repository\javax\annotation\javax.annotation-api\1.3.2\javax.annotation-api-1.3.2.jar;C:\Users\DELL\.m2\repository\org\yaml\snakeyaml\1.23\snakeyaml-1.23.jar;C:\Users\DELL\.m2\repository\org\springframework\boot\spring-boot-starter-json\2.1.2.RELEASE\spring-boot-starter-json-2.1.2.RELEASE.jar;C:\Users\DELL\.m2\repository\com\fasterxml\jackson\datat
Launcher Type: SUN_STANDARD

[Global flags]
     intx CICompilerCount                          = 4                                         {product} {ergonomic}
     uint ConcGCThreads                            = 2                                         {product} {ergonomic}
     uint G1ConcRefinementThreads                  = 8                                         {product} {ergonomic}
   size_t G1HeapRegionSize                         = 1048576                                   {product} {ergonomic}
    uintx GCDrainStackTargetSize                   = 64                                        {product} {ergonomic}
   size_t InitialHeapSize                          = 132120576                                 {product} {ergonomic}
   size_t MarkStackSize                            = 4194304                                   {product} {ergonomic}
   size_t MaxHeapSize                              = 2109734912                                {product} {ergonomic}
   size_t MaxNewSize                               = 1265631232                                {product} {ergonomic}
   size_t MinHeapDeltaBytes                        = 1048576                                   {product} {ergonomic}
    uintx NonNMethodCodeHeapSize                   = 5836300                                {pd product} {ergonomic}
    uintx NonProfiledCodeHeapSize                  = 122910970                              {pd product} {ergonomic}
    uintx ProfiledCodeHeapSize                     = 122910970                              {pd product} {ergonomic}
    uintx ReservedCodeCacheSize                    = 251658240                              {pd product} {ergonomic}
     bool SegmentedCodeCache                       = true                                      {product} {ergonomic}
     bool UseCompressedClassPointers               = true                                 {lp64_product} {ergonomic}
     bool UseCompressedOops                        = true                                 {lp64_product} {ergonomic}
     bool UseG1GC                                  = true                                      {product} {ergonomic}
     bool UseLargePagesIndividualAllocation        = false                                  {pd product} {ergonomic}

Logging:
Log output configuration:
 #0: stdout all=warning uptime,level,tags
 #1: stderr all=off uptime,level,tags

Environment Variables:
JAVA_HOME=C:\Program Files\Java\jdk-11.0.15.1
PATH=C:/Program Files/Java/jdk-11.0.15.1/bin/server;C:/Program Files/Java/jdk-11.0.15.1/bin;C:\WINDOWS\system32;C:\WINDOWS;C:\WINDOWS\System32\Wbem;C:\WINDOWS\System32\WindowsPowerShell\v1.0\;C:\WINDOWS\System32\OpenSSH\;C:\Program Files\Git\cmd;C:\Program Files\dotnet\;C:\Program Files\Docker\Docker\resources\bin;C:\Program Files\nodejs\;C:\Program Files (x86)\NVIDIA Corporation\PhysX\Common;C:\Program Files\NVIDIA Corporation\NVIDIA App\NvDLISR;C:\Program Files\Apache\Maven\bin;C:\WINDOWS\system32;C:\WINDOWS;C:\WINDOWS\System32\Wbem;C:\WINDOWS\System32\WindowsPowerShell\v1.0\;C:\WINDOWS\System32\OpenSSH\;C:\Program Files\Git\cmd;C:\Program Files\dotnet\;C:\Program Files\Docker\Docker\resources\bin;C:\Program Files\nodejs\;C:\Program Files (x86)\NVIDIA Corporation\PhysX\Common;C:\Program Files\NVIDIA Corporation\NVIDIA App\NvDLISR;C:\WINDOWS\system32;C:\WINDOWS;C:\WINDOWS\System32\Wbem;C:\WINDOWS\System32\WindowsPowerShell\v1.0\;C:\WINDOWS\System32\OpenSSH\;C:\Program Files\Git\cmd;C:\Program Files\dotnet\;C:\Program Files\Docker\Docker\resources\bin;C:\Program Files\nodejs\;C:\Program Files (x86)\NVIDIA Corporation\PhysX\Common;C:\Program Files\NVIDIA Corporation\NVIDIA App\NvDLISR;C:\Program Files\Java\jdk-11.0.15.1\bin;C:\Users\DELL\AppData\Roaming\npm;C:\Users\DELL\AppData\Local\Microsoft\WindowsApps;;C:\Users\DELL\AppData\Local\Programs\Microsoft VS Code\bin;C:\Users\DELL\AppData\Local\Programs\mongosh\;C:\Users\DELL\Downloads\eclipse-jee-2019-03-R-win32-x86_64\eclipse;
USERNAME=DELL
OS=Windows_NT
PROCESSOR_IDENTIFIER=Intel64 Family 6 Model 158 Stepping 10, GenuineIntel



---------------  S Y S T E M  ---------------

OS: Windows 11 , 64 bit Build 26100 (10.0.26100.8115)
Hyper-V role detected

CPU:total 8 (initial active 8) (4 cores per cpu, 2 threads per core) family 6 model 158 stepping 10 microcode 0xde, cmov, cx8, fxsr, mmx, sse, sse2, sse3, ssse3, sse4.1, sse4.2, popcnt, avx, avx2, aes, clmul, erms, 3dnowpref, lzcnt, ht, tsc, tscinvbit, bmi1, bmi2, adx, fma

Memory: 4k page, system-wide physical 8044M (1653M free)
TotalPageFile size 32620M (AvailPageFile size 5M)
current process WorkingSet (physical memory assigned to process): 233M, peak: 390M
current process commit charge ("private bytes"): 422M, peak: 450M

vm_info: Java HotSpot(TM) 64-Bit Server VM (11.0.15.1+2-LTS-10) for windows-amd64 JRE (11.0.15.1+2-LTS-10), built on Apr 25 2022 21:51:57 by "mach5one" with MS VC++ 15.9 (VS2017)

END.
