#
# There is insufficient memory for the Java Runtime Environment to continue.
# Native memory allocation (malloc) failed to allocate 1322096 bytes for Chunk::new
# Possible reasons:
#   The system is out of physical RAM or swap space
#   The process is running with CompressedOops enabled, and the Java Heap may be blocking the growth of the native heap
# Possible solutions:
#   Reduce memory load on the system
#   Increase physical memory or swap space
#   Check if swap backing store is full
#   Decrease Java heap size (-Xmx/-Xms)
#   Decrease number of Java threads
#   Decrease Java thread stack sizes (-Xss)
#   Set larger code cache with -XX:ReservedCodeCacheSize=
#   JVM is running with Unscaled Compressed Oops mode in which the Java heap is
#     placed in the first 4GB address space. The Java Heap base address is the
#     maximum limit for the native heap growth. Please use -XX:HeapBaseMinAddress
#     to set the Java Heap base and to place the Java Heap above 4GB virtual address.
# This output file may be truncated or incomplete.
#
#  Out of Memory Error (./open/src/hotspot/share/memory/arena.cpp:197), pid=7960, tid=8168
#
# JRE version: Java(TM) SE Runtime Environment 18.9 (11.0.15.1+2) (build 11.0.15.1+2-LTS-10)
# Java VM: Java HotSpot(TM) 64-Bit Server VM 18.9 (11.0.15.1+2-LTS-10, mixed mode, tiered, compressed oops, g1 gc, windows-amd64)
# No core dump will be written. Minidumps are not enabled by default on client versions of Windows
#

---------------  S U M M A R Y ------------

Command Line: -Dfile.encoding=UTF-8 com.rays.ORSProject10Application

Host: Intel(R) Core(TM) i5-9300H CPU @ 2.40GHz, 8 cores, 7G,  Windows 11 , 64 bit Build 26100 (10.0.26100.8115)
Time: Fri Apr 10 12:01:46 2026 India Standard Time elapsed time: 1137.010049 seconds (0d 0h 18m 57s)

---------------  T H R E A D  ---------------

Current thread (0x000002b1fc3b8000):  JavaThread "C2 CompilerThread0" daemon [_thread_in_native, id=8168, stack(0x000000c82db00000,0x000000c82dc00000)]


Current CompileTask:
C2:1137010 9010       4       org.springframework.core.ResolvableType::<init> (39 bytes)

Stack: [0x000000c82db00000,0x000000c82dc00000]
Native frames: (J=compiled Java code, j=interpreted, Vv=VM code, C=native code)
V  [jvm.dll+0x629d8a]
V  [jvm.dll+0x7638ff]
V  [jvm.dll+0x764fa9]
V  [jvm.dll+0x765633]
V  [jvm.dll+0x23d9c8]
V  [jvm.dll+0xb2a1c]
V  [jvm.dll+0xb2fdc]
V  [jvm.dll+0x341002]
V  [jvm.dll+0x18cd11]
V  [jvm.dll+0x1f8672]
V  [jvm.dll+0x1f774d]
V  [jvm.dll+0x177c51]
V  [jvm.dll+0x207026]
V  [jvm.dll+0x2051bb]
V  [jvm.dll+0x729820]
V  [jvm.dll+0x7223f4]
V  [jvm.dll+0x628c26]
C  [ucrtbase.dll+0x37b0]
C  [KERNEL32.DLL+0x2e8d7]
C  [ntdll.dll+0x8c3fc]


---------------  P R O C E S S  ---------------

Threads class SMR info:
_java_thread_list=0x000002b193886050, length=31, elements={
0x000002b1fc3a8000, 0x000002b1fc3b2800, 0x000002b1fcbca800, 0x000002b1fcbce000,
0x000002b1fc3b6000, 0x000002b1fc3b8000, 0x000002b1fcc1e800, 0x000002b1fcc28800,
0x000002b1fcdcd000, 0x000002b1939de000, 0x000002b18f360000, 0x000002b193ab9000,
0x000002b193407800, 0x000002b1fd4ee000, 0x000002b1fd4ef800, 0x000002b1fd4ee800,
0x000002b1fd4ed000, 0x000002b19430f800, 0x000002b194310800, 0x000002b19430e000,
0x000002b19430f000, 0x000002b194313000, 0x000002b194314000, 0x000002b194311800,
0x000002b194312000, 0x000002b194315800, 0x000002b194316000, 0x000002b194317000,
0x000002b194314800, 0x000002b194318000, 0x000002b1fdd24800
}

Java Threads: ( => current thread )
  0x000002b1fc3a8000 JavaThread "Reference Handler" daemon [_thread_blocked, id=23248, stack(0x000000c82d600000,0x000000c82d700000)]
  0x000002b1fc3b2800 JavaThread "Finalizer" daemon [_thread_blocked, id=19572, stack(0x000000c82d700000,0x000000c82d800000)]
  0x000002b1fcbca800 JavaThread "Signal Dispatcher" daemon [_thread_blocked, id=15852, stack(0x000000c82d800000,0x000000c82d900000)]
  0x000002b1fcbce000 JavaThread "Attach Listener" daemon [_thread_blocked, id=14092, stack(0x000000c82d900000,0x000000c82da00000)]
  0x000002b1fc3b6000 JavaThread "Service Thread" daemon [_thread_blocked, id=24468, stack(0x000000c82da00000,0x000000c82db00000)]
=>0x000002b1fc3b8000 JavaThread "C2 CompilerThread0" daemon [_thread_in_native, id=8168, stack(0x000000c82db00000,0x000000c82dc00000)]
  0x000002b1fcc1e800 JavaThread "C1 CompilerThread0" daemon [_thread_blocked, id=3532, stack(0x000000c82dc00000,0x000000c82dd00000)]
  0x000002b1fcc28800 JavaThread "Sweeper thread" daemon [_thread_blocked, id=18892, stack(0x000000c82dd00000,0x000000c82de00000)]
  0x000002b1fcdcd000 JavaThread "Common-Cleaner" daemon [_thread_blocked, id=19116, stack(0x000000c82df00000,0x000000c82e000000)]
  0x000002b1939de000 JavaThread "mysql-cj-abandoned-connection-cleanup" daemon [_thread_blocked, id=12584, stack(0x000000c82e300000,0x000000c82e400000)]
  0x000002b18f360000 JavaThread "HikariPool-1 housekeeper" daemon [_thread_blocked, id=5576, stack(0x000000c82ee00000,0x000000c82ef00000)]
  0x000002b193ab9000 JavaThread "Catalina-utility-1" [_thread_blocked, id=22156, stack(0x000000c82f100000,0x000000c82f200000)]
  0x000002b193407800 JavaThread "container-0" [_thread_blocked, id=16812, stack(0x000000c82f200000,0x000000c82f300000)]
  0x000002b1fd4ee000 JavaThread "Live Reload Server" daemon [_thread_in_native, id=15560, stack(0x000000c82f400000,0x000000c82f500000)]
  0x000002b1fd4ef800 JavaThread "File Watcher" daemon [_thread_in_native, id=3684, stack(0x000000c82f300000,0x000000c82f400000)]
  0x000002b1fd4ee800 JavaThread "NioBlockingSelector.BlockPoller-1" daemon [_thread_in_native, id=8884, stack(0x000000c82f500000,0x000000c82f600000)]
  0x000002b1fd4ed000 JavaThread "http-nio-8080-exec-1" daemon [_thread_blocked, id=4900, stack(0x000000c82f600000,0x000000c82f700000)]
  0x000002b19430f800 JavaThread "http-nio-8080-exec-2" daemon [_thread_blocked, id=15788, stack(0x000000c82f700000,0x000000c82f800000)]
  0x000002b194310800 JavaThread "http-nio-8080-exec-3" daemon [_thread_blocked, id=14232, stack(0x000000c82f800000,0x000000c82f900000)]
  0x000002b19430e000 JavaThread "http-nio-8080-exec-4" daemon [_thread_blocked, id=19020, stack(0x000000c82f900000,0x000000c82fa00000)]
  0x000002b19430f000 JavaThread "http-nio-8080-exec-5" daemon [_thread_blocked, id=23728, stack(0x000000c82fa00000,0x000000c82fb00000)]
  0x000002b194313000 JavaThread "http-nio-8080-exec-6" daemon [_thread_blocked, id=22848, stack(0x000000c82fb00000,0x000000c82fc00000)]
  0x000002b194314000 JavaThread "http-nio-8080-exec-7" daemon [_thread_blocked, id=25180, stack(0x000000c82fc00000,0x000000c82fd00000)]
  0x000002b194311800 JavaThread "http-nio-8080-exec-8" daemon [_thread_blocked, id=23804, stack(0x000000c82fd00000,0x000000c82fe00000)]
  0x000002b194312000 JavaThread "http-nio-8080-exec-9" daemon [_thread_in_native, id=21956, stack(0x000000c82fe00000,0x000000c82ff00000)]
  0x000002b194315800 JavaThread "http-nio-8080-exec-10" daemon [_thread_blocked, id=20728, stack(0x000000c82ff00000,0x000000c830000000)]
  0x000002b194316000 JavaThread "http-nio-8080-ClientPoller-0" daemon [_thread_in_native, id=15336, stack(0x000000c830000000,0x000000c830100000)]
  0x000002b194317000 JavaThread "http-nio-8080-ClientPoller-1" daemon [_thread_in_native, id=13404, stack(0x000000c830100000,0x000000c830200000)]
  0x000002b194314800 JavaThread "http-nio-8080-Acceptor-0" daemon [_thread_in_native, id=23968, stack(0x000000c830200000,0x000000c830300000)]
  0x000002b194318000 JavaThread "DestroyJavaVM" [_thread_blocked, id=20404, stack(0x000000c82cf00000,0x000000c82d000000)]
  0x000002b1fdd24800 JavaThread "C2 CompilerThread1" daemon [_thread_in_native, id=15572, stack(0x000000c82cc00000,0x000000c82cd00000)]

Other Threads:
  0x000002b1fc3a5800 VMThread "VM Thread" [stack: 0x000000c82d500000,0x000000c82d600000] [id=14432]
  0x000002b1fcdc0800 WatcherThread [stack: 0x000000c82de00000,0x000000c82df00000] [id=19300]
  0x000002b1eb4da800 GCTaskThread "GC Thread#0" [stack: 0x000000c82d000000,0x000000c82d100000] [id=6556]
  0x000002b1fddfd800 GCTaskThread "GC Thread#1" [stack: 0x000000c82e400000,0x000000c82e500000] [id=13716]
  0x000002b1fdc36000 GCTaskThread "GC Thread#2" [stack: 0x000000c82e500000,0x000000c82e600000] [id=3728]
  0x000002b1fd7b4800 GCTaskThread "GC Thread#3" [stack: 0x000000c82e600000,0x000000c82e700000] [id=25352]
  0x000002b1fe07b000 GCTaskThread "GC Thread#4" [stack: 0x000000c82e700000,0x000000c82e800000] [id=24632]
  0x000002b1fe07c000 GCTaskThread "GC Thread#5" [stack: 0x000000c82e800000,0x000000c82e900000] [id=22716]
  0x000002b1fdca6000 GCTaskThread "GC Thread#6" [stack: 0x000000c82e900000,0x000000c82ea00000] [id=22424]
  0x000002b1fdbcf800 GCTaskThread "GC Thread#7" [stack: 0x000000c82ea00000,0x000000c82eb00000] [id=8672]
  0x000002b1eb50c800 ConcurrentGCThread "G1 Main Marker" [stack: 0x000000c82d100000,0x000000c82d200000] [id=20548]
  0x000002b1eb50e800 ConcurrentGCThread "G1 Conc#0" [stack: 0x000000c82d200000,0x000000c82d300000] [id=23488]
  0x000002b18f27d800 ConcurrentGCThread "G1 Conc#1" [stack: 0x000000c82ec00000,0x000000c82ed00000] [id=19524]
  0x000002b1eb58e000 ConcurrentGCThread "G1 Refine#0" [stack: 0x000000c82d300000,0x000000c82d400000] [id=22656]
  0x000002b1fe181000 ConcurrentGCThread "G1 Refine#1" [stack: 0x000000c82ef00000,0x000000c82f000000] [id=21528]
  0x000002b1fc1eb000 ConcurrentGCThread "G1 Young RemSet Sampling" [stack: 0x000000c82d400000,0x000000c82d500000] [id=20328]

Threads with active compile tasks:
C2 CompilerThread01137047 9010       4       org.springframework.core.ResolvableType::<init> (39 bytes)
C2 CompilerThread11137048 9102   !   4       sun.security.ssl.SSLSocketImpl$AppInputStream::read (645 bytes)

VM state:not at safepoint (normal execution)

VM Mutex/Monitor currently owned by a thread: None

Heap address: 0x0000000082400000, size: 2012 MB, Compressed Oops mode: 32-bit
Narrow klass base: 0x0000000000000000, Narrow klass shift: 3
Compressed class space size: 1073741824 Address: 0x0000000100000000

Heap:
 garbage-first heap   total 155648K, used 55838K [0x0000000082400000, 0x0000000100000000)
  region size 1024K, 6 young (6144K), 4 survivors (4096K)
 Metaspace       used 77460K, capacity 78917K, committed 79312K, reserved 1118208K
  class space    used 9595K, capacity 10161K, committed 10240K, reserved 1048576K
Heap Regions: E=young(eden), S=young(survivor), O=old, HS=humongous(starts), HC=humongous(continues), CS=collection set, F=free, A=archive, TAMS=top-at-mark-start (previous, next)
|   0|0x0000000082400000, 0x0000000082500000, 0x0000000082500000|100%|HS|  |TAMS 0x0000000082500000, 0x0000000082400000| Complete 
|   1|0x0000000082500000, 0x0000000082600000, 0x0000000082600000|100%| O|  |TAMS 0x0000000082600000, 0x0000000082500000| Untracked 
|   2|0x0000000082600000, 0x0000000082700000, 0x0000000082700000|100%| O|  |TAMS 0x0000000082700000, 0x0000000082600000| Untracked 
|   3|0x0000000082700000, 0x0000000082800000, 0x0000000082800000|100%| O|  |TAMS 0x0000000082800000, 0x0000000082700000| Untracked 
|   4|0x0000000082800000, 0x0000000082900000, 0x0000000082900000|100%| O|  |TAMS 0x0000000082900000, 0x0000000082800000| Untracked 
|   5|0x0000000082900000, 0x0000000082a00000, 0x0000000082a00000|100%| O|  |TAMS 0x0000000082a00000, 0x0000000082900000| Untracked 
|   6|0x0000000082a00000, 0x0000000082b00000, 0x0000000082b00000|100%| O|  |TAMS 0x0000000082b00000, 0x0000000082a00000| Untracked 
|   7|0x0000000082b00000, 0x0000000082c00000, 0x0000000082c00000|100%| O|  |TAMS 0x0000000082c00000, 0x0000000082b00000| Untracked 
|   8|0x0000000082c00000, 0x0000000082d00000, 0x0000000082d00000|100%| O|  |TAMS 0x0000000082d00000, 0x0000000082c00000| Untracked 
|   9|0x0000000082d00000, 0x0000000082e00000, 0x0000000082e00000|100%| O|  |TAMS 0x0000000082e00000, 0x0000000082d00000| Untracked 
|  10|0x0000000082e00000, 0x0000000082f00000, 0x0000000082f00000|100%| O|  |TAMS 0x0000000082f00000, 0x0000000082e00000| Untracked 
|  11|0x0000000082f00000, 0x0000000083000000, 0x0000000083000000|100%| O|  |TAMS 0x0000000083000000, 0x0000000082f00000| Untracked 
|  12|0x0000000083000000, 0x0000000083100000, 0x0000000083100000|100%| O|  |TAMS 0x0000000083100000, 0x0000000083000000| Untracked 
|  13|0x0000000083100000, 0x0000000083200000, 0x0000000083200000|100%| O|  |TAMS 0x0000000083200000, 0x0000000083100000| Untracked 
|  14|0x0000000083200000, 0x0000000083300000, 0x0000000083300000|100%| O|  |TAMS 0x0000000083300000, 0x0000000083200000| Untracked 
|  15|0x0000000083300000, 0x0000000083400000, 0x0000000083400000|100%| O|  |TAMS 0x0000000083400000, 0x0000000083300000| Untracked 
|  16|0x0000000083400000, 0x0000000083500000, 0x0000000083500000|100%| O|  |TAMS 0x0000000083500000, 0x0000000083400000| Untracked 
|  17|0x0000000083500000, 0x0000000083600000, 0x0000000083600000|100%| O|  |TAMS 0x0000000083600000, 0x0000000083500000| Untracked 
|  18|0x0000000083600000, 0x0000000083700000, 0x0000000083700000|100%| O|  |TAMS 0x0000000083700000, 0x0000000083600000| Untracked 
|  19|0x0000000083700000, 0x0000000083800000, 0x0000000083800000|100%| O|  |TAMS 0x0000000083800000, 0x0000000083700000| Untracked 
|  20|0x0000000083800000, 0x0000000083900000, 0x0000000083900000|100%| O|  |TAMS 0x0000000083900000, 0x0000000083800000| Untracked 
|  21|0x0000000083900000, 0x0000000083a00000, 0x0000000083a00000|100%| O|  |TAMS 0x0000000083a00000, 0x0000000083900000| Untracked 
|  22|0x0000000083a00000, 0x0000000083b00000, 0x0000000083b00000|100%| O|  |TAMS 0x0000000083b00000, 0x0000000083a00000| Untracked 
|  23|0x0000000083b00000, 0x0000000083c00000, 0x0000000083c00000|100%| O|  |TAMS 0x0000000083c00000, 0x0000000083b00000| Untracked 
|  24|0x0000000083c00000, 0x0000000083d00000, 0x0000000083d00000|100%| O|  |TAMS 0x0000000083d00000, 0x0000000083c00000| Untracked 
|  25|0x0000000083d00000, 0x0000000083e00000, 0x0000000083e00000|100%| O|  |TAMS 0x0000000083e00000, 0x0000000083d00000| Untracked 
|  26|0x0000000083e00000, 0x0000000083f00000, 0x0000000083f00000|100%| O|  |TAMS 0x0000000083f00000, 0x0000000083e00000| Untracked 
|  27|0x0000000083f00000, 0x0000000084000000, 0x0000000084000000|100%| O|  |TAMS 0x0000000084000000, 0x0000000083f00000| Untracked 
|  28|0x0000000084000000, 0x0000000084100000, 0x0000000084100000|100%| O|  |TAMS 0x0000000084100000, 0x0000000084000000| Untracked 
|  29|0x0000000084100000, 0x0000000084200000, 0x0000000084200000|100%| O|  |TAMS 0x0000000084200000, 0x0000000084100000| Untracked 
|  30|0x0000000084200000, 0x0000000084300000, 0x0000000084300000|100%| O|  |TAMS 0x0000000084300000, 0x0000000084200000| Untracked 
|  31|0x0000000084300000, 0x0000000084400000, 0x0000000084400000|100%|HS|  |TAMS 0x0000000084300000, 0x0000000084300000| Complete 
|  32|0x0000000084400000, 0x0000000084500000, 0x0000000084500000|100%|HC|  |TAMS 0x0000000084400000, 0x0000000084400000| Complete 
|  33|0x0000000084500000, 0x0000000084600000, 0x0000000084600000|100%|HC|  |TAMS 0x0000000084500000, 0x0000000084500000| Complete 
|  34|0x0000000084600000, 0x0000000084700000, 0x0000000084700000|100%|HS|  |TAMS 0x0000000084600000, 0x0000000084600000| Complete 
|  35|0x0000000084700000, 0x0000000084800000, 0x0000000084800000|100%|HC|  |TAMS 0x0000000084700000, 0x0000000084700000| Complete 
|  36|0x0000000084800000, 0x0000000084900000, 0x0000000084900000|100%|HC|  |TAMS 0x0000000084800000, 0x0000000084800000| Complete 
|  37|0x0000000084900000, 0x0000000084900000, 0x0000000084a00000|  0%| F|  |TAMS 0x0000000084900000, 0x0000000084900000| Untracked 
|  38|0x0000000084a00000, 0x0000000084a00000, 0x0000000084b00000|  0%| F|  |TAMS 0x0000000084a00000, 0x0000000084a00000| Untracked 
|  39|0x0000000084b00000, 0x0000000084b00000, 0x0000000084c00000|  0%| F|  |TAMS 0x0000000084b00000, 0x0000000084b00000| Untracked 
|  40|0x0000000084c00000, 0x0000000084d00000, 0x0000000084d00000|100%|HS|  |TAMS 0x0000000084d00000, 0x0000000084c00000| Complete 
|  41|0x0000000084d00000, 0x0000000084e00000, 0x0000000084e00000|100%|HC|  |TAMS 0x0000000084e00000, 0x0000000084d00000| Complete 
|  42|0x0000000084e00000, 0x0000000084f00000, 0x0000000084f00000|100%|HC|  |TAMS 0x0000000084f00000, 0x0000000084e00000| Complete 
|  43|0x0000000084f00000, 0x0000000085000000, 0x0000000085000000|100%|HS|  |TAMS 0x0000000085000000, 0x0000000084f00000| Complete 
|  44|0x0000000085000000, 0x0000000085100000, 0x0000000085100000|100%|HC|  |TAMS 0x0000000085100000, 0x0000000085000000| Complete 
|  45|0x0000000085100000, 0x0000000085200000, 0x0000000085200000|100%|HC|  |TAMS 0x0000000085200000, 0x0000000085100000| Complete 
|  46|0x0000000085200000, 0x0000000085200000, 0x0000000085300000|  0%| F|  |TAMS 0x0000000085200000, 0x0000000085200000| Untracked 
|  47|0x0000000085300000, 0x0000000085300000, 0x0000000085400000|  0%| F|  |TAMS 0x0000000085300000, 0x0000000085300000| Untracked 
|  48|0x0000000085400000, 0x0000000085400000, 0x0000000085500000|  0%| F|  |TAMS 0x0000000085400000, 0x0000000085400000| Untracked 
|  49|0x0000000085500000, 0x0000000085500000, 0x0000000085600000|  0%| F|  |TAMS 0x0000000085500000, 0x0000000085500000| Untracked 
|  50|0x0000000085600000, 0x0000000085600000, 0x0000000085700000|  0%| F|  |TAMS 0x0000000085600000, 0x0000000085600000| Untracked 
|  51|0x0000000085700000, 0x0000000085700000, 0x0000000085800000|  0%| F|  |TAMS 0x0000000085700000, 0x0000000085700000| Untracked 
|  52|0x0000000085800000, 0x0000000085800000, 0x0000000085900000|  0%| F|  |TAMS 0x0000000085800000, 0x0000000085800000| Untracked 
|  53|0x0000000085900000, 0x0000000085900000, 0x0000000085a00000|  0%| F|  |TAMS 0x0000000085900000, 0x0000000085900000| Untracked 
|  54|0x0000000085a00000, 0x0000000085a00000, 0x0000000085b00000|  0%| F|  |TAMS 0x0000000085a00000, 0x0000000085a00000| Untracked 
|  55|0x0000000085b00000, 0x0000000085b00000, 0x0000000085c00000|  0%| F|  |TAMS 0x0000000085b00000, 0x0000000085b00000| Untracked 
|  56|0x0000000085c00000, 0x0000000085d00000, 0x0000000085d00000|100%|HS|  |TAMS 0x0000000085d00000, 0x0000000085c00000| Complete 
|  57|0x0000000085d00000, 0x0000000085e00000, 0x0000000085e00000|100%|HC|  |TAMS 0x0000000085e00000, 0x0000000085d00000| Complete 
|  58|0x0000000085e00000, 0x0000000085f00000, 0x0000000085f00000|100%|HC|  |TAMS 0x0000000085f00000, 0x0000000085e00000| Complete 
|  59|0x0000000085f00000, 0x0000000086000000, 0x0000000086000000|100%|HC|  |TAMS 0x0000000086000000, 0x0000000085f00000| Complete 
|  60|0x0000000086000000, 0x0000000086100000, 0x0000000086100000|100%|HC|  |TAMS 0x0000000086100000, 0x0000000086000000| Complete 
|  61|0x0000000086100000, 0x0000000086100000, 0x0000000086200000|  0%| F|  |TAMS 0x0000000086100000, 0x0000000086100000| Untracked 
|  62|0x0000000086200000, 0x0000000086200000, 0x0000000086300000|  0%| F|  |TAMS 0x0000000086200000, 0x0000000086200000| Untracked 
|  63|0x0000000086300000, 0x0000000086300000, 0x0000000086400000|  0%| F|  |TAMS 0x0000000086300000, 0x0000000086300000| Untracked 
|  64|0x0000000086400000, 0x0000000086400000, 0x0000000086500000|  0%| F|  |TAMS 0x0000000086400000, 0x0000000086400000| Untracked 
|  65|0x0000000086500000, 0x0000000086600000, 0x0000000086600000|100%| O|  |TAMS 0x0000000086600000, 0x0000000086500000| Untracked 
|  66|0x0000000086600000, 0x00000000866d7200, 0x0000000086700000| 84%| O|  |TAMS 0x00000000866d7200, 0x0000000086600000| Untracked 
|  67|0x0000000086700000, 0x0000000086700000, 0x0000000086800000|  0%| F|  |TAMS 0x0000000086700000, 0x0000000086700000| Untracked 
|  68|0x0000000086800000, 0x0000000086800000, 0x0000000086900000|  0%| F|  |TAMS 0x0000000086800000, 0x0000000086800000| Untracked 
|  69|0x0000000086900000, 0x0000000086900000, 0x0000000086a00000|  0%| F|  |TAMS 0x0000000086900000, 0x0000000086900000| Untracked 
|  70|0x0000000086a00000, 0x0000000086a00000, 0x0000000086b00000|  0%| F|  |TAMS 0x0000000086a00000, 0x0000000086a00000| Untracked 
|  71|0x0000000086b00000, 0x0000000086b00000, 0x0000000086c00000|  0%| F|  |TAMS 0x0000000086b00000, 0x0000000086b00000| Untracked 
|  72|0x0000000086c00000, 0x0000000086c00000, 0x0000000086d00000|  0%| F|  |TAMS 0x0000000086c00000, 0x0000000086c00000| Untracked 
|  73|0x0000000086d00000, 0x0000000086d00000, 0x0000000086e00000|  0%| F|  |TAMS 0x0000000086d00000, 0x0000000086d00000| Untracked 
|  74|0x0000000086e00000, 0x0000000086e00000, 0x0000000086f00000|  0%| F|  |TAMS 0x0000000086e00000, 0x0000000086e00000| Untracked 
|  75|0x0000000086f00000, 0x0000000086f00000, 0x0000000087000000|  0%| F|  |TAMS 0x0000000086f00000, 0x0000000086f00000| Untracked 
|  76|0x0000000087000000, 0x0000000087000000, 0x0000000087100000|  0%| F|  |TAMS 0x0000000087000000, 0x0000000087000000| Untracked 
|  77|0x0000000087100000, 0x0000000087100000, 0x0000000087200000|  0%| F|  |TAMS 0x0000000087100000, 0x0000000087100000| Untracked 
|  78|0x0000000087200000, 0x0000000087200000, 0x0000000087300000|  0%| F|  |TAMS 0x0000000087200000, 0x0000000087200000| Untracked 
|  79|0x0000000087300000, 0x0000000087300000, 0x0000000087400000|  0%| F|  |TAMS 0x0000000087300000, 0x0000000087300000| Untracked 
|  80|0x0000000087400000, 0x0000000087400000, 0x0000000087500000|  0%| F|  |TAMS 0x0000000087400000, 0x0000000087400000| Untracked 
|  81|0x0000000087500000, 0x0000000087500000, 0x0000000087600000|  0%| F|  |TAMS 0x0000000087500000, 0x0000000087500000| Untracked 
|  82|0x0000000087600000, 0x0000000087600000, 0x0000000087700000|  0%| F|  |TAMS 0x0000000087600000, 0x0000000087600000| Untracked 
|  83|0x0000000087700000, 0x0000000087700000, 0x0000000087800000|  0%| F|  |TAMS 0x0000000087700000, 0x0000000087700000| Untracked 
|  84|0x0000000087800000, 0x0000000087800000, 0x0000000087900000|  0%| F|  |TAMS 0x0000000087800000, 0x0000000087800000| Untracked 
|  85|0x0000000087900000, 0x0000000087900000, 0x0000000087a00000|  0%| F|  |TAMS 0x0000000087900000, 0x0000000087900000| Untracked 
|  86|0x0000000087a00000, 0x0000000087a00000, 0x0000000087b00000|  0%| F|  |TAMS 0x0000000087a00000, 0x0000000087a00000| Untracked 
|  87|0x0000000087b00000, 0x0000000087b00000, 0x0000000087c00000|  0%| F|  |TAMS 0x0000000087b00000, 0x0000000087b00000| Untracked 
|  88|0x0000000087c00000, 0x0000000087c00000, 0x0000000087d00000|  0%| F|  |TAMS 0x0000000087c00000, 0x0000000087c00000| Untracked 
|  89|0x0000000087d00000, 0x0000000087d00000, 0x0000000087e00000|  0%| F|  |TAMS 0x0000000087d00000, 0x0000000087d00000| Untracked 
|  90|0x0000000087e00000, 0x0000000087e00000, 0x0000000087f00000|  0%| F|  |TAMS 0x0000000087e00000, 0x0000000087e00000| Untracked 
|  91|0x0000000087f00000, 0x0000000087f00000, 0x0000000088000000|  0%| F|  |TAMS 0x0000000087f00000, 0x0000000087f00000| Untracked 
|  92|0x0000000088000000, 0x0000000088000000, 0x0000000088100000|  0%| F|  |TAMS 0x0000000088000000, 0x0000000088000000| Untracked 
|  93|0x0000000088100000, 0x0000000088100000, 0x0000000088200000|  0%| F|  |TAMS 0x0000000088100000, 0x0000000088100000| Untracked 
|  94|0x0000000088200000, 0x0000000088200000, 0x0000000088300000|  0%| F|  |TAMS 0x0000000088200000, 0x0000000088200000| Untracked 
|  95|0x0000000088300000, 0x0000000088300000, 0x0000000088400000|  0%| F|  |TAMS 0x0000000088300000, 0x0000000088300000| Untracked 
|  96|0x0000000088400000, 0x0000000088400000, 0x0000000088500000|  0%| F|  |TAMS 0x0000000088400000, 0x0000000088400000| Untracked 
|  97|0x0000000088500000, 0x0000000088500000, 0x0000000088600000|  0%| F|  |TAMS 0x0000000088500000, 0x0000000088500000| Untracked 
|  98|0x0000000088600000, 0x0000000088600000, 0x0000000088700000|  0%| F|  |TAMS 0x0000000088600000, 0x0000000088600000| Untracked 
|  99|0x0000000088700000, 0x0000000088700000, 0x0000000088800000|  0%| F|  |TAMS 0x0000000088700000, 0x0000000088700000| Untracked 
| 100|0x0000000088800000, 0x0000000088800000, 0x0000000088900000|  0%| F|  |TAMS 0x0000000088800000, 0x0000000088800000| Untracked 
| 101|0x0000000088900000, 0x0000000088900000, 0x0000000088a00000|  0%| F|  |TAMS 0x0000000088900000, 0x0000000088900000| Untracked 
| 102|0x0000000088a00000, 0x0000000088a00000, 0x0000000088b00000|  0%| F|  |TAMS 0x0000000088a00000, 0x0000000088a00000| Untracked 
| 103|0x0000000088b00000, 0x0000000088b00000, 0x0000000088c00000|  0%| F|  |TAMS 0x0000000088b00000, 0x0000000088b00000| Untracked 
| 104|0x0000000088c00000, 0x0000000088c00000, 0x0000000088d00000|  0%| F|  |TAMS 0x0000000088c00000, 0x0000000088c00000| Untracked 
| 105|0x0000000088d00000, 0x0000000088d00000, 0x0000000088e00000|  0%| F|  |TAMS 0x0000000088d00000, 0x0000000088d00000| Untracked 
| 106|0x0000000088e00000, 0x0000000088e00000, 0x0000000088f00000|  0%| F|  |TAMS 0x0000000088e00000, 0x0000000088e00000| Untracked 
| 107|0x0000000088f00000, 0x0000000088f00000, 0x0000000089000000|  0%| F|  |TAMS 0x0000000088f00000, 0x0000000088f00000| Untracked 
| 108|0x0000000089000000, 0x0000000089000000, 0x0000000089100000|  0%| F|  |TAMS 0x0000000089000000, 0x0000000089000000| Untracked 
| 109|0x0000000089100000, 0x0000000089100000, 0x0000000089200000|  0%| F|  |TAMS 0x0000000089100000, 0x0000000089100000| Untracked 
| 110|0x0000000089200000, 0x0000000089200000, 0x0000000089300000|  0%| F|  |TAMS 0x0000000089200000, 0x0000000089200000| Untracked 
| 111|0x0000000089300000, 0x0000000089300000, 0x0000000089400000|  0%| F|  |TAMS 0x0000000089300000, 0x0000000089300000| Untracked 
| 112|0x0000000089400000, 0x0000000089400000, 0x0000000089500000|  0%| F|  |TAMS 0x0000000089400000, 0x0000000089400000| Untracked 
| 113|0x0000000089500000, 0x0000000089500000, 0x0000000089600000|  0%| F|  |TAMS 0x0000000089500000, 0x0000000089500000| Untracked 
| 114|0x0000000089600000, 0x0000000089600000, 0x0000000089700000|  0%| F|  |TAMS 0x0000000089600000, 0x0000000089600000| Untracked 
| 115|0x0000000089700000, 0x0000000089700000, 0x0000000089800000|  0%| F|  |TAMS 0x0000000089700000, 0x0000000089700000| Untracked 
| 116|0x0000000089800000, 0x0000000089800000, 0x0000000089900000|  0%| F|  |TAMS 0x0000000089800000, 0x0000000089800000| Untracked 
| 117|0x0000000089900000, 0x0000000089900000, 0x0000000089a00000|  0%| F|  |TAMS 0x0000000089900000, 0x0000000089900000| Untracked 
| 118|0x0000000089a00000, 0x0000000089ab07c0, 0x0000000089b00000| 68%| S|CS|TAMS 0x0000000089a00000, 0x0000000089a00000| Complete 
| 119|0x0000000089b00000, 0x0000000089c00000, 0x0000000089c00000|100%| S|CS|TAMS 0x0000000089b00000, 0x0000000089b00000| Complete 
| 120|0x0000000089c00000, 0x0000000089d00000, 0x0000000089d00000|100%| S|CS|TAMS 0x0000000089c00000, 0x0000000089c00000| Complete 
| 121|0x0000000089d00000, 0x0000000089e00000, 0x0000000089e00000|100%| S|CS|TAMS 0x0000000089d00000, 0x0000000089d00000| Complete 
| 122|0x0000000089e00000, 0x0000000089e00000, 0x0000000089f00000|  0%| F|  |TAMS 0x0000000089e00000, 0x0000000089e00000| Untracked 
| 123|0x0000000089f00000, 0x0000000089f00000, 0x000000008a000000|  0%| F|  |TAMS 0x0000000089f00000, 0x0000000089f00000| Untracked 
| 124|0x000000008a000000, 0x000000008a000000, 0x000000008a100000|  0%| F|  |TAMS 0x000000008a000000, 0x000000008a000000| Untracked 
| 125|0x000000008a100000, 0x000000008a100000, 0x000000008a200000|  0%| F|  |TAMS 0x000000008a100000, 0x000000008a100000| Untracked 
| 126|0x000000008a200000, 0x000000008a200000, 0x000000008a300000|  0%| F|  |TAMS 0x000000008a200000, 0x000000008a200000| Untracked 
| 127|0x000000008a300000, 0x000000008a300000, 0x000000008a400000|  0%| F|  |TAMS 0x000000008a300000, 0x000000008a300000| Untracked 
| 128|0x000000008a400000, 0x000000008a400000, 0x000000008a500000|  0%| F|  |TAMS 0x000000008a400000, 0x000000008a400000| Untracked 
| 129|0x000000008a500000, 0x000000008a500000, 0x000000008a600000|  0%| F|  |TAMS 0x000000008a500000, 0x000000008a500000| Untracked 
| 130|0x000000008a600000, 0x000000008a600000, 0x000000008a700000|  0%| F|  |TAMS 0x000000008a600000, 0x000000008a600000| Untracked 
| 131|0x000000008a700000, 0x000000008a700000, 0x000000008a800000|  0%| F|  |TAMS 0x000000008a700000, 0x000000008a700000| Untracked 
| 132|0x000000008a800000, 0x000000008a800000, 0x000000008a900000|  0%| F|  |TAMS 0x000000008a800000, 0x000000008a800000| Untracked 
| 133|0x000000008a900000, 0x000000008a900000, 0x000000008aa00000|  0%| F|  |TAMS 0x000000008a900000, 0x000000008a900000| Untracked 
| 134|0x000000008aa00000, 0x000000008aa00000, 0x000000008ab00000|  0%| F|  |TAMS 0x000000008aa00000, 0x000000008aa00000| Untracked 
| 135|0x000000008ab00000, 0x000000008ab00000, 0x000000008ac00000|  0%| F|  |TAMS 0x000000008ab00000, 0x000000008ab00000| Untracked 
| 136|0x000000008ac00000, 0x000000008ac00000, 0x000000008ad00000|  0%| F|  |TAMS 0x000000008ac00000, 0x000000008ac00000| Untracked 
| 137|0x000000008ad00000, 0x000000008ad00000, 0x000000008ae00000|  0%| F|  |TAMS 0x000000008ad00000, 0x000000008ad00000| Untracked 
| 138|0x000000008ae00000, 0x000000008ae00000, 0x000000008af00000|  0%| F|  |TAMS 0x000000008ae00000, 0x000000008ae00000| Untracked 
| 139|0x000000008af00000, 0x000000008af00000, 0x000000008b000000|  0%| F|  |TAMS 0x000000008af00000, 0x000000008af00000| Untracked 
| 140|0x000000008b000000, 0x000000008b000000, 0x000000008b100000|  0%| F|  |TAMS 0x000000008b000000, 0x000000008b000000| Untracked 
| 141|0x000000008b100000, 0x000000008b100000, 0x000000008b200000|  0%| F|  |TAMS 0x000000008b100000, 0x000000008b100000| Untracked 
| 142|0x000000008b200000, 0x000000008b200000, 0x000000008b300000|  0%| F|  |TAMS 0x000000008b200000, 0x000000008b200000| Untracked 
| 143|0x000000008b300000, 0x000000008b300000, 0x000000008b400000|  0%| F|  |TAMS 0x000000008b300000, 0x000000008b300000| Untracked 
| 144|0x000000008b400000, 0x000000008b400000, 0x000000008b500000|  0%| F|  |TAMS 0x000000008b400000, 0x000000008b400000| Untracked 
| 145|0x000000008b500000, 0x000000008b500000, 0x000000008b600000|  0%| F|  |TAMS 0x000000008b500000, 0x000000008b500000| Untracked 
| 146|0x000000008b600000, 0x000000008b600000, 0x000000008b700000|  0%| F|  |TAMS 0x000000008b600000, 0x000000008b600000| Untracked 
| 147|0x000000008b700000, 0x000000008b700000, 0x000000008b800000|  0%| F|  |TAMS 0x000000008b700000, 0x000000008b700000| Untracked 
| 148|0x000000008b800000, 0x000000008b800000, 0x000000008b900000|  0%| F|  |TAMS 0x000000008b800000, 0x000000008b800000| Untracked 
| 149|0x000000008b900000, 0x000000008b900000, 0x000000008ba00000|  0%| F|  |TAMS 0x000000008b900000, 0x000000008b900000| Untracked 
| 150|0x000000008ba00000, 0x000000008baea650, 0x000000008bb00000| 91%| E|  |TAMS 0x000000008ba00000, 0x000000008ba00000| Complete 
| 151|0x000000008bb00000, 0x000000008bc00000, 0x000000008bc00000|100%| E|CS|TAMS 0x000000008bb00000, 0x000000008bb00000| Complete 

Card table byte_map: [0x000002b1f51e0000,0x000002b1f55d0000] _byte_map_base: 0x000002b1f4dce000

Marking Bits (Prev, Next): (CMBitMap*) 0x000002b1eb503a50, (CMBitMap*) 0x000002b1eb503a18
 Prev Bits: [0x000002b1f7930000, 0x000002b1f98a0000)
 Next Bits: [0x000002b1f59c0000, 0x000002b1f7930000)

Polling page: 0x000002b1eb930000

Metaspace:

Usage:
  Non-class:     67.14 MB capacity,    66.27 MB ( 99%) used,   696.50 KB (  1%) free+waste,   194.19 KB ( <1%) overhead. 
      Class:      9.92 MB capacity,     9.37 MB ( 94%) used,   476.64 KB (  5%) free+waste,    88.94 KB ( <1%) overhead. 
       Both:     77.07 MB capacity,    75.65 MB ( 98%) used,     1.15 MB (  1%) free+waste,   283.13 KB ( <1%) overhead. 

Virtual space:
  Non-class space:       68.00 MB reserved,      67.45 MB (>99%) committed 
      Class space:        1.00 GB reserved,      10.00 MB ( <1%) committed 
             Both:        1.07 GB reserved,      77.45 MB (  7%) committed 

Chunk freelists:
   Non-Class:  15.50 KB
       Class:  2.50 KB
        Both:  18.00 KB

CodeHeap 'non-profiled nmethods': size=120000Kb used=6473Kb max_used=6473Kb free=113526Kb
 bounds [0x000002b187ad0000, 0x000002b188130000, 0x000002b18f000000]
CodeHeap 'profiled nmethods': size=120000Kb used=20119Kb max_used=20119Kb free=99880Kb
 bounds [0x000002b1805a0000, 0x000002b181950000, 0x000002b187ad0000]
CodeHeap 'non-nmethods': size=5760Kb used=1256Kb max_used=1303Kb free=4503Kb
 bounds [0x000002b180000000, 0x000002b180270000, 0x000002b1805a0000]
 total_blobs=9652 nmethods=9012 adapters=550
 compilation: enabled
              stopped_count=0, restarted_count=0
 full_count=0

Compilation events (10 events):
Event: 1136.040 Thread 0x000002b1fcc1e800 9100       1       org.springframework.web.servlet.handler.AbstractHandlerMapping::getDefaultHandler (5 bytes)
Event: 1136.040 Thread 0x000002b1fcc1e800 nmethod 9100 0x000002b188121e90 code [0x000002b188122020, 0x000002b1881220d8]
Event: 1136.042 Thread 0x000002b1fdd24800 9101       4       org.springframework.util.ObjectUtils::isEmpty (15 bytes)
Event: 1136.043 Thread 0x000002b1fdd24800 nmethod 9101 0x000002b188122190 code [0x000002b188122300, 0x000002b188122358]
Event: 1136.044 Thread 0x000002b1fdd24800 9102   !   4       sun.security.ssl.SSLSocketImpl$AppInputStream::read (645 bytes)
Event: 1136.046 Thread 0x000002b1fcc1e800 9103       3       jdk.internal.misc.Unsafe::defineClass (39 bytes)
Event: 1136.046 Thread 0x000002b1fcc1e800 nmethod 9103 0x000002b18193ae10 code [0x000002b18193afe0, 0x000002b18193b308]
Event: 1136.047 Thread 0x000002b1fcc1e800 9105       3       org.hibernate.type.descriptor.java.ImmutableMutabilityPlan::deepCopy (2 bytes)
Event: 1136.047 Thread 0x000002b1fcc1e800 nmethod 9105 0x000002b18193b490 code [0x000002b18193b620, 0x000002b18193b718]
Event: 1136.054 Thread 0x000002b1fcc1e800 9106       3       com.mysql.cj.protocol.a.NativeProtocol::sendQueryString (657 bytes)

GC Heap History (10 events):
Event: 801.462 GC heap before
{Heap before GC invocations=14 (full 0):
 garbage-first heap   total 155648K, used 117412K [0x0000000082400000, 0x0000000100000000)
  region size 1024K, 82 young (83968K), 5 survivors (5120K)
 Metaspace       used 72338K, capacity 73814K, committed 73936K, reserved 1114112K
  class space    used 9059K, capacity 9613K, committed 9728K, reserved 1048576K
}
Event: 801.482 GC heap after
{Heap after GC invocations=15 (full 0):
 garbage-first heap   total 155648K, used 39091K [0x0000000082400000, 0x0000000100000000)
  region size 1024K, 6 young (6144K), 6 survivors (6144K)
 Metaspace       used 72338K, capacity 73814K, committed 73936K, reserved 1114112K
  class space    used 9059K, capacity 9613K, committed 9728K, reserved 1048576K
}
Event: 832.289 GC heap before
{Heap before GC invocations=15 (full 0):
 garbage-first heap   total 155648K, used 116915K [0x0000000082400000, 0x0000000100000000)
  region size 1024K, 52 young (53248K), 6 survivors (6144K)
 Metaspace       used 77063K, capacity 78627K, committed 78800K, reserved 1118208K
  class space    used 9584K, capacity 10167K, committed 10240K, reserved 1048576K
}
Event: 832.314 GC heap after
{Heap after GC invocations=16 (full 0):
 garbage-first heap   total 155648K, used 46888K [0x0000000082400000, 0x0000000100000000)
  region size 1024K, 7 young (7168K), 7 survivors (7168K)
 Metaspace       used 77063K, capacity 78627K, committed 78800K, reserved 1118208K
  class space    used 9584K, capacity 10167K, committed 10240K, reserved 1048576K
}
Event: 949.677 GC heap before
{Heap before GC invocations=17 (full 0):
 garbage-first heap   total 155648K, used 105256K [0x0000000082400000, 0x0000000100000000)
  region size 1024K, 38 young (38912K), 7 survivors (7168K)
 Metaspace       used 77303K, capacity 78756K, committed 79056K, reserved 1118208K
  class space    used 9599K, capacity 10169K, committed 10240K, reserved 1048576K
}
Event: 949.689 GC heap after
{Heap after GC invocations=18 (full 0):
 garbage-first heap   total 155648K, used 48725K [0x0000000082400000, 0x0000000100000000)
  region size 1024K, 4 young (4096K), 4 survivors (4096K)
 Metaspace       used 77303K, capacity 78756K, committed 79056K, reserved 1118208K
  class space    used 9599K, capacity 10169K, committed 10240K, reserved 1048576K
}
Event: 1008.418 GC heap before
{Heap before GC invocations=19 (full 0):
 garbage-first heap   total 155648K, used 89685K [0x0000000082400000, 0x0000000100000000)
  region size 1024K, 23 young (23552K), 4 survivors (4096K)
 Metaspace       used 77460K, capacity 78994K, committed 79056K, reserved 1118208K
  class space    used 9606K, capacity 10181K, committed 10240K, reserved 1048576K
}
Event: 1008.424 GC heap after
{Heap after GC invocations=20 (full 0):
 garbage-first heap   total 155648K, used 48639K [0x0000000082400000, 0x0000000100000000)
  region size 1024K, 4 young (4096K), 4 survivors (4096K)
 Metaspace       used 77460K, capacity 78994K, committed 79056K, reserved 1118208K
  class space    used 9606K, capacity 10181K, committed 10240K, reserved 1048576K
}
Event: 1135.807 GC heap before
{Heap before GC invocations=21 (full 0):
 garbage-first heap   total 155648K, used 96767K [0x0000000082400000, 0x0000000100000000)
  region size 1024K, 30 young (30720K), 4 survivors (4096K)
 Metaspace       used 77403K, capacity 78820K, committed 79056K, reserved 1118208K
  class space    used 9590K, capacity 10152K, committed 10240K, reserved 1048576K
}
Event: 1135.814 GC heap after
{Heap after GC invocations=22 (full 0):
 garbage-first heap   total 155648K, used 48670K [0x0000000082400000, 0x0000000100000000)
  region size 1024K, 4 young (4096K), 4 survivors (4096K)
 Metaspace       used 77403K, capacity 78820K, committed 79056K, reserved 1118208K
  class space    used 9590K, capacity 10152K, committed 10240K, reserved 1048576K
}

Deoptimization events (10 events):
Event: 828.965 Thread 0x000002b194315800 Uncommon trap: reason=unstable_if action=reinterpret pc=0x000002b187aefc48 method=java.lang.String.equals(Ljava/lang/Object;)Z @ 34 c2
Event: 832.003 Thread 0x000002b1fd4ed000 Uncommon trap: reason=profile_predicate action=maybe_recompile pc=0x000002b1880c4f68 method=org.springframework.web.util.UrlPathHelper.getRemainingPath(Ljava/lang/String;Ljava/lang/String;Z)Ljava/lang/String; @ 12 c2
Event: 832.003 Thread 0x000002b1fd4ed000 Uncommon trap: reason=profile_predicate action=maybe_recompile pc=0x000002b1880c4f68 method=org.springframework.web.util.UrlPathHelper.getRemainingPath(Ljava/lang/String;Ljava/lang/String;Z)Ljava/lang/String; @ 12 c2
Event: 832.003 Thread 0x000002b1fd4ed000 Uncommon trap: reason=profile_predicate action=maybe_recompile pc=0x000002b1880c4f68 method=org.springframework.web.util.UrlPathHelper.getRemainingPath(Ljava/lang/String;Ljava/lang/String;Z)Ljava/lang/String; @ 12 c2
Event: 832.003 Thread 0x000002b1fd4ed000 Uncommon trap: reason=profile_predicate action=maybe_recompile pc=0x000002b1880c4f68 method=org.springframework.web.util.UrlPathHelper.getRemainingPath(Ljava/lang/String;Ljava/lang/String;Z)Ljava/lang/String; @ 12 c2
Event: 832.655 Thread 0x000002b1fd4ee800 Uncommon trap: reason=unstable_if action=reinterpret pc=0x000002b1880df654 method=sun.nio.ch.SelectorImpl.processDeregisterQueue()V @ 60 c2
Event: 893.055 Thread 0x000002b194313000 Uncommon trap: reason=unstable_if action=reinterpret pc=0x000002b187fcb1e4 method=java.util.concurrent.locks.ReentrantLock$Sync.nonfairTryAcquire(I)Z @ 19 c2
Event: 949.388 Thread 0x000002b194315800 Uncommon trap: reason=intrinsic_or_type_checked_inlining action=make_not_entrant pc=0x000002b1880e4ef0 method=java.util.ArrayList$SubList.toArray([Ljava/lang/Object;)[Ljava/lang/Object; @ 58 c2
Event: 949.507 Thread 0x000002b19430f800 Uncommon trap: reason=unstable_if action=reinterpret pc=0x000002b187c3d538 method=sun.reflect.annotation.AnnotationType.invocationHandlerReturnType(Ljava/lang/Class;)Ljava/lang/Class; @ 54 c2
Event: 949.507 Thread 0x000002b19430f800 Uncommon trap: reason=unstable_if action=reinterpret pc=0x000002b188005cf0 method=sun.reflect.annotation.AnnotationParser.parseConst(ILjava/nio/ByteBuffer;Ljdk/internal/reflect/ConstantPool;)Ljava/lang/Object; @ 9 c2

Classes redefined (0 events):
No events

Internal exceptions (10 events):
Event: 7.460 Thread 0x000002b1fe050000 Exception <a 'java/lang/NoSuchMethodError'{0x00000000891dc130}: java.lang.invoke.DirectMethodHandle$Holder.invokeInterface(Ljava/lang/Object;Ljava/lang/Object;Ljava/lang/Object;)Ljava/lang/Object;> (0x00000000891dc130) thrown at [./open/src/hotspot/share/
Event: 7.618 Thread 0x000002b1fe050000 Exception <a 'java/lang/NoSuchMethodError'{0x00000000883b52d0}: java.lang.invoke.DirectMethodHandle$Holder.invokeInterface(Ljava/lang/Object;Ljava/lang/Object;Ljava/lang/Object;Ljava/lang/Object;)Ljava/lang/Object;> (0x00000000883b52d0) thrown at [./open/
Event: 7.752 Thread 0x000002b1fe050000 Exception <a 'java/lang/NoSuchMethodError'{0x00000000876d2940}: java.lang.invoke.DirectMethodHandle$Holder.invokeVirtual(Ljava/lang/Object;Ljava/lang/Object;I)V> (0x00000000876d2940) thrown at [./open/src/hotspot/share/interpreter/linkResolver.cpp, line 7
Event: 8.086 Thread 0x000002b1fe050000 Exception <a 'java/lang/NoSuchMethodError'{0x000000008acf6f60}: java.lang.invoke.DirectMethodHandle$Holder.newInvokeSpecial(Ljava/lang/Object;I)Ljava/lang/Object;> (0x000000008acf6f60) thrown at [./open/src/hotspot/share/interpreter/linkResolver.cpp, line
Event: 799.787 Thread 0x000002b1fd4ed000 Exception <a 'java/lang/NoSuchMethodError'{0x0000000087a10998}: java.lang.invoke.DirectMethodHandle$Holder.invokeStaticInit(Ljava/lang/Object;ILjava/lang/Object;)V> (0x0000000087a10998) thrown at [./open/src/hotspot/share/interpreter/linkResolver.cpp, lin
Event: 800.238 Thread 0x000002b1fd4ed000 Implicit null exception at 0x000002b187af5bf4 to 0x000002b187af6100
Event: 810.542 Thread 0x000002b19430f000 Exception <a 'java/lang/NoSuchMethodError'{0x000000008a039e30}: java.lang.invoke.Invokers$Holder.linkToTargetMethod(Ljava/lang/Object;Ljava/lang/Object;Ljava/lang/Object;Ljava/lang/Object;Ljava/lang/Object;Ljava/lang/Object;Ljava/lang/Object;)Ljava/lang/O
Event: 810.580 Thread 0x000002b19430f000 Exception <a 'java/lang/ClassNotFoundException'{0x0000000089f7f4a8}: java/lang/ObjectCustomizer> (0x0000000089f7f4a8) thrown at [./open/src/hotspot/share/classfile/systemDictionary.cpp, line 226]
Event: 810.583 Thread 0x000002b19430f000 Exception <a 'java/lang/ClassNotFoundException'{0x0000000089f91a10}: com/rays/common/BaseFormCustomizer> (0x0000000089f91a10) thrown at [./open/src/hotspot/share/classfile/systemDictionary.cpp, line 226]
Event: 810.586 Thread 0x000002b19430f000 Exception <a 'java/lang/ClassNotFoundException'{0x0000000089fa3d00}: com/rays/form/StateFormCustomizer> (0x0000000089fa3d00) thrown at [./open/src/hotspot/share/classfile/systemDictionary.cpp, line 226]

Events (10 events):
Event: 1008.539 Executing VM operation: CGC_Operation done
Event: 1008.562 Executing VM operation: CGC_Operation
Event: 1008.562 Executing VM operation: CGC_Operation done
Event: 1135.803 Executing VM operation: G1CollectForAllocation
Event: 1135.814 Executing VM operation: G1CollectForAllocation done
Event: 1135.860 Executing VM operation: CGC_Operation
Event: 1135.883 Executing VM operation: CGC_Operation done
Event: 1135.905 Executing VM operation: CGC_Operation
Event: 1135.910 Executing VM operation: CGC_Operation done
Event: 1135.985 Thread 0x000002b1fdd24800 Thread added: 0x000002b1fdd24800


Dynamic libraries:
0x00007ff6c6010000 - 0x00007ff6c601f000 	C:\Program Files\Java\jdk-11.0.15.1\bin\javaw.exe
0x00007ffbe97e0000 - 0x00007ffbe9a47000 	C:\WINDOWS\SYSTEM32\ntdll.dll
0x00007ffbe84d0000 - 0x00007ffbe8599000 	C:\WINDOWS\System32\KERNEL32.DLL
0x00007ffbe6920000 - 0x00007ffbe6d14000 	C:\WINDOWS\System32\KERNELBASE.dll
0x00007ffbe6d20000 - 0x00007ffbe6e6b000 	C:\WINDOWS\System32\ucrtbase.dll
0x00007ffbe0da0000 - 0x00007ffbe0db8000 	C:\Program Files\Java\jdk-11.0.15.1\bin\jli.dll
0x00007ffbe85a0000 - 0x00007ffbe8656000 	C:\WINDOWS\System32\ADVAPI32.dll
0x00007ffbe7570000 - 0x00007ffbe7619000 	C:\WINDOWS\System32\msvcrt.dll
0x00007ffbe8d50000 - 0x00007ffbe8df7000 	C:\WINDOWS\System32\sechost.dll
0x00007ffbe8660000 - 0x00007ffbe8778000 	C:\WINDOWS\System32\RPCRT4.dll
0x00007ffbe7c80000 - 0x00007ffbe7e45000 	C:\WINDOWS\System32\USER32.dll
0x00007ffbe70a0000 - 0x00007ffbe70c7000 	C:\WINDOWS\System32\win32u.dll
0x00007ffbe8f90000 - 0x00007ffbe8fbb000 	C:\WINDOWS\System32\GDI32.dll
0x00007ffbe7240000 - 0x00007ffbe736a000 	C:\WINDOWS\System32\gdi32full.dll
0x00007ffbe6e70000 - 0x00007ffbe6f13000 	C:\WINDOWS\System32\msvcp_win.dll
0x00007ffbd17f0000 - 0x00007ffbd1a83000 	C:\WINDOWS\WinSxS\amd64_microsoft.windows.common-controls_6595b64144ccf1df_6.0.26100.8115_none_3e075c82e3354f9c\COMCTL32.dll
0x00007ffbdf180000 - 0x00007ffbdf18b000 	C:\WINDOWS\SYSTEM32\VERSION.dll
0x00007ffbdaee0000 - 0x00007ffbdaef5000 	C:\Program Files\Java\jdk-11.0.15.1\bin\VCRUNTIME140.dll
0x00007ffbe9730000 - 0x00007ffbe9762000 	C:\WINDOWS\System32\IMM32.DLL
0x00007ffbd7140000 - 0x00007ffbd71db000 	C:\Program Files\Java\jdk-11.0.15.1\bin\msvcp140.dll
0x00007ffb28500000 - 0x00007ffb29016000 	C:\Program Files\Java\jdk-11.0.15.1\bin\server\jvm.dll
0x00007ffbe7a10000 - 0x00007ffbe7a18000 	C:\WINDOWS\System32\PSAPI.DLL
0x00007ffbcef40000 - 0x00007ffbcef4a000 	C:\WINDOWS\SYSTEM32\WSOCK32.dll
0x00007ffbd55f0000 - 0x00007ffbd5626000 	C:\WINDOWS\SYSTEM32\WINMM.dll
0x00007ffbe7720000 - 0x00007ffbe77a0000 	C:\WINDOWS\System32\WS2_32.dll
0x00007ffbe4e00000 - 0x00007ffbe4e1b000 	C:\WINDOWS\SYSTEM32\kernel.appcore.dll
0x00007ffbdaf00000 - 0x00007ffbdaf10000 	C:\Program Files\Java\jdk-11.0.15.1\bin\verify.dll
0x00007ffbe3f80000 - 0x00007ffbe41c2000 	C:\WINDOWS\SYSTEM32\DBGHELP.DLL
0x00007ffbe8780000 - 0x00007ffbe8b02000 	C:\WINDOWS\System32\combase.dll
0x00007ffbe7ae0000 - 0x00007ffbe7bb7000 	C:\WINDOWS\System32\OLEAUT32.dll
0x00007ffbd02b0000 - 0x00007ffbd02eb000 	C:\WINDOWS\SYSTEM32\dbgcore.DLL
0x00007ffbe70d0000 - 0x00007ffbe7175000 	C:\WINDOWS\System32\bcryptPrimitives.dll
0x00007ffbc49c0000 - 0x00007ffbc49e8000 	C:\Program Files\Java\jdk-11.0.15.1\bin\java.dll
0x00007ffbd7680000 - 0x00007ffbd768a000 	C:\Program Files\Java\jdk-11.0.15.1\bin\jimage.dll
0x00007ffbd7620000 - 0x00007ffbd7636000 	C:\Program Files\Java\jdk-11.0.15.1\bin\zip.dll
0x00007ffbe8fc0000 - 0x00007ffbe9726000 	C:\WINDOWS\System32\SHELL32.dll
0x00007ffbe7400000 - 0x00007ffbe756a000 	C:\WINDOWS\System32\wintypes.dll
0x00007ffbe60b0000 - 0x00007ffbe6915000 	C:\WINDOWS\System32\windows.storage.dll
0x00007ffbe8e00000 - 0x00007ffbe8ef7000 	C:\WINDOWS\System32\SHCORE.dll
0x00007ffbe77b0000 - 0x00007ffbe7816000 	C:\WINDOWS\System32\shlwapi.dll
0x00007ffbe5fd0000 - 0x00007ffbe5ff9000 	C:\WINDOWS\SYSTEM32\profapi.dll
0x00007ffbd72b0000 - 0x00007ffbd72c9000 	C:\Program Files\Java\jdk-11.0.15.1\bin\net.dll
0x00007ffbdeff0000 - 0x00007ffbdf11d000 	C:\WINDOWS\SYSTEM32\WINHTTP.dll
0x00007ffbe5350000 - 0x00007ffbe53bc000 	C:\WINDOWS\system32\mswsock.dll
0x00007ffbd7220000 - 0x00007ffbd7232000 	C:\Program Files\Java\jdk-11.0.15.1\bin\nio.dll
0x00007ffbdaed0000 - 0x00007ffbdaed9000 	C:\Program Files\Java\jdk-11.0.15.1\bin\management.dll
0x00007ffbdac70000 - 0x00007ffbdac7b000 	C:\Program Files\Java\jdk-11.0.15.1\bin\management_ext.dll
0x00007ffbc7360000 - 0x00007ffbc7378000 	C:\WINDOWS\system32\napinsp.dll
0x00007ffbe4870000 - 0x00007ffbe49a2000 	C:\WINDOWS\SYSTEM32\DNSAPI.dll
0x00007ffbe47c0000 - 0x00007ffbe47f2000 	C:\WINDOWS\SYSTEM32\IPHLPAPI.DLL
0x00007ffbe82e0000 - 0x00007ffbe82ea000 	C:\WINDOWS\System32\NSI.dll
0x00007ffbc6f10000 - 0x00007ffbc6f23000 	C:\WINDOWS\System32\winrnr.dll
0x00007ffbc6ee0000 - 0x00007ffbc6f02000 	C:\WINDOWS\system32\nlansp_c.dll
0x00007ffbc6ec0000 - 0x00007ffbc6ed6000 	C:\WINDOWS\system32\wshbth.dll
0x00007ffbd8490000 - 0x00007ffbd849b000 	C:\Windows\System32\rasadhlp.dll
0x00007ffbdd910000 - 0x00007ffbdd996000 	C:\WINDOWS\System32\fwpuclnt.dll
0x00007ffbe56d0000 - 0x00007ffbe56eb000 	C:\WINDOWS\SYSTEM32\CRYPTSP.dll
0x00007ffbe4d60000 - 0x00007ffbe4d99000 	C:\WINDOWS\system32\rsaenh.dll
0x00007ffbe5400000 - 0x00007ffbe5433000 	C:\WINDOWS\SYSTEM32\USERENV.dll
0x00007ffbe5fa0000 - 0x00007ffbe5fca000 	C:\WINDOWS\SYSTEM32\bcrypt.dll
0x00007ffbe55b0000 - 0x00007ffbe55bc000 	C:\WINDOWS\SYSTEM32\CRYPTBASE.dll
0x00007ffbdf970000 - 0x00007ffbdf98d000 	C:\WINDOWS\SYSTEM32\dhcpcsvc6.DLL
0x00007ffbdf940000 - 0x00007ffbdf965000 	C:\WINDOWS\SYSTEM32\dhcpcsvc.DLL
0x00007ffbb0f30000 - 0x00007ffbb0f55000 	C:\Program Files\Java\jdk-11.0.15.1\bin\sunec.dll
0x00007ffbd7670000 - 0x00007ffbd767d000 	C:\Program Files\Java\jdk-11.0.15.1\bin\sunmscapi.dll
0x00007ffbe6f20000 - 0x00007ffbe7097000 	C:\WINDOWS\System32\CRYPT32.dll
0x00007ffbe5830000 - 0x00007ffbe5860000 	C:\WINDOWS\SYSTEM32\ncrypt.dll
0x00007ffbe57e0000 - 0x00007ffbe581f000 	C:\WINDOWS\SYSTEM32\NTASN1.dll

dbghelp: loaded successfully - version: 4.0.5 - missing functions: none
symbol engine: initialized successfully - sym options: 0x614 - pdb path: .;C:\Program Files\Java\jdk-11.0.15.1\bin;C:\WINDOWS\SYSTEM32;C:\WINDOWS\WinSxS\amd64_microsoft.windows.common-controls_6595b64144ccf1df_6.0.26100.8115_none_3e075c82e3354f9c;C:\Program Files\Java\jdk-11.0.15.1\bin\server

VM Arguments:
jvm_args: -Dfile.encoding=UTF-8 
java_command: com.rays.ORSProject10Application
java_class_path (initial): C:\project-10-Jwt\ORSProject-10 JWT\target\classes;C:\Users\DELL\.m2\repository\org\springframework\boot\spring-boot-devtools\2.1.2.RELEASE\spring-boot-devtools-2.1.2.RELEASE.jar;C:\Users\DELL\.m2\repository\org\springframework\boot\spring-boot\2.1.2.RELEASE\spring-boot-2.1.2.RELEASE.jar;C:\Users\DELL\.m2\repository\org\springframework\spring-core\5.1.4.RELEASE\spring-core-5.1.4.RELEASE.jar;C:\Users\DELL\.m2\repository\org\springframework\spring-jcl\5.1.4.RELEASE\spring-jcl-5.1.4.RELEASE.jar;C:\Users\DELL\.m2\repository\org\springframework\spring-context\5.1.4.RELEASE\spring-context-5.1.4.RELEASE.jar;C:\Users\DELL\.m2\repository\org\springframework\boot\spring-boot-autoconfigure\2.1.2.RELEASE\spring-boot-autoconfigure-2.1.2.RELEASE.jar;C:\Users\DELL\.m2\repository\org\springframework\boot\spring-boot-starter-web\2.1.2.RELEASE\spring-boot-starter-web-2.1.2.RELEASE.jar;C:\Users\DELL\.m2\repository\org\springframework\boot\spring-boot-starter\2.1.2.RELEASE\spring-boot-starter-2.1.2.RELEASE.jar;C:\Users\DELL\.m2\repository\org\springframework\boot\spring-boot-starter-logging\2.1.2.RELEASE\spring-boot-starter-logging-2.1.2.RELEASE.jar;C:\Users\DELL\.m2\repository\ch\qos\logback\logback-classic\1.2.3\logback-classic-1.2.3.jar;C:\Users\DELL\.m2\repository\ch\qos\logback\logback-core\1.2.3\logback-core-1.2.3.jar;C:\Users\DELL\.m2\repository\org\apache\logging\log4j\log4j-to-slf4j\2.11.1\log4j-to-slf4j-2.11.1.jar;C:\Users\DELL\.m2\repository\org\apache\logging\log4j\log4j-api\2.11.1\log4j-api-2.11.1.jar;C:\Users\DELL\.m2\repository\org\slf4j\jul-to-slf4j\1.7.25\jul-to-slf4j-1.7.25.jar;C:\Users\DELL\.m2\repository\javax\annotation\javax.annotation-api\1.3.2\javax.annotation-api-1.3.2.jar;C:\Users\DELL\.m2\repository\org\yaml\snakeyaml\1.23\snakeyaml-1.23.jar;C:\Users\DELL\.m2\repository\org\springframework\boot\spring-boot-starter-json\2.1.2.RELEASE\spring-boot-starter-json-2.1.2.RELEASE.jar;C:\Users\DELL\.m2\repository\com\fasterxml\jackson\datat
Launcher Type: SUN_STANDARD

[Global flags]
     intx CICompilerCount                          = 4                                         {product} {ergonomic}
     uint ConcGCThreads                            = 2                                         {product} {ergonomic}
     uint G1ConcRefinementThreads                  = 8                                         {product} {ergonomic}
   size_t G1HeapRegionSize                         = 1048576                                   {product} {ergonomic}
    uintx GCDrainStackTargetSize                   = 64                                        {product} {ergonomic}
   size_t InitialHeapSize                          = 132120576                                 {product} {ergonomic}
   size_t MarkStackSize                            = 4194304                                   {product} {ergonomic}
   size_t MaxHeapSize                              = 2109734912                                {product} {ergonomic}
   size_t MaxNewSize                               = 1265631232                                {product} {ergonomic}
   size_t MinHeapDeltaBytes                        = 1048576                                   {product} {ergonomic}
    uintx NonNMethodCodeHeapSize                   = 5836300                                {pd product} {ergonomic}
    uintx NonProfiledCodeHeapSize                  = 122910970                              {pd product} {ergonomic}
    uintx ProfiledCodeHeapSize                     = 122910970                              {pd product} {ergonomic}
    uintx ReservedCodeCacheSize                    = 251658240                              {pd product} {ergonomic}
     bool SegmentedCodeCache                       = true                                      {product} {ergonomic}
     bool UseCompressedClassPointers               = true                                 {lp64_product} {ergonomic}
     bool UseCompressedOops                        = true                                 {lp64_product} {ergonomic}
     bool UseG1GC                                  = true                                      {product} {ergonomic}
     bool UseLargePagesIndividualAllocation        = false                                  {pd product} {ergonomic}

Logging:
Log output configuration:
 #0: stdout all=warning uptime,level,tags
 #1: stderr all=off uptime,level,tags

Environment Variables:
JAVA_HOME=C:\Program Files\Java\jdk-11.0.15.1
PATH=C:/Program Files/Java/jdk-11.0.15.1/bin/server;C:/Program Files/Java/jdk-11.0.15.1/bin;C:\WINDOWS\system32;C:\WINDOWS;C:\WINDOWS\System32\Wbem;C:\WINDOWS\System32\WindowsPowerShell\v1.0\;C:\WINDOWS\System32\OpenSSH\;C:\Program Files\Git\cmd;C:\Program Files\dotnet\;C:\Program Files\Docker\Docker\resources\bin;C:\Program Files\nodejs\;C:\Program Files (x86)\NVIDIA Corporation\PhysX\Common;C:\Program Files\NVIDIA Corporation\NVIDIA App\NvDLISR;C:\Program Files\Apache\Maven\bin;C:\WINDOWS\system32;C:\WINDOWS;C:\WINDOWS\System32\Wbem;C:\WINDOWS\System32\WindowsPowerShell\v1.0\;C:\WINDOWS\System32\OpenSSH\;C:\Program Files\Git\cmd;C:\Program Files\dotnet\;C:\Program Files\Docker\Docker\resources\bin;C:\Program Files\nodejs\;C:\Program Files (x86)\NVIDIA Corporation\PhysX\Common;C:\Program Files\NVIDIA Corporation\NVIDIA App\NvDLISR;C:\WINDOWS\system32;C:\WINDOWS;C:\WINDOWS\System32\Wbem;C:\WINDOWS\System32\WindowsPowerShell\v1.0\;C:\WINDOWS\System32\OpenSSH\;C:\Program Files\Git\cmd;C:\Program Files\dotnet\;C:\Program Files\Docker\Docker\resources\bin;C:\Program Files\nodejs\;C:\Program Files (x86)\NVIDIA Corporation\PhysX\Common;C:\Program Files\NVIDIA Corporation\NVIDIA App\NvDLISR;C:\Program Files\Java\jdk-11.0.15.1\bin;C:\Users\DELL\AppData\Roaming\npm;C:\Users\DELL\AppData\Local\Microsoft\WindowsApps;;C:\Users\DELL\AppData\Local\Programs\Microsoft VS Code\bin;C:\Users\DELL\AppData\Local\Programs\mongosh\;C:\Users\DELL\Downloads\eclipse-jee-2019-03-R-win32-x86_64\eclipse;
USERNAME=DELL
OS=Windows_NT
PROCESSOR_IDENTIFIER=Intel64 Family 6 Model 158 Stepping 10, GenuineIntel



---------------  S Y S T E M  ---------------

OS: Windows 11 , 64 bit Build 26100 (10.0.26100.8115)
Hyper-V role detected

CPU:total 8 (initial active 8) (4 cores per cpu, 2 threads per core) family 6 model 158 stepping 10 microcode 0xde, cmov, cx8, fxsr, mmx, sse, sse2, sse3, ssse3, sse4.1, sse4.2, popcnt, avx, avx2, aes, clmul, erms, 3dnowpref, lzcnt, ht, tsc, tscinvbit, bmi1, bmi2, adx, fma

Memory: 4k page, system-wide physical 8044M (547M free)
TotalPageFile size 32620M (AvailPageFile size 43M)
current process WorkingSet (physical memory assigned to process): 257M, peak: 368M
current process commit charge ("private bytes"): 386M, peak: 424M

vm_info: Java HotSpot(TM) 64-Bit Server VM (11.0.15.1+2-LTS-10) for windows-amd64 JRE (11.0.15.1+2-LTS-10), built on Apr 25 2022 21:51:57 by "mach5one" with MS VC++ 15.9 (VS2017)

END.
