#
# There is insufficient memory for the Java Runtime Environment to continue.
# Native memory allocation (malloc) failed to allocate 1135056 bytes for Chunk::new
# Possible reasons:
#   The system is out of physical RAM or swap space
#   The process is running with CompressedOops enabled, and the Java Heap may be blocking the growth of the native heap
# Possible solutions:
#   Reduce memory load on the system
#   Increase physical memory or swap space
#   Check if swap backing store is full
#   Decrease Java heap size (-Xmx/-Xms)
#   Decrease number of Java threads
#   Decrease Java thread stack sizes (-Xss)
#   Set larger code cache with -XX:ReservedCodeCacheSize=
#   JVM is running with Unscaled Compressed Oops mode in which the Java heap is
#     placed in the first 4GB address space. The Java Heap base address is the
#     maximum limit for the native heap growth. Please use -XX:HeapBaseMinAddress
#     to set the Java Heap base and to place the Java Heap above 4GB virtual address.
# This output file may be truncated or incomplete.
#
#  Out of Memory Error (./open/src/hotspot/share/memory/arena.cpp:197), pid=21392, tid=21484
#
# JRE version: Java(TM) SE Runtime Environment 18.9 (11.0.15.1+2) (build 11.0.15.1+2-LTS-10)
# Java VM: Java HotSpot(TM) 64-Bit Server VM 18.9 (11.0.15.1+2-LTS-10, mixed mode, tiered, compressed oops, g1 gc, windows-amd64)
# No core dump will be written. Minidumps are not enabled by default on client versions of Windows
#

---------------  S U M M A R Y ------------

Command Line: -Dfile.encoding=UTF-8 com.rays.ORSProject10Application

Host: Intel(R) Core(TM) i5-9300H CPU @ 2.40GHz, 8 cores, 7G,  Windows 11 , 64 bit Build 26100 (10.0.26100.8115)
Time: Thu Apr  9 11:40:07 2026 India Standard Time elapsed time: 4.240964 seconds (0d 0h 0m 4s)

---------------  T H R E A D  ---------------

Current thread (0x000002c1fe9b0000):  JavaThread "C2 CompilerThread0" daemon [_thread_in_native, id=21484, stack(0x000000f01a200000,0x000000f01a300000)]


Current CompileTask:
C2:   4241 3211       4       org.springframework.boot.context.properties.source.ConfigurationPropertyName$ElementsParser::parse (234 bytes)

Stack: [0x000000f01a200000,0x000000f01a300000]
Native frames: (J=compiled Java code, j=interpreted, Vv=VM code, C=native code)
V  [jvm.dll+0x629d8a]
V  [jvm.dll+0x7638ff]
V  [jvm.dll+0x764fa9]
V  [jvm.dll+0x765633]
V  [jvm.dll+0x23d9c8]
V  [jvm.dll+0xb2a1c]
V  [jvm.dll+0xb2fdc]
V  [jvm.dll+0x341002]
V  [jvm.dll+0x30e9b3]
V  [jvm.dll+0x30dcfa]
V  [jvm.dll+0x1f8565]
V  [jvm.dll+0x1f774d]
V  [jvm.dll+0x177c51]
V  [jvm.dll+0x207026]
V  [jvm.dll+0x2051bb]
V  [jvm.dll+0x729820]
V  [jvm.dll+0x7223f4]
V  [jvm.dll+0x628c26]
C  [ucrtbase.dll+0x37b0]
C  [KERNEL32.DLL+0x2e8d7]
C  [ntdll.dll+0x8c3fc]


---------------  P R O C E S S  ---------------

Threads class SMR info:
_java_thread_list=0x000002c183dfeb50, length=13, elements={
0x000002c1de3e3800, 0x000002c1fe03d000, 0x000002c1fe046000, 0x000002c1fe9a7800,
0x000002c1fe9ad000, 0x000002c1fe9ae000, 0x000002c1fe9b0000, 0x000002c1fe9bb000,
0x000002c1fe9d2000, 0x000002c1feb73000, 0x000002c1fecf8800, 0x000002c1feb76000,
0x000002c1feb73800
}

Java Threads: ( => current thread )
  0x000002c1de3e3800 JavaThread "main" [_thread_blocked, id=13132, stack(0x000000f019600000,0x000000f019700000)]
  0x000002c1fe03d000 JavaThread "Reference Handler" daemon [_thread_blocked, id=15304, stack(0x000000f019d00000,0x000000f019e00000)]
  0x000002c1fe046000 JavaThread "Finalizer" daemon [_thread_blocked, id=23544, stack(0x000000f019e00000,0x000000f019f00000)]
  0x000002c1fe9a7800 JavaThread "Signal Dispatcher" daemon [_thread_blocked, id=23396, stack(0x000000f019f00000,0x000000f01a000000)]
  0x000002c1fe9ad000 JavaThread "Attach Listener" daemon [_thread_blocked, id=21632, stack(0x000000f01a000000,0x000000f01a100000)]
  0x000002c1fe9ae000 JavaThread "Service Thread" daemon [_thread_blocked, id=21520, stack(0x000000f01a100000,0x000000f01a200000)]
=>0x000002c1fe9b0000 JavaThread "C2 CompilerThread0" daemon [_thread_in_native, id=21484, stack(0x000000f01a200000,0x000000f01a300000)]
  0x000002c1fe9bb000 JavaThread "C1 CompilerThread0" daemon [_thread_blocked, id=21968, stack(0x000000f01a300000,0x000000f01a400000)]
  0x000002c1fe9d2000 JavaThread "Sweeper thread" daemon [_thread_blocked, id=21664, stack(0x000000f01a400000,0x000000f01a500000)]
  0x000002c1feb73000 JavaThread "Common-Cleaner" daemon [_thread_blocked, id=23068, stack(0x000000f01a600000,0x000000f01a700000)]
  0x000002c1fecf8800 JavaThread "C2 CompilerThread1" daemon [_thread_in_native, id=2276, stack(0x000000f01a700000,0x000000f01a800000)]
  0x000002c1feb76000 JavaThread "Thread-0" [_thread_blocked, id=22276, stack(0x000000f01a800000,0x000000f01a900000)]
  0x000002c1feb73800 JavaThread "restartedMain" [_thread_in_vm, id=3328, stack(0x000000f01a900000,0x000000f01aa00000)]

Other Threads:
  0x000002c1fe03c800 VMThread "VM Thread" [stack: 0x000000f019c00000,0x000000f019d00000] [id=17356]
  0x000002c1feb66800 WatcherThread [stack: 0x000000f01a500000,0x000000f01a600000] [id=10780]
  0x000002c1de3fa800 GCTaskThread "GC Thread#0" [stack: 0x000000f019700000,0x000000f019800000] [id=13804]
  0x000002c1801d4000 GCTaskThread "GC Thread#1" [stack: 0x000000f01ab00000,0x000000f01ac00000] [id=16352]
  0x000002c180698000 GCTaskThread "GC Thread#2" [stack: 0x000000f01ac00000,0x000000f01ad00000] [id=13008]
  0x000002c180699000 GCTaskThread "GC Thread#3" [stack: 0x000000f01ad00000,0x000000f01ae00000] [id=20232]
  0x000002c18068e000 GCTaskThread "GC Thread#4" [stack: 0x000000f01ae00000,0x000000f01af00000] [id=2772]
  0x000002c18068f000 GCTaskThread "GC Thread#5" [stack: 0x000000f01af00000,0x000000f01b000000] [id=10400]
  0x000002c1805f0800 GCTaskThread "GC Thread#6" [stack: 0x000000f01b000000,0x000000f01b100000] [id=23404]
  0x000002c18067a000 GCTaskThread "GC Thread#7" [stack: 0x000000f01b100000,0x000000f01b200000] [id=21076]
  0x000002c1de42c800 ConcurrentGCThread "G1 Main Marker" [stack: 0x000000f019800000,0x000000f019900000] [id=16164]
  0x000002c1de42e800 ConcurrentGCThread "G1 Conc#0" [stack: 0x000000f019900000,0x000000f019a00000] [id=20864]
  0x000002c180b6b800 ConcurrentGCThread "G1 Conc#1" [stack: 0x000000f01b200000,0x000000f01b300000] [id=23024]
  0x000002c1fde77800 ConcurrentGCThread "G1 Refine#0" [stack: 0x000000f019a00000,0x000000f019b00000] [id=23152]
  0x000002c1fde82000 ConcurrentGCThread "G1 Young RemSet Sampling" [stack: 0x000000f019b00000,0x000000f019c00000] [id=21560]

Threads with active compile tasks:
C2 CompilerThread0   4275 3211       4       org.springframework.boot.context.properties.source.ConfigurationPropertyName$ElementsParser::parse (234 bytes)
C2 CompilerThread1   4275 3121       4       org.springframework.asm.ClassReader::readCode (5085 bytes)

VM state:not at safepoint (normal execution)

VM Mutex/Monitor currently owned by a thread: None

Heap address: 0x0000000082400000, size: 2012 MB, Compressed Oops mode: 32-bit
Narrow klass base: 0x0000000000000000, Narrow klass shift: 3
Compressed class space size: 1073741824 Address: 0x0000000100000000

Heap:
 garbage-first heap   total 129024K, used 52213K [0x0000000082400000, 0x0000000100000000)
  region size 1024K, 45 young (46080K), 6 survivors (6144K)
 Metaspace       used 32065K, capacity 32834K, committed 33148K, reserved 1079296K
  class space    used 3816K, capacity 4124K, committed 4224K, reserved 1048576K
Heap Regions: E=young(eden), S=young(survivor), O=old, HS=humongous(starts), HC=humongous(continues), CS=collection set, F=free, A=archive, TAMS=top-at-mark-start (previous, next)
|   0|0x0000000082400000, 0x0000000082500000, 0x0000000082500000|100%|HS|  |TAMS 0x0000000082500000, 0x0000000082400000| Complete 
|   1|0x0000000082500000, 0x0000000082600000, 0x0000000082600000|100%| O|  |TAMS 0x0000000082600000, 0x0000000082500000| Untracked 
|   2|0x0000000082600000, 0x0000000082700000, 0x0000000082700000|100%| O|  |TAMS 0x0000000082700000, 0x0000000082600000| Untracked 
|   3|0x0000000082700000, 0x0000000082800000, 0x0000000082800000|100%| O|  |TAMS 0x0000000082800000, 0x0000000082700000| Untracked 
|   4|0x0000000082800000, 0x0000000082900000, 0x0000000082900000|100%| O|  |TAMS 0x0000000082900000, 0x0000000082800000| Untracked 
|   5|0x0000000082900000, 0x0000000082a00000, 0x0000000082a00000|100%| O|  |TAMS 0x0000000082a00000, 0x0000000082900000| Untracked 
|   6|0x0000000082a00000, 0x0000000082b00000, 0x0000000082b00000|100%| O|  |TAMS 0x0000000082b00000, 0x0000000082a00000| Untracked 
|   7|0x0000000082b00000, 0x0000000082b93600, 0x0000000082c00000| 57%| O|  |TAMS 0x0000000082b93600, 0x0000000082b00000| Untracked 
|   8|0x0000000082c00000, 0x0000000082c00000, 0x0000000082d00000|  0%| F|  |TAMS 0x0000000082c00000, 0x0000000082c00000| Untracked 
|   9|0x0000000082d00000, 0x0000000082d00000, 0x0000000082e00000|  0%| F|  |TAMS 0x0000000082d00000, 0x0000000082d00000| Untracked 
|  10|0x0000000082e00000, 0x0000000082e00000, 0x0000000082f00000|  0%| F|  |TAMS 0x0000000082e00000, 0x0000000082e00000| Untracked 
|  11|0x0000000082f00000, 0x0000000082f00000, 0x0000000083000000|  0%| F|  |TAMS 0x0000000082f00000, 0x0000000082f00000| Untracked 
|  12|0x0000000083000000, 0x0000000083000000, 0x0000000083100000|  0%| F|  |TAMS 0x0000000083000000, 0x0000000083000000| Untracked 
|  13|0x0000000083100000, 0x0000000083100000, 0x0000000083200000|  0%| F|  |TAMS 0x0000000083100000, 0x0000000083100000| Untracked 
|  14|0x0000000083200000, 0x0000000083200000, 0x0000000083300000|  0%| F|  |TAMS 0x0000000083200000, 0x0000000083200000| Untracked 
|  15|0x0000000083300000, 0x0000000083300000, 0x0000000083400000|  0%| F|  |TAMS 0x0000000083300000, 0x0000000083300000| Untracked 
|  16|0x0000000083400000, 0x0000000083400000, 0x0000000083500000|  0%| F|  |TAMS 0x0000000083400000, 0x0000000083400000| Untracked 
|  17|0x0000000083500000, 0x0000000083500000, 0x0000000083600000|  0%| F|  |TAMS 0x0000000083500000, 0x0000000083500000| Untracked 
|  18|0x0000000083600000, 0x0000000083600000, 0x0000000083700000|  0%| F|  |TAMS 0x0000000083600000, 0x0000000083600000| Untracked 
|  19|0x0000000083700000, 0x0000000083700000, 0x0000000083800000|  0%| F|  |TAMS 0x0000000083700000, 0x0000000083700000| Untracked 
|  20|0x0000000083800000, 0x0000000083800000, 0x0000000083900000|  0%| F|  |TAMS 0x0000000083800000, 0x0000000083800000| Untracked 
|  21|0x0000000083900000, 0x0000000083900000, 0x0000000083a00000|  0%| F|  |TAMS 0x0000000083900000, 0x0000000083900000| Untracked 
|  22|0x0000000083a00000, 0x0000000083a00000, 0x0000000083b00000|  0%| F|  |TAMS 0x0000000083a00000, 0x0000000083a00000| Untracked 
|  23|0x0000000083b00000, 0x0000000083b00000, 0x0000000083c00000|  0%| F|  |TAMS 0x0000000083b00000, 0x0000000083b00000| Untracked 
|  24|0x0000000083c00000, 0x0000000083c00000, 0x0000000083d00000|  0%| F|  |TAMS 0x0000000083c00000, 0x0000000083c00000| Untracked 
|  25|0x0000000083d00000, 0x0000000083d00000, 0x0000000083e00000|  0%| F|  |TAMS 0x0000000083d00000, 0x0000000083d00000| Untracked 
|  26|0x0000000083e00000, 0x0000000083e00000, 0x0000000083f00000|  0%| F|  |TAMS 0x0000000083e00000, 0x0000000083e00000| Untracked 
|  27|0x0000000083f00000, 0x0000000083f00000, 0x0000000084000000|  0%| F|  |TAMS 0x0000000083f00000, 0x0000000083f00000| Untracked 
|  28|0x0000000084000000, 0x0000000084000000, 0x0000000084100000|  0%| F|  |TAMS 0x0000000084000000, 0x0000000084000000| Untracked 
|  29|0x0000000084100000, 0x0000000084100000, 0x0000000084200000|  0%| F|  |TAMS 0x0000000084100000, 0x0000000084100000| Untracked 
|  30|0x0000000084200000, 0x0000000084200000, 0x0000000084300000|  0%| F|  |TAMS 0x0000000084200000, 0x0000000084200000| Untracked 
|  31|0x0000000084300000, 0x0000000084300000, 0x0000000084400000|  0%| F|  |TAMS 0x0000000084300000, 0x0000000084300000| Untracked 
|  32|0x0000000084400000, 0x0000000084400000, 0x0000000084500000|  0%| F|  |TAMS 0x0000000084400000, 0x0000000084400000| Untracked 
|  33|0x0000000084500000, 0x0000000084500000, 0x0000000084600000|  0%| F|  |TAMS 0x0000000084500000, 0x0000000084500000| Untracked 
|  34|0x0000000084600000, 0x0000000084600000, 0x0000000084700000|  0%| F|  |TAMS 0x0000000084600000, 0x0000000084600000| Untracked 
|  35|0x0000000084700000, 0x0000000084700000, 0x0000000084800000|  0%| F|  |TAMS 0x0000000084700000, 0x0000000084700000| Untracked 
|  36|0x0000000084800000, 0x0000000084800000, 0x0000000084900000|  0%| F|  |TAMS 0x0000000084800000, 0x0000000084800000| Untracked 
|  37|0x0000000084900000, 0x0000000084900000, 0x0000000084a00000|  0%| F|  |TAMS 0x0000000084900000, 0x0000000084900000| Untracked 
|  38|0x0000000084a00000, 0x0000000084a00000, 0x0000000084b00000|  0%| F|  |TAMS 0x0000000084a00000, 0x0000000084a00000| Untracked 
|  39|0x0000000084b00000, 0x0000000084b00000, 0x0000000084c00000|  0%| F|  |TAMS 0x0000000084b00000, 0x0000000084b00000| Untracked 
|  40|0x0000000084c00000, 0x0000000084c00000, 0x0000000084d00000|  0%| F|  |TAMS 0x0000000084c00000, 0x0000000084c00000| Untracked 
|  41|0x0000000084d00000, 0x0000000084d00000, 0x0000000084e00000|  0%| F|  |TAMS 0x0000000084d00000, 0x0000000084d00000| Untracked 
|  42|0x0000000084e00000, 0x0000000084e00000, 0x0000000084f00000|  0%| F|  |TAMS 0x0000000084e00000, 0x0000000084e00000| Untracked 
|  43|0x0000000084f00000, 0x0000000084f00000, 0x0000000085000000|  0%| F|  |TAMS 0x0000000084f00000, 0x0000000084f00000| Untracked 
|  44|0x0000000085000000, 0x0000000085000000, 0x0000000085100000|  0%| F|  |TAMS 0x0000000085000000, 0x0000000085000000| Untracked 
|  45|0x0000000085100000, 0x0000000085100000, 0x0000000085200000|  0%| F|  |TAMS 0x0000000085100000, 0x0000000085100000| Untracked 
|  46|0x0000000085200000, 0x0000000085200000, 0x0000000085300000|  0%| F|  |TAMS 0x0000000085200000, 0x0000000085200000| Untracked 
|  47|0x0000000085300000, 0x0000000085300000, 0x0000000085400000|  0%| F|  |TAMS 0x0000000085300000, 0x0000000085300000| Untracked 
|  48|0x0000000085400000, 0x0000000085400000, 0x0000000085500000|  0%| F|  |TAMS 0x0000000085400000, 0x0000000085400000| Untracked 
|  49|0x0000000085500000, 0x0000000085500000, 0x0000000085600000|  0%| F|  |TAMS 0x0000000085500000, 0x0000000085500000| Untracked 
|  50|0x0000000085600000, 0x0000000085600000, 0x0000000085700000|  0%| F|  |TAMS 0x0000000085600000, 0x0000000085600000| Untracked 
|  51|0x0000000085700000, 0x0000000085700000, 0x0000000085800000|  0%| F|  |TAMS 0x0000000085700000, 0x0000000085700000| Untracked 
|  52|0x0000000085800000, 0x0000000085800000, 0x0000000085900000|  0%| F|  |TAMS 0x0000000085800000, 0x0000000085800000| Untracked 
|  53|0x0000000085900000, 0x0000000085900000, 0x0000000085a00000|  0%| F|  |TAMS 0x0000000085900000, 0x0000000085900000| Untracked 
|  54|0x0000000085a00000, 0x0000000085a69fa0, 0x0000000085b00000| 41%| S|CS|TAMS 0x0000000085a00000, 0x0000000085a00000| Complete 
|  55|0x0000000085b00000, 0x0000000085c00000, 0x0000000085c00000|100%| S|CS|TAMS 0x0000000085b00000, 0x0000000085b00000| Complete 
|  56|0x0000000085c00000, 0x0000000085d00000, 0x0000000085d00000|100%| S|CS|TAMS 0x0000000085c00000, 0x0000000085c00000| Complete 
|  57|0x0000000085d00000, 0x0000000085e00000, 0x0000000085e00000|100%| S|CS|TAMS 0x0000000085d00000, 0x0000000085d00000| Complete 
|  58|0x0000000085e00000, 0x0000000085f00000, 0x0000000085f00000|100%| S|CS|TAMS 0x0000000085e00000, 0x0000000085e00000| Complete 
|  59|0x0000000085f00000, 0x0000000086000000, 0x0000000086000000|100%| S|CS|TAMS 0x0000000085f00000, 0x0000000085f00000| Complete 
|  60|0x0000000086000000, 0x0000000086000000, 0x0000000086100000|  0%| F|  |TAMS 0x0000000086000000, 0x0000000086000000| Untracked 
|  61|0x0000000086100000, 0x0000000086100000, 0x0000000086200000|  0%| F|  |TAMS 0x0000000086100000, 0x0000000086100000| Untracked 
|  62|0x0000000086200000, 0x0000000086200000, 0x0000000086300000|  0%| F|  |TAMS 0x0000000086200000, 0x0000000086200000| Untracked 
|  63|0x0000000086300000, 0x0000000086300000, 0x0000000086400000|  0%| F|  |TAMS 0x0000000086300000, 0x0000000086300000| Untracked 
|  64|0x0000000086400000, 0x0000000086400000, 0x0000000086500000|  0%| F|  |TAMS 0x0000000086400000, 0x0000000086400000| Untracked 
|  65|0x0000000086500000, 0x0000000086500000, 0x0000000086600000|  0%| F|  |TAMS 0x0000000086500000, 0x0000000086500000| Untracked 
|  66|0x0000000086600000, 0x0000000086600000, 0x0000000086700000|  0%| F|  |TAMS 0x0000000086600000, 0x0000000086600000| Untracked 
|  67|0x0000000086700000, 0x0000000086700000, 0x0000000086800000|  0%| F|  |TAMS 0x0000000086700000, 0x0000000086700000| Untracked 
|  68|0x0000000086800000, 0x0000000086800000, 0x0000000086900000|  0%| F|  |TAMS 0x0000000086800000, 0x0000000086800000| Untracked 
|  69|0x0000000086900000, 0x0000000086900000, 0x0000000086a00000|  0%| F|  |TAMS 0x0000000086900000, 0x0000000086900000| Untracked 
|  70|0x0000000086a00000, 0x0000000086a00000, 0x0000000086b00000|  0%| F|  |TAMS 0x0000000086a00000, 0x0000000086a00000| Untracked 
|  71|0x0000000086b00000, 0x0000000086b00000, 0x0000000086c00000|  0%| F|  |TAMS 0x0000000086b00000, 0x0000000086b00000| Untracked 
|  72|0x0000000086c00000, 0x0000000086c00000, 0x0000000086d00000|  0%| F|  |TAMS 0x0000000086c00000, 0x0000000086c00000| Untracked 
|  73|0x0000000086d00000, 0x0000000086d00000, 0x0000000086e00000|  0%| F|  |TAMS 0x0000000086d00000, 0x0000000086d00000| Untracked 
|  74|0x0000000086e00000, 0x0000000086e00000, 0x0000000086f00000|  0%| F|  |TAMS 0x0000000086e00000, 0x0000000086e00000| Untracked 
|  75|0x0000000086f00000, 0x0000000086f00000, 0x0000000087000000|  0%| F|  |TAMS 0x0000000086f00000, 0x0000000086f00000| Untracked 
|  76|0x0000000087000000, 0x0000000087000000, 0x0000000087100000|  0%| F|  |TAMS 0x0000000087000000, 0x0000000087000000| Untracked 
|  77|0x0000000087100000, 0x0000000087100000, 0x0000000087200000|  0%| F|  |TAMS 0x0000000087100000, 0x0000000087100000| Untracked 
|  78|0x0000000087200000, 0x0000000087200000, 0x0000000087300000|  0%| F|  |TAMS 0x0000000087200000, 0x0000000087200000| Untracked 
|  79|0x0000000087300000, 0x0000000087300000, 0x0000000087400000|  0%| F|  |TAMS 0x0000000087300000, 0x0000000087300000| Untracked 
|  80|0x0000000087400000, 0x0000000087400000, 0x0000000087500000|  0%| F|  |TAMS 0x0000000087400000, 0x0000000087400000| Untracked 
|  81|0x0000000087500000, 0x0000000087500000, 0x0000000087600000|  0%| F|  |TAMS 0x0000000087500000, 0x0000000087500000| Untracked 
|  82|0x0000000087600000, 0x0000000087600000, 0x0000000087700000|  0%| F|  |TAMS 0x0000000087600000, 0x0000000087600000| Untracked 
|  83|0x0000000087700000, 0x0000000087700000, 0x0000000087800000|  0%| F|  |TAMS 0x0000000087700000, 0x0000000087700000| Untracked 
|  84|0x0000000087800000, 0x0000000087800000, 0x0000000087900000|  0%| F|  |TAMS 0x0000000087800000, 0x0000000087800000| Untracked 
|  85|0x0000000087900000, 0x0000000087900000, 0x0000000087a00000|  0%| F|  |TAMS 0x0000000087900000, 0x0000000087900000| Untracked 
|  86|0x0000000087a00000, 0x0000000087a80df8, 0x0000000087b00000| 50%| E|  |TAMS 0x0000000087a00000, 0x0000000087a00000| Complete 
|  87|0x0000000087b00000, 0x0000000087c00000, 0x0000000087c00000|100%| E|CS|TAMS 0x0000000087b00000, 0x0000000087b00000| Complete 
|  88|0x0000000087c00000, 0x0000000087d00000, 0x0000000087d00000|100%| E|CS|TAMS 0x0000000087c00000, 0x0000000087c00000| Complete 
|  89|0x0000000087d00000, 0x0000000087e00000, 0x0000000087e00000|100%| E|CS|TAMS 0x0000000087d00000, 0x0000000087d00000| Complete 
|  90|0x0000000087e00000, 0x0000000087f00000, 0x0000000087f00000|100%| E|CS|TAMS 0x0000000087e00000, 0x0000000087e00000| Complete 
|  91|0x0000000087f00000, 0x0000000088000000, 0x0000000088000000|100%| E|CS|TAMS 0x0000000087f00000, 0x0000000087f00000| Complete 
|  92|0x0000000088000000, 0x0000000088100000, 0x0000000088100000|100%| E|CS|TAMS 0x0000000088000000, 0x0000000088000000| Complete 
|  93|0x0000000088100000, 0x0000000088200000, 0x0000000088200000|100%| E|CS|TAMS 0x0000000088100000, 0x0000000088100000| Complete 
|  94|0x0000000088200000, 0x0000000088300000, 0x0000000088300000|100%| E|CS|TAMS 0x0000000088200000, 0x0000000088200000| Complete 
|  95|0x0000000088300000, 0x0000000088400000, 0x0000000088400000|100%| E|CS|TAMS 0x0000000088300000, 0x0000000088300000| Complete 
|  96|0x0000000088400000, 0x0000000088500000, 0x0000000088500000|100%| E|CS|TAMS 0x0000000088400000, 0x0000000088400000| Complete 
|  97|0x0000000088500000, 0x0000000088600000, 0x0000000088600000|100%| E|CS|TAMS 0x0000000088500000, 0x0000000088500000| Complete 
|  98|0x0000000088600000, 0x0000000088700000, 0x0000000088700000|100%| E|CS|TAMS 0x0000000088600000, 0x0000000088600000| Complete 
|  99|0x0000000088700000, 0x0000000088800000, 0x0000000088800000|100%| E|CS|TAMS 0x0000000088700000, 0x0000000088700000| Complete 
| 100|0x0000000088800000, 0x0000000088900000, 0x0000000088900000|100%| E|CS|TAMS 0x0000000088800000, 0x0000000088800000| Complete 
| 101|0x0000000088900000, 0x0000000088a00000, 0x0000000088a00000|100%| E|CS|TAMS 0x0000000088900000, 0x0000000088900000| Complete 
| 102|0x0000000088a00000, 0x0000000088b00000, 0x0000000088b00000|100%| E|CS|TAMS 0x0000000088a00000, 0x0000000088a00000| Complete 
| 103|0x0000000088b00000, 0x0000000088c00000, 0x0000000088c00000|100%| E|CS|TAMS 0x0000000088b00000, 0x0000000088b00000| Complete 
| 104|0x0000000088c00000, 0x0000000088d00000, 0x0000000088d00000|100%| E|CS|TAMS 0x0000000088c00000, 0x0000000088c00000| Complete 
| 105|0x0000000088d00000, 0x0000000088e00000, 0x0000000088e00000|100%| E|CS|TAMS 0x0000000088d00000, 0x0000000088d00000| Complete 
| 106|0x0000000088e00000, 0x0000000088f00000, 0x0000000088f00000|100%| E|CS|TAMS 0x0000000088e00000, 0x0000000088e00000| Complete 
| 107|0x0000000088f00000, 0x0000000089000000, 0x0000000089000000|100%| E|CS|TAMS 0x0000000088f00000, 0x0000000088f00000| Complete 
| 108|0x0000000089000000, 0x0000000089100000, 0x0000000089100000|100%| E|CS|TAMS 0x0000000089000000, 0x0000000089000000| Complete 
| 109|0x0000000089100000, 0x0000000089200000, 0x0000000089200000|100%| E|CS|TAMS 0x0000000089100000, 0x0000000089100000| Complete 
| 110|0x0000000089200000, 0x0000000089300000, 0x0000000089300000|100%| E|CS|TAMS 0x0000000089200000, 0x0000000089200000| Complete 
| 111|0x0000000089300000, 0x0000000089400000, 0x0000000089400000|100%| E|CS|TAMS 0x0000000089300000, 0x0000000089300000| Complete 
| 112|0x0000000089400000, 0x0000000089500000, 0x0000000089500000|100%| E|CS|TAMS 0x0000000089400000, 0x0000000089400000| Complete 
| 113|0x0000000089500000, 0x0000000089600000, 0x0000000089600000|100%| E|CS|TAMS 0x0000000089500000, 0x0000000089500000| Complete 
| 114|0x0000000089600000, 0x0000000089700000, 0x0000000089700000|100%| E|CS|TAMS 0x0000000089600000, 0x0000000089600000| Complete 
| 115|0x0000000089700000, 0x0000000089800000, 0x0000000089800000|100%| E|CS|TAMS 0x0000000089700000, 0x0000000089700000| Complete 
| 116|0x0000000089800000, 0x0000000089900000, 0x0000000089900000|100%| E|CS|TAMS 0x0000000089800000, 0x0000000089800000| Complete 
| 117|0x0000000089900000, 0x0000000089a00000, 0x0000000089a00000|100%| E|CS|TAMS 0x0000000089900000, 0x0000000089900000| Complete 
| 118|0x0000000089a00000, 0x0000000089b00000, 0x0000000089b00000|100%| E|CS|TAMS 0x0000000089a00000, 0x0000000089a00000| Complete 
| 119|0x0000000089b00000, 0x0000000089c00000, 0x0000000089c00000|100%| E|CS|TAMS 0x0000000089b00000, 0x0000000089b00000| Complete 
| 120|0x0000000089c00000, 0x0000000089d00000, 0x0000000089d00000|100%| E|CS|TAMS 0x0000000089c00000, 0x0000000089c00000| Complete 
| 121|0x0000000089d00000, 0x0000000089e00000, 0x0000000089e00000|100%| E|CS|TAMS 0x0000000089d00000, 0x0000000089d00000| Complete 
| 122|0x0000000089e00000, 0x0000000089f00000, 0x0000000089f00000|100%| E|CS|TAMS 0x0000000089e00000, 0x0000000089e00000| Complete 
| 123|0x0000000089f00000, 0x000000008a000000, 0x000000008a000000|100%| E|CS|TAMS 0x0000000089f00000, 0x0000000089f00000| Complete 
| 124|0x000000008a000000, 0x000000008a100000, 0x000000008a100000|100%| E|CS|TAMS 0x000000008a000000, 0x000000008a000000| Complete 
| 125|0x000000008a100000, 0x000000008a200000, 0x000000008a200000|100%| E|CS|TAMS 0x000000008a100000, 0x000000008a100000| Complete 

Card table byte_map: [0x000002c1f6e80000,0x000002c1f7270000] _byte_map_base: 0x000002c1f6a6e000

Marking Bits (Prev, Next): (CMBitMap*) 0x000002c1de423c00, (CMBitMap*) 0x000002c1de423bc8
 Prev Bits: [0x000002c1f95d0000, 0x000002c1fb540000)
 Next Bits: [0x000002c1f7660000, 0x000002c1f95d0000)

Polling page: 0x000002c1de0f0000

Metaspace:

Usage:
  Non-class:     28.04 MB capacity,    27.59 MB ( 98%) used,   369.94 KB (  1%) free+waste,    83.06 KB ( <1%) overhead. 
      Class:      4.03 MB capacity,     3.73 MB ( 93%) used,   262.93 KB (  6%) free+waste,    41.00 KB ( <1%) overhead. 
       Both:     32.06 MB capacity,    31.33 MB ( 98%) used,   632.87 KB (  2%) free+waste,   124.06 KB ( <1%) overhead. 

Virtual space:
  Non-class space:       30.00 MB reserved,      28.25 MB ( 94%) committed 
      Class space:        1.00 GB reserved,       4.13 MB ( <1%) committed 
             Both:        1.03 GB reserved,      32.37 MB (  3%) committed 

Chunk freelists:
   Non-Class:  2.75 KB
       Class:  512 bytes
        Both:  3.25 KB

CodeHeap 'non-profiled nmethods': size=120000Kb used=1618Kb max_used=1618Kb free=118381Kb
 bounds [0x000002c1eeb00000, 0x000002c1eed70000, 0x000002c1f6030000]
CodeHeap 'profiled nmethods': size=120000Kb used=7384Kb max_used=7384Kb free=112615Kb
 bounds [0x000002c1e75d0000, 0x000002c1e7d10000, 0x000002c1eeb00000]
CodeHeap 'non-nmethods': size=5760Kb used=1142Kb max_used=1213Kb free=4617Kb
 bounds [0x000002c1e7030000, 0x000002c1e72a0000, 0x000002c1e75d0000]
 total_blobs=3733 nmethods=3261 adapters=383
 compilation: enabled
              stopped_count=0, restarted_count=0
 full_count=0

Compilation events (10 events):
Event: 3.223 Thread 0x000002c1818af000 nmethod 3236 0x000002c1eec93190 code [0x000002c1eec93340, 0x000002c1eec93a78]
Event: 3.223 Thread 0x000002c1818af000 3239       4       org.springframework.beans.factory.support.AbstractAutowireCapableBeanFactory::determineTargetType (60 bytes)
Event: 3.226 Thread 0x000002c1fe9bb000 nmethod 3244 0x000002c1e7cecd90 code [0x000002c1e7ced140, 0x000002c1e7ceef88]
Event: 3.226 Thread 0x000002c1fe9bb000 3245       3       java.util.stream.Sink$ChainedReference::<init> (16 bytes)
Event: 3.227 Thread 0x000002c1fe9bb000 nmethod 3245 0x000002c1e7cef810 code [0x000002c1e7cef9e0, 0x000002c1e7cefde8]
Event: 3.227 Thread 0x000002c1fe9bb000 3246       3       java.util.stream.Sink$ChainedReference::end (10 bytes)
Event: 3.227 Thread 0x000002c1fe9bb000 nmethod 3246 0x000002c1e7ceff10 code [0x000002c1e7cf00c0, 0x000002c1e7cf0288]
Event: 3.229 Thread 0x000002c1818af000 nmethod 3239 0x000002c1eec93f10 code [0x000002c1eec940a0, 0x000002c1eec942d8]
Event: 3.232 Thread 0x000002c1fe9bb000 3247       3       java.util.Collections$EmptySet::toArray (11 bytes)
Event: 3.232 Thread 0x000002c1fe9bb000 nmethod 3247 0x000002c1e7cf0390 code [0x000002c1e7cf0540, 0x000002c1e7cf0818]

GC Heap History (8 events):
Event: 0.962 GC heap before
{Heap before GC invocations=0 (full 0):
 garbage-first heap   total 129024K, used 24576K [0x0000000082400000, 0x0000000100000000)
  region size 1024K, 24 young (24576K), 0 survivors (0K)
 Metaspace       used 13393K, capacity 13648K, committed 13824K, reserved 1060864K
  class space    used 1341K, capacity 1431K, committed 1536K, reserved 1048576K
}
Event: 0.968 GC heap after
{Heap after GC invocations=1 (full 0):
 garbage-first heap   total 129024K, used 7977K [0x0000000082400000, 0x0000000100000000)
  region size 1024K, 3 young (3072K), 3 survivors (3072K)
 Metaspace       used 13393K, capacity 13648K, committed 13824K, reserved 1060864K
  class space    used 1341K, capacity 1431K, committed 1536K, reserved 1048576K
}
Event: 1.171 GC heap before
{Heap before GC invocations=1 (full 0):
 garbage-first heap   total 129024K, used 29481K [0x0000000082400000, 0x0000000100000000)
  region size 1024K, 24 young (24576K), 3 survivors (3072K)
 Metaspace       used 17553K, capacity 17829K, committed 18048K, reserved 1064960K
  class space    used 1970K, capacity 2081K, committed 2176K, reserved 1048576K
}
Event: 1.174 GC heap after
{Heap after GC invocations=2 (full 0):
 garbage-first heap   total 129024K, used 8903K [0x0000000082400000, 0x0000000100000000)
  region size 1024K, 2 young (2048K), 2 survivors (2048K)
 Metaspace       used 17553K, capacity 17829K, committed 18048K, reserved 1064960K
  class space    used 1970K, capacity 2081K, committed 2176K, reserved 1048576K
}
Event: 1.353 GC heap before
{Heap before GC invocations=2 (full 0):
 garbage-first heap   total 129024K, used 25287K [0x0000000082400000, 0x0000000100000000)
  region size 1024K, 19 young (19456K), 2 survivors (2048K)
 Metaspace       used 20766K, capacity 21138K, committed 21248K, reserved 1069056K
  class space    used 2397K, capacity 2553K, committed 2560K, reserved 1048576K
}
Event: 1.356 GC heap after
{Heap after GC invocations=3 (full 0):
 garbage-first heap   total 129024K, used 9558K [0x0000000082400000, 0x0000000100000000)
  region size 1024K, 2 young (2048K), 2 survivors (2048K)
 Metaspace       used 20766K, capacity 21138K, committed 21248K, reserved 1069056K
  class space    used 2397K, capacity 2553K, committed 2560K, reserved 1048576K
}
Event: 2.512 GC heap before
{Heap before GC invocations=4 (full 0):
 garbage-first heap   total 129024K, used 75094K [0x0000000082400000, 0x0000000100000000)
  region size 1024K, 66 young (67584K), 2 survivors (2048K)
 Metaspace       used 29275K, capacity 29952K, committed 30076K, reserved 1075200K
  class space    used 3428K, capacity 3706K, committed 3712K, reserved 1048576K
}
Event: 2.518 GC heap after
{Heap after GC invocations=5 (full 0):
 garbage-first heap   total 129024K, used 13301K [0x0000000082400000, 0x0000000100000000)
  region size 1024K, 6 young (6144K), 6 survivors (6144K)
 Metaspace       used 29275K, capacity 29952K, committed 30076K, reserved 1075200K
  class space    used 3428K, capacity 3706K, committed 3712K, reserved 1048576K
}

Deoptimization events (10 events):
Event: 2.682 Thread 0x000002c1feb73800 Uncommon trap: reason=profile_predicate action=maybe_recompile pc=0x000002c1eec2bbd4 method=org.springframework.asm.ClassReader.readCode(Lorg/springframework/asm/MethodVisitor;Lorg/springframework/asm/Context;I)V @ 2164 c2
Event: 2.861 Thread 0x000002c1feb73800 Uncommon trap: reason=profile_predicate action=maybe_recompile pc=0x000002c1eec52ae4 method=org.springframework.boot.context.properties.source.ConfigurationPropertyName$Elements.canShortcutWithSource(Lorg/springframework/boot/context/properties/source/Con
Event: 2.861 Thread 0x000002c1feb73800 Uncommon trap: reason=profile_predicate action=maybe_recompile pc=0x000002c1eec52ae4 method=org.springframework.boot.context.properties.source.ConfigurationPropertyName$Elements.canShortcutWithSource(Lorg/springframework/boot/context/properties/source/Con
Event: 2.861 Thread 0x000002c1feb73800 Uncommon trap: reason=profile_predicate action=maybe_recompile pc=0x000002c1eec52ae4 method=org.springframework.boot.context.properties.source.ConfigurationPropertyName$Elements.canShortcutWithSource(Lorg/springframework/boot/context/properties/source/Con
Event: 2.861 Thread 0x000002c1feb73800 Uncommon trap: reason=profile_predicate action=maybe_recompile pc=0x000002c1eec52ae4 method=org.springframework.boot.context.properties.source.ConfigurationPropertyName$Elements.canShortcutWithSource(Lorg/springframework/boot/context/properties/source/Con
Event: 2.874 Thread 0x000002c1feb73800 Uncommon trap: reason=intrinsic_or_type_checked_inlining action=make_not_entrant pc=0x000002c1eec3ce70 method=java.util.ArrayList.toArray([Ljava/lang/Object;)[Ljava/lang/Object; @ 36 c2
Event: 2.967 Thread 0x000002c1feb73800 Uncommon trap: reason=profile_predicate action=maybe_recompile pc=0x000002c1eec2bbd4 method=org.springframework.asm.ClassReader.readCode(Lorg/springframework/asm/MethodVisitor;Lorg/springframework/asm/Context;I)V @ 2164 c2
Event: 2.967 Thread 0x000002c1feb73800 Uncommon trap: reason=profile_predicate action=maybe_recompile pc=0x000002c1eec2bbd4 method=org.springframework.asm.ClassReader.readCode(Lorg/springframework/asm/MethodVisitor;Lorg/springframework/asm/Context;I)V @ 2164 c2
Event: 3.148 Thread 0x000002c1feb73800 Uncommon trap: reason=predicate action=maybe_recompile pc=0x000002c1eec8b354 method=java.util.AbstractCollection.toArray([Ljava/lang/Object;)[Ljava/lang/Object; @ 43 c2
Event: 3.196 Thread 0x000002c1feb73800 Uncommon trap: reason=class_check action=make_not_entrant pc=0x000002c1eec9235c method=java.util.ArrayList.toArray([Ljava/lang/Object;)[Ljava/lang/Object; @ 21 c2

Classes redefined (0 events):
No events

Internal exceptions (10 events):
Event: 1.594 Thread 0x000002c1feb75800 Exception <a 'java/lang/IncompatibleClassChangeError'{0x0000000088863ed8}: Found class java.lang.Object, but interface was expected> (0x0000000088863ed8) thrown at [./open/src/hotspot/share/interpreter/linkResolver.cpp, line 838]
Event: 1.597 Thread 0x000002c1feb75800 Exception <a 'java/lang/NoSuchMethodError'{0x00000000888870f8}: java.lang.invoke.DirectMethodHandle$Holder.invokeVirtual(Ljava/lang/Object;Ljava/lang/Object;Ljava/lang/Object;Ljava/lang/Object;)Ljava/lang/Object;> (0x00000000888870f8) thrown at [./open/sr
Event: 1.880 Thread 0x000002c1feb75800 Exception <a 'java/lang/IncompatibleClassChangeError'{0x0000000087eb7e90}: Found class java.lang.Object, but interface was expected> (0x0000000087eb7e90) thrown at [./open/src/hotspot/share/interpreter/linkResolver.cpp, line 838]
Event: 1.926 Thread 0x000002c1feb75800 Exception <a 'java/lang/NoSuchMethodError'{0x0000000087bfa7e8}: java.lang.invoke.DirectMethodHandle$Holder.invokeStatic(Ljava/lang/Object;Ljava/lang/Object;Ljava/lang/Object;Ljava/lang/Object;Ljava/lang/Object;Ljava/lang/Object;Ljava/lang/Object;Ljava/lan
Event: 1.928 Thread 0x000002c1feb75800 Exception <a 'java/lang/NoSuchMethodError'{0x0000000087918c00}: java.lang.invoke.DirectMethodHandle$Holder.invokeStatic(Ljava/lang/Object;Ljava/lang/Object;Ljava/lang/Object;Ljava/lang/Object;Ljava/lang/Object;Ljava/lang/Object;Ljava/lang/Object;Ljava/lan
Event: 1.930 Thread 0x000002c1feb75800 Exception <a 'java/lang/NoSuchMethodError'{0x0000000087937c30}: java.lang.invoke.DirectMethodHandle$Holder.invokeStatic(Ljava/lang/Object;Ljava/lang/Object;Ljava/lang/Object;Ljava/lang/Object;Ljava/lang/Object;Ljava/lang/Object;Ljava/lang/Object;Ljava/lan
Event: 1.932 Thread 0x000002c1feb75800 Exception <a 'java/lang/NoSuchMethodError'{0x0000000087958388}: java.lang.invoke.DirectMethodHandle$Holder.invokeStatic(Ljava/lang/Object;Ljava/lang/Object;Ljava/lang/Object;Ljava/lang/Object;Ljava/lang/Object;Ljava/lang/Object;Ljava/lang/Object;Ljava/lan
Event: 2.271 Thread 0x000002c1feb73800 Exception <a 'java/lang/IncompatibleClassChangeError'{0x0000000086be73b8}: Found class java.lang.Object, but interface was expected> (0x0000000086be73b8) thrown at [./open/src/hotspot/share/interpreter/linkResolver.cpp, line 838]
Event: 2.700 Thread 0x000002c1feb73800 Exception <a 'java/lang/NoSuchMethodError'{0x00000000891523e8}: java.lang.invoke.DirectMethodHandle$Holder.invokeInterface(Ljava/lang/Object;Ljava/lang/Object;Ljava/lang/Object;Ljava/lang/Object;)V> (0x00000000891523e8) thrown at [./open/src/hotspot/share
Event: 2.726 Thread 0x000002c1feb73800 Exception <a 'java/lang/NoSuchMethodError'{0x0000000088f641a0}: java.lang.invoke.DirectMethodHandle$Holder.invokeSpecial(Ljava/lang/Object;Ljava/lang/Object;Ljava/lang/Object;Ljava/lang/Object;Ljava/lang/Object;)I> (0x0000000088f641a0) thrown at [./open/s

Events (10 events):
Event: 3.234 loading class org/springframework/boot/web/server/Http2
Event: 3.234 loading class org/springframework/boot/web/server/Http2 done
Event: 3.235 loading class org/springframework/boot/web/server/Compression
Event: 3.235 loading class org/springframework/boot/web/server/Compression done
Event: 3.235 loading class org/springframework/boot/autoconfigure/web/ServerProperties$Undertow
Event: 3.235 loading class org/springframework/boot/autoconfigure/web/ServerProperties$Undertow done
Event: 3.235 loading class org/springframework/boot/autoconfigure/web/ServerProperties$Tomcat
Event: 3.235 loading class org/springframework/boot/autoconfigure/web/ServerProperties$Tomcat done
Event: 3.236 loading class org/springframework/boot/autoconfigure/http/HttpProperties$Encoding
Event: 3.236 loading class org/springframework/boot/autoconfigure/http/HttpProperties$Encoding done


Dynamic libraries:
0x00007ff777230000 - 0x00007ff77723f000 	C:\Program Files\Java\jdk-11.0.15.1\bin\javaw.exe
0x00007ff95dcc0000 - 0x00007ff95df27000 	C:\WINDOWS\SYSTEM32\ntdll.dll
0x00007ff95c650000 - 0x00007ff95c719000 	C:\WINDOWS\System32\KERNEL32.DLL
0x00007ff95a790000 - 0x00007ff95ab84000 	C:\WINDOWS\System32\KERNELBASE.dll
0x00007ff95a590000 - 0x00007ff95a6db000 	C:\WINDOWS\System32\ucrtbase.dll
0x00007ff94ba70000 - 0x00007ff94ba88000 	C:\Program Files\Java\jdk-11.0.15.1\bin\jli.dll
0x00007ff94c170000 - 0x00007ff94c185000 	C:\Program Files\Java\jdk-11.0.15.1\bin\VCRUNTIME140.dll
0x00007ff95bcf0000 - 0x00007ff95bda6000 	C:\WINDOWS\System32\ADVAPI32.dll
0x00007ff95c5a0000 - 0x00007ff95c649000 	C:\WINDOWS\System32\msvcrt.dll
0x00007ff95d130000 - 0x00007ff95d1d7000 	C:\WINDOWS\System32\sechost.dll
0x00007ff95cda0000 - 0x00007ff95ceb8000 	C:\WINDOWS\System32\RPCRT4.dll
0x00007ff95cb60000 - 0x00007ff95cd25000 	C:\WINDOWS\System32\USER32.dll
0x00007ff95ba20000 - 0x00007ff95ba47000 	C:\WINDOWS\System32\win32u.dll
0x00007ff95d100000 - 0x00007ff95d12b000 	C:\WINDOWS\System32\GDI32.dll
0x00007ff95ab90000 - 0x00007ff95acba000 	C:\WINDOWS\System32\gdi32full.dll
0x00007ff95a6e0000 - 0x00007ff95a783000 	C:\WINDOWS\System32\msvcp_win.dll
0x00007ff945100000 - 0x00007ff945393000 	C:\WINDOWS\WinSxS\amd64_microsoft.windows.common-controls_6595b64144ccf1df_6.0.26100.8115_none_3e075c82e3354f9c\COMCTL32.dll
0x00007ff953200000 - 0x00007ff95320b000 	C:\WINDOWS\SYSTEM32\VERSION.dll
0x00007ff95bc10000 - 0x00007ff95bc42000 	C:\WINDOWS\System32\IMM32.DLL
0x00007ff94b690000 - 0x00007ff94b72b000 	C:\Program Files\Java\jdk-11.0.15.1\bin\msvcp140.dll
0x00007ff8e0700000 - 0x00007ff8e1216000 	C:\Program Files\Java\jdk-11.0.15.1\bin\server\jvm.dll
0x00007ff95bc50000 - 0x00007ff95bc58000 	C:\WINDOWS\System32\PSAPI.DLL
0x00007ff94a650000 - 0x00007ff94a686000 	C:\WINDOWS\SYSTEM32\WINMM.dll
0x00007ff937820000 - 0x00007ff93782a000 	C:\WINDOWS\SYSTEM32\WSOCK32.dll
0x00007ff95bc60000 - 0x00007ff95bce0000 	C:\WINDOWS\System32\WS2_32.dll
0x00007ff9592e0000 - 0x00007ff9592fb000 	C:\WINDOWS\SYSTEM32\kernel.appcore.dll
0x00007ff939cb0000 - 0x00007ff939cc0000 	C:\Program Files\Java\jdk-11.0.15.1\bin\verify.dll
0x00007ff9584a0000 - 0x00007ff9586e2000 	C:\WINDOWS\SYSTEM32\DBGHELP.DLL
0x00007ff95d8f0000 - 0x00007ff95dc72000 	C:\WINDOWS\System32\combase.dll
0x00007ff95ca60000 - 0x00007ff95cb37000 	C:\WINDOWS\System32\OLEAUT32.dll
0x00007ff94eda0000 - 0x00007ff94eddb000 	C:\WINDOWS\SYSTEM32\dbgcore.DLL
0x00007ff95b760000 - 0x00007ff95b805000 	C:\WINDOWS\System32\bcryptPrimitives.dll
0x00007ff939060000 - 0x00007ff939088000 	C:\Program Files\Java\jdk-11.0.15.1\bin\java.dll
0x00007ff939ca0000 - 0x00007ff939caa000 	C:\Program Files\Java\jdk-11.0.15.1\bin\jimage.dll
0x00007ff939040000 - 0x00007ff939056000 	C:\Program Files\Java\jdk-11.0.15.1\bin\zip.dll
0x00007ff95bdb0000 - 0x00007ff95c516000 	C:\WINDOWS\System32\SHELL32.dll
0x00007ff95acc0000 - 0x00007ff95ae2a000 	C:\WINDOWS\System32\wintypes.dll
0x00007ff95ae30000 - 0x00007ff95b695000 	C:\WINDOWS\System32\windows.storage.dll
0x00007ff95bb10000 - 0x00007ff95bc07000 	C:\WINDOWS\System32\SHCORE.dll
0x00007ff95cd30000 - 0x00007ff95cd96000 	C:\WINDOWS\System32\shlwapi.dll
0x00007ff95a4b0000 - 0x00007ff95a4d9000 	C:\WINDOWS\SYSTEM32\profapi.dll
0x00007ff9259c0000 - 0x00007ff9259d9000 	C:\Program Files\Java\jdk-11.0.15.1\bin\net.dll
0x00007ff9537a0000 - 0x00007ff9538cd000 	C:\WINDOWS\SYSTEM32\WINHTTP.dll
0x00007ff959830000 - 0x00007ff95989c000 	C:\WINDOWS\system32\mswsock.dll
0x00007ff9259a0000 - 0x00007ff9259b2000 	C:\Program Files\Java\jdk-11.0.15.1\bin\nio.dll
0x00007ff94c160000 - 0x00007ff94c169000 	C:\Program Files\Java\jdk-11.0.15.1\bin\management.dll
0x00007ff94ba60000 - 0x00007ff94ba6b000 	C:\Program Files\Java\jdk-11.0.15.1\bin\management_ext.dll
0x00007ff939d30000 - 0x00007ff939d48000 	C:\WINDOWS\system32\napinsp.dll
0x00007ff958d50000 - 0x00007ff958e82000 	C:\WINDOWS\SYSTEM32\DNSAPI.dll
0x00007ff958ca0000 - 0x00007ff958cd2000 	C:\WINDOWS\SYSTEM32\IPHLPAPI.DLL
0x00007ff95cb40000 - 0x00007ff95cb4a000 	C:\WINDOWS\System32\NSI.dll
0x00007ff939c60000 - 0x00007ff939c73000 	C:\WINDOWS\System32\winrnr.dll
0x00007ff939c30000 - 0x00007ff939c52000 	C:\WINDOWS\system32\nlansp_c.dll
0x00007ff939580000 - 0x00007ff939596000 	C:\WINDOWS\system32\wshbth.dll
0x00007ff94caf0000 - 0x00007ff94cafb000 	C:\Windows\System32\rasadhlp.dll
0x00007ff953170000 - 0x00007ff9531f6000 	C:\WINDOWS\System32\fwpuclnt.dll

dbghelp: loaded successfully - version: 4.0.5 - missing functions: none
symbol engine: initialized successfully - sym options: 0x614 - pdb path: .;C:\Program Files\Java\jdk-11.0.15.1\bin;C:\WINDOWS\SYSTEM32;C:\WINDOWS\WinSxS\amd64_microsoft.windows.common-controls_6595b64144ccf1df_6.0.26100.8115_none_3e075c82e3354f9c;C:\Program Files\Java\jdk-11.0.15.1\bin\server

VM Arguments:
jvm_args: -Dfile.encoding=UTF-8 
java_command: com.rays.ORSProject10Application
java_class_path (initial): C:\project-10-Jwt\ORSProject-10 JWT\target\classes;C:\Users\DELL\.m2\repository\org\springframework\boot\spring-boot-devtools\2.1.2.RELEASE\spring-boot-devtools-2.1.2.RELEASE.jar;C:\Users\DELL\.m2\repository\org\springframework\boot\spring-boot\2.1.2.RELEASE\spring-boot-2.1.2.RELEASE.jar;C:\Users\DELL\.m2\repository\org\springframework\spring-core\5.1.4.RELEASE\spring-core-5.1.4.RELEASE.jar;C:\Users\DELL\.m2\repository\org\springframework\spring-jcl\5.1.4.RELEASE\spring-jcl-5.1.4.RELEASE.jar;C:\Users\DELL\.m2\repository\org\springframework\spring-context\5.1.4.RELEASE\spring-context-5.1.4.RELEASE.jar;C:\Users\DELL\.m2\repository\org\springframework\boot\spring-boot-autoconfigure\2.1.2.RELEASE\spring-boot-autoconfigure-2.1.2.RELEASE.jar;C:\Users\DELL\.m2\repository\org\springframework\boot\spring-boot-starter-web\2.1.2.RELEASE\spring-boot-starter-web-2.1.2.RELEASE.jar;C:\Users\DELL\.m2\repository\org\springframework\boot\spring-boot-starter\2.1.2.RELEASE\spring-boot-starter-2.1.2.RELEASE.jar;C:\Users\DELL\.m2\repository\org\springframework\boot\spring-boot-starter-logging\2.1.2.RELEASE\spring-boot-starter-logging-2.1.2.RELEASE.jar;C:\Users\DELL\.m2\repository\ch\qos\logback\logback-classic\1.2.3\logback-classic-1.2.3.jar;C:\Users\DELL\.m2\repository\ch\qos\logback\logback-core\1.2.3\logback-core-1.2.3.jar;C:\Users\DELL\.m2\repository\org\apache\logging\log4j\log4j-to-slf4j\2.11.1\log4j-to-slf4j-2.11.1.jar;C:\Users\DELL\.m2\repository\org\apache\logging\log4j\log4j-api\2.11.1\log4j-api-2.11.1.jar;C:\Users\DELL\.m2\repository\org\slf4j\jul-to-slf4j\1.7.25\jul-to-slf4j-1.7.25.jar;C:\Users\DELL\.m2\repository\javax\annotation\javax.annotation-api\1.3.2\javax.annotation-api-1.3.2.jar;C:\Users\DELL\.m2\repository\org\yaml\snakeyaml\1.23\snakeyaml-1.23.jar;C:\Users\DELL\.m2\repository\org\springframework\boot\spring-boot-starter-json\2.1.2.RELEASE\spring-boot-starter-json-2.1.2.RELEASE.jar;C:\Users\DELL\.m2\repository\com\fasterxml\jackson\datat
Launcher Type: SUN_STANDARD

[Global flags]
     intx CICompilerCount                          = 4                                         {product} {ergonomic}
     uint ConcGCThreads                            = 2                                         {product} {ergonomic}
     uint G1ConcRefinementThreads                  = 8                                         {product} {ergonomic}
   size_t G1HeapRegionSize                         = 1048576                                   {product} {ergonomic}
    uintx GCDrainStackTargetSize                   = 64                                        {product} {ergonomic}
   size_t InitialHeapSize                          = 132120576                                 {product} {ergonomic}
   size_t MarkStackSize                            = 4194304                                   {product} {ergonomic}
   size_t MaxHeapSize                              = 2109734912                                {product} {ergonomic}
   size_t MaxNewSize                               = 1265631232                                {product} {ergonomic}
   size_t MinHeapDeltaBytes                        = 1048576                                   {product} {ergonomic}
    uintx NonNMethodCodeHeapSize                   = 5836300                                {pd product} {ergonomic}
    uintx NonProfiledCodeHeapSize                  = 122910970                              {pd product} {ergonomic}
    uintx ProfiledCodeHeapSize                     = 122910970                              {pd product} {ergonomic}
    uintx ReservedCodeCacheSize                    = 251658240                              {pd product} {ergonomic}
     bool SegmentedCodeCache                       = true                                      {product} {ergonomic}
     bool UseCompressedClassPointers               = true                                 {lp64_product} {ergonomic}
     bool UseCompressedOops                        = true                                 {lp64_product} {ergonomic}
     bool UseG1GC                                  = true                                      {product} {ergonomic}
     bool UseLargePagesIndividualAllocation        = false                                  {pd product} {ergonomic}

Logging:
Log output configuration:
 #0: stdout all=warning uptime,level,tags
 #1: stderr all=off uptime,level,tags

Environment Variables:
JAVA_HOME=C:\Program Files\Java\jdk-11.0.15.1
PATH=C:/Program Files/Java/jdk-11.0.15.1/bin/server;C:/Program Files/Java/jdk-11.0.15.1/bin;C:\WINDOWS\system32;C:\WINDOWS;C:\WINDOWS\System32\Wbem;C:\WINDOWS\System32\WindowsPowerShell\v1.0\;C:\WINDOWS\System32\OpenSSH\;C:\Program Files\Git\cmd;C:\Program Files\dotnet\;C:\Program Files\Docker\Docker\resources\bin;C:\Program Files\nodejs\;C:\Program Files (x86)\NVIDIA Corporation\PhysX\Common;C:\Program Files\NVIDIA Corporation\NVIDIA App\NvDLISR;C:\Program Files\Apache\Maven\bin;C:\WINDOWS\system32;C:\WINDOWS;C:\WINDOWS\System32\Wbem;C:\WINDOWS\System32\WindowsPowerShell\v1.0\;C:\WINDOWS\System32\OpenSSH\;C:\Program Files\Git\cmd;C:\Program Files\dotnet\;C:\Program Files\Docker\Docker\resources\bin;C:\Program Files\nodejs\;C:\Program Files (x86)\NVIDIA Corporation\PhysX\Common;C:\Program Files\NVIDIA Corporation\NVIDIA App\NvDLISR;C:\WINDOWS\system32;C:\WINDOWS;C:\WINDOWS\System32\Wbem;C:\WINDOWS\System32\WindowsPowerShell\v1.0\;C:\WINDOWS\System32\OpenSSH\;C:\Program Files\Git\cmd;C:\Program Files\dotnet\;C:\Program Files\Docker\Docker\resources\bin;C:\Program Files\nodejs\;C:\Program Files (x86)\NVIDIA Corporation\PhysX\Common;C:\Program Files\NVIDIA Corporation\NVIDIA App\NvDLISR;C:\Program Files\Java\jdk-11.0.15.1\bin;C:\Users\DELL\AppData\Roaming\npm;C:\Users\DELL\AppData\Local\Microsoft\WindowsApps;;C:\Users\DELL\AppData\Local\Programs\Microsoft VS Code\bin;C:\Users\DELL\AppData\Local\Programs\mongosh\;C:\Users\DELL\Downloads\eclipse-jee-2019-03-R-win32-x86_64\eclipse;
USERNAME=DELL
OS=Windows_NT
PROCESSOR_IDENTIFIER=Intel64 Family 6 Model 158 Stepping 10, GenuineIntel



---------------  S Y S T E M  ---------------

OS: Windows 11 , 64 bit Build 26100 (10.0.26100.8115)
Hyper-V role detected

CPU:total 8 (initial active 8) (4 cores per cpu, 2 threads per core) family 6 model 158 stepping 10 microcode 0xde, cmov, cx8, fxsr, mmx, sse, sse2, sse3, ssse3, sse4.1, sse4.2, popcnt, avx, avx2, aes, clmul, erms, 3dnowpref, lzcnt, ht, tsc, tscinvbit, bmi1, bmi2, adx, fma

Memory: 4k page, system-wide physical 8044M (905M free)
TotalPageFile size 32620M (AvailPageFile size 22M)
current process WorkingSet (physical memory assigned to process): 222M, peak: 230M
current process commit charge ("private bytes"): 308M, peak: 316M

vm_info: Java HotSpot(TM) 64-Bit Server VM (11.0.15.1+2-LTS-10) for windows-amd64 JRE (11.0.15.1+2-LTS-10), built on Apr 25 2022 21:51:57 by "mach5one" with MS VC++ 15.9 (VS2017)

END.
