#
# There is insufficient memory for the Java Runtime Environment to continue.
# Native memory allocation (malloc) failed to allocate 306256 bytes for Chunk::new
# Possible reasons:
#   The system is out of physical RAM or swap space
#   The process is running with CompressedOops enabled, and the Java Heap may be blocking the growth of the native heap
# Possible solutions:
#   Reduce memory load on the system
#   Increase physical memory or swap space
#   Check if swap backing store is full
#   Decrease Java heap size (-Xmx/-Xms)
#   Decrease number of Java threads
#   Decrease Java thread stack sizes (-Xss)
#   Set larger code cache with -XX:ReservedCodeCacheSize=
#   JVM is running with Unscaled Compressed Oops mode in which the Java heap is
#     placed in the first 4GB address space. The Java Heap base address is the
#     maximum limit for the native heap growth. Please use -XX:HeapBaseMinAddress
#     to set the Java Heap base and to place the Java Heap above 4GB virtual address.
# This output file may be truncated or incomplete.
#
#  Out of Memory Error (./open/src/hotspot/share/memory/arena.cpp:197), pid=23364, tid=23164
#
# JRE version: Java(TM) SE Runtime Environment 18.9 (11.0.15.1+2) (build 11.0.15.1+2-LTS-10)
# Java VM: Java HotSpot(TM) 64-Bit Server VM 18.9 (11.0.15.1+2-LTS-10, mixed mode, tiered, compressed oops, g1 gc, windows-amd64)
# No core dump will be written. Minidumps are not enabled by default on client versions of Windows
#

---------------  S U M M A R Y ------------

Command Line: -Dfile.encoding=UTF-8 com.rays.ORSProject10Application

Host: Intel(R) Core(TM) i5-9300H CPU @ 2.40GHz, 8 cores, 7G,  Windows 11 , 64 bit Build 26100 (10.0.26100.8246)
Time: Mon Apr 20 18:21:59 2026 India Standard Time elapsed time: 40.043323 seconds (0d 0h 0m 40s)

---------------  T H R E A D  ---------------

Current thread (0x000001b9937cb000):  JavaThread "C2 CompilerThread0" daemon [_thread_in_native, id=23164, stack(0x00000026c3d00000,0x00000026c3e00000)]


Current CompileTask:
C2:  40043 7848       4       org.springframework.boot.devtools.filewatch.FileSnapshot::<init> (64 bytes)

Stack: [0x00000026c3d00000,0x00000026c3e00000]
Native frames: (J=compiled Java code, j=interpreted, Vv=VM code, C=native code)
V  [jvm.dll+0x629d8a]
V  [jvm.dll+0x7638ff]
V  [jvm.dll+0x764fa9]
V  [jvm.dll+0x765633]
V  [jvm.dll+0x23d9c8]
V  [jvm.dll+0xb2a1c]
V  [jvm.dll+0xb2fdc]
V  [jvm.dll+0x2ae744]
V  [jvm.dll+0x53d4c6]
V  [jvm.dll+0x20089d]
V  [jvm.dll+0x1fa64a]
V  [jvm.dll+0x1f762d]
V  [jvm.dll+0x177c51]
V  [jvm.dll+0x207026]
V  [jvm.dll+0x2051bb]
V  [jvm.dll+0x729820]
V  [jvm.dll+0x7223f4]
V  [jvm.dll+0x628c26]
C  [ucrtbase.dll+0x37b0]
C  [KERNEL32.DLL+0x2e8d7]
C  [ntdll.dll+0x8c3fc]


---------------  P R O C E S S  ---------------

Threads class SMR info:
_java_thread_list=0x000001b99872c510, length=30, elements={
0x000001b9fff2b000, 0x000001b993770800, 0x000001b9fff37800, 0x000001b9fff39800,
0x000001b9fff3b800, 0x000001b9937cb000, 0x000001b9937ea800, 0x000001b9937ec000,
0x000001b99398f000, 0x000001b99806c000, 0x000001b9965cf000, 0x000001b994401800,
0x000001b997d56800, 0x000001b995480000, 0x000001b995482000, 0x000001b995483800,
0x000001b995482800, 0x000001b995481000, 0x000001b995485000, 0x000001b995486000,
0x000001b995486800, 0x000001b995484000, 0x000001b99b598800, 0x000001b99b59b800,
0x000001b99b59b000, 0x000001b99b599000, 0x000001b99b59a000, 0x000001b99b59d800,
0x000001b99b59c800, 0x000001b99b59e000
}

Java Threads: ( => current thread )
  0x000001b9fff2b000 JavaThread "Reference Handler" daemon [_thread_blocked, id=17016, stack(0x00000026c3800000,0x00000026c3900000)]
  0x000001b993770800 JavaThread "Finalizer" daemon [_thread_blocked, id=14688, stack(0x00000026c3900000,0x00000026c3a00000)]
  0x000001b9fff37800 JavaThread "Signal Dispatcher" daemon [_thread_blocked, id=5464, stack(0x00000026c3a00000,0x00000026c3b00000)]
  0x000001b9fff39800 JavaThread "Attach Listener" daemon [_thread_blocked, id=12568, stack(0x00000026c3b00000,0x00000026c3c00000)]
  0x000001b9fff3b800 JavaThread "Service Thread" daemon [_thread_blocked, id=21528, stack(0x00000026c3c00000,0x00000026c3d00000)]
=>0x000001b9937cb000 JavaThread "C2 CompilerThread0" daemon [_thread_in_native, id=23164, stack(0x00000026c3d00000,0x00000026c3e00000)]
  0x000001b9937ea800 JavaThread "C1 CompilerThread0" daemon [_thread_blocked, id=3728, stack(0x00000026c3e00000,0x00000026c3f00000)]
  0x000001b9937ec000 JavaThread "Sweeper thread" daemon [_thread_blocked, id=3848, stack(0x00000026c3f00000,0x00000026c4000000)]
  0x000001b99398f000 JavaThread "Common-Cleaner" daemon [_thread_blocked, id=18408, stack(0x00000026c4100000,0x00000026c4200000)]
  0x000001b99806c000 JavaThread "mysql-cj-abandoned-connection-cleanup" daemon [_thread_blocked, id=4440, stack(0x00000026c4500000,0x00000026c4600000)]
  0x000001b9965cf000 JavaThread "HikariPool-1 housekeeper" daemon [_thread_blocked, id=21364, stack(0x00000026c5000000,0x00000026c5100000)]
  0x000001b994401800 JavaThread "Catalina-utility-1" [_thread_blocked, id=13004, stack(0x00000026c5200000,0x00000026c5300000)]
  0x000001b997d56800 JavaThread "container-0" [_thread_blocked, id=4112, stack(0x00000026c5300000,0x00000026c5400000)]
  0x000001b995480000 JavaThread "Live Reload Server" daemon [_thread_in_native, id=9636, stack(0x00000026c5500000,0x00000026c5600000)]
  0x000001b995482000 JavaThread "File Watcher" daemon [_thread_blocked, id=23468, stack(0x00000026c5400000,0x00000026c5500000)]
  0x000001b995483800 JavaThread "NioBlockingSelector.BlockPoller-1" daemon [_thread_in_native, id=2392, stack(0x00000026c5600000,0x00000026c5700000)]
  0x000001b995482800 JavaThread "http-nio-8080-exec-1" daemon [_thread_blocked, id=12656, stack(0x00000026c5700000,0x00000026c5800000)]
  0x000001b995481000 JavaThread "http-nio-8080-exec-2" daemon [_thread_blocked, id=21180, stack(0x00000026c5800000,0x00000026c5900000)]
  0x000001b995485000 JavaThread "http-nio-8080-exec-3" daemon [_thread_blocked, id=15316, stack(0x00000026c5900000,0x00000026c5a00000)]
  0x000001b995486000 JavaThread "http-nio-8080-exec-4" daemon [_thread_blocked, id=9620, stack(0x00000026c5a00000,0x00000026c5b00000)]
  0x000001b995486800 JavaThread "http-nio-8080-exec-5" daemon [_thread_blocked, id=12752, stack(0x00000026c5b00000,0x00000026c5c00000)]
  0x000001b995484000 JavaThread "http-nio-8080-exec-6" daemon [_thread_blocked, id=9044, stack(0x00000026c5c00000,0x00000026c5d00000)]
  0x000001b99b598800 JavaThread "http-nio-8080-exec-7" daemon [_thread_blocked, id=14276, stack(0x00000026c5d00000,0x00000026c5e00000)]
  0x000001b99b59b800 JavaThread "http-nio-8080-exec-8" daemon [_thread_blocked, id=13020, stack(0x00000026c5e00000,0x00000026c5f00000)]
  0x000001b99b59b000 JavaThread "http-nio-8080-exec-9" daemon [_thread_blocked, id=12852, stack(0x00000026c5f00000,0x00000026c6000000)]
  0x000001b99b599000 JavaThread "http-nio-8080-exec-10" daemon [_thread_blocked, id=11452, stack(0x00000026c6000000,0x00000026c6100000)]
  0x000001b99b59a000 JavaThread "http-nio-8080-ClientPoller-0" daemon [_thread_in_native, id=15688, stack(0x00000026c6100000,0x00000026c6200000)]
  0x000001b99b59d800 JavaThread "http-nio-8080-ClientPoller-1" daemon [_thread_in_native, id=22984, stack(0x00000026c6200000,0x00000026c6300000)]
  0x000001b99b59c800 JavaThread "http-nio-8080-Acceptor-0" daemon [_thread_in_native, id=676, stack(0x00000026c6300000,0x00000026c6400000)]
  0x000001b99b59e000 JavaThread "DestroyJavaVM" [_thread_blocked, id=1748, stack(0x00000026c3100000,0x00000026c3200000)]

Other Threads:
  0x000001b9fff26000 VMThread "VM Thread" [stack: 0x00000026c3700000,0x00000026c3800000] [id=15592]
  0x000001b99397f000 WatcherThread [stack: 0x00000026c4000000,0x00000026c4100000] [id=22988]
  0x000001b9f4fcb000 GCTaskThread "GC Thread#0" [stack: 0x00000026c3200000,0x00000026c3300000] [id=6968]
  0x000001b994d17000 GCTaskThread "GC Thread#1" [stack: 0x00000026c4600000,0x00000026c4700000] [id=1200]
  0x000001b994d1e800 GCTaskThread "GC Thread#2" [stack: 0x00000026c4700000,0x00000026c4800000] [id=22316]
  0x000001b994b83000 GCTaskThread "GC Thread#3" [stack: 0x00000026c4800000,0x00000026c4900000] [id=5344]
  0x000001b994b8a000 GCTaskThread "GC Thread#4" [stack: 0x00000026c4900000,0x00000026c4a00000] [id=21676]
  0x000001b994b8c000 GCTaskThread "GC Thread#5" [stack: 0x00000026c4a00000,0x00000026c4b00000] [id=16984]
  0x000001b994b8d800 GCTaskThread "GC Thread#6" [stack: 0x00000026c4b00000,0x00000026c4c00000] [id=13028]
  0x000001b994b8f000 GCTaskThread "GC Thread#7" [stack: 0x00000026c4c00000,0x00000026c4d00000] [id=3688]
  0x000001b9f5001000 ConcurrentGCThread "G1 Main Marker" [stack: 0x00000026c3300000,0x00000026c3400000] [id=6676]
  0x000001b9f5008800 ConcurrentGCThread "G1 Conc#0" [stack: 0x00000026c3400000,0x00000026c3500000] [id=13544]
  0x000001b996497800 ConcurrentGCThread "G1 Conc#1" [stack: 0x00000026c4e00000,0x00000026c4f00000] [id=22700]
  0x000001b9f4ffe000 ConcurrentGCThread "G1 Refine#0" [stack: 0x00000026c3500000,0x00000026c3600000] [id=3980]
  0x000001b9937db800 ConcurrentGCThread "G1 Refine#1" [stack: 0x00000026c4d00000,0x00000026c4e00000] [id=22780]
  0x000001b9ffd70800 ConcurrentGCThread "G1 Young RemSet Sampling" [stack: 0x00000026c3600000,0x00000026c3700000] [id=1128]

Threads with active compile tasks:
C2 CompilerThread0  40080 7848       4       org.springframework.boot.devtools.filewatch.FileSnapshot::<init> (64 bytes)

VM state:not at safepoint (normal execution)

VM Mutex/Monitor currently owned by a thread: None

Heap address: 0x0000000082400000, size: 2012 MB, Compressed Oops mode: 32-bit
Narrow klass base: 0x0000000000000000, Narrow klass shift: 3
Compressed class space size: 1073741824 Address: 0x0000000100000000

Heap:
 garbage-first heap   total 187392K, used 55101K [0x0000000082400000, 0x0000000100000000)
  region size 1024K, 29 young (29696K), 11 survivors (11264K)
 Metaspace       used 70215K, capacity 71743K, committed 72108K, reserved 1112064K
  class space    used 8784K, capacity 9357K, committed 9472K, reserved 1048576K
Heap Regions: E=young(eden), S=young(survivor), O=old, HS=humongous(starts), HC=humongous(continues), CS=collection set, F=free, A=archive, TAMS=top-at-mark-start (previous, next)
|   0|0x0000000082400000, 0x0000000082500000, 0x0000000082500000|100%|HS|  |TAMS 0x0000000082500000, 0x0000000082400000| Complete 
|   1|0x0000000082500000, 0x0000000082600000, 0x0000000082600000|100%| O|  |TAMS 0x0000000082600000, 0x0000000082500000| Untracked 
|   2|0x0000000082600000, 0x0000000082700000, 0x0000000082700000|100%| O|  |TAMS 0x0000000082700000, 0x0000000082600000| Untracked 
|   3|0x0000000082700000, 0x0000000082800000, 0x0000000082800000|100%| O|  |TAMS 0x0000000082800000, 0x0000000082700000| Untracked 
|   4|0x0000000082800000, 0x0000000082900000, 0x0000000082900000|100%| O|  |TAMS 0x0000000082900000, 0x0000000082800000| Untracked 
|   5|0x0000000082900000, 0x0000000082a00000, 0x0000000082a00000|100%| O|  |TAMS 0x0000000082a00000, 0x0000000082900000| Untracked 
|   6|0x0000000082a00000, 0x0000000082b00000, 0x0000000082b00000|100%| O|  |TAMS 0x0000000082b00000, 0x0000000082a00000| Untracked 
|   7|0x0000000082b00000, 0x0000000082bffff8, 0x0000000082c00000| 99%| O|  |TAMS 0x0000000082bffff8, 0x0000000082b00000| Untracked 
|   8|0x0000000082c00000, 0x0000000082d00000, 0x0000000082d00000|100%| O|  |TAMS 0x0000000082d00000, 0x0000000082c00000| Untracked 
|   9|0x0000000082d00000, 0x0000000082e00000, 0x0000000082e00000|100%| O|  |TAMS 0x0000000082e00000, 0x0000000082d00000| Untracked 
|  10|0x0000000082e00000, 0x0000000082f00000, 0x0000000082f00000|100%| O|  |TAMS 0x0000000082f00000, 0x0000000082e00000| Untracked 
|  11|0x0000000082f00000, 0x0000000083000000, 0x0000000083000000|100%| O|  |TAMS 0x0000000083000000, 0x0000000082f00000| Untracked 
|  12|0x0000000083000000, 0x0000000083100000, 0x0000000083100000|100%| O|  |TAMS 0x0000000083100000, 0x0000000083000000| Untracked 
|  13|0x0000000083100000, 0x0000000083200000, 0x0000000083200000|100%| O|  |TAMS 0x0000000083200000, 0x0000000083100000| Untracked 
|  14|0x0000000083200000, 0x0000000083300000, 0x0000000083300000|100%| O|  |TAMS 0x0000000083300000, 0x0000000083200000| Untracked 
|  15|0x0000000083300000, 0x0000000083400000, 0x0000000083400000|100%| O|  |TAMS 0x0000000083400000, 0x0000000083300000| Untracked 
|  16|0x0000000083400000, 0x0000000083500000, 0x0000000083500000|100%| O|  |TAMS 0x0000000083500000, 0x0000000083400000| Untracked 
|  17|0x0000000083500000, 0x0000000083600000, 0x0000000083600000|100%| O|  |TAMS 0x0000000083600000, 0x0000000083500000| Untracked 
|  18|0x0000000083600000, 0x0000000083700000, 0x0000000083700000|100%| O|  |TAMS 0x0000000083700000, 0x0000000083600000| Untracked 
|  19|0x0000000083700000, 0x0000000083800000, 0x0000000083800000|100%| O|  |TAMS 0x0000000083800000, 0x0000000083700000| Untracked 
|  20|0x0000000083800000, 0x0000000083900000, 0x0000000083900000|100%| O|  |TAMS 0x0000000083900000, 0x0000000083800000| Untracked 
|  21|0x0000000083900000, 0x0000000083a00000, 0x0000000083a00000|100%| O|  |TAMS 0x0000000083a00000, 0x0000000083900000| Untracked 
|  22|0x0000000083a00000, 0x0000000083b00000, 0x0000000083b00000|100%| O|  |TAMS 0x0000000083b00000, 0x0000000083a00000| Untracked 
|  23|0x0000000083b00000, 0x0000000083c00000, 0x0000000083c00000|100%| O|  |TAMS 0x0000000083c00000, 0x0000000083b00000| Untracked 
|  24|0x0000000083c00000, 0x0000000083d00000, 0x0000000083d00000|100%| O|  |TAMS 0x0000000083d00000, 0x0000000083c00000| Untracked 
|  25|0x0000000083d00000, 0x0000000083e00000, 0x0000000083e00000|100%| O|  |TAMS 0x0000000083e00000, 0x0000000083d00000| Untracked 
|  26|0x0000000083e00000, 0x0000000083e1ce00, 0x0000000083f00000| 11%| O|  |TAMS 0x0000000083e1ce00, 0x0000000083e00000| Untracked 
|  27|0x0000000083f00000, 0x0000000083f00000, 0x0000000084000000|  0%| F|  |TAMS 0x0000000083f00000, 0x0000000083f00000| Untracked 
|  28|0x0000000084000000, 0x0000000084000000, 0x0000000084100000|  0%| F|  |TAMS 0x0000000084000000, 0x0000000084000000| Untracked 
|  29|0x0000000084100000, 0x0000000084100000, 0x0000000084200000|  0%| F|  |TAMS 0x0000000084100000, 0x0000000084100000| Untracked 
|  30|0x0000000084200000, 0x0000000084200000, 0x0000000084300000|  0%| F|  |TAMS 0x0000000084200000, 0x0000000084200000| Untracked 
|  31|0x0000000084300000, 0x0000000084300000, 0x0000000084400000|  0%| F|  |TAMS 0x0000000084300000, 0x0000000084300000| Untracked 
|  32|0x0000000084400000, 0x0000000084400000, 0x0000000084500000|  0%| F|  |TAMS 0x0000000084400000, 0x0000000084400000| Untracked 
|  33|0x0000000084500000, 0x0000000084500000, 0x0000000084600000|  0%| F|  |TAMS 0x0000000084500000, 0x0000000084500000| Untracked 
|  34|0x0000000084600000, 0x0000000084600000, 0x0000000084700000|  0%| F|  |TAMS 0x0000000084600000, 0x0000000084600000| Untracked 
|  35|0x0000000084700000, 0x0000000084700000, 0x0000000084800000|  0%| F|  |TAMS 0x0000000084700000, 0x0000000084700000| Untracked 
|  36|0x0000000084800000, 0x0000000084800000, 0x0000000084900000|  0%| F|  |TAMS 0x0000000084800000, 0x0000000084800000| Untracked 
|  37|0x0000000084900000, 0x0000000084900000, 0x0000000084a00000|  0%| F|  |TAMS 0x0000000084900000, 0x0000000084900000| Untracked 
|  38|0x0000000084a00000, 0x0000000084a00000, 0x0000000084b00000|  0%| F|  |TAMS 0x0000000084a00000, 0x0000000084a00000| Untracked 
|  39|0x0000000084b00000, 0x0000000084b00000, 0x0000000084c00000|  0%| F|  |TAMS 0x0000000084b00000, 0x0000000084b00000| Untracked 
|  40|0x0000000084c00000, 0x0000000084c00000, 0x0000000084d00000|  0%| F|  |TAMS 0x0000000084c00000, 0x0000000084c00000| Untracked 
|  41|0x0000000084d00000, 0x0000000084d00000, 0x0000000084e00000|  0%| F|  |TAMS 0x0000000084d00000, 0x0000000084d00000| Untracked 
|  42|0x0000000084e00000, 0x0000000084e00000, 0x0000000084f00000|  0%| F|  |TAMS 0x0000000084e00000, 0x0000000084e00000| Untracked 
|  43|0x0000000084f00000, 0x0000000084f00000, 0x0000000085000000|  0%| F|  |TAMS 0x0000000084f00000, 0x0000000084f00000| Untracked 
|  44|0x0000000085000000, 0x0000000085000000, 0x0000000085100000|  0%| F|  |TAMS 0x0000000085000000, 0x0000000085000000| Untracked 
|  45|0x0000000085100000, 0x0000000085100000, 0x0000000085200000|  0%| F|  |TAMS 0x0000000085100000, 0x0000000085100000| Untracked 
|  46|0x0000000085200000, 0x0000000085200000, 0x0000000085300000|  0%| F|  |TAMS 0x0000000085200000, 0x0000000085200000| Untracked 
|  47|0x0000000085300000, 0x0000000085300000, 0x0000000085400000|  0%| F|  |TAMS 0x0000000085300000, 0x0000000085300000| Untracked 
|  48|0x0000000085400000, 0x0000000085400000, 0x0000000085500000|  0%| F|  |TAMS 0x0000000085400000, 0x0000000085400000| Untracked 
|  49|0x0000000085500000, 0x0000000085500000, 0x0000000085600000|  0%| F|  |TAMS 0x0000000085500000, 0x0000000085500000| Untracked 
|  50|0x0000000085600000, 0x0000000085600000, 0x0000000085700000|  0%| F|  |TAMS 0x0000000085600000, 0x0000000085600000| Untracked 
|  51|0x0000000085700000, 0x0000000085700000, 0x0000000085800000|  0%| F|  |TAMS 0x0000000085700000, 0x0000000085700000| Untracked 
|  52|0x0000000085800000, 0x0000000085800000, 0x0000000085900000|  0%| F|  |TAMS 0x0000000085800000, 0x0000000085800000| Untracked 
|  53|0x0000000085900000, 0x0000000085900000, 0x0000000085a00000|  0%| F|  |TAMS 0x0000000085900000, 0x0000000085900000| Untracked 
|  54|0x0000000085a00000, 0x0000000085a00000, 0x0000000085b00000|  0%| F|  |TAMS 0x0000000085a00000, 0x0000000085a00000| Untracked 
|  55|0x0000000085b00000, 0x0000000085b00000, 0x0000000085c00000|  0%| F|  |TAMS 0x0000000085b00000, 0x0000000085b00000| Untracked 
|  56|0x0000000085c00000, 0x0000000085c00000, 0x0000000085d00000|  0%| F|  |TAMS 0x0000000085c00000, 0x0000000085c00000| Untracked 
|  57|0x0000000085d00000, 0x0000000085d00000, 0x0000000085e00000|  0%| F|  |TAMS 0x0000000085d00000, 0x0000000085d00000| Untracked 
|  58|0x0000000085e00000, 0x0000000085e00000, 0x0000000085f00000|  0%| F|  |TAMS 0x0000000085e00000, 0x0000000085e00000| Untracked 
|  59|0x0000000085f00000, 0x0000000085f00000, 0x0000000086000000|  0%| F|  |TAMS 0x0000000085f00000, 0x0000000085f00000| Untracked 
|  60|0x0000000086000000, 0x0000000086000000, 0x0000000086100000|  0%| F|  |TAMS 0x0000000086000000, 0x0000000086000000| Untracked 
|  61|0x0000000086100000, 0x0000000086100000, 0x0000000086200000|  0%| F|  |TAMS 0x0000000086100000, 0x0000000086100000| Untracked 
|  62|0x0000000086200000, 0x0000000086200000, 0x0000000086300000|  0%| F|  |TAMS 0x0000000086200000, 0x0000000086200000| Untracked 
|  63|0x0000000086300000, 0x00000000863b2950, 0x0000000086400000| 69%| S|CS|TAMS 0x0000000086300000, 0x0000000086300000| Complete 
|  64|0x0000000086400000, 0x0000000086500000, 0x0000000086500000|100%| S|CS|TAMS 0x0000000086400000, 0x0000000086400000| Complete 
|  65|0x0000000086500000, 0x0000000086600000, 0x0000000086600000|100%| S|CS|TAMS 0x0000000086500000, 0x0000000086500000| Complete 
|  66|0x0000000086600000, 0x0000000086700000, 0x0000000086700000|100%| S|CS|TAMS 0x0000000086600000, 0x0000000086600000| Complete 
|  67|0x0000000086700000, 0x0000000086800000, 0x0000000086800000|100%| S|CS|TAMS 0x0000000086700000, 0x0000000086700000| Complete 
|  68|0x0000000086800000, 0x0000000086900000, 0x0000000086900000|100%| S|CS|TAMS 0x0000000086800000, 0x0000000086800000| Complete 
|  69|0x0000000086900000, 0x0000000086a00000, 0x0000000086a00000|100%| S|CS|TAMS 0x0000000086900000, 0x0000000086900000| Complete 
|  70|0x0000000086a00000, 0x0000000086b00000, 0x0000000086b00000|100%| S|CS|TAMS 0x0000000086a00000, 0x0000000086a00000| Complete 
|  71|0x0000000086b00000, 0x0000000086c00000, 0x0000000086c00000|100%| S|CS|TAMS 0x0000000086b00000, 0x0000000086b00000| Complete 
|  72|0x0000000086c00000, 0x0000000086d00000, 0x0000000086d00000|100%| S|CS|TAMS 0x0000000086c00000, 0x0000000086c00000| Complete 
|  73|0x0000000086d00000, 0x0000000086e00000, 0x0000000086e00000|100%| S|CS|TAMS 0x0000000086d00000, 0x0000000086d00000| Complete 
|  74|0x0000000086e00000, 0x0000000086e00000, 0x0000000086f00000|  0%| F|  |TAMS 0x0000000086e00000, 0x0000000086e00000| Untracked 
|  75|0x0000000086f00000, 0x0000000086f00000, 0x0000000087000000|  0%| F|  |TAMS 0x0000000086f00000, 0x0000000086f00000| Untracked 
|  76|0x0000000087000000, 0x0000000087000000, 0x0000000087100000|  0%| F|  |TAMS 0x0000000087000000, 0x0000000087000000| Untracked 
|  77|0x0000000087100000, 0x0000000087100000, 0x0000000087200000|  0%| F|  |TAMS 0x0000000087100000, 0x0000000087100000| Untracked 
|  78|0x0000000087200000, 0x0000000087200000, 0x0000000087300000|  0%| F|  |TAMS 0x0000000087200000, 0x0000000087200000| Untracked 
|  79|0x0000000087300000, 0x0000000087300000, 0x0000000087400000|  0%| F|  |TAMS 0x0000000087300000, 0x0000000087300000| Untracked 
|  80|0x0000000087400000, 0x0000000087400000, 0x0000000087500000|  0%| F|  |TAMS 0x0000000087400000, 0x0000000087400000| Untracked 
|  81|0x0000000087500000, 0x0000000087500000, 0x0000000087600000|  0%| F|  |TAMS 0x0000000087500000, 0x0000000087500000| Untracked 
|  82|0x0000000087600000, 0x0000000087600000, 0x0000000087700000|  0%| F|  |TAMS 0x0000000087600000, 0x0000000087600000| Untracked 
|  83|0x0000000087700000, 0x0000000087700000, 0x0000000087800000|  0%| F|  |TAMS 0x0000000087700000, 0x0000000087700000| Untracked 
|  84|0x0000000087800000, 0x0000000087800000, 0x0000000087900000|  0%| F|  |TAMS 0x0000000087800000, 0x0000000087800000| Untracked 
|  85|0x0000000087900000, 0x0000000087900000, 0x0000000087a00000|  0%| F|  |TAMS 0x0000000087900000, 0x0000000087900000| Untracked 
|  86|0x0000000087a00000, 0x0000000087a00000, 0x0000000087b00000|  0%| F|  |TAMS 0x0000000087a00000, 0x0000000087a00000| Untracked 
|  87|0x0000000087b00000, 0x0000000087b00000, 0x0000000087c00000|  0%| F|  |TAMS 0x0000000087b00000, 0x0000000087b00000| Untracked 
|  88|0x0000000087c00000, 0x0000000087c00000, 0x0000000087d00000|  0%| F|  |TAMS 0x0000000087c00000, 0x0000000087c00000| Untracked 
|  89|0x0000000087d00000, 0x0000000087d00000, 0x0000000087e00000|  0%| F|  |TAMS 0x0000000087d00000, 0x0000000087d00000| Untracked 
|  90|0x0000000087e00000, 0x0000000087e00000, 0x0000000087f00000|  0%| F|  |TAMS 0x0000000087e00000, 0x0000000087e00000| Untracked 
|  91|0x0000000087f00000, 0x0000000087f00000, 0x0000000088000000|  0%| F|  |TAMS 0x0000000087f00000, 0x0000000087f00000| Untracked 
|  92|0x0000000088000000, 0x0000000088000000, 0x0000000088100000|  0%| F|  |TAMS 0x0000000088000000, 0x0000000088000000| Untracked 
|  93|0x0000000088100000, 0x0000000088100000, 0x0000000088200000|  0%| F|  |TAMS 0x0000000088100000, 0x0000000088100000| Untracked 
|  94|0x0000000088200000, 0x0000000088200000, 0x0000000088300000|  0%| F|  |TAMS 0x0000000088200000, 0x0000000088200000| Untracked 
|  95|0x0000000088300000, 0x0000000088300000, 0x0000000088400000|  0%| F|  |TAMS 0x0000000088300000, 0x0000000088300000| Untracked 
|  96|0x0000000088400000, 0x0000000088400000, 0x0000000088500000|  0%| F|  |TAMS 0x0000000088400000, 0x0000000088400000| Untracked 
|  97|0x0000000088500000, 0x0000000088500000, 0x0000000088600000|  0%| F|  |TAMS 0x0000000088500000, 0x0000000088500000| Untracked 
|  98|0x0000000088600000, 0x0000000088600000, 0x0000000088700000|  0%| F|  |TAMS 0x0000000088600000, 0x0000000088600000| Untracked 
|  99|0x0000000088700000, 0x0000000088700000, 0x0000000088800000|  0%| F|  |TAMS 0x0000000088700000, 0x0000000088700000| Untracked 
| 100|0x0000000088800000, 0x0000000088800000, 0x0000000088900000|  0%| F|  |TAMS 0x0000000088800000, 0x0000000088800000| Untracked 
| 101|0x0000000088900000, 0x0000000088900000, 0x0000000088a00000|  0%| F|  |TAMS 0x0000000088900000, 0x0000000088900000| Untracked 
| 102|0x0000000088a00000, 0x0000000088a00000, 0x0000000088b00000|  0%| F|  |TAMS 0x0000000088a00000, 0x0000000088a00000| Untracked 
| 103|0x0000000088b00000, 0x0000000088b00000, 0x0000000088c00000|  0%| F|  |TAMS 0x0000000088b00000, 0x0000000088b00000| Untracked 
| 104|0x0000000088c00000, 0x0000000088c00000, 0x0000000088d00000|  0%| F|  |TAMS 0x0000000088c00000, 0x0000000088c00000| Untracked 
| 105|0x0000000088d00000, 0x0000000088d00000, 0x0000000088e00000|  0%| F|  |TAMS 0x0000000088d00000, 0x0000000088d00000| Untracked 
| 106|0x0000000088e00000, 0x0000000088e00000, 0x0000000088f00000|  0%| F|  |TAMS 0x0000000088e00000, 0x0000000088e00000| Untracked 
| 107|0x0000000088f00000, 0x0000000088f00000, 0x0000000089000000|  0%| F|  |TAMS 0x0000000088f00000, 0x0000000088f00000| Untracked 
| 108|0x0000000089000000, 0x0000000089000000, 0x0000000089100000|  0%| F|  |TAMS 0x0000000089000000, 0x0000000089000000| Untracked 
| 109|0x0000000089100000, 0x0000000089100000, 0x0000000089200000|  0%| F|  |TAMS 0x0000000089100000, 0x0000000089100000| Untracked 
| 110|0x0000000089200000, 0x0000000089200000, 0x0000000089300000|  0%| F|  |TAMS 0x0000000089200000, 0x0000000089200000| Untracked 
| 111|0x0000000089300000, 0x0000000089300000, 0x0000000089400000|  0%| F|  |TAMS 0x0000000089300000, 0x0000000089300000| Untracked 
| 112|0x0000000089400000, 0x0000000089400000, 0x0000000089500000|  0%| F|  |TAMS 0x0000000089400000, 0x0000000089400000| Untracked 
| 113|0x0000000089500000, 0x0000000089500000, 0x0000000089600000|  0%| F|  |TAMS 0x0000000089500000, 0x0000000089500000| Untracked 
| 114|0x0000000089600000, 0x0000000089600000, 0x0000000089700000|  0%| F|  |TAMS 0x0000000089600000, 0x0000000089600000| Untracked 
| 115|0x0000000089700000, 0x0000000089700000, 0x0000000089800000|  0%| F|  |TAMS 0x0000000089700000, 0x0000000089700000| Untracked 
| 116|0x0000000089800000, 0x0000000089800000, 0x0000000089900000|  0%| F|  |TAMS 0x0000000089800000, 0x0000000089800000| Untracked 
| 117|0x0000000089900000, 0x0000000089900000, 0x0000000089a00000|  0%| F|  |TAMS 0x0000000089900000, 0x0000000089900000| Untracked 
| 118|0x0000000089a00000, 0x0000000089a00000, 0x0000000089b00000|  0%| F|  |TAMS 0x0000000089a00000, 0x0000000089a00000| Untracked 
| 119|0x0000000089b00000, 0x0000000089b00000, 0x0000000089c00000|  0%| F|  |TAMS 0x0000000089b00000, 0x0000000089b00000| Untracked 
| 120|0x0000000089c00000, 0x0000000089c00000, 0x0000000089d00000|  0%| F|  |TAMS 0x0000000089c00000, 0x0000000089c00000| Untracked 
| 121|0x0000000089d00000, 0x0000000089d00000, 0x0000000089e00000|  0%| F|  |TAMS 0x0000000089d00000, 0x0000000089d00000| Untracked 
| 122|0x0000000089e00000, 0x0000000089e00000, 0x0000000089f00000|  0%| F|  |TAMS 0x0000000089e00000, 0x0000000089e00000| Untracked 
| 123|0x0000000089f00000, 0x0000000089f00000, 0x000000008a000000|  0%| F|  |TAMS 0x0000000089f00000, 0x0000000089f00000| Untracked 
| 124|0x000000008a000000, 0x000000008a000000, 0x000000008a100000|  0%| F|  |TAMS 0x000000008a000000, 0x000000008a000000| Untracked 
| 125|0x000000008a100000, 0x000000008a100000, 0x000000008a200000|  0%| F|  |TAMS 0x000000008a100000, 0x000000008a100000| Untracked 
| 126|0x000000008a200000, 0x000000008a200000, 0x000000008a300000|  0%| F|  |TAMS 0x000000008a200000, 0x000000008a200000| Untracked 
| 127|0x000000008a300000, 0x000000008a300000, 0x000000008a400000|  0%| F|  |TAMS 0x000000008a300000, 0x000000008a300000| Untracked 
| 128|0x000000008a400000, 0x000000008a400000, 0x000000008a500000|  0%| F|  |TAMS 0x000000008a400000, 0x000000008a400000| Untracked 
| 129|0x000000008a500000, 0x000000008a500000, 0x000000008a600000|  0%| F|  |TAMS 0x000000008a500000, 0x000000008a500000| Untracked 
| 130|0x000000008a600000, 0x000000008a600000, 0x000000008a700000|  0%| F|  |TAMS 0x000000008a600000, 0x000000008a600000| Untracked 
| 131|0x000000008a700000, 0x000000008a700000, 0x000000008a800000|  0%| F|  |TAMS 0x000000008a700000, 0x000000008a700000| Untracked 
| 132|0x000000008a800000, 0x000000008a800000, 0x000000008a900000|  0%| F|  |TAMS 0x000000008a800000, 0x000000008a800000| Untracked 
| 133|0x000000008a900000, 0x000000008a900000, 0x000000008aa00000|  0%| F|  |TAMS 0x000000008a900000, 0x000000008a900000| Untracked 
| 134|0x000000008aa00000, 0x000000008aa00000, 0x000000008ab00000|  0%| F|  |TAMS 0x000000008aa00000, 0x000000008aa00000| Untracked 
| 135|0x000000008ab00000, 0x000000008ab00000, 0x000000008ac00000|  0%| F|  |TAMS 0x000000008ab00000, 0x000000008ab00000| Untracked 
| 136|0x000000008ac00000, 0x000000008ac00000, 0x000000008ad00000|  0%| F|  |TAMS 0x000000008ac00000, 0x000000008ac00000| Untracked 
| 137|0x000000008ad00000, 0x000000008ad00000, 0x000000008ae00000|  0%| F|  |TAMS 0x000000008ad00000, 0x000000008ad00000| Untracked 
| 138|0x000000008ae00000, 0x000000008ae00000, 0x000000008af00000|  0%| F|  |TAMS 0x000000008ae00000, 0x000000008ae00000| Untracked 
| 139|0x000000008af00000, 0x000000008af00000, 0x000000008b000000|  0%| F|  |TAMS 0x000000008af00000, 0x000000008af00000| Untracked 
| 140|0x000000008b000000, 0x000000008b000000, 0x000000008b100000|  0%| F|  |TAMS 0x000000008b000000, 0x000000008b000000| Untracked 
| 141|0x000000008b100000, 0x000000008b100000, 0x000000008b200000|  0%| F|  |TAMS 0x000000008b100000, 0x000000008b100000| Untracked 
| 142|0x000000008b200000, 0x000000008b200000, 0x000000008b300000|  0%| F|  |TAMS 0x000000008b200000, 0x000000008b200000| Untracked 
| 143|0x000000008b300000, 0x000000008b300000, 0x000000008b400000|  0%| F|  |TAMS 0x000000008b300000, 0x000000008b300000| Untracked 
| 144|0x000000008b400000, 0x000000008b400000, 0x000000008b500000|  0%| F|  |TAMS 0x000000008b400000, 0x000000008b400000| Untracked 
| 145|0x000000008b500000, 0x000000008b500000, 0x000000008b600000|  0%| F|  |TAMS 0x000000008b500000, 0x000000008b500000| Untracked 
| 146|0x000000008b600000, 0x000000008b600000, 0x000000008b700000|  0%| F|  |TAMS 0x000000008b600000, 0x000000008b600000| Untracked 
| 147|0x000000008b700000, 0x000000008b700000, 0x000000008b800000|  0%| F|  |TAMS 0x000000008b700000, 0x000000008b700000| Untracked 
| 148|0x000000008b800000, 0x000000008b800000, 0x000000008b900000|  0%| F|  |TAMS 0x000000008b800000, 0x000000008b800000| Untracked 
| 149|0x000000008b900000, 0x000000008b900000, 0x000000008ba00000|  0%| F|  |TAMS 0x000000008b900000, 0x000000008b900000| Untracked 
| 150|0x000000008ba00000, 0x000000008ba00000, 0x000000008bb00000|  0%| F|  |TAMS 0x000000008ba00000, 0x000000008ba00000| Untracked 
| 151|0x000000008bb00000, 0x000000008bb00000, 0x000000008bc00000|  0%| F|  |TAMS 0x000000008bb00000, 0x000000008bb00000| Untracked 
| 152|0x000000008bc00000, 0x000000008bc00000, 0x000000008bd00000|  0%| F|  |TAMS 0x000000008bc00000, 0x000000008bc00000| Untracked 
| 153|0x000000008bd00000, 0x000000008bd00000, 0x000000008be00000|  0%| F|  |TAMS 0x000000008bd00000, 0x000000008bd00000| Untracked 
| 154|0x000000008be00000, 0x000000008be00000, 0x000000008bf00000|  0%| F|  |TAMS 0x000000008be00000, 0x000000008be00000| Untracked 
| 155|0x000000008bf00000, 0x000000008bf00000, 0x000000008c000000|  0%| F|  |TAMS 0x000000008bf00000, 0x000000008bf00000| Untracked 
| 156|0x000000008c000000, 0x000000008c000000, 0x000000008c100000|  0%| F|  |TAMS 0x000000008c000000, 0x000000008c000000| Untracked 
| 157|0x000000008c100000, 0x000000008c100000, 0x000000008c200000|  0%| F|  |TAMS 0x000000008c100000, 0x000000008c100000| Untracked 
| 158|0x000000008c200000, 0x000000008c200000, 0x000000008c300000|  0%| F|  |TAMS 0x000000008c200000, 0x000000008c200000| Untracked 
| 159|0x000000008c300000, 0x000000008c300000, 0x000000008c400000|  0%| F|  |TAMS 0x000000008c300000, 0x000000008c300000| Untracked 
| 160|0x000000008c400000, 0x000000008c400000, 0x000000008c500000|  0%| F|  |TAMS 0x000000008c400000, 0x000000008c400000| Untracked 
| 161|0x000000008c500000, 0x000000008c500000, 0x000000008c600000|  0%| F|  |TAMS 0x000000008c500000, 0x000000008c500000| Untracked 
| 162|0x000000008c600000, 0x000000008c600000, 0x000000008c700000|  0%| F|  |TAMS 0x000000008c600000, 0x000000008c600000| Untracked 
| 163|0x000000008c700000, 0x000000008c700000, 0x000000008c800000|  0%| F|  |TAMS 0x000000008c700000, 0x000000008c700000| Untracked 
| 164|0x000000008c800000, 0x000000008c800000, 0x000000008c900000|  0%| F|  |TAMS 0x000000008c800000, 0x000000008c800000| Untracked 
| 165|0x000000008c900000, 0x000000008c9cdf00, 0x000000008ca00000| 80%| E|  |TAMS 0x000000008c900000, 0x000000008c900000| Complete 
| 166|0x000000008ca00000, 0x000000008cb00000, 0x000000008cb00000|100%| E|CS|TAMS 0x000000008ca00000, 0x000000008ca00000| Complete 
| 167|0x000000008cb00000, 0x000000008cc00000, 0x000000008cc00000|100%| E|CS|TAMS 0x000000008cb00000, 0x000000008cb00000| Complete 
| 168|0x000000008cc00000, 0x000000008cd00000, 0x000000008cd00000|100%| E|CS|TAMS 0x000000008cc00000, 0x000000008cc00000| Complete 
| 169|0x000000008cd00000, 0x000000008ce00000, 0x000000008ce00000|100%| E|CS|TAMS 0x000000008cd00000, 0x000000008cd00000| Complete 
| 170|0x000000008ce00000, 0x000000008cf00000, 0x000000008cf00000|100%| E|CS|TAMS 0x000000008ce00000, 0x000000008ce00000| Complete 
| 171|0x000000008cf00000, 0x000000008d000000, 0x000000008d000000|100%| E|CS|TAMS 0x000000008cf00000, 0x000000008cf00000| Complete 
| 172|0x000000008d000000, 0x000000008d100000, 0x000000008d100000|100%| E|CS|TAMS 0x000000008d000000, 0x000000008d000000| Complete 
| 173|0x000000008d100000, 0x000000008d200000, 0x000000008d200000|100%| E|CS|TAMS 0x000000008d100000, 0x000000008d100000| Complete 
| 174|0x000000008d200000, 0x000000008d300000, 0x000000008d300000|100%| E|CS|TAMS 0x000000008d200000, 0x000000008d200000| Complete 
| 175|0x000000008d300000, 0x000000008d400000, 0x000000008d400000|100%| E|CS|TAMS 0x000000008d300000, 0x000000008d300000| Complete 
| 176|0x000000008d400000, 0x000000008d500000, 0x000000008d500000|100%| E|CS|TAMS 0x000000008d400000, 0x000000008d400000| Complete 
| 177|0x000000008d500000, 0x000000008d600000, 0x000000008d600000|100%| E|CS|TAMS 0x000000008d500000, 0x000000008d500000| Complete 
| 178|0x000000008d600000, 0x000000008d700000, 0x000000008d700000|100%| E|CS|TAMS 0x000000008d600000, 0x000000008d600000| Complete 
| 179|0x000000008d700000, 0x000000008d800000, 0x000000008d800000|100%| E|CS|TAMS 0x000000008d700000, 0x000000008d700000| Complete 
| 180|0x000000008d800000, 0x000000008d900000, 0x000000008d900000|100%| E|CS|TAMS 0x000000008d800000, 0x000000008d800000| Complete 
| 181|0x000000008d900000, 0x000000008da00000, 0x000000008da00000|100%| E|CS|TAMS 0x000000008d900000, 0x000000008d900000| Complete 
| 182|0x000000008da00000, 0x000000008db00000, 0x000000008db00000|100%| E|CS|TAMS 0x000000008da00000, 0x000000008da00000| Complete 

Card table byte_map: [0x000001b9fcd70000,0x000001b9fd160000] _byte_map_base: 0x000001b9fc95e000

Marking Bits (Prev, Next): (CMBitMap*) 0x000001b9f4ff5880, (CMBitMap*) 0x000001b9f4ff5848
 Prev Bits: [0x000001b98f000000, 0x000001b990f70000)
 Next Bits: [0x000001b9fd550000, 0x000001b9ff4c0000)

Polling page: 0x000001b9f2f10000

Metaspace:

Usage:
  Non-class:     60.92 MB capacity,    59.99 MB ( 98%) used,   771.63 KB (  1%) free+waste,   183.44 KB ( <1%) overhead. 
      Class:      9.14 MB capacity,     8.58 MB ( 94%) used,   487.14 KB (  5%) free+waste,    85.19 KB ( <1%) overhead. 
       Both:     70.06 MB capacity,    68.57 MB ( 98%) used,     1.23 MB (  2%) free+waste,   268.63 KB ( <1%) overhead. 

Virtual space:
  Non-class space:       62.00 MB reserved,      61.17 MB ( 99%) committed 
      Class space:        1.00 GB reserved,       9.25 MB ( <1%) committed 
             Both:        1.06 GB reserved,      70.42 MB (  6%) committed 

Chunk freelists:
   Non-Class:  7.25 KB
       Class:  2.38 KB
        Both:  9.63 KB

CodeHeap 'non-profiled nmethods': size=120000Kb used=4449Kb max_used=4449Kb free=115550Kb
 bounds [0x000001b987ad0000, 0x000001b987f30000, 0x000001b98f000000]
CodeHeap 'profiled nmethods': size=120000Kb used=17508Kb max_used=17508Kb free=102492Kb
 bounds [0x000001b9805a0000, 0x000001b9816c0000, 0x000001b987ad0000]
CodeHeap 'non-nmethods': size=5760Kb used=1241Kb max_used=1292Kb free=4518Kb
 bounds [0x000001b980000000, 0x000001b980270000, 0x000001b9805a0000]
 total_blobs=8357 nmethods=7739 adapters=528
 compilation: enabled
              stopped_count=0, restarted_count=0
 full_count=0

Compilation events (10 events):
Event: 29.005 Thread 0x000001b9937ea800 7844       3       java.util.concurrent.locks.ReentrantReadWriteLock$ReadLock::unlock (10 bytes)
Event: 29.005 Thread 0x000001b9937ea800 nmethod 7844 0x000001b9816b7790 code [0x000001b9816b7940, 0x000001b9816b7bf8]
Event: 32.356 Thread 0x000001b9937cb000 7845       4       java.io.File::<init> (80 bytes)
Event: 32.359 Thread 0x000001b9937cb000 nmethod 7845 0x000001b987f27e10 code [0x000001b987f27fa0, 0x000001b987f28188]
Event: 33.833 Thread 0x000001b9937ea800 7846       1       java.nio.channels.spi.AbstractSelector::cancelledKeys (5 bytes)
Event: 33.833 Thread 0x000001b9937ea800 nmethod 7846 0x000001b987f28290 code [0x000001b987f28420, 0x000001b987f284d8]
Event: 36.702 Thread 0x000001b9937ea800 7847       3       java.util.concurrent.ThreadPoolExecutor::runStateAtLeast (11 bytes)
Event: 36.702 Thread 0x000001b9937ea800 nmethod 7847 0x000001b9816b7d10 code [0x000001b9816b7ea0, 0x000001b9816b7fd8]
Event: 38.005 Thread 0x000001b9937cb000 7848       4       org.springframework.boot.devtools.filewatch.FileSnapshot::<init> (64 bytes)
Event: 39.009 Thread 0x000001b9937ea800 7849       3       java.lang.invoke.VarHandleObjects$FieldInstanceReadWrite::compareAndSet (38 bytes)

GC Heap History (10 events):
Event: 5.900 GC heap before
{Heap before GC invocations=8 (full 0):
 garbage-first heap   total 155648K, used 101003K [0x0000000082400000, 0x0000000100000000)
  region size 1024K, 86 young (88064K), 5 survivors (5120K)
 Metaspace       used 49113K, capacity 50212K, committed 50348K, reserved 1093632K
  class space    used 5876K, capacity 6321K, committed 6400K, reserved 1048576K
}
Event: 5.910 GC heap after
{Heap after GC invocations=9 (full 0):
 garbage-first heap   total 155648K, used 26792K [0x0000000082400000, 0x0000000100000000)
  region size 1024K, 11 young (11264K), 11 survivors (11264K)
 Metaspace       used 49113K, capacity 50212K, committed 50348K, reserved 1093632K
  class space    used 5876K, capacity 6321K, committed 6400K, reserved 1048576K
}
Event: 7.442 GC heap before
{Heap before GC invocations=9 (full 0):
 garbage-first heap   total 155648K, used 105640K [0x0000000082400000, 0x0000000100000000)
  region size 1024K, 88 young (90112K), 11 survivors (11264K)
 Metaspace       used 57173K, capacity 58237K, committed 58540K, reserved 1099776K
  class space    used 7113K, capacity 7557K, committed 7680K, reserved 1048576K
}
Event: 7.453 GC heap after
{Heap after GC invocations=10 (full 0):
 garbage-first heap   total 155648K, used 30421K [0x0000000082400000, 0x0000000100000000)
  region size 1024K, 4 young (4096K), 4 survivors (4096K)
 Metaspace       used 57173K, capacity 58237K, committed 58540K, reserved 1099776K
  class space    used 7113K, capacity 7557K, committed 7680K, reserved 1048576K
}
Event: 7.722 GC heap before
{Heap before GC invocations=10 (full 0):
 garbage-first heap   total 155648K, used 44757K [0x0000000082400000, 0x0000000100000000)
  region size 1024K, 19 young (19456K), 4 survivors (4096K)
 Metaspace       used 58441K, capacity 59567K, committed 59692K, reserved 1101824K
  class space    used 7241K, capacity 7701K, committed 7808K, reserved 1048576K
}
Event: 7.729 GC heap after
{Heap after GC invocations=11 (full 0):
 garbage-first heap   total 187392K, used 29952K [0x0000000082400000, 0x0000000100000000)
  region size 1024K, 4 young (4096K), 4 survivors (4096K)
 Metaspace       used 58441K, capacity 59567K, committed 59692K, reserved 1101824K
  class space    used 7241K, capacity 7701K, committed 7808K, reserved 1048576K
}
Event: 9.101 GC heap before
{Heap before GC invocations=12 (full 0):
 garbage-first heap   total 187392K, used 120064K [0x0000000082400000, 0x0000000100000000)
  region size 1024K, 92 young (94208K), 4 survivors (4096K)
 Metaspace       used 63728K, capacity 64989K, committed 65068K, reserved 1105920K
  class space    used 8031K, capacity 8509K, committed 8576K, reserved 1048576K
}
Event: 9.106 GC heap after
{Heap after GC invocations=13 (full 0):
 garbage-first heap   total 187392K, used 32408K [0x0000000082400000, 0x0000000100000000)
  region size 1024K, 6 young (6144K), 6 survivors (6144K)
 Metaspace       used 63728K, capacity 64989K, committed 65068K, reserved 1105920K
  class space    used 8031K, capacity 8509K, committed 8576K, reserved 1048576K
}
Event: 10.535 GC heap before
{Heap before GC invocations=13 (full 0):
 garbage-first heap   total 187392K, used 137880K [0x0000000082400000, 0x0000000100000000)
  region size 1024K, 109 young (111616K), 6 survivors (6144K)
 Metaspace       used 69520K, capacity 71027K, committed 71212K, reserved 1112064K
  class space    used 8690K, capacity 9267K, committed 9344K, reserved 1048576K
}
Event: 10.543 GC heap after
{Heap after GC invocations=14 (full 0):
 garbage-first heap   total 187392K, used 37693K [0x0000000082400000, 0x0000000100000000)
  region size 1024K, 11 young (11264K), 11 survivors (11264K)
 Metaspace       used 69520K, capacity 71027K, committed 71212K, reserved 1112064K
  class space    used 8690K, capacity 9267K, committed 9344K, reserved 1048576K
}

Deoptimization events (10 events):
Event: 10.321 Thread 0x000001b994725800 Uncommon trap: reason=class_check action=maybe_recompile pc=0x000001b987e6f52c method=org.springframework.core.annotation.AnnotationUtils.searchOnInterfaces(Ljava/lang/reflect/Method;Ljava/lang/Class;[Ljava/lang/Class;)Ljava/lang/annotation/Annotation; @ 
Event: 10.321 Thread 0x000001b994725800 Uncommon trap: reason=class_check action=maybe_recompile pc=0x000001b987e6f52c method=org.springframework.core.annotation.AnnotationUtils.searchOnInterfaces(Ljava/lang/reflect/Method;Ljava/lang/Class;[Ljava/lang/Class;)Ljava/lang/annotation/Annotation; @ 
Event: 10.321 Thread 0x000001b994725800 Uncommon trap: reason=class_check action=maybe_recompile pc=0x000001b987e6f52c method=org.springframework.core.annotation.AnnotationUtils.searchOnInterfaces(Ljava/lang/reflect/Method;Ljava/lang/Class;[Ljava/lang/Class;)Ljava/lang/annotation/Annotation; @ 
Event: 10.341 Thread 0x000001b994725800 Uncommon trap: reason=unstable_if action=reinterpret pc=0x000001b987eb5f18 method=org.springframework.core.annotation.AnnotationUtils.findAnnotation(Ljava/lang/Class;Ljava/lang/Class;Ljava/util/Set;)Ljava/lang/annotation/Annotation; @ 77 c2
Event: 10.620 Thread 0x000001b994725800 Uncommon trap: reason=class_check action=maybe_recompile pc=0x000001b987eea298 method=org.springframework.core.annotation.AnnotatedElementUtils.searchWithGetSemanticsInAnnotations(Ljava/lang/reflect/AnnotatedElement;Ljava/util/List;Ljava/util/Set;Ljava/la
Event: 10.620 Thread 0x000001b994725800 Uncommon trap: reason=unstable_if action=reinterpret pc=0x000001b987eea364 method=org.springframework.core.annotation.AnnotatedElementUtils.searchWithGetSemanticsInAnnotations(Ljava/lang/reflect/AnnotatedElement;Ljava/util/List;Ljava/util/Set;Ljava/lang/S
Event: 10.627 Thread 0x000001b994725800 Uncommon trap: reason=unstable_if action=reinterpret pc=0x000001b987d78f78 method=java.lang.PublicMethods$MethodList.filter([Ljava/lang/reflect/Method;Ljava/lang/String;[Ljava/lang/Class;Z)Ljava/lang/PublicMethods$MethodList; @ 43 c2
Event: 10.699 Thread 0x000001b994725800 Uncommon trap: reason=bimorphic_or_optimized_type_check action=maybe_recompile pc=0x000001b987d98d8c method=java.util.Hashtable.get(Ljava/lang/Object;)Ljava/lang/Object; @ 6 c2
Event: 10.699 Thread 0x000001b994725800 Uncommon trap: reason=bimorphic_or_optimized_type_check action=maybe_recompile pc=0x000001b987d98d8c method=java.util.Hashtable.get(Ljava/lang/Object;)Ljava/lang/Object; @ 6 c2
Event: 10.702 Thread 0x000001b994725800 Uncommon trap: reason=speculate_null_assert action=make_not_entrant pc=0x000001b987b870b4 method=org.springframework.util.ConcurrentReferenceHashMap$Segment.restructureIfNecessary(Z)V @ 33 c2

Classes redefined (0 events):
No events

Internal exceptions (10 events):
Event: 9.577 Thread 0x000001b994725800 Exception <a 'java/lang/ClassNotFoundException'{0x000000008aec9fe8}: org/springframework/beans/factory/AwareCustomizer> (0x000000008aec9fe8) thrown at [./open/src/hotspot/share/classfile/systemDictionary.cpp, line 226]
Event: 9.578 Thread 0x000001b994725800 Exception <a 'java/lang/ClassNotFoundException'{0x000000008aed7fb8}: org/springframework/context/annotation/ImportAwareCustomizer> (0x000000008aed7fb8) thrown at [./open/src/hotspot/share/classfile/systemDictionary.cpp, line 226]
Event: 9.578 Thread 0x000001b994725800 Exception <a 'java/lang/ClassNotFoundException'{0x000000008aee5468}: org/springframework/beans/factory/AwareCustomizer> (0x000000008aee5468) thrown at [./open/src/hotspot/share/classfile/systemDictionary.cpp, line 226]
Event: 9.578 Thread 0x000001b994725800 Exception <a 'java/lang/ClassNotFoundException'{0x000000008aef3780}: org/springframework/beans/factory/BeanClassLoaderAwareCustomizer> (0x000000008aef3780) thrown at [./open/src/hotspot/share/classfile/systemDictionary.cpp, line 226]
Event: 9.579 Thread 0x000001b994725800 Exception <a 'java/lang/ClassNotFoundException'{0x000000008ad01108}: org/springframework/beans/factory/AwareCustomizer> (0x000000008ad01108) thrown at [./open/src/hotspot/share/classfile/systemDictionary.cpp, line 226]
Event: 9.672 Thread 0x000001b994725800 Implicit null exception at 0x000001b987e9ffd3 to 0x000001b987ea0268
Event: 9.870 Thread 0x000001b994725800 Exception <a 'java/lang/NoSuchMethodError'{0x0000000089f38ca8}: java.lang.invoke.DirectMethodHandle$Holder.invokeInterface(Ljava/lang/Object;Ljava/lang/Object;Ljava/lang/Object;)Ljava/lang/Object;> (0x0000000089f38ca8) thrown at [./open/src/hotspot/share/
Event: 10.189 Thread 0x000001b994725800 Exception <a 'java/lang/NoSuchMethodError'{0x00000000891bd860}: java.lang.invoke.DirectMethodHandle$Holder.invokeInterface(Ljava/lang/Object;Ljava/lang/Object;Ljava/lang/Object;Ljava/lang/Object;)Ljava/lang/Object;> (0x00000000891bd860) thrown at [./open/
Event: 10.331 Thread 0x000001b994725800 Exception <a 'java/lang/NoSuchMethodError'{0x00000000884de458}: java.lang.invoke.DirectMethodHandle$Holder.invokeVirtual(Ljava/lang/Object;Ljava/lang/Object;I)V> (0x00000000884de458) thrown at [./open/src/hotspot/share/interpreter/linkResolver.cpp, line 7
Event: 10.693 Thread 0x000001b994725800 Exception <a 'java/lang/NoSuchMethodError'{0x000000008d52cb00}: java.lang.invoke.DirectMethodHandle$Holder.newInvokeSpecial(Ljava/lang/Object;I)Ljava/lang/Object;> (0x000000008d52cb00) thrown at [./open/src/hotspot/share/interpreter/linkResolver.cpp, line

Events (10 events):
Event: 18.986 loading class org/apache/catalina/webresources/Cache$EvictionOrder
Event: 18.986 loading class org/apache/catalina/webresources/Cache$EvictionOrder done
Event: 18.987 Executing VM operation: RevokeBias
Event: 18.987 Executing VM operation: RevokeBias done
Event: 18.987 loading class org/apache/tomcat/PeriodicEventListener
Event: 18.987 loading class org/apache/tomcat/PeriodicEventListener done
Event: 18.988 Executing VM operation: RevokeBias
Event: 18.988 Executing VM operation: RevokeBias done
Event: 18.988 Executing VM operation: RevokeBias
Event: 18.988 Executing VM operation: RevokeBias done


Dynamic libraries:
0x00007ff602aa0000 - 0x00007ff602aaf000 	C:\Program Files\Java\jdk-11.0.15.1\bin\javaw.exe
0x00007ffc6f200000 - 0x00007ffc6f467000 	C:\WINDOWS\SYSTEM32\ntdll.dll
0x00007ffc6e010000 - 0x00007ffc6e0d9000 	C:\WINDOWS\System32\KERNEL32.DLL
0x00007ffc6cb60000 - 0x00007ffc6cf54000 	C:\WINDOWS\System32\KERNELBASE.dll
0x00007ffc6c470000 - 0x00007ffc6c5bb000 	C:\WINDOWS\System32\ucrtbase.dll
0x00007ffc69250000 - 0x00007ffc69268000 	C:\Program Files\Java\jdk-11.0.15.1\bin\jli.dll
0x00007ffc6efd0000 - 0x00007ffc6f086000 	C:\WINDOWS\System32\ADVAPI32.dll
0x00007ffc6eed0000 - 0x00007ffc6ef79000 	C:\WINDOWS\System32\msvcrt.dll
0x00007ffc6f110000 - 0x00007ffc6f1b7000 	C:\WINDOWS\System32\sechost.dll
0x00007ffc6e130000 - 0x00007ffc6e248000 	C:\WINDOWS\System32\RPCRT4.dll
0x00007ffc6eae0000 - 0x00007ffc6eca5000 	C:\WINDOWS\System32\USER32.dll
0x00007ffc6cf60000 - 0x00007ffc6cf87000 	C:\WINDOWS\System32\win32u.dll
0x00007ffc6de70000 - 0x00007ffc6de9b000 	C:\WINDOWS\System32\GDI32.dll
0x00007ffc6bad0000 - 0x00007ffc6bbfb000 	C:\WINDOWS\System32\gdi32full.dll
0x00007ffc6c5c0000 - 0x00007ffc6c663000 	C:\WINDOWS\System32\msvcp_win.dll
0x00007ffc5a850000 - 0x00007ffc5aae3000 	C:\WINDOWS\WinSxS\amd64_microsoft.windows.common-controls_6595b64144ccf1df_6.0.26100.8115_none_3e075c82e3354f9c\COMCTL32.dll
0x00007ffc63050000 - 0x00007ffc6305b000 	C:\WINDOWS\SYSTEM32\VERSION.dll
0x00007ffc69230000 - 0x00007ffc69245000 	C:\Program Files\Java\jdk-11.0.15.1\bin\VCRUNTIME140.dll
0x00007ffc6e0e0000 - 0x00007ffc6e112000 	C:\WINDOWS\System32\IMM32.DLL
0x00007ffc4bb30000 - 0x00007ffc4bbcb000 	C:\Program Files\Java\jdk-11.0.15.1\bin\msvcp140.dll
0x00007ffbafc70000 - 0x00007ffbb0786000 	C:\Program Files\Java\jdk-11.0.15.1\bin\server\jvm.dll
0x00007ffc6ecb0000 - 0x00007ffc6ecb8000 	C:\WINDOWS\System32\PSAPI.DLL
0x00007ffc59ba0000 - 0x00007ffc59bd6000 	C:\WINDOWS\SYSTEM32\WINMM.dll
0x00007ffc55a90000 - 0x00007ffc55a9a000 	C:\WINDOWS\SYSTEM32\WSOCK32.dll
0x00007ffc6dd40000 - 0x00007ffc6ddc0000 	C:\WINDOWS\System32\WS2_32.dll
0x00007ffc6a820000 - 0x00007ffc6a83b000 	C:\WINDOWS\SYSTEM32\kernel.appcore.dll
0x00007ffc69280000 - 0x00007ffc69290000 	C:\Program Files\Java\jdk-11.0.15.1\bin\verify.dll
0x00007ffc69a40000 - 0x00007ffc69c82000 	C:\WINDOWS\SYSTEM32\DBGHELP.DLL
0x00007ffc6d830000 - 0x00007ffc6dbb2000 	C:\WINDOWS\System32\combase.dll
0x00007ffc6df30000 - 0x00007ffc6e008000 	C:\WINDOWS\System32\OLEAUT32.dll
0x00007ffc59900000 - 0x00007ffc5993b000 	C:\WINDOWS\SYSTEM32\dbgcore.DLL
0x00007ffc6c7c0000 - 0x00007ffc6c865000 	C:\WINDOWS\System32\bcryptPrimitives.dll
0x00007ffc61710000 - 0x00007ffc61738000 	C:\Program Files\Java\jdk-11.0.15.1\bin\java.dll
0x00007ffc68ac0000 - 0x00007ffc68aca000 	C:\Program Files\Java\jdk-11.0.15.1\bin\jimage.dll
0x00007ffc616f0000 - 0x00007ffc61706000 	C:\Program Files\Java\jdk-11.0.15.1\bin\zip.dll
0x00007ffc6d0c0000 - 0x00007ffc6d827000 	C:\WINDOWS\System32\SHELL32.dll
0x00007ffc6c9f0000 - 0x00007ffc6cb5a000 	C:\WINDOWS\System32\wintypes.dll
0x00007ffc6bc00000 - 0x00007ffc6c468000 	C:\WINDOWS\System32\windows.storage.dll
0x00007ffc6e9e0000 - 0x00007ffc6ead8000 	C:\WINDOWS\System32\SHCORE.dll
0x00007ffc6cf90000 - 0x00007ffc6cff6000 	C:\WINDOWS\System32\shlwapi.dll
0x00007ffc6b9f0000 - 0x00007ffc6ba19000 	C:\WINDOWS\SYSTEM32\profapi.dll
0x00007ffc614f0000 - 0x00007ffc61509000 	C:\Program Files\Java\jdk-11.0.15.1\bin\net.dll
0x00007ffc607a0000 - 0x00007ffc608cd000 	C:\WINDOWS\SYSTEM32\WINHTTP.dll
0x00007ffc6ad70000 - 0x00007ffc6addc000 	C:\WINDOWS\system32\mswsock.dll
0x00007ffc60db0000 - 0x00007ffc60dc2000 	C:\Program Files\Java\jdk-11.0.15.1\bin\nio.dll
0x00007ffc69220000 - 0x00007ffc69229000 	C:\Program Files\Java\jdk-11.0.15.1\bin\management.dll
0x00007ffc69210000 - 0x00007ffc6921b000 	C:\Program Files\Java\jdk-11.0.15.1\bin\management_ext.dll
0x00007ffc54c40000 - 0x00007ffc54c58000 	C:\WINDOWS\system32\napinsp.dll
0x00007ffc6a240000 - 0x00007ffc6a372000 	C:\WINDOWS\SYSTEM32\DNSAPI.dll
0x00007ffc6a200000 - 0x00007ffc6a232000 	C:\WINDOWS\SYSTEM32\IPHLPAPI.DLL
0x00007ffc6e120000 - 0x00007ffc6e12a000 	C:\WINDOWS\System32\NSI.dll
0x00007ffc54c20000 - 0x00007ffc54c33000 	C:\WINDOWS\System32\winrnr.dll
0x00007ffc54bf0000 - 0x00007ffc54c12000 	C:\WINDOWS\system32\nlansp_c.dll
0x00007ffc5f1a0000 - 0x00007ffc5f1b6000 	C:\WINDOWS\system32\wshbth.dll
0x00007ffc62280000 - 0x00007ffc6228b000 	C:\Windows\System32\rasadhlp.dll
0x00007ffc5d700000 - 0x00007ffc5d786000 	C:\WINDOWS\System32\fwpuclnt.dll
0x00007ffc6b0f0000 - 0x00007ffc6b10b000 	C:\WINDOWS\SYSTEM32\CRYPTSP.dll
0x00007ffc6a780000 - 0x00007ffc6a7b9000 	C:\WINDOWS\system32\rsaenh.dll
0x00007ffc6ae20000 - 0x00007ffc6ae53000 	C:\WINDOWS\SYSTEM32\USERENV.dll
0x00007ffc6b9c0000 - 0x00007ffc6b9ea000 	C:\WINDOWS\SYSTEM32\bcrypt.dll
0x00007ffc6b0d0000 - 0x00007ffc6b0dc000 	C:\WINDOWS\SYSTEM32\CRYPTBASE.dll
0x00007ffc5e550000 - 0x00007ffc5e56d000 	C:\WINDOWS\SYSTEM32\dhcpcsvc6.DLL
0x00007ffc5e430000 - 0x00007ffc5e455000 	C:\WINDOWS\SYSTEM32\dhcpcsvc.DLL
0x00007ffc616e0000 - 0x00007ffc616ed000 	C:\Program Files\Java\jdk-11.0.15.1\bin\sunmscapi.dll
0x00007ffc6c870000 - 0x00007ffc6c9e7000 	C:\WINDOWS\System32\CRYPT32.dll
0x00007ffc6b250000 - 0x00007ffc6b280000 	C:\WINDOWS\SYSTEM32\ncrypt.dll
0x00007ffc6b200000 - 0x00007ffc6b23f000 	C:\WINDOWS\SYSTEM32\NTASN1.dll
0x00007ffc5ed00000 - 0x00007ffc5ed25000 	C:\Program Files\Java\jdk-11.0.15.1\bin\sunec.dll

dbghelp: loaded successfully - version: 4.0.5 - missing functions: none
symbol engine: initialized successfully - sym options: 0x614 - pdb path: .;C:\Program Files\Java\jdk-11.0.15.1\bin;C:\WINDOWS\SYSTEM32;C:\WINDOWS\WinSxS\amd64_microsoft.windows.common-controls_6595b64144ccf1df_6.0.26100.8115_none_3e075c82e3354f9c;C:\Program Files\Java\jdk-11.0.15.1\bin\server

VM Arguments:
jvm_args: -Dfile.encoding=UTF-8 
java_command: com.rays.ORSProject10Application
java_class_path (initial): C:\project-10-Jwt\ORSProject-10 JWT\target\classes;C:\Users\DELL\.m2\repository\org\springframework\boot\spring-boot-devtools\2.1.2.RELEASE\spring-boot-devtools-2.1.2.RELEASE.jar;C:\Users\DELL\.m2\repository\org\springframework\boot\spring-boot\2.1.2.RELEASE\spring-boot-2.1.2.RELEASE.jar;C:\Users\DELL\.m2\repository\org\springframework\spring-core\5.1.4.RELEASE\spring-core-5.1.4.RELEASE.jar;C:\Users\DELL\.m2\repository\org\springframework\spring-jcl\5.1.4.RELEASE\spring-jcl-5.1.4.RELEASE.jar;C:\Users\DELL\.m2\repository\org\springframework\spring-context\5.1.4.RELEASE\spring-context-5.1.4.RELEASE.jar;C:\Users\DELL\.m2\repository\org\springframework\boot\spring-boot-autoconfigure\2.1.2.RELEASE\spring-boot-autoconfigure-2.1.2.RELEASE.jar;C:\Users\DELL\.m2\repository\org\springframework\boot\spring-boot-starter-web\2.1.2.RELEASE\spring-boot-starter-web-2.1.2.RELEASE.jar;C:\Users\DELL\.m2\repository\org\springframework\boot\spring-boot-starter\2.1.2.RELEASE\spring-boot-starter-2.1.2.RELEASE.jar;C:\Users\DELL\.m2\repository\org\springframework\boot\spring-boot-starter-logging\2.1.2.RELEASE\spring-boot-starter-logging-2.1.2.RELEASE.jar;C:\Users\DELL\.m2\repository\ch\qos\logback\logback-classic\1.2.3\logback-classic-1.2.3.jar;C:\Users\DELL\.m2\repository\ch\qos\logback\logback-core\1.2.3\logback-core-1.2.3.jar;C:\Users\DELL\.m2\repository\org\apache\logging\log4j\log4j-to-slf4j\2.11.1\log4j-to-slf4j-2.11.1.jar;C:\Users\DELL\.m2\repository\org\apache\logging\log4j\log4j-api\2.11.1\log4j-api-2.11.1.jar;C:\Users\DELL\.m2\repository\org\slf4j\jul-to-slf4j\1.7.25\jul-to-slf4j-1.7.25.jar;C:\Users\DELL\.m2\repository\javax\annotation\javax.annotation-api\1.3.2\javax.annotation-api-1.3.2.jar;C:\Users\DELL\.m2\repository\org\yaml\snakeyaml\1.23\snakeyaml-1.23.jar;C:\Users\DELL\.m2\repository\org\springframework\boot\spring-boot-starter-json\2.1.2.RELEASE\spring-boot-starter-json-2.1.2.RELEASE.jar;C:\Users\DELL\.m2\repository\com\fasterxml\jackson\datat
Launcher Type: SUN_STANDARD

[Global flags]
     intx CICompilerCount                          = 4                                         {product} {ergonomic}
     uint ConcGCThreads                            = 2                                         {product} {ergonomic}
     uint G1ConcRefinementThreads                  = 8                                         {product} {ergonomic}
   size_t G1HeapRegionSize                         = 1048576                                   {product} {ergonomic}
    uintx GCDrainStackTargetSize                   = 64                                        {product} {ergonomic}
   size_t InitialHeapSize                          = 132120576                                 {product} {ergonomic}
   size_t MarkStackSize                            = 4194304                                   {product} {ergonomic}
   size_t MaxHeapSize                              = 2109734912                                {product} {ergonomic}
   size_t MaxNewSize                               = 1265631232                                {product} {ergonomic}
   size_t MinHeapDeltaBytes                        = 1048576                                   {product} {ergonomic}
    uintx NonNMethodCodeHeapSize                   = 5836300                                {pd product} {ergonomic}
    uintx NonProfiledCodeHeapSize                  = 122910970                              {pd product} {ergonomic}
    uintx ProfiledCodeHeapSize                     = 122910970                              {pd product} {ergonomic}
    uintx ReservedCodeCacheSize                    = 251658240                              {pd product} {ergonomic}
     bool SegmentedCodeCache                       = true                                      {product} {ergonomic}
     bool UseCompressedClassPointers               = true                                 {lp64_product} {ergonomic}
     bool UseCompressedOops                        = true                                 {lp64_product} {ergonomic}
     bool UseG1GC                                  = true                                      {product} {ergonomic}
     bool UseLargePagesIndividualAllocation        = false                                  {pd product} {ergonomic}

Logging:
Log output configuration:
 #0: stdout all=warning uptime,level,tags
 #1: stderr all=off uptime,level,tags

Environment Variables:
JAVA_HOME=C:\Program Files\Java\jdk-11.0.15.1
PATH=C:/Program Files/Java/jdk-11.0.15.1/bin/server;C:/Program Files/Java/jdk-11.0.15.1/bin;C:\WINDOWS\system32;C:\WINDOWS;C:\WINDOWS\System32\Wbem;C:\WINDOWS\System32\WindowsPowerShell\v1.0\;C:\WINDOWS\System32\OpenSSH\;C:\Program Files\Git\cmd;C:\Program Files\dotnet\;C:\Program Files\Docker\Docker\resources\bin;C:\Program Files\nodejs\;C:\Program Files (x86)\NVIDIA Corporation\PhysX\Common;C:\Program Files\NVIDIA Corporation\NVIDIA App\NvDLISR;C:\Program Files\Apache\Maven\bin;C:\WINDOWS\system32;C:\WINDOWS;C:\WINDOWS\System32\Wbem;C:\WINDOWS\System32\WindowsPowerShell\v1.0\;C:\WINDOWS\System32\OpenSSH\;C:\Program Files\Git\cmd;C:\Program Files\dotnet\;C:\Program Files\Docker\Docker\resources\bin;C:\Program Files\nodejs\;C:\Program Files (x86)\NVIDIA Corporation\PhysX\Common;C:\Program Files\NVIDIA Corporation\NVIDIA App\NvDLISR;C:\Program Files\Java\jdk-11.0.15.1\bin;C:\Users\DELL\AppData\Roaming\npm;C:\Users\DELL\AppData\Local\Microsoft\WindowsApps;;C:\Users\DELL\AppData\Local\Programs\Microsoft VS Code\bin;C:\Users\DELL\AppData\Local\Programs\mongosh\;%USERPROFILE%\AppData\Local\Microsoft\WindowsApps;C:\Users\DELL\Downloads\eclipse-jee-2019-03-R-win32-x86_64\eclipse;
USERNAME=DELL
OS=Windows_NT
PROCESSOR_IDENTIFIER=Intel64 Family 6 Model 158 Stepping 10, GenuineIntel



---------------  S Y S T E M  ---------------

OS: Windows 11 , 64 bit Build 26100 (10.0.26100.8246)
Hyper-V role detected

CPU:total 8 (initial active 8) (4 cores per cpu, 2 threads per core) family 6 model 158 stepping 10 microcode 0xde, cmov, cx8, fxsr, mmx, sse, sse2, sse3, ssse3, sse4.1, sse4.2, popcnt, avx, avx2, aes, clmul, erms, 3dnowpref, lzcnt, ht, tsc, tscinvbit, bmi1, bmi2, adx, fma

Memory: 4k page, system-wide physical 8044M (1119M free)
TotalPageFile size 32620M (AvailPageFile size 17M)
current process WorkingSet (physical memory assigned to process): 329M, peak: 375M
current process commit charge ("private bytes"): 393M, peak: 434M

vm_info: Java HotSpot(TM) 64-Bit Server VM (11.0.15.1+2-LTS-10) for windows-amd64 JRE (11.0.15.1+2-LTS-10), built on Apr 25 2022 21:51:57 by "mach5one" with MS VC++ 15.9 (VS2017)

END.
