#
# There is insufficient memory for the Java Runtime Environment to continue.
# Native memory allocation (malloc) failed to allocate 1615056 bytes for Chunk::new
# Possible reasons:
#   The system is out of physical RAM or swap space
#   The process is running with CompressedOops enabled, and the Java Heap may be blocking the growth of the native heap
# Possible solutions:
#   Reduce memory load on the system
#   Increase physical memory or swap space
#   Check if swap backing store is full
#   Decrease Java heap size (-Xmx/-Xms)
#   Decrease number of Java threads
#   Decrease Java thread stack sizes (-Xss)
#   Set larger code cache with -XX:ReservedCodeCacheSize=
#   JVM is running with Unscaled Compressed Oops mode in which the Java heap is
#     placed in the first 4GB address space. The Java Heap base address is the
#     maximum limit for the native heap growth. Please use -XX:HeapBaseMinAddress
#     to set the Java Heap base and to place the Java Heap above 4GB virtual address.
# This output file may be truncated or incomplete.
#
#  Out of Memory Error (./open/src/hotspot/share/memory/arena.cpp:197), pid=17356, tid=1920
#
# JRE version: Java(TM) SE Runtime Environment 18.9 (11.0.15.1+2) (build 11.0.15.1+2-LTS-10)
# Java VM: Java HotSpot(TM) 64-Bit Server VM 18.9 (11.0.15.1+2-LTS-10, mixed mode, tiered, compressed oops, g1 gc, windows-amd64)
# No core dump will be written. Minidumps are not enabled by default on client versions of Windows
#

---------------  S U M M A R Y ------------

Command Line: -Dfile.encoding=UTF-8 com.rays.ORSProject10Application

Host: Intel(R) Core(TM) i5-9300H CPU @ 2.40GHz, 8 cores, 7G,  Windows 11 , 64 bit Build 26100 (10.0.26100.8246)
Time: Wed Apr 22 15:26:17 2026 India Standard Time elapsed time: 65.082540 seconds (0d 0h 1m 5s)

---------------  T H R E A D  ---------------

Current thread (0x000001e67f1ae000):  JavaThread "C2 CompilerThread0" daemon [_thread_in_native, id=1920, stack(0x000000a7b2500000,0x000000a7b2600000)]


Current CompileTask:
C2:  65082 8104   !   4       sun.reflect.annotation.AnnotationParser::parseAnnotations (37 bytes)

Stack: [0x000000a7b2500000,0x000000a7b2600000]
Native frames: (J=compiled Java code, j=interpreted, Vv=VM code, C=native code)
V  [jvm.dll+0x629d8a]
V  [jvm.dll+0x7638ff]
V  [jvm.dll+0x764fa9]
V  [jvm.dll+0x765633]
V  [jvm.dll+0x23d9c8]
V  [jvm.dll+0xb2a1c]
V  [jvm.dll+0xb2fdc]
V  [jvm.dll+0x341002]
V  [jvm.dll+0x18cb19]
V  [jvm.dll+0x1f8672]
V  [jvm.dll+0x1f774d]
V  [jvm.dll+0x177c51]
V  [jvm.dll+0x207026]
V  [jvm.dll+0x2051bb]
V  [jvm.dll+0x729820]
V  [jvm.dll+0x7223f4]
V  [jvm.dll+0x628c26]
C  [ucrtbase.dll+0x37b0]
C  [KERNEL32.DLL+0x2e8d7]
C  [ntdll.dll+0x8c3fc]


---------------  P R O C E S S  ---------------

Threads class SMR info:
_java_thread_list=0x000001e6138d1560, length=31, elements={
0x000001e67f194000, 0x000001e67f19e000, 0x000001e67f9bb000, 0x000001e67f9be800,
0x000001e67f1a3000, 0x000001e67f1ae000, 0x000001e67fa07800, 0x000001e67fa1a800,
0x000001e67fbac800, 0x000001e61460a000, 0x000001e61897a800, 0x000001e61630d000,
0x000001e61630a800, 0x000001e615c52800, 0x000001e615c51800, 0x000001e615c53800,
0x000001e615c51000, 0x000001e615c55000, 0x000001e615c56000, 0x000001e615c56800,
0x000001e615c54000, 0x000001e615c59000, 0x000001e615c5a000, 0x000001e615c57800,
0x000001e615c5a800, 0x000001e615c58800, 0x000001e615c5d000, 0x000001e615c5e000,
0x000001e615c5b800, 0x000001e615c5f000, 0x000001e67fa09000
}

Java Threads: ( => current thread )
  0x000001e67f194000 JavaThread "Reference Handler" daemon [_thread_blocked, id=16924, stack(0x000000a7b2000000,0x000000a7b2100000)]
  0x000001e67f19e000 JavaThread "Finalizer" daemon [_thread_blocked, id=10064, stack(0x000000a7b2100000,0x000000a7b2200000)]
  0x000001e67f9bb000 JavaThread "Signal Dispatcher" daemon [_thread_blocked, id=21416, stack(0x000000a7b2200000,0x000000a7b2300000)]
  0x000001e67f9be800 JavaThread "Attach Listener" daemon [_thread_blocked, id=9044, stack(0x000000a7b2300000,0x000000a7b2400000)]
  0x000001e67f1a3000 JavaThread "Service Thread" daemon [_thread_blocked, id=27052, stack(0x000000a7b2400000,0x000000a7b2500000)]
=>0x000001e67f1ae000 JavaThread "C2 CompilerThread0" daemon [_thread_in_native, id=1920, stack(0x000000a7b2500000,0x000000a7b2600000)]
  0x000001e67fa07800 JavaThread "C1 CompilerThread0" daemon [_thread_blocked, id=1784, stack(0x000000a7b2600000,0x000000a7b2700000)]
  0x000001e67fa1a800 JavaThread "Sweeper thread" daemon [_thread_blocked, id=5236, stack(0x000000a7b2700000,0x000000a7b2800000)]
  0x000001e67fbac800 JavaThread "Common-Cleaner" daemon [_thread_blocked, id=24868, stack(0x000000a7b2900000,0x000000a7b2a00000)]
  0x000001e61460a000 JavaThread "mysql-cj-abandoned-connection-cleanup" daemon [_thread_blocked, id=25688, stack(0x000000a7b3600000,0x000000a7b3700000)]
  0x000001e61897a800 JavaThread "HikariPool-1 housekeeper" daemon [_thread_blocked, id=25244, stack(0x000000a7b3900000,0x000000a7b3a00000)]
  0x000001e61630d000 JavaThread "Catalina-utility-1" [_thread_blocked, id=3632, stack(0x000000a7b3b00000,0x000000a7b3c00000)]
  0x000001e61630a800 JavaThread "container-0" [_thread_blocked, id=24172, stack(0x000000a7b3c00000,0x000000a7b3d00000)]
  0x000001e615c52800 JavaThread "Live Reload Server" daemon [_thread_in_native, id=2308, stack(0x000000a7b3e00000,0x000000a7b3f00000)]
  0x000001e615c51800 JavaThread "File Watcher" daemon [_thread_blocked, id=3216, stack(0x000000a7b3a00000,0x000000a7b3b00000)]
  0x000001e615c53800 JavaThread "NioBlockingSelector.BlockPoller-1" daemon [_thread_in_native, id=12804, stack(0x000000a7b3d00000,0x000000a7b3e00000)]
  0x000001e615c51000 JavaThread "http-nio-8080-exec-1" daemon [_thread_blocked, id=26328, stack(0x000000a7b3f00000,0x000000a7b4000000)]
  0x000001e615c55000 JavaThread "http-nio-8080-exec-2" daemon [_thread_blocked, id=8996, stack(0x000000a7b4000000,0x000000a7b4100000)]
  0x000001e615c56000 JavaThread "http-nio-8080-exec-3" daemon [_thread_in_vm, id=16896, stack(0x000000a7b4100000,0x000000a7b4200000)]
  0x000001e615c56800 JavaThread "http-nio-8080-exec-4" daemon [_thread_blocked, id=21776, stack(0x000000a7b4200000,0x000000a7b4300000)]
  0x000001e615c54000 JavaThread "http-nio-8080-exec-5" daemon [_thread_blocked, id=27188, stack(0x000000a7b4300000,0x000000a7b4400000)]
  0x000001e615c59000 JavaThread "http-nio-8080-exec-6" daemon [_thread_blocked, id=7952, stack(0x000000a7b4400000,0x000000a7b4500000)]
  0x000001e615c5a000 JavaThread "http-nio-8080-exec-7" daemon [_thread_blocked, id=26440, stack(0x000000a7b4500000,0x000000a7b4600000)]
  0x000001e615c57800 JavaThread "http-nio-8080-exec-8" daemon [_thread_blocked, id=14192, stack(0x000000a7b4600000,0x000000a7b4700000)]
  0x000001e615c5a800 JavaThread "http-nio-8080-exec-9" daemon [_thread_blocked, id=8540, stack(0x000000a7b4700000,0x000000a7b4800000)]
  0x000001e615c58800 JavaThread "http-nio-8080-exec-10" daemon [_thread_blocked, id=26852, stack(0x000000a7b4800000,0x000000a7b4900000)]
  0x000001e615c5d000 JavaThread "http-nio-8080-ClientPoller-0" daemon [_thread_in_native, id=26800, stack(0x000000a7b4900000,0x000000a7b4a00000)]
  0x000001e615c5e000 JavaThread "http-nio-8080-ClientPoller-1" daemon [_thread_in_native, id=15024, stack(0x000000a7b4a00000,0x000000a7b4b00000)]
  0x000001e615c5b800 JavaThread "http-nio-8080-Acceptor-0" daemon [_thread_in_native, id=23296, stack(0x000000a7b4b00000,0x000000a7b4c00000)]
  0x000001e615c5f000 JavaThread "DestroyJavaVM" [_thread_blocked, id=13420, stack(0x000000a7b1900000,0x000000a7b1a00000)]
  0x000001e67fa09000 JavaThread "C2 CompilerThread1" daemon [_thread_in_native, id=22088, stack(0x000000a7b1600000,0x000000a7b1700000)]

Other Threads:
  0x000001e67f191800 VMThread "VM Thread" [stack: 0x000000a7b1f00000,0x000000a7b2000000] [id=21440]
  0x000001e67fba4800 WatcherThread [stack: 0x000000a7b2800000,0x000000a7b2900000] [id=25832]
  0x000001e672219800 GCTaskThread "GC Thread#0" [stack: 0x000000a7b1a00000,0x000000a7b1b00000] [id=26544]
  0x000001e613ddd800 GCTaskThread "GC Thread#1" [stack: 0x000000a7b2e00000,0x000000a7b2f00000] [id=3708]
  0x000001e613c98000 GCTaskThread "GC Thread#2" [stack: 0x000000a7b2f00000,0x000000a7b3000000] [id=15876]
  0x000001e613c99000 GCTaskThread "GC Thread#3" [stack: 0x000000a7b3000000,0x000000a7b3100000] [id=25816]
  0x000001e61411e000 GCTaskThread "GC Thread#4" [stack: 0x000000a7b3100000,0x000000a7b3200000] [id=3140]
  0x000001e613ea4000 GCTaskThread "GC Thread#5" [stack: 0x000000a7b3200000,0x000000a7b3300000] [id=27116]
  0x000001e613ea5000 GCTaskThread "GC Thread#6" [stack: 0x000000a7b3300000,0x000000a7b3400000] [id=13140]
  0x000001e613bbc000 GCTaskThread "GC Thread#7" [stack: 0x000000a7b3400000,0x000000a7b3500000] [id=23792]
  0x000001e67224c800 ConcurrentGCThread "G1 Main Marker" [stack: 0x000000a7b1b00000,0x000000a7b1c00000] [id=16720]
  0x000001e672254800 ConcurrentGCThread "G1 Conc#0" [stack: 0x000000a7b1c00000,0x000000a7b1d00000] [id=21332]
  0x000001e614099800 ConcurrentGCThread "G1 Conc#1" [stack: 0x000000a7b3700000,0x000000a7b3800000] [id=2436]
  0x000001e6722cd800 ConcurrentGCThread "G1 Refine#0" [stack: 0x000000a7b1d00000,0x000000a7b1e00000] [id=21108]
  0x000001e613fd4800 ConcurrentGCThread "G1 Refine#1" [stack: 0x000000a7b3500000,0x000000a7b3600000] [id=20696]
  0x000001e67efda800 ConcurrentGCThread "G1 Young RemSet Sampling" [stack: 0x000000a7b1e00000,0x000000a7b1f00000] [id=8]

Threads with active compile tasks:
C2 CompilerThread0  65194 8104   !   4       sun.reflect.annotation.AnnotationParser::parseAnnotations (37 bytes)
C2 CompilerThread1  65194 8202       4       java.io.File::hashCode (8 bytes)

VM state:not at safepoint (normal execution)

VM Mutex/Monitor currently owned by a thread: None

Heap address: 0x0000000082400000, size: 2012 MB, Compressed Oops mode: 32-bit
Narrow klass base: 0x0000000000000000, Narrow klass shift: 3
Compressed class space size: 1073741824 Address: 0x0000000100000000

Heap:
 garbage-first heap   total 155648K, used 75007K [0x0000000082400000, 0x0000000100000000)
  region size 1024K, 47 young (48128K), 8 survivors (8192K)
 Metaspace       used 76052K, capacity 77554K, committed 77868K, reserved 1118208K
  class space    used 9437K, capacity 10025K, committed 10112K, reserved 1048576K
Heap Regions: E=young(eden), S=young(survivor), O=old, HS=humongous(starts), HC=humongous(continues), CS=collection set, F=free, A=archive, TAMS=top-at-mark-start (previous, next)
|   0|0x0000000082400000, 0x0000000082500000, 0x0000000082500000|100%|HS|  |TAMS 0x0000000082500000, 0x0000000082400000| Complete 
|   1|0x0000000082500000, 0x0000000082600000, 0x0000000082600000|100%| O|  |TAMS 0x0000000082600000, 0x0000000082500000| Untracked 
|   2|0x0000000082600000, 0x0000000082700000, 0x0000000082700000|100%| O|  |TAMS 0x0000000082700000, 0x0000000082600000| Untracked 
|   3|0x0000000082700000, 0x0000000082800000, 0x0000000082800000|100%| O|  |TAMS 0x0000000082800000, 0x0000000082700000| Untracked 
|   4|0x0000000082800000, 0x0000000082900000, 0x0000000082900000|100%| O|  |TAMS 0x0000000082900000, 0x0000000082800000| Untracked 
|   5|0x0000000082900000, 0x0000000082a00000, 0x0000000082a00000|100%| O|  |TAMS 0x0000000082a00000, 0x0000000082900000| Untracked 
|   6|0x0000000082a00000, 0x0000000082b00000, 0x0000000082b00000|100%| O|  |TAMS 0x0000000082b00000, 0x0000000082a00000| Untracked 
|   7|0x0000000082b00000, 0x0000000082c00000, 0x0000000082c00000|100%| O|  |TAMS 0x0000000082c00000, 0x0000000082b00000| Untracked 
|   8|0x0000000082c00000, 0x0000000082d00000, 0x0000000082d00000|100%| O|  |TAMS 0x0000000082d00000, 0x0000000082c00000| Untracked 
|   9|0x0000000082d00000, 0x0000000082e00000, 0x0000000082e00000|100%| O|  |TAMS 0x0000000082e00000, 0x0000000082d00000| Untracked 
|  10|0x0000000082e00000, 0x0000000082f00000, 0x0000000082f00000|100%| O|  |TAMS 0x0000000082f00000, 0x0000000082e00000| Untracked 
|  11|0x0000000082f00000, 0x0000000083000000, 0x0000000083000000|100%| O|  |TAMS 0x0000000083000000, 0x0000000082f00000| Untracked 
|  12|0x0000000083000000, 0x0000000083100000, 0x0000000083100000|100%| O|  |TAMS 0x0000000083100000, 0x0000000083000000| Untracked 
|  13|0x0000000083100000, 0x0000000083200000, 0x0000000083200000|100%| O|  |TAMS 0x0000000083200000, 0x0000000083100000| Untracked 
|  14|0x0000000083200000, 0x0000000083300000, 0x0000000083300000|100%| O|  |TAMS 0x0000000083300000, 0x0000000083200000| Untracked 
|  15|0x0000000083300000, 0x0000000083400000, 0x0000000083400000|100%| O|  |TAMS 0x0000000083400000, 0x0000000083300000| Untracked 
|  16|0x0000000083400000, 0x0000000083500000, 0x0000000083500000|100%| O|  |TAMS 0x0000000083500000, 0x0000000083400000| Untracked 
|  17|0x0000000083500000, 0x0000000083600000, 0x0000000083600000|100%| O|  |TAMS 0x0000000083600000, 0x0000000083500000| Untracked 
|  18|0x0000000083600000, 0x0000000083700000, 0x0000000083700000|100%| O|  |TAMS 0x0000000083700000, 0x0000000083600000| Untracked 
|  19|0x0000000083700000, 0x0000000083800000, 0x0000000083800000|100%| O|  |TAMS 0x0000000083800000, 0x0000000083700000| Untracked 
|  20|0x0000000083800000, 0x0000000083900000, 0x0000000083900000|100%| O|  |TAMS 0x0000000083900000, 0x0000000083800000| Untracked 
|  21|0x0000000083900000, 0x0000000083a00000, 0x0000000083a00000|100%| O|  |TAMS 0x0000000083a00000, 0x0000000083900000| Untracked 
|  22|0x0000000083a00000, 0x0000000083b00000, 0x0000000083b00000|100%| O|  |TAMS 0x0000000083b00000, 0x0000000083a00000| Untracked 
|  23|0x0000000083b00000, 0x0000000083c00000, 0x0000000083c00000|100%| O|  |TAMS 0x0000000083c00000, 0x0000000083b00000| Untracked 
|  24|0x0000000083c00000, 0x0000000083d00000, 0x0000000083d00000|100%| O|  |TAMS 0x0000000083d00000, 0x0000000083c00000| Untracked 
|  25|0x0000000083d00000, 0x0000000083e00000, 0x0000000083e00000|100%| O|  |TAMS 0x0000000083d92000, 0x0000000083d00000| Untracked 
|  26|0x0000000083e00000, 0x0000000083f00000, 0x0000000083f00000|100%| O|  |TAMS 0x0000000083e00000, 0x0000000083e00000| Untracked 
|  27|0x0000000083f00000, 0x0000000084000000, 0x0000000084000000|100%| O|  |TAMS 0x0000000083f00000, 0x0000000083f00000| Untracked 
|  28|0x0000000084000000, 0x00000000840b7600, 0x0000000084100000| 71%| O|  |TAMS 0x0000000084000000, 0x0000000084000000| Untracked 
|  29|0x0000000084100000, 0x0000000084100000, 0x0000000084200000|  0%| F|  |TAMS 0x0000000084100000, 0x0000000084100000| Untracked 
|  30|0x0000000084200000, 0x0000000084200000, 0x0000000084300000|  0%| F|  |TAMS 0x0000000084200000, 0x0000000084200000| Untracked 
|  31|0x0000000084300000, 0x0000000084300000, 0x0000000084400000|  0%| F|  |TAMS 0x0000000084300000, 0x0000000084300000| Untracked 
|  32|0x0000000084400000, 0x0000000084400000, 0x0000000084500000|  0%| F|  |TAMS 0x0000000084400000, 0x0000000084400000| Untracked 
|  33|0x0000000084500000, 0x0000000084500000, 0x0000000084600000|  0%| F|  |TAMS 0x0000000084500000, 0x0000000084500000| Untracked 
|  34|0x0000000084600000, 0x0000000084600000, 0x0000000084700000|  0%| F|  |TAMS 0x0000000084600000, 0x0000000084600000| Untracked 
|  35|0x0000000084700000, 0x0000000084700000, 0x0000000084800000|  0%| F|  |TAMS 0x0000000084700000, 0x0000000084700000| Untracked 
|  36|0x0000000084800000, 0x0000000084800000, 0x0000000084900000|  0%| F|  |TAMS 0x0000000084800000, 0x0000000084800000| Untracked 
|  37|0x0000000084900000, 0x0000000084900000, 0x0000000084a00000|  0%| F|  |TAMS 0x0000000084900000, 0x0000000084900000| Untracked 
|  38|0x0000000084a00000, 0x0000000084a00000, 0x0000000084b00000|  0%| F|  |TAMS 0x0000000084a00000, 0x0000000084a00000| Untracked 
|  39|0x0000000084b00000, 0x0000000084b00000, 0x0000000084c00000|  0%| F|  |TAMS 0x0000000084b00000, 0x0000000084b00000| Untracked 
|  40|0x0000000084c00000, 0x0000000084c00000, 0x0000000084d00000|  0%| F|  |TAMS 0x0000000084c00000, 0x0000000084c00000| Untracked 
|  41|0x0000000084d00000, 0x0000000084d00000, 0x0000000084e00000|  0%| F|  |TAMS 0x0000000084d00000, 0x0000000084d00000| Untracked 
|  42|0x0000000084e00000, 0x0000000084e00000, 0x0000000084f00000|  0%| F|  |TAMS 0x0000000084e00000, 0x0000000084e00000| Untracked 
|  43|0x0000000084f00000, 0x0000000084f00000, 0x0000000085000000|  0%| F|  |TAMS 0x0000000084f00000, 0x0000000084f00000| Untracked 
|  44|0x0000000085000000, 0x0000000085000000, 0x0000000085100000|  0%| F|  |TAMS 0x0000000085000000, 0x0000000085000000| Untracked 
|  45|0x0000000085100000, 0x0000000085100000, 0x0000000085200000|  0%| F|  |TAMS 0x0000000085100000, 0x0000000085100000| Untracked 
|  46|0x0000000085200000, 0x0000000085200000, 0x0000000085300000|  0%| F|  |TAMS 0x0000000085200000, 0x0000000085200000| Untracked 
|  47|0x0000000085300000, 0x0000000085300000, 0x0000000085400000|  0%| F|  |TAMS 0x0000000085300000, 0x0000000085300000| Untracked 
|  48|0x0000000085400000, 0x0000000085400000, 0x0000000085500000|  0%| F|  |TAMS 0x0000000085400000, 0x0000000085400000| Untracked 
|  49|0x0000000085500000, 0x0000000085500000, 0x0000000085600000|  0%| F|  |TAMS 0x0000000085500000, 0x0000000085500000| Untracked 
|  50|0x0000000085600000, 0x0000000085600000, 0x0000000085700000|  0%| F|  |TAMS 0x0000000085600000, 0x0000000085600000| Untracked 
|  51|0x0000000085700000, 0x0000000085700000, 0x0000000085800000|  0%| F|  |TAMS 0x0000000085700000, 0x0000000085700000| Untracked 
|  52|0x0000000085800000, 0x0000000085800000, 0x0000000085900000|  0%| F|  |TAMS 0x0000000085800000, 0x0000000085800000| Untracked 
|  53|0x0000000085900000, 0x0000000085900000, 0x0000000085a00000|  0%| F|  |TAMS 0x0000000085900000, 0x0000000085900000| Untracked 
|  54|0x0000000085a00000, 0x0000000085a00000, 0x0000000085b00000|  0%| F|  |TAMS 0x0000000085a00000, 0x0000000085a00000| Untracked 
|  55|0x0000000085b00000, 0x0000000085b00000, 0x0000000085c00000|  0%| F|  |TAMS 0x0000000085b00000, 0x0000000085b00000| Untracked 
|  56|0x0000000085c00000, 0x0000000085c00000, 0x0000000085d00000|  0%| F|  |TAMS 0x0000000085c00000, 0x0000000085c00000| Untracked 
|  57|0x0000000085d00000, 0x0000000085d00000, 0x0000000085e00000|  0%| F|  |TAMS 0x0000000085d00000, 0x0000000085d00000| Untracked 
|  58|0x0000000085e00000, 0x0000000085e00000, 0x0000000085f00000|  0%| F|  |TAMS 0x0000000085e00000, 0x0000000085e00000| Untracked 
|  59|0x0000000085f00000, 0x0000000085f00000, 0x0000000086000000|  0%| F|  |TAMS 0x0000000085f00000, 0x0000000085f00000| Untracked 
|  60|0x0000000086000000, 0x0000000086000000, 0x0000000086100000|  0%| F|  |TAMS 0x0000000086000000, 0x0000000086000000| Untracked 
|  61|0x0000000086100000, 0x0000000086100000, 0x0000000086200000|  0%| F|  |TAMS 0x0000000086100000, 0x0000000086100000| Untracked 
|  62|0x0000000086200000, 0x0000000086200000, 0x0000000086300000|  0%| F|  |TAMS 0x0000000086200000, 0x0000000086200000| Untracked 
|  63|0x0000000086300000, 0x0000000086300000, 0x0000000086400000|  0%| F|  |TAMS 0x0000000086300000, 0x0000000086300000| Untracked 
|  64|0x0000000086400000, 0x00000000864888f0, 0x0000000086500000| 53%| S|CS|TAMS 0x0000000086400000, 0x0000000086400000| Complete 
|  65|0x0000000086500000, 0x0000000086600000, 0x0000000086600000|100%| S|CS|TAMS 0x0000000086500000, 0x0000000086500000| Complete 
|  66|0x0000000086600000, 0x0000000086700000, 0x0000000086700000|100%| S|CS|TAMS 0x0000000086600000, 0x0000000086600000| Complete 
|  67|0x0000000086700000, 0x0000000086800000, 0x0000000086800000|100%| S|CS|TAMS 0x0000000086700000, 0x0000000086700000| Complete 
|  68|0x0000000086800000, 0x0000000086800000, 0x0000000086900000|  0%| F|  |TAMS 0x0000000086800000, 0x0000000086800000| Untracked 
|  69|0x0000000086900000, 0x0000000086900000, 0x0000000086a00000|  0%| F|  |TAMS 0x0000000086900000, 0x0000000086900000| Untracked 
|  70|0x0000000086a00000, 0x0000000086a00000, 0x0000000086b00000|  0%| F|  |TAMS 0x0000000086a00000, 0x0000000086a00000| Untracked 
|  71|0x0000000086b00000, 0x0000000086b00000, 0x0000000086c00000|  0%| F|  |TAMS 0x0000000086b00000, 0x0000000086b00000| Untracked 
|  72|0x0000000086c00000, 0x0000000086c00000, 0x0000000086d00000|  0%| F|  |TAMS 0x0000000086c00000, 0x0000000086c00000| Untracked 
|  73|0x0000000086d00000, 0x0000000086d00000, 0x0000000086e00000|  0%| F|  |TAMS 0x0000000086d00000, 0x0000000086d00000| Untracked 
|  74|0x0000000086e00000, 0x0000000086f00000, 0x0000000086f00000|100%| S|CS|TAMS 0x0000000086e00000, 0x0000000086e00000| Complete 
|  75|0x0000000086f00000, 0x0000000087000000, 0x0000000087000000|100%| S|CS|TAMS 0x0000000086f00000, 0x0000000086f00000| Complete 
|  76|0x0000000087000000, 0x0000000087100000, 0x0000000087100000|100%| S|CS|TAMS 0x0000000087000000, 0x0000000087000000| Complete 
|  77|0x0000000087100000, 0x0000000087200000, 0x0000000087200000|100%| S|CS|TAMS 0x0000000087100000, 0x0000000087100000| Complete 
|  78|0x0000000087200000, 0x0000000087200000, 0x0000000087300000|  0%| F|  |TAMS 0x0000000087200000, 0x0000000087200000| Untracked 
|  79|0x0000000087300000, 0x0000000087300000, 0x0000000087400000|  0%| F|  |TAMS 0x0000000087300000, 0x0000000087300000| Untracked 
|  80|0x0000000087400000, 0x0000000087400000, 0x0000000087500000|  0%| F|  |TAMS 0x0000000087400000, 0x0000000087400000| Untracked 
|  81|0x0000000087500000, 0x0000000087500000, 0x0000000087600000|  0%| F|  |TAMS 0x0000000087500000, 0x0000000087500000| Untracked 
|  82|0x0000000087600000, 0x0000000087600000, 0x0000000087700000|  0%| F|  |TAMS 0x0000000087600000, 0x0000000087600000| Untracked 
|  83|0x0000000087700000, 0x0000000087700000, 0x0000000087800000|  0%| F|  |TAMS 0x0000000087700000, 0x0000000087700000| Untracked 
|  84|0x0000000087800000, 0x0000000087800000, 0x0000000087900000|  0%| F|  |TAMS 0x0000000087800000, 0x0000000087800000| Untracked 
|  85|0x0000000087900000, 0x0000000087900000, 0x0000000087a00000|  0%| F|  |TAMS 0x0000000087900000, 0x0000000087900000| Untracked 
|  86|0x0000000087a00000, 0x0000000087a00000, 0x0000000087b00000|  0%| F|  |TAMS 0x0000000087a00000, 0x0000000087a00000| Untracked 
|  87|0x0000000087b00000, 0x0000000087b00000, 0x0000000087c00000|  0%| F|  |TAMS 0x0000000087b00000, 0x0000000087b00000| Untracked 
|  88|0x0000000087c00000, 0x0000000087c00000, 0x0000000087d00000|  0%| F|  |TAMS 0x0000000087c00000, 0x0000000087c00000| Untracked 
|  89|0x0000000087d00000, 0x0000000087d00000, 0x0000000087e00000|  0%| F|  |TAMS 0x0000000087d00000, 0x0000000087d00000| Untracked 
|  90|0x0000000087e00000, 0x0000000087e00000, 0x0000000087f00000|  0%| F|  |TAMS 0x0000000087e00000, 0x0000000087e00000| Untracked 
|  91|0x0000000087f00000, 0x0000000087f00000, 0x0000000088000000|  0%| F|  |TAMS 0x0000000087f00000, 0x0000000087f00000| Untracked 
|  92|0x0000000088000000, 0x0000000088000000, 0x0000000088100000|  0%| F|  |TAMS 0x0000000088000000, 0x0000000088000000| Untracked 
|  93|0x0000000088100000, 0x0000000088100000, 0x0000000088200000|  0%| F|  |TAMS 0x0000000088100000, 0x0000000088100000| Untracked 
|  94|0x0000000088200000, 0x0000000088200000, 0x0000000088300000|  0%| F|  |TAMS 0x0000000088200000, 0x0000000088200000| Untracked 
|  95|0x0000000088300000, 0x0000000088300000, 0x0000000088400000|  0%| F|  |TAMS 0x0000000088300000, 0x0000000088300000| Untracked 
|  96|0x0000000088400000, 0x0000000088400000, 0x0000000088500000|  0%| F|  |TAMS 0x0000000088400000, 0x0000000088400000| Untracked 
|  97|0x0000000088500000, 0x0000000088500000, 0x0000000088600000|  0%| F|  |TAMS 0x0000000088500000, 0x0000000088500000| Untracked 
|  98|0x0000000088600000, 0x0000000088600000, 0x0000000088700000|  0%| F|  |TAMS 0x0000000088600000, 0x0000000088600000| Untracked 
|  99|0x0000000088700000, 0x0000000088700000, 0x0000000088800000|  0%| F|  |TAMS 0x0000000088700000, 0x0000000088700000| Untracked 
| 100|0x0000000088800000, 0x0000000088800000, 0x0000000088900000|  0%| F|  |TAMS 0x0000000088800000, 0x0000000088800000| Untracked 
| 101|0x0000000088900000, 0x0000000088900000, 0x0000000088a00000|  0%| F|  |TAMS 0x0000000088900000, 0x0000000088900000| Untracked 
| 102|0x0000000088a00000, 0x0000000088a00000, 0x0000000088b00000|  0%| F|  |TAMS 0x0000000088a00000, 0x0000000088a00000| Untracked 
| 103|0x0000000088b00000, 0x0000000088b00000, 0x0000000088c00000|  0%| F|  |TAMS 0x0000000088b00000, 0x0000000088b00000| Untracked 
| 104|0x0000000088c00000, 0x0000000088c00000, 0x0000000088d00000|  0%| F|  |TAMS 0x0000000088c00000, 0x0000000088c00000| Untracked 
| 105|0x0000000088d00000, 0x0000000088d00000, 0x0000000088e00000|  0%| F|  |TAMS 0x0000000088d00000, 0x0000000088d00000| Untracked 
| 106|0x0000000088e00000, 0x0000000088e00000, 0x0000000088f00000|  0%| F|  |TAMS 0x0000000088e00000, 0x0000000088e00000| Untracked 
| 107|0x0000000088f00000, 0x0000000088f00000, 0x0000000089000000|  0%| F|  |TAMS 0x0000000088f00000, 0x0000000088f00000| Untracked 
| 108|0x0000000089000000, 0x0000000089000000, 0x0000000089100000|  0%| F|  |TAMS 0x0000000089000000, 0x0000000089000000| Untracked 
| 109|0x0000000089100000, 0x0000000089100000, 0x0000000089200000|  0%| F|  |TAMS 0x0000000089100000, 0x0000000089100000| Untracked 
| 110|0x0000000089200000, 0x0000000089200000, 0x0000000089300000|  0%| F|  |TAMS 0x0000000089200000, 0x0000000089200000| Untracked 
| 111|0x0000000089300000, 0x0000000089300000, 0x0000000089400000|  0%| F|  |TAMS 0x0000000089300000, 0x0000000089300000| Untracked 
| 112|0x0000000089400000, 0x0000000089400000, 0x0000000089500000|  0%| F|  |TAMS 0x0000000089400000, 0x0000000089400000| Untracked 
| 113|0x0000000089500000, 0x0000000089558b40, 0x0000000089600000| 34%| E|  |TAMS 0x0000000089500000, 0x0000000089500000| Complete 
| 114|0x0000000089600000, 0x0000000089700000, 0x0000000089700000|100%| E|CS|TAMS 0x0000000089600000, 0x0000000089600000| Complete 
| 115|0x0000000089700000, 0x0000000089800000, 0x0000000089800000|100%| E|CS|TAMS 0x0000000089700000, 0x0000000089700000| Complete 
| 116|0x0000000089800000, 0x0000000089900000, 0x0000000089900000|100%| E|CS|TAMS 0x0000000089800000, 0x0000000089800000| Complete 
| 117|0x0000000089900000, 0x0000000089a00000, 0x0000000089a00000|100%| E|CS|TAMS 0x0000000089900000, 0x0000000089900000| Complete 
| 118|0x0000000089a00000, 0x0000000089b00000, 0x0000000089b00000|100%| E|CS|TAMS 0x0000000089a00000, 0x0000000089a00000| Complete 
| 119|0x0000000089b00000, 0x0000000089c00000, 0x0000000089c00000|100%| E|CS|TAMS 0x0000000089b00000, 0x0000000089b00000| Complete 
| 120|0x0000000089c00000, 0x0000000089d00000, 0x0000000089d00000|100%| E|CS|TAMS 0x0000000089c00000, 0x0000000089c00000| Complete 
| 121|0x0000000089d00000, 0x0000000089e00000, 0x0000000089e00000|100%| E|  |TAMS 0x0000000089d00000, 0x0000000089d00000| Complete 
| 122|0x0000000089e00000, 0x0000000089f00000, 0x0000000089f00000|100%| E|CS|TAMS 0x0000000089e00000, 0x0000000089e00000| Complete 
| 123|0x0000000089f00000, 0x000000008a000000, 0x000000008a000000|100%| E|CS|TAMS 0x0000000089f00000, 0x0000000089f00000| Complete 
| 124|0x000000008a000000, 0x000000008a100000, 0x000000008a100000|100%| E|CS|TAMS 0x000000008a000000, 0x000000008a000000| Complete 
| 125|0x000000008a100000, 0x000000008a200000, 0x000000008a200000|100%| E|CS|TAMS 0x000000008a100000, 0x000000008a100000| Complete 
| 126|0x000000008a200000, 0x000000008a300000, 0x000000008a300000|100%| E|CS|TAMS 0x000000008a200000, 0x000000008a200000| Complete 
| 127|0x000000008a300000, 0x000000008a400000, 0x000000008a400000|100%| E|CS|TAMS 0x000000008a300000, 0x000000008a300000| Complete 
| 128|0x000000008a400000, 0x000000008a500000, 0x000000008a500000|100%| E|CS|TAMS 0x000000008a400000, 0x000000008a400000| Complete 
| 129|0x000000008a500000, 0x000000008a600000, 0x000000008a600000|100%| E|CS|TAMS 0x000000008a500000, 0x000000008a500000| Complete 
| 130|0x000000008a600000, 0x000000008a700000, 0x000000008a700000|100%| E|CS|TAMS 0x000000008a600000, 0x000000008a600000| Complete 
| 131|0x000000008a700000, 0x000000008a800000, 0x000000008a800000|100%| E|CS|TAMS 0x000000008a700000, 0x000000008a700000| Complete 
| 132|0x000000008a800000, 0x000000008a900000, 0x000000008a900000|100%| E|CS|TAMS 0x000000008a800000, 0x000000008a800000| Complete 
| 133|0x000000008a900000, 0x000000008aa00000, 0x000000008aa00000|100%| E|CS|TAMS 0x000000008a900000, 0x000000008a900000| Complete 
| 134|0x000000008aa00000, 0x000000008ab00000, 0x000000008ab00000|100%| E|CS|TAMS 0x000000008aa00000, 0x000000008aa00000| Complete 
| 135|0x000000008ab00000, 0x000000008ac00000, 0x000000008ac00000|100%| E|CS|TAMS 0x000000008ab00000, 0x000000008ab00000| Complete 
| 136|0x000000008ac00000, 0x000000008ad00000, 0x000000008ad00000|100%| E|CS|TAMS 0x000000008ac00000, 0x000000008ac00000| Complete 
| 137|0x000000008ad00000, 0x000000008ae00000, 0x000000008ae00000|100%| E|CS|TAMS 0x000000008ad00000, 0x000000008ad00000| Complete 
| 138|0x000000008ae00000, 0x000000008af00000, 0x000000008af00000|100%| E|CS|TAMS 0x000000008ae00000, 0x000000008ae00000| Complete 
| 139|0x000000008af00000, 0x000000008b000000, 0x000000008b000000|100%| E|CS|TAMS 0x000000008af00000, 0x000000008af00000| Complete 
| 140|0x000000008b000000, 0x000000008b100000, 0x000000008b100000|100%| E|CS|TAMS 0x000000008b000000, 0x000000008b000000| Complete 
| 141|0x000000008b100000, 0x000000008b200000, 0x000000008b200000|100%| E|CS|TAMS 0x000000008b100000, 0x000000008b100000| Complete 
| 142|0x000000008b200000, 0x000000008b300000, 0x000000008b300000|100%| E|CS|TAMS 0x000000008b200000, 0x000000008b200000| Complete 
| 143|0x000000008b300000, 0x000000008b400000, 0x000000008b400000|100%| E|CS|TAMS 0x000000008b300000, 0x000000008b300000| Complete 
| 144|0x000000008b400000, 0x000000008b500000, 0x000000008b500000|100%| E|CS|TAMS 0x000000008b400000, 0x000000008b400000| Complete 
| 145|0x000000008b500000, 0x000000008b600000, 0x000000008b600000|100%| E|CS|TAMS 0x000000008b500000, 0x000000008b500000| Complete 
| 146|0x000000008b600000, 0x000000008b700000, 0x000000008b700000|100%| E|CS|TAMS 0x000000008b600000, 0x000000008b600000| Complete 
| 147|0x000000008b700000, 0x000000008b800000, 0x000000008b800000|100%| E|CS|TAMS 0x000000008b700000, 0x000000008b700000| Complete 
| 148|0x000000008b800000, 0x000000008b900000, 0x000000008b900000|100%| E|CS|TAMS 0x000000008b800000, 0x000000008b800000| Complete 
| 149|0x000000008b900000, 0x000000008ba00000, 0x000000008ba00000|100%| E|CS|TAMS 0x000000008b900000, 0x000000008b900000| Complete 
| 150|0x000000008ba00000, 0x000000008bb00000, 0x000000008bb00000|100%| E|CS|TAMS 0x000000008ba00000, 0x000000008ba00000| Complete 
| 151|0x000000008bb00000, 0x000000008bc00000, 0x000000008bc00000|100%| E|CS|TAMS 0x000000008bb00000, 0x000000008bb00000| Complete 

Card table byte_map: [0x000001e67bf40000,0x000001e67c330000] _byte_map_base: 0x000001e67bb2e000

Marking Bits (Prev, Next): (CMBitMap*) 0x000001e6722440f0, (CMBitMap*) 0x000001e6722440b8
 Prev Bits: [0x000001e60f000000, 0x000001e610f70000)
 Next Bits: [0x000001e67c720000, 0x000001e67e690000)

Polling page: 0x000001e6724e0000

Metaspace:

Usage:
  Non-class:     65.95 MB capacity,    65.06 MB ( 99%) used,   713.80 KB (  1%) free+waste,   192.31 KB ( <1%) overhead. 
      Class:      9.79 MB capacity,     9.22 MB ( 94%) used,   497.77 KB (  5%) free+waste,    88.19 KB ( <1%) overhead. 
       Both:     75.74 MB capacity,    74.28 MB ( 98%) used,     1.18 MB (  2%) free+waste,   280.50 KB ( <1%) overhead. 

Virtual space:
  Non-class space:       68.00 MB reserved,      66.17 MB ( 97%) committed 
      Class space:        1.00 GB reserved,       9.88 MB ( <1%) committed 
             Both:        1.07 GB reserved,      76.04 MB (  7%) committed 

Chunk freelists:
   Non-Class:  4.38 KB
       Class:  2.88 KB
        Both:  7.25 KB

CodeHeap 'non-profiled nmethods': size=120000Kb used=5652Kb max_used=5652Kb free=114347Kb
 bounds [0x000001e607ad0000, 0x000001e608060000, 0x000001e60f000000]
CodeHeap 'profiled nmethods': size=120000Kb used=18599Kb max_used=18599Kb free=101401Kb
 bounds [0x000001e6005a0000, 0x000001e6017d0000, 0x000001e607ad0000]
CodeHeap 'non-nmethods': size=5760Kb used=1254Kb max_used=1316Kb free=4505Kb
 bounds [0x000001e600000000, 0x000001e600270000, 0x000001e6005a0000]
 total_blobs=8719 nmethods=8084 adapters=544
 compilation: enabled
              stopped_count=0, restarted_count=0
 full_count=0

Compilation events (10 events):
Event: 64.027 Thread 0x000001e67fa09000 nmethod 8194 0x000001e608050f10 code [0x000001e6080510a0, 0x000001e6080511b8]
Event: 64.027 Thread 0x000001e67fa09000 8195       4       java.lang.Character::toUpperCase (6 bytes)
Event: 64.030 Thread 0x000001e67fa09000 nmethod 8195 0x000001e608051310 code [0x000001e6080514a0, 0x000001e608051598]
Event: 64.030 Thread 0x000001e67fa09000 8198       4       java.lang.String::equalsIgnoreCase (45 bytes)
Event: 64.042 Thread 0x000001e67fa07800 8199       2       java.net.URL::getDefaultPort (8 bytes)
Event: 64.042 Thread 0x000001e67fa07800 nmethod 8199 0x000001e6017c7e10 code [0x000001e6017c7fa0, 0x000001e6017c80c8]
Event: 64.057 Thread 0x000001e67fa07800 8200       1       antlr.BaseAST::getFirstChild (5 bytes)
Event: 64.057 Thread 0x000001e67fa07800 nmethod 8200 0x000001e608051710 code [0x000001e6080518a0, 0x000001e608051958]
Event: 64.059 Thread 0x000001e67fa09000 nmethod 8198 0x000001e608051a10 code [0x000001e608051bc0, 0x000001e608052298]
Event: 64.665 Thread 0x000001e67fa09000 8201       4       org.springframework.boot.devtools.filewatch.FileSnapshot::hashCode (49 bytes)

GC Heap History (10 events):
Event: 8.604 GC heap before
{Heap before GC invocations=9 (full 0):
 garbage-first heap   total 129024K, used 90601K [0x0000000082400000, 0x0000000100000000)
  region size 1024K, 73 young (74752K), 10 survivors (10240K)
 Metaspace       used 52832K, capacity 53970K, committed 54060K, reserved 1095680K
  class space    used 6561K, capacity 6972K, committed 7040K, reserved 1048576K
}
Event: 8.619 GC heap after
{Heap after GC invocations=10 (full 0):
 garbage-first heap   total 155648K, used 28232K [0x0000000082400000, 0x0000000100000000)
  region size 1024K, 2 young (2048K), 2 survivors (2048K)
 Metaspace       used 52832K, capacity 53970K, committed 54060K, reserved 1095680K
  class space    used 6561K, capacity 6972K, committed 7040K, reserved 1048576K
}
Event: 9.900 GC heap before
{Heap before GC invocations=10 (full 0):
 garbage-first heap   total 155648K, used 74312K [0x0000000082400000, 0x0000000100000000)
  region size 1024K, 48 young (49152K), 2 survivors (2048K)
 Metaspace       used 58472K, capacity 59563K, committed 59692K, reserved 1101824K
  class space    used 7247K, capacity 7700K, committed 7808K, reserved 1048576K
}
Event: 9.907 GC heap after
{Heap after GC invocations=11 (full 0):
 garbage-first heap   total 155648K, used 29897K [0x0000000082400000, 0x0000000100000000)
  region size 1024K, 4 young (4096K), 4 survivors (4096K)
 Metaspace       used 58472K, capacity 59563K, committed 59692K, reserved 1101824K
  class space    used 7247K, capacity 7700K, committed 7808K, reserved 1048576K
}
Event: 11.119 GC heap before
{Heap before GC invocations=12 (full 0):
 garbage-first heap   total 155648K, used 100553K [0x0000000082400000, 0x0000000100000000)
  region size 1024K, 73 young (74752K), 4 survivors (4096K)
 Metaspace       used 62664K, capacity 63928K, committed 64172K, reserved 1105920K
  class space    used 7900K, capacity 8396K, committed 8448K, reserved 1048576K
}
Event: 11.130 GC heap after
{Heap after GC invocations=13 (full 0):
 garbage-first heap   total 155648K, used 31284K [0x0000000082400000, 0x0000000100000000)
  region size 1024K, 5 young (5120K), 5 survivors (5120K)
 Metaspace       used 62664K, capacity 63928K, committed 64172K, reserved 1105920K
  class space    used 7900K, capacity 8396K, committed 8448K, reserved 1048576K
}
Event: 12.311 GC heap before
{Heap before GC invocations=13 (full 0):
 garbage-first heap   total 155648K, used 103988K [0x0000000082400000, 0x0000000100000000)
  region size 1024K, 76 young (77824K), 5 survivors (5120K)
 Metaspace       used 65940K, capacity 67315K, committed 67500K, reserved 1107968K
  class space    used 8177K, capacity 8672K, committed 8704K, reserved 1048576K
}
Event: 12.322 GC heap after
{Heap after GC invocations=14 (full 0):
 garbage-first heap   total 155648K, used 33781K [0x0000000082400000, 0x0000000100000000)
  region size 1024K, 8 young (8192K), 8 survivors (8192K)
 Metaspace       used 65940K, capacity 67315K, committed 67500K, reserved 1107968K
  class space    used 8177K, capacity 8672K, committed 8704K, reserved 1048576K
}
Event: 26.250 GC heap before
{Heap before GC invocations=14 (full 0):
 garbage-first heap   total 155648K, used 107509K [0x0000000082400000, 0x0000000100000000)
  region size 1024K, 80 young (81920K), 8 survivors (8192K)
 Metaspace       used 70472K, capacity 71966K, committed 72108K, reserved 1112064K
  class space    used 8800K, capacity 9360K, committed 9472K, reserved 1048576K
}
Event: 26.263 GC heap after
{Heap after GC invocations=15 (full 0):
 garbage-first heap   total 155648K, used 37119K [0x0000000082400000, 0x0000000100000000)
  region size 1024K, 8 young (8192K), 8 survivors (8192K)
 Metaspace       used 70472K, capacity 71966K, committed 72108K, reserved 1112064K
  class space    used 8800K, capacity 9360K, committed 9472K, reserved 1048576K
}

Deoptimization events (10 events):
Event: 63.708 Thread 0x000001e615c56000 Uncommon trap: reason=unstable_if action=reinterpret pc=0x000001e607dfd484 method=java.util.WeakHashMap.remove(Ljava/lang/Object;)Ljava/lang/Object; @ 94 c2
Event: 63.746 Thread 0x000001e615c55000 Uncommon trap: reason=unstable_if action=reinterpret pc=0x000001e607d686ec method=java.util.WeakHashMap.remove(Ljava/lang/Object;)Ljava/lang/Object; @ 94 c2
Event: 63.821 Thread 0x000001e615c55000 Uncommon trap: reason=unstable_if action=reinterpret pc=0x000001e607f2f7d8 method=com.mysql.cj.protocol.a.NativePacketPayload.readInteger(Lcom/mysql/cj/protocol/a/NativeConstants$IntegerDataType;)J @ 582 c2
Event: 63.854 Thread 0x000001e615c56000 Uncommon trap: reason=unstable_if action=reinterpret pc=0x000001e607f2a500 method=org.apache.logging.slf4j.SLF4JLogger.isEnabledFor(Lorg/apache/logging/log4j/Level;Lorg/apache/logging/log4j/Marker;)Z @ 17 c2
Event: 63.935 Thread 0x000001e615c56000 Uncommon trap: reason=unstable_if action=reinterpret pc=0x000001e607ad8cc4 method=java.lang.CharacterData.of(I)Ljava/lang/CharacterData; @ 4 c2
Event: 63.943 Thread 0x000001e615c56000 Uncommon trap: reason=unstable_if action=reinterpret pc=0x000001e607da4b40 method=java.util.regex.Matcher.reset()Ljava/util/regex/Matcher; @ 71 c2
Event: 63.943 Thread 0x000001e615c56000 Uncommon trap: reason=unstable_if action=reinterpret pc=0x000001e607e409c0 method=java.util.regex.Matcher.search(I)Z @ 76 c2
Event: 63.943 Thread 0x000001e615c56000 Uncommon trap: reason=unstable_if action=reinterpret pc=0x000001e607d82740 method=java.util.regex.Pattern$BmpCharProperty.match(Ljava/util/regex/Matcher;ILjava/lang/CharSequence;)Z @ 39 c2
Event: 63.943 Thread 0x000001e615c56000 Uncommon trap: reason=unstable_if action=reinterpret pc=0x000001e607b74f3c method=java.util.regex.Matcher.reset()Ljava/util/regex/Matcher; @ 71 c2
Event: 63.944 Thread 0x000001e615c56000 Uncommon trap: reason=unstable_if action=reinterpret pc=0x000001e607d93840 method=java.util.regex.Matcher.search(I)Z @ 76 c2

Classes redefined (0 events):
No events

Internal exceptions (10 events):
Event: 12.302 Thread 0x000001e61367d000 Exception <a 'java/lang/ClassNotFoundException'{0x00000000875984d8}: org/springframework/beans/factory/AwareCustomizer> (0x00000000875984d8) thrown at [./open/src/hotspot/share/classfile/systemDictionary.cpp, line 226]
Event: 12.303 Thread 0x000001e61367d000 Exception <a 'java/lang/ClassNotFoundException'{0x00000000875a7250}: org/springframework/beans/factory/BeanClassLoaderAwareCustomizer> (0x00000000875a7250) thrown at [./open/src/hotspot/share/classfile/systemDictionary.cpp, line 226]
Event: 12.303 Thread 0x000001e61367d000 Exception <a 'java/lang/ClassNotFoundException'{0x00000000875b5170}: org/springframework/beans/factory/AwareCustomizer> (0x00000000875b5170) thrown at [./open/src/hotspot/share/classfile/systemDictionary.cpp, line 226]
Event: 12.437 Thread 0x000001e61367d000 Implicit null exception at 0x000001e607f7b453 to 0x000001e607f7b6e4
Event: 12.609 Thread 0x000001e61367d000 Exception <a 'java/lang/NoSuchMethodError'{0x000000008ad164d8}: java.lang.invoke.DirectMethodHandle$Holder.invokeInterface(Ljava/lang/Object;Ljava/lang/Object;Ljava/lang/Object;)Ljava/lang/Object;> (0x000000008ad164d8) thrown at [./open/src/hotspot/share/
Event: 12.864 Thread 0x000001e61367d000 Exception <a 'java/lang/NoSuchMethodError'{0x0000000089fc1c10}: java.lang.invoke.DirectMethodHandle$Holder.invokeInterface(Ljava/lang/Object;Ljava/lang/Object;Ljava/lang/Object;Ljava/lang/Object;)Ljava/lang/Object;> (0x0000000089fc1c10) thrown at [./open/
Event: 13.048 Thread 0x000001e61367d000 Exception <a 'java/lang/NoSuchMethodError'{0x00000000892f8ad0}: java.lang.invoke.DirectMethodHandle$Holder.invokeVirtual(Ljava/lang/Object;Ljava/lang/Object;I)V> (0x00000000892f8ad0) thrown at [./open/src/hotspot/share/interpreter/linkResolver.cpp, line 7
Event: 13.521 Thread 0x000001e61367d000 Exception <a 'java/lang/NoSuchMethodError'{0x0000000087cee8f8}: java.lang.invoke.DirectMethodHandle$Holder.newInvokeSpecial(Ljava/lang/Object;I)Ljava/lang/Object;> (0x0000000087cee8f8) thrown at [./open/src/hotspot/share/interpreter/linkResolver.cpp, line
Event: 63.403 Thread 0x000001e615c55000 Exception <a 'java/lang/NoSuchMethodError'{0x000000008ac0dc78}: java.lang.invoke.DirectMethodHandle$Holder.invokeStaticInit(Ljava/lang/Object;ILjava/lang/Object;)V> (0x000000008ac0dc78) thrown at [./open/src/hotspot/share/interpreter/linkResolver.cpp, lin
Event: 63.572 Thread 0x000001e615c55000 Implicit null exception at 0x000001e607af61d7 to 0x000001e607af66d0

Events (10 events):
Event: 64.062 loading class org/hibernate/hql/internal/ast/tree/AggregatedSelectExpression
Event: 64.062 loading class org/hibernate/hql/internal/ast/tree/AggregatedSelectExpression done
Event: 64.063 loading class org/hibernate/hql/internal/ast/util/ASTAppender
Event: 64.063 loading class org/hibernate/hql/internal/ast/util/ASTAppender done
Event: 64.063 loading class org/hibernate/hql/internal/ast/tree/MapKeyNode
Event: 64.063 loading class org/hibernate/hql/internal/ast/tree/MapKeyNode done
Event: 64.064 loading class org/hibernate/hql/internal/ast/tree/AbstractMapComponentNode
Event: 64.064 loading class org/hibernate/hql/internal/ast/tree/AbstractMapComponentNode done
Event: 64.065 loading class org/hibernate/hql/internal/ast/tree/MapEntryNode
Event: 64.065 loading class org/hibernate/hql/internal/ast/tree/MapEntryNode done


Dynamic libraries:
0x00007ff6ca3b0000 - 0x00007ff6ca3bf000 	C:\Program Files\Java\jdk-11.0.15.1\bin\javaw.exe
0x00007ffbd6c40000 - 0x00007ffbd6ea7000 	C:\WINDOWS\SYSTEM32\ntdll.dll
0x00007ffbd5160000 - 0x00007ffbd5229000 	C:\WINDOWS\System32\KERNEL32.DLL
0x00007ffbd3510000 - 0x00007ffbd3904000 	C:\WINDOWS\System32\KERNELBASE.dll
0x00007ffbd3e90000 - 0x00007ffbd3fdb000 	C:\WINDOWS\System32\ucrtbase.dll
0x00007ffbc7a70000 - 0x00007ffbc7a85000 	C:\Program Files\Java\jdk-11.0.15.1\bin\VCRUNTIME140.dll
0x00007ffbc7a30000 - 0x00007ffbc7a48000 	C:\Program Files\Java\jdk-11.0.15.1\bin\jli.dll
0x00007ffbd5230000 - 0x00007ffbd52e6000 	C:\WINDOWS\System32\ADVAPI32.dll
0x00007ffbd5960000 - 0x00007ffbd5a09000 	C:\WINDOWS\System32\msvcrt.dll
0x00007ffbd6970000 - 0x00007ffbd6a17000 	C:\WINDOWS\System32\sechost.dll
0x00007ffbd6740000 - 0x00007ffbd6858000 	C:\WINDOWS\System32\RPCRT4.dll
0x00007ffbd4f40000 - 0x00007ffbd5105000 	C:\WINDOWS\System32\USER32.dll
0x00007ffbd4850000 - 0x00007ffbd4877000 	C:\WINDOWS\System32\win32u.dll
0x00007ffbbd130000 - 0x00007ffbbd3c3000 	C:\WINDOWS\WinSxS\amd64_microsoft.windows.common-controls_6595b64144ccf1df_6.0.26100.8115_none_3e075c82e3354f9c\COMCTL32.dll
0x00007ffbd6570000 - 0x00007ffbd659b000 	C:\WINDOWS\System32\GDI32.dll
0x00007ffbd3b40000 - 0x00007ffbd3c6b000 	C:\WINDOWS\System32\gdi32full.dll
0x00007ffbd3910000 - 0x00007ffbd39b3000 	C:\WINDOWS\System32\msvcp_win.dll
0x00007ffbc78a0000 - 0x00007ffbc78ab000 	C:\WINDOWS\SYSTEM32\VERSION.dll
0x00007ffbd4a20000 - 0x00007ffbd4a52000 	C:\WINDOWS\System32\IMM32.DLL
0x00007ffbb3850000 - 0x00007ffbb38eb000 	C:\Program Files\Java\jdk-11.0.15.1\bin\msvcp140.dll
0x00007ffb4ea90000 - 0x00007ffb4f5a6000 	C:\Program Files\Java\jdk-11.0.15.1\bin\server\jvm.dll
0x00007ffbd4ad0000 - 0x00007ffbd4ad8000 	C:\WINDOWS\System32\PSAPI.DLL
0x00007ffbafe00000 - 0x00007ffbafe0a000 	C:\WINDOWS\SYSTEM32\WSOCK32.dll
0x00007ffbc01f0000 - 0x00007ffbc0226000 	C:\WINDOWS\SYSTEM32\WINMM.dll
0x00007ffbd4eb0000 - 0x00007ffbd4f30000 	C:\WINDOWS\System32\WS2_32.dll
0x00007ffbd2260000 - 0x00007ffbd227b000 	C:\WINDOWS\SYSTEM32\kernel.appcore.dll
0x00007ffbbf9e0000 - 0x00007ffbbf9f0000 	C:\Program Files\Java\jdk-11.0.15.1\bin\verify.dll
0x00007ffbd1600000 - 0x00007ffbd1842000 	C:\WINDOWS\SYSTEM32\DBGHELP.DLL
0x00007ffbd5a10000 - 0x00007ffbd5d92000 	C:\WINDOWS\System32\combase.dll
0x00007ffbd52f0000 - 0x00007ffbd53c8000 	C:\WINDOWS\System32\OLEAUT32.dll
0x00007ffbbc220000 - 0x00007ffbbc25b000 	C:\WINDOWS\SYSTEM32\dbgcore.DLL
0x00007ffbd3c70000 - 0x00007ffbd3d15000 	C:\WINDOWS\System32\bcryptPrimitives.dll
0x00007ffbb25c0000 - 0x00007ffbb25e8000 	C:\Program Files\Java\jdk-11.0.15.1\bin\java.dll
0x00007ffbbf9d0000 - 0x00007ffbbf9da000 	C:\Program Files\Java\jdk-11.0.15.1\bin\jimage.dll
0x00007ffbb98b0000 - 0x00007ffbb98c6000 	C:\Program Files\Java\jdk-11.0.15.1\bin\zip.dll
0x00007ffbd5e00000 - 0x00007ffbd6567000 	C:\WINDOWS\System32\SHELL32.dll
0x00007ffbd3d20000 - 0x00007ffbd3e8a000 	C:\WINDOWS\System32\wintypes.dll
0x00007ffbd3fe0000 - 0x00007ffbd4848000 	C:\WINDOWS\System32\windows.storage.dll
0x00007ffbd4db0000 - 0x00007ffbd4ea8000 	C:\WINDOWS\System32\SHCORE.dll
0x00007ffbd4a60000 - 0x00007ffbd4ac6000 	C:\WINDOWS\System32\shlwapi.dll
0x00007ffbd3430000 - 0x00007ffbd3459000 	C:\WINDOWS\SYSTEM32\profapi.dll
0x00007ffbb23c0000 - 0x00007ffbb23d9000 	C:\Program Files\Java\jdk-11.0.15.1\bin\net.dll
0x00007ffbcb510000 - 0x00007ffbcb63d000 	C:\WINDOWS\SYSTEM32\WINHTTP.dll
0x00007ffbd27b0000 - 0x00007ffbd281c000 	C:\WINDOWS\system32\mswsock.dll
0x00007ffbb23a0000 - 0x00007ffbb23b2000 	C:\Program Files\Java\jdk-11.0.15.1\bin\nio.dll
0x00007ffbc7c60000 - 0x00007ffbc7c69000 	C:\Program Files\Java\jdk-11.0.15.1\bin\management.dll
0x00007ffbc7aa0000 - 0x00007ffbc7aab000 	C:\Program Files\Java\jdk-11.0.15.1\bin\management_ext.dll
0x00007ffbb3fa0000 - 0x00007ffbb3fb8000 	C:\WINDOWS\system32\napinsp.dll
0x00007ffbd1cd0000 - 0x00007ffbd1e02000 	C:\WINDOWS\SYSTEM32\DNSAPI.dll
0x00007ffbd1c40000 - 0x00007ffbd1c72000 	C:\WINDOWS\SYSTEM32\IPHLPAPI.DLL
0x00007ffbd4c60000 - 0x00007ffbd4c6a000 	C:\WINDOWS\System32\NSI.dll
0x00007ffbb3d90000 - 0x00007ffbb3da3000 	C:\WINDOWS\System32\winrnr.dll
0x00007ffbb3d10000 - 0x00007ffbb3d32000 	C:\WINDOWS\system32\nlansp_c.dll
0x00007ffbca260000 - 0x00007ffbca276000 	C:\WINDOWS\system32\wshbth.dll
0x00007ffbc5be0000 - 0x00007ffbc5beb000 	C:\Windows\System32\rasadhlp.dll
0x00007ffbc7710000 - 0x00007ffbc7796000 	C:\WINDOWS\System32\fwpuclnt.dll
0x00007ffbd2b30000 - 0x00007ffbd2b4b000 	C:\WINDOWS\SYSTEM32\CRYPTSP.dll
0x00007ffbd21c0000 - 0x00007ffbd21f9000 	C:\WINDOWS\system32\rsaenh.dll
0x00007ffbd2860000 - 0x00007ffbd2893000 	C:\WINDOWS\SYSTEM32\USERENV.dll
0x00007ffbd3400000 - 0x00007ffbd342a000 	C:\WINDOWS\SYSTEM32\bcrypt.dll
0x00007ffbd2a10000 - 0x00007ffbd2a1c000 	C:\WINDOWS\SYSTEM32\CRYPTBASE.dll
0x00007ffbcb900000 - 0x00007ffbcb91d000 	C:\WINDOWS\SYSTEM32\dhcpcsvc6.DLL
0x00007ffbcb800000 - 0x00007ffbcb825000 	C:\WINDOWS\SYSTEM32\dhcpcsvc.DLL
0x00007ffbaf850000 - 0x00007ffbaf875000 	C:\Program Files\Java\jdk-11.0.15.1\bin\sunec.dll
0x00007ffbcfea0000 - 0x00007ffbcfead000 	C:\Program Files\Java\jdk-11.0.15.1\bin\sunmscapi.dll
0x00007ffbd39c0000 - 0x00007ffbd3b37000 	C:\WINDOWS\System32\CRYPT32.dll
0x00007ffbd2c90000 - 0x00007ffbd2cc0000 	C:\WINDOWS\SYSTEM32\ncrypt.dll
0x00007ffbd2c40000 - 0x00007ffbd2c7f000 	C:\WINDOWS\SYSTEM32\NTASN1.dll

dbghelp: loaded successfully - version: 4.0.5 - missing functions: none
symbol engine: initialized successfully - sym options: 0x614 - pdb path: .;C:\Program Files\Java\jdk-11.0.15.1\bin;C:\WINDOWS\SYSTEM32;C:\WINDOWS\WinSxS\amd64_microsoft.windows.common-controls_6595b64144ccf1df_6.0.26100.8115_none_3e075c82e3354f9c;C:\Program Files\Java\jdk-11.0.15.1\bin\server

VM Arguments:
jvm_args: -Dfile.encoding=UTF-8 
java_command: com.rays.ORSProject10Application
java_class_path (initial): C:\project-10-Jwt\ORSProject-10 JWT\target\classes;C:\Users\DELL\.m2\repository\org\springframework\boot\spring-boot-devtools\2.1.2.RELEASE\spring-boot-devtools-2.1.2.RELEASE.jar;C:\Users\DELL\.m2\repository\org\springframework\boot\spring-boot\2.1.2.RELEASE\spring-boot-2.1.2.RELEASE.jar;C:\Users\DELL\.m2\repository\org\springframework\spring-core\5.1.4.RELEASE\spring-core-5.1.4.RELEASE.jar;C:\Users\DELL\.m2\repository\org\springframework\spring-jcl\5.1.4.RELEASE\spring-jcl-5.1.4.RELEASE.jar;C:\Users\DELL\.m2\repository\org\springframework\spring-context\5.1.4.RELEASE\spring-context-5.1.4.RELEASE.jar;C:\Users\DELL\.m2\repository\org\springframework\boot\spring-boot-autoconfigure\2.1.2.RELEASE\spring-boot-autoconfigure-2.1.2.RELEASE.jar;C:\Users\DELL\.m2\repository\org\springframework\boot\spring-boot-starter-web\2.1.2.RELEASE\spring-boot-starter-web-2.1.2.RELEASE.jar;C:\Users\DELL\.m2\repository\org\springframework\boot\spring-boot-starter\2.1.2.RELEASE\spring-boot-starter-2.1.2.RELEASE.jar;C:\Users\DELL\.m2\repository\org\springframework\boot\spring-boot-starter-logging\2.1.2.RELEASE\spring-boot-starter-logging-2.1.2.RELEASE.jar;C:\Users\DELL\.m2\repository\ch\qos\logback\logback-classic\1.2.3\logback-classic-1.2.3.jar;C:\Users\DELL\.m2\repository\ch\qos\logback\logback-core\1.2.3\logback-core-1.2.3.jar;C:\Users\DELL\.m2\repository\org\apache\logging\log4j\log4j-to-slf4j\2.11.1\log4j-to-slf4j-2.11.1.jar;C:\Users\DELL\.m2\repository\org\apache\logging\log4j\log4j-api\2.11.1\log4j-api-2.11.1.jar;C:\Users\DELL\.m2\repository\org\slf4j\jul-to-slf4j\1.7.25\jul-to-slf4j-1.7.25.jar;C:\Users\DELL\.m2\repository\javax\annotation\javax.annotation-api\1.3.2\javax.annotation-api-1.3.2.jar;C:\Users\DELL\.m2\repository\org\yaml\snakeyaml\1.23\snakeyaml-1.23.jar;C:\Users\DELL\.m2\repository\org\springframework\boot\spring-boot-starter-json\2.1.2.RELEASE\spring-boot-starter-json-2.1.2.RELEASE.jar;C:\Users\DELL\.m2\repository\com\fasterxml\jackson\datat
Launcher Type: SUN_STANDARD

[Global flags]
     intx CICompilerCount                          = 4                                         {product} {ergonomic}
     uint ConcGCThreads                            = 2                                         {product} {ergonomic}
     uint G1ConcRefinementThreads                  = 8                                         {product} {ergonomic}
   size_t G1HeapRegionSize                         = 1048576                                   {product} {ergonomic}
    uintx GCDrainStackTargetSize                   = 64                                        {product} {ergonomic}
   size_t InitialHeapSize                          = 132120576                                 {product} {ergonomic}
   size_t MarkStackSize                            = 4194304                                   {product} {ergonomic}
   size_t MaxHeapSize                              = 2109734912                                {product} {ergonomic}
   size_t MaxNewSize                               = 1265631232                                {product} {ergonomic}
   size_t MinHeapDeltaBytes                        = 1048576                                   {product} {ergonomic}
    uintx NonNMethodCodeHeapSize                   = 5836300                                {pd product} {ergonomic}
    uintx NonProfiledCodeHeapSize                  = 122910970                              {pd product} {ergonomic}
    uintx ProfiledCodeHeapSize                     = 122910970                              {pd product} {ergonomic}
    uintx ReservedCodeCacheSize                    = 251658240                              {pd product} {ergonomic}
     bool SegmentedCodeCache                       = true                                      {product} {ergonomic}
     bool UseCompressedClassPointers               = true                                 {lp64_product} {ergonomic}
     bool UseCompressedOops                        = true                                 {lp64_product} {ergonomic}
     bool UseG1GC                                  = true                                      {product} {ergonomic}
     bool UseLargePagesIndividualAllocation        = false                                  {pd product} {ergonomic}

Logging:
Log output configuration:
 #0: stdout all=warning uptime,level,tags
 #1: stderr all=off uptime,level,tags

Environment Variables:
JAVA_HOME=C:\Program Files\Java\jdk-11.0.15.1
PATH=C:/Program Files/Java/jdk-11.0.15.1/bin/server;C:/Program Files/Java/jdk-11.0.15.1/bin;C:\WINDOWS\system32;C:\WINDOWS;C:\WINDOWS\System32\Wbem;C:\WINDOWS\System32\WindowsPowerShell\v1.0\;C:\WINDOWS\System32\OpenSSH\;C:\Program Files\Git\cmd;C:\Program Files\dotnet\;C:\Program Files\Docker\Docker\resources\bin;C:\Program Files\nodejs\;C:\Program Files (x86)\NVIDIA Corporation\PhysX\Common;C:\Program Files\NVIDIA Corporation\NVIDIA App\NvDLISR;C:\Program Files\Apache\Maven\bin;C:\WINDOWS\system32;C:\WINDOWS;C:\WINDOWS\System32\Wbem;C:\WINDOWS\System32\WindowsPowerShell\v1.0\;C:\WINDOWS\System32\OpenSSH\;C:\Program Files\Git\cmd;C:\Program Files\dotnet\;C:\Program Files\Docker\Docker\resources\bin;C:\Program Files\nodejs\;C:\Program Files (x86)\NVIDIA Corporation\PhysX\Common;C:\Program Files\NVIDIA Corporation\NVIDIA App\NvDLISR;C:\Program Files\Java\jdk-11.0.15.1\bin;C:\Users\DELL\AppData\Roaming\npm;C:\Users\DELL\AppData\Local\Microsoft\WindowsApps;;C:\Users\DELL\AppData\Local\Programs\Microsoft VS Code\bin;C:\Users\DELL\AppData\Local\Programs\mongosh\;%USERPROFILE%\AppData\Local\Microsoft\WindowsApps;C:\Users\DELL\Downloads\eclipse-jee-2019-03-R-win32-x86_64\eclipse;
USERNAME=DELL
OS=Windows_NT
PROCESSOR_IDENTIFIER=Intel64 Family 6 Model 158 Stepping 10, GenuineIntel



---------------  S Y S T E M  ---------------

OS: Windows 11 , 64 bit Build 26100 (10.0.26100.8246)
Hyper-V role detected

CPU:total 8 (initial active 8) (4 cores per cpu, 2 threads per core) family 6 model 158 stepping 10 microcode 0xde, cmov, cx8, fxsr, mmx, sse, sse2, sse3, ssse3, sse4.1, sse4.2, popcnt, avx, avx2, aes, clmul, erms, 3dnowpref, lzcnt, ht, tsc, tscinvbit, bmi1, bmi2, adx, fma

Memory: 4k page, system-wide physical 8044M (531M free)
TotalPageFile size 32620M (AvailPageFile size 7M)
current process WorkingSet (physical memory assigned to process): 355M, peak: 387M
current process commit charge ("private bytes"): 405M, peak: 439M

vm_info: Java HotSpot(TM) 64-Bit Server VM (11.0.15.1+2-LTS-10) for windows-amd64 JRE (11.0.15.1+2-LTS-10), built on Apr 25 2022 21:51:57 by "mach5one" with MS VC++ 15.9 (VS2017)

END.
