#
# There is insufficient memory for the Java Runtime Environment to continue.
# Native memory allocation (malloc) failed to allocate 1226576 bytes for Chunk::new
# Possible reasons:
#   The system is out of physical RAM or swap space
#   The process is running with CompressedOops enabled, and the Java Heap may be blocking the growth of the native heap
# Possible solutions:
#   Reduce memory load on the system
#   Increase physical memory or swap space
#   Check if swap backing store is full
#   Decrease Java heap size (-Xmx/-Xms)
#   Decrease number of Java threads
#   Decrease Java thread stack sizes (-Xss)
#   Set larger code cache with -XX:ReservedCodeCacheSize=
#   JVM is running with Unscaled Compressed Oops mode in which the Java heap is
#     placed in the first 4GB address space. The Java Heap base address is the
#     maximum limit for the native heap growth. Please use -XX:HeapBaseMinAddress
#     to set the Java Heap base and to place the Java Heap above 4GB virtual address.
# This output file may be truncated or incomplete.
#
#  Out of Memory Error (./open/src/hotspot/share/memory/arena.cpp:197), pid=26976, tid=18204
#
# JRE version: Java(TM) SE Runtime Environment 18.9 (11.0.15.1+2) (build 11.0.15.1+2-LTS-10)
# Java VM: Java HotSpot(TM) 64-Bit Server VM 18.9 (11.0.15.1+2-LTS-10, mixed mode, tiered, compressed oops, g1 gc, windows-amd64)
# No core dump will be written. Minidumps are not enabled by default on client versions of Windows
#

---------------  S U M M A R Y ------------

Command Line: -Dfile.encoding=UTF-8 com.rays.ORSProject10Application

Host: Intel(R) Core(TM) i5-9300H CPU @ 2.40GHz, 8 cores, 7G,  Windows 11 , 64 bit Build 26100 (10.0.26100.8246)
Time: Wed Apr 22 11:42:55 2026 India Standard Time elapsed time: 7.829603 seconds (0d 0h 0m 7s)

---------------  T H R E A D  ---------------

Current thread (0x0000013bd64cf000):  JavaThread "C2 CompilerThread0" daemon [_thread_in_native, id=18204, stack(0x0000001642d00000,0x0000001642e00000)]


Current CompileTask:
C2:   7830 2384       4       jdk.internal.org.objectweb.asm.Frame::execute (2264 bytes)

Stack: [0x0000001642d00000,0x0000001642e00000]
Native frames: (J=compiled Java code, j=interpreted, Vv=VM code, C=native code)
V  [jvm.dll+0x629d8a]
V  [jvm.dll+0x7638ff]
V  [jvm.dll+0x764fa9]
V  [jvm.dll+0x765633]
V  [jvm.dll+0x23d9c8]
V  [jvm.dll+0xb2a1c]
V  [jvm.dll+0xb2fdc]
V  [jvm.dll+0x341002]
V  [jvm.dll+0x30e9b3]
V  [jvm.dll+0x30dcfa]
V  [jvm.dll+0x1f8565]
V  [jvm.dll+0x1f774d]
V  [jvm.dll+0x177c51]
V  [jvm.dll+0x207026]
V  [jvm.dll+0x2051bb]
V  [jvm.dll+0x729820]
V  [jvm.dll+0x7223f4]
V  [jvm.dll+0x628c26]
C  [ucrtbase.dll+0x37b0]
C  [KERNEL32.DLL+0x2e8d7]
C  [ntdll.dll+0x8c3fc]


---------------  P R O C E S S  ---------------

Threads class SMR info:
_java_thread_list=0x0000013bd8ea69d0, length=14, elements={
0x0000013bb7db3800, 0x0000013bd5cab000, 0x0000013bd5cb4000, 0x0000013bd64cb800,
0x0000013bd64cc800, 0x0000013bd64ce000, 0x0000013bd64cf000, 0x0000013bd6532800,
0x0000013bd5cb9000, 0x0000013bd66a0000, 0x0000013bd674d800, 0x0000013bd77c6000,
0x0000013bd74b4800, 0x0000013bd7aaa800
}

Java Threads: ( => current thread )
  0x0000013bb7db3800 JavaThread "main" [_thread_blocked, id=18972, stack(0x0000001642100000,0x0000001642200000)]
  0x0000013bd5cab000 JavaThread "Reference Handler" daemon [_thread_blocked, id=3620, stack(0x0000001642800000,0x0000001642900000)]
  0x0000013bd5cb4000 JavaThread "Finalizer" daemon [_thread_blocked, id=25396, stack(0x0000001642900000,0x0000001642a00000)]
  0x0000013bd64cb800 JavaThread "Signal Dispatcher" daemon [_thread_blocked, id=24116, stack(0x0000001642a00000,0x0000001642b00000)]
  0x0000013bd64cc800 JavaThread "Attach Listener" daemon [_thread_blocked, id=28084, stack(0x0000001642b00000,0x0000001642c00000)]
  0x0000013bd64ce000 JavaThread "Service Thread" daemon [_thread_blocked, id=23388, stack(0x0000001642c00000,0x0000001642d00000)]
=>0x0000013bd64cf000 JavaThread "C2 CompilerThread0" daemon [_thread_in_native, id=18204, stack(0x0000001642d00000,0x0000001642e00000)]
  0x0000013bd6532800 JavaThread "C1 CompilerThread0" daemon [_thread_blocked, id=28124, stack(0x0000001642e00000,0x0000001642f00000)]
  0x0000013bd5cb9000 JavaThread "Sweeper thread" daemon [_thread_blocked, id=14476, stack(0x0000001642f00000,0x0000001643000000)]
  0x0000013bd66a0000 JavaThread "Common-Cleaner" daemon [_thread_blocked, id=23112, stack(0x0000001643100000,0x0000001643200000)]
  0x0000013bd674d800 JavaThread "C2 CompilerThread1" daemon [_thread_in_native, id=27872, stack(0x0000001643200000,0x0000001643300000)]
  0x0000013bd77c6000 JavaThread "Thread-0" [_thread_blocked, id=10524, stack(0x0000001643300000,0x0000001643400000)]
  0x0000013bd74b4800 JavaThread "restartedMain" [_thread_in_native, id=20556, stack(0x0000001643400000,0x0000001643500000)]
  0x0000013bd7aaa800 JavaThread "C2 CompilerThread2" daemon [_thread_in_native, id=27732, stack(0x0000001643f00000,0x0000001644000000)]

Other Threads:
  0x0000013bd5ca5800 VMThread "VM Thread" [stack: 0x0000001642700000,0x0000001642800000] [id=20392]
  0x0000013bd66a2000 WatcherThread [stack: 0x0000001643000000,0x0000001643100000] [id=28328]
  0x0000013bb7dc8800 GCTaskThread "GC Thread#0" [stack: 0x0000001642200000,0x0000001642300000] [id=28176]
  0x0000013bd7505800 GCTaskThread "GC Thread#1" [stack: 0x0000001643600000,0x0000001643700000] [id=22632]
  0x0000013bd78b9800 GCTaskThread "GC Thread#2" [stack: 0x0000001643700000,0x0000001643800000] [id=26628]
  0x0000013bd78ba800 GCTaskThread "GC Thread#3" [stack: 0x0000001643800000,0x0000001643900000] [id=1120]
  0x0000013bd78bb000 GCTaskThread "GC Thread#4" [stack: 0x0000001643900000,0x0000001643a00000] [id=27988]
  0x0000013bd651a000 GCTaskThread "GC Thread#5" [stack: 0x0000001643a00000,0x0000001643b00000] [id=16508]
  0x0000013bd651f000 GCTaskThread "GC Thread#6" [stack: 0x0000001643b00000,0x0000001643c00000] [id=26008]
  0x0000013bd651f800 GCTaskThread "GC Thread#7" [stack: 0x0000001643c00000,0x0000001643d00000] [id=23328]
  0x0000013bb7dfe800 ConcurrentGCThread "G1 Main Marker" [stack: 0x0000001642300000,0x0000001642400000] [id=11676]
  0x0000013bb7e09800 ConcurrentGCThread "G1 Conc#0" [stack: 0x0000001642400000,0x0000001642500000] [id=18452]
  0x0000013bd75d6800 ConcurrentGCThread "G1 Conc#1" [stack: 0x0000001643e00000,0x0000001643f00000] [id=26684]
  0x0000013bb7dfd800 ConcurrentGCThread "G1 Refine#0" [stack: 0x0000001642500000,0x0000001642600000] [id=21372]
  0x0000013bd6522800 ConcurrentGCThread "G1 Refine#1" [stack: 0x0000001643d00000,0x0000001643e00000] [id=26412]
  0x0000013bb7e7e800 ConcurrentGCThread "G1 Young RemSet Sampling" [stack: 0x0000001642600000,0x0000001642700000] [id=28476]

Threads with active compile tasks:
C2 CompilerThread0   7910 2384       4       jdk.internal.org.objectweb.asm.Frame::execute (2264 bytes)
C2 CompilerThread1   7910 2186       4       org.springframework.asm.ClassReader::readCode (5085 bytes)

VM state:not at safepoint (normal execution)

VM Mutex/Monitor currently owned by a thread: None

Heap address: 0x0000000082400000, size: 2012 MB, Compressed Oops mode: 32-bit
Narrow klass base: 0x0000000000000000, Narrow klass shift: 3
Compressed class space size: 1073741824 Address: 0x0000000100000000

Heap:
 garbage-first heap   total 129024K, used 60669K [0x0000000082400000, 0x0000000100000000)
  region size 1024K, 53 young (54272K), 2 survivors (2048K)
 Metaspace       used 27989K, capacity 28635K, committed 28928K, reserved 1075200K
  class space    used 3225K, capacity 3481K, committed 3584K, reserved 1048576K
Heap Regions: E=young(eden), S=young(survivor), O=old, HS=humongous(starts), HC=humongous(continues), CS=collection set, F=free, A=archive, TAMS=top-at-mark-start (previous, next)
|   0|0x0000000082400000, 0x0000000082500000, 0x0000000082500000|100%|HS|  |TAMS 0x0000000082500000, 0x0000000082400000| Complete 
|   1|0x0000000082500000, 0x0000000082600000, 0x0000000082600000|100%| O|  |TAMS 0x0000000082600000, 0x0000000082500000| Untracked 
|   2|0x0000000082600000, 0x0000000082700000, 0x0000000082700000|100%| O|  |TAMS 0x0000000082700000, 0x0000000082600000| Untracked 
|   3|0x0000000082700000, 0x0000000082800000, 0x0000000082800000|100%| O|  |TAMS 0x0000000082800000, 0x0000000082700000| Untracked 
|   4|0x0000000082800000, 0x0000000082900000, 0x0000000082900000|100%| O|  |TAMS 0x0000000082900000, 0x0000000082800000| Untracked 
|   5|0x0000000082900000, 0x0000000082a00000, 0x0000000082a00000|100%| O|  |TAMS 0x0000000082a00000, 0x0000000082900000| Untracked 
|   6|0x0000000082a00000, 0x0000000082b00000, 0x0000000082b00000|100%| O|  |TAMS 0x0000000082b00000, 0x0000000082a00000| Untracked 
|   7|0x0000000082b00000, 0x0000000082b72a00, 0x0000000082c00000| 44%| O|  |TAMS 0x0000000082b72a00, 0x0000000082b00000| Untracked 
|   8|0x0000000082c00000, 0x0000000082c00000, 0x0000000082d00000|  0%| F|  |TAMS 0x0000000082c00000, 0x0000000082c00000| Untracked 
|   9|0x0000000082d00000, 0x0000000082d00000, 0x0000000082e00000|  0%| F|  |TAMS 0x0000000082d00000, 0x0000000082d00000| Untracked 
|  10|0x0000000082e00000, 0x0000000082e00000, 0x0000000082f00000|  0%| F|  |TAMS 0x0000000082e00000, 0x0000000082e00000| Untracked 
|  11|0x0000000082f00000, 0x0000000082f00000, 0x0000000083000000|  0%| F|  |TAMS 0x0000000082f00000, 0x0000000082f00000| Untracked 
|  12|0x0000000083000000, 0x0000000083000000, 0x0000000083100000|  0%| F|  |TAMS 0x0000000083000000, 0x0000000083000000| Untracked 
|  13|0x0000000083100000, 0x0000000083100000, 0x0000000083200000|  0%| F|  |TAMS 0x0000000083100000, 0x0000000083100000| Untracked 
|  14|0x0000000083200000, 0x0000000083200000, 0x0000000083300000|  0%| F|  |TAMS 0x0000000083200000, 0x0000000083200000| Untracked 
|  15|0x0000000083300000, 0x0000000083300000, 0x0000000083400000|  0%| F|  |TAMS 0x0000000083300000, 0x0000000083300000| Untracked 
|  16|0x0000000083400000, 0x0000000083400000, 0x0000000083500000|  0%| F|  |TAMS 0x0000000083400000, 0x0000000083400000| Untracked 
|  17|0x0000000083500000, 0x0000000083500000, 0x0000000083600000|  0%| F|  |TAMS 0x0000000083500000, 0x0000000083500000| Untracked 
|  18|0x0000000083600000, 0x0000000083600000, 0x0000000083700000|  0%| F|  |TAMS 0x0000000083600000, 0x0000000083600000| Untracked 
|  19|0x0000000083700000, 0x0000000083700000, 0x0000000083800000|  0%| F|  |TAMS 0x0000000083700000, 0x0000000083700000| Untracked 
|  20|0x0000000083800000, 0x0000000083800000, 0x0000000083900000|  0%| F|  |TAMS 0x0000000083800000, 0x0000000083800000| Untracked 
|  21|0x0000000083900000, 0x0000000083900000, 0x0000000083a00000|  0%| F|  |TAMS 0x0000000083900000, 0x0000000083900000| Untracked 
|  22|0x0000000083a00000, 0x0000000083a00000, 0x0000000083b00000|  0%| F|  |TAMS 0x0000000083a00000, 0x0000000083a00000| Untracked 
|  23|0x0000000083b00000, 0x0000000083b00000, 0x0000000083c00000|  0%| F|  |TAMS 0x0000000083b00000, 0x0000000083b00000| Untracked 
|  24|0x0000000083c00000, 0x0000000083c00000, 0x0000000083d00000|  0%| F|  |TAMS 0x0000000083c00000, 0x0000000083c00000| Untracked 
|  25|0x0000000083d00000, 0x0000000083d00000, 0x0000000083e00000|  0%| F|  |TAMS 0x0000000083d00000, 0x0000000083d00000| Untracked 
|  26|0x0000000083e00000, 0x0000000083e00000, 0x0000000083f00000|  0%| F|  |TAMS 0x0000000083e00000, 0x0000000083e00000| Untracked 
|  27|0x0000000083f00000, 0x0000000083f00000, 0x0000000084000000|  0%| F|  |TAMS 0x0000000083f00000, 0x0000000083f00000| Untracked 
|  28|0x0000000084000000, 0x0000000084000000, 0x0000000084100000|  0%| F|  |TAMS 0x0000000084000000, 0x0000000084000000| Untracked 
|  29|0x0000000084100000, 0x0000000084100000, 0x0000000084200000|  0%| F|  |TAMS 0x0000000084100000, 0x0000000084100000| Untracked 
|  30|0x0000000084200000, 0x0000000084200000, 0x0000000084300000|  0%| F|  |TAMS 0x0000000084200000, 0x0000000084200000| Untracked 
|  31|0x0000000084300000, 0x0000000084300000, 0x0000000084400000|  0%| F|  |TAMS 0x0000000084300000, 0x0000000084300000| Untracked 
|  32|0x0000000084400000, 0x0000000084400000, 0x0000000084500000|  0%| F|  |TAMS 0x0000000084400000, 0x0000000084400000| Untracked 
|  33|0x0000000084500000, 0x0000000084500000, 0x0000000084600000|  0%| F|  |TAMS 0x0000000084500000, 0x0000000084500000| Untracked 
|  34|0x0000000084600000, 0x0000000084600000, 0x0000000084700000|  0%| F|  |TAMS 0x0000000084600000, 0x0000000084600000| Untracked 
|  35|0x0000000084700000, 0x0000000084700000, 0x0000000084800000|  0%| F|  |TAMS 0x0000000084700000, 0x0000000084700000| Untracked 
|  36|0x0000000084800000, 0x0000000084800000, 0x0000000084900000|  0%| F|  |TAMS 0x0000000084800000, 0x0000000084800000| Untracked 
|  37|0x0000000084900000, 0x0000000084900000, 0x0000000084a00000|  0%| F|  |TAMS 0x0000000084900000, 0x0000000084900000| Untracked 
|  38|0x0000000084a00000, 0x0000000084a00000, 0x0000000084b00000|  0%| F|  |TAMS 0x0000000084a00000, 0x0000000084a00000| Untracked 
|  39|0x0000000084b00000, 0x0000000084b00000, 0x0000000084c00000|  0%| F|  |TAMS 0x0000000084b00000, 0x0000000084b00000| Untracked 
|  40|0x0000000084c00000, 0x0000000084c00000, 0x0000000084d00000|  0%| F|  |TAMS 0x0000000084c00000, 0x0000000084c00000| Untracked 
|  41|0x0000000084d00000, 0x0000000084d00000, 0x0000000084e00000|  0%| F|  |TAMS 0x0000000084d00000, 0x0000000084d00000| Untracked 
|  42|0x0000000084e00000, 0x0000000084e00000, 0x0000000084f00000|  0%| F|  |TAMS 0x0000000084e00000, 0x0000000084e00000| Untracked 
|  43|0x0000000084f00000, 0x0000000084f00000, 0x0000000085000000|  0%| F|  |TAMS 0x0000000084f00000, 0x0000000084f00000| Untracked 
|  44|0x0000000085000000, 0x0000000085000000, 0x0000000085100000|  0%| F|  |TAMS 0x0000000085000000, 0x0000000085000000| Untracked 
|  45|0x0000000085100000, 0x0000000085100000, 0x0000000085200000|  0%| F|  |TAMS 0x0000000085100000, 0x0000000085100000| Untracked 
|  46|0x0000000085200000, 0x0000000085200000, 0x0000000085300000|  0%| F|  |TAMS 0x0000000085200000, 0x0000000085200000| Untracked 
|  47|0x0000000085300000, 0x0000000085300000, 0x0000000085400000|  0%| F|  |TAMS 0x0000000085300000, 0x0000000085300000| Untracked 
|  48|0x0000000085400000, 0x0000000085400000, 0x0000000085500000|  0%| F|  |TAMS 0x0000000085400000, 0x0000000085400000| Untracked 
|  49|0x0000000085500000, 0x0000000085500000, 0x0000000085600000|  0%| F|  |TAMS 0x0000000085500000, 0x0000000085500000| Untracked 
|  50|0x0000000085600000, 0x0000000085600000, 0x0000000085700000|  0%| F|  |TAMS 0x0000000085600000, 0x0000000085600000| Untracked 
|  51|0x0000000085700000, 0x0000000085700000, 0x0000000085800000|  0%| F|  |TAMS 0x0000000085700000, 0x0000000085700000| Untracked 
|  52|0x0000000085800000, 0x0000000085800000, 0x0000000085900000|  0%| F|  |TAMS 0x0000000085800000, 0x0000000085800000| Untracked 
|  53|0x0000000085900000, 0x0000000085900000, 0x0000000085a00000|  0%| F|  |TAMS 0x0000000085900000, 0x0000000085900000| Untracked 
|  54|0x0000000085a00000, 0x0000000085a00000, 0x0000000085b00000|  0%| F|  |TAMS 0x0000000085a00000, 0x0000000085a00000| Untracked 
|  55|0x0000000085b00000, 0x0000000085b00000, 0x0000000085c00000|  0%| F|  |TAMS 0x0000000085b00000, 0x0000000085b00000| Untracked 
|  56|0x0000000085c00000, 0x0000000085c00000, 0x0000000085d00000|  0%| F|  |TAMS 0x0000000085c00000, 0x0000000085c00000| Untracked 
|  57|0x0000000085d00000, 0x0000000085d00000, 0x0000000085e00000|  0%| F|  |TAMS 0x0000000085d00000, 0x0000000085d00000| Untracked 
|  58|0x0000000085e00000, 0x0000000085e00000, 0x0000000085f00000|  0%| F|  |TAMS 0x0000000085e00000, 0x0000000085e00000| Untracked 
|  59|0x0000000085f00000, 0x0000000085f00000, 0x0000000086000000|  0%| F|  |TAMS 0x0000000085f00000, 0x0000000085f00000| Untracked 
|  60|0x0000000086000000, 0x0000000086000000, 0x0000000086100000|  0%| F|  |TAMS 0x0000000086000000, 0x0000000086000000| Untracked 
|  61|0x0000000086100000, 0x0000000086100000, 0x0000000086200000|  0%| F|  |TAMS 0x0000000086100000, 0x0000000086100000| Untracked 
|  62|0x0000000086200000, 0x0000000086200000, 0x0000000086300000|  0%| F|  |TAMS 0x0000000086200000, 0x0000000086200000| Untracked 
|  63|0x0000000086300000, 0x0000000086300000, 0x0000000086400000|  0%| F|  |TAMS 0x0000000086300000, 0x0000000086300000| Untracked 
|  64|0x0000000086400000, 0x0000000086400000, 0x0000000086500000|  0%| F|  |TAMS 0x0000000086400000, 0x0000000086400000| Untracked 
|  65|0x0000000086500000, 0x0000000086500000, 0x0000000086600000|  0%| F|  |TAMS 0x0000000086500000, 0x0000000086500000| Untracked 
|  66|0x0000000086600000, 0x0000000086600000, 0x0000000086700000|  0%| F|  |TAMS 0x0000000086600000, 0x0000000086600000| Untracked 
|  67|0x0000000086700000, 0x0000000086700000, 0x0000000086800000|  0%| F|  |TAMS 0x0000000086700000, 0x0000000086700000| Untracked 
|  68|0x0000000086800000, 0x0000000086800000, 0x0000000086900000|  0%| F|  |TAMS 0x0000000086800000, 0x0000000086800000| Untracked 
|  69|0x0000000086900000, 0x0000000086900000, 0x0000000086a00000|  0%| F|  |TAMS 0x0000000086900000, 0x0000000086900000| Untracked 
|  70|0x0000000086a00000, 0x0000000086a00000, 0x0000000086b00000|  0%| F|  |TAMS 0x0000000086a00000, 0x0000000086a00000| Untracked 
|  71|0x0000000086b00000, 0x0000000086b00000, 0x0000000086c00000|  0%| F|  |TAMS 0x0000000086b00000, 0x0000000086b00000| Untracked 
|  72|0x0000000086c00000, 0x0000000086c00000, 0x0000000086d00000|  0%| F|  |TAMS 0x0000000086c00000, 0x0000000086c00000| Untracked 
|  73|0x0000000086d00000, 0x0000000086e00000, 0x0000000086e00000|100%| E|  |TAMS 0x0000000086d00000, 0x0000000086d00000| Complete 
|  74|0x0000000086e00000, 0x0000000086f00000, 0x0000000086f00000|100%| E|CS|TAMS 0x0000000086e00000, 0x0000000086e00000| Complete 
|  75|0x0000000086f00000, 0x0000000087000000, 0x0000000087000000|100%| E|CS|TAMS 0x0000000086f00000, 0x0000000086f00000| Complete 
|  76|0x0000000087000000, 0x0000000087100000, 0x0000000087100000|100%| E|CS|TAMS 0x0000000087000000, 0x0000000087000000| Complete 
|  77|0x0000000087100000, 0x0000000087200000, 0x0000000087200000|100%| E|CS|TAMS 0x0000000087100000, 0x0000000087100000| Complete 
|  78|0x0000000087200000, 0x0000000087300000, 0x0000000087300000|100%| E|CS|TAMS 0x0000000087200000, 0x0000000087200000| Complete 
|  79|0x0000000087300000, 0x0000000087400000, 0x0000000087400000|100%| E|CS|TAMS 0x0000000087300000, 0x0000000087300000| Complete 
|  80|0x0000000087400000, 0x0000000087500000, 0x0000000087500000|100%| E|CS|TAMS 0x0000000087400000, 0x0000000087400000| Complete 
|  81|0x0000000087500000, 0x0000000087600000, 0x0000000087600000|100%| E|CS|TAMS 0x0000000087500000, 0x0000000087500000| Complete 
|  82|0x0000000087600000, 0x0000000087700000, 0x0000000087700000|100%| E|CS|TAMS 0x0000000087600000, 0x0000000087600000| Complete 
|  83|0x0000000087700000, 0x0000000087800000, 0x0000000087800000|100%| E|CS|TAMS 0x0000000087700000, 0x0000000087700000| Complete 
|  84|0x0000000087800000, 0x0000000087900000, 0x0000000087900000|100%| E|CS|TAMS 0x0000000087800000, 0x0000000087800000| Complete 
|  85|0x0000000087900000, 0x0000000087a00000, 0x0000000087a00000|100%| E|CS|TAMS 0x0000000087900000, 0x0000000087900000| Complete 
|  86|0x0000000087a00000, 0x0000000087b00000, 0x0000000087b00000|100%| E|CS|TAMS 0x0000000087a00000, 0x0000000087a00000| Complete 
|  87|0x0000000087b00000, 0x0000000087c00000, 0x0000000087c00000|100%| E|CS|TAMS 0x0000000087b00000, 0x0000000087b00000| Complete 
|  88|0x0000000087c00000, 0x0000000087d00000, 0x0000000087d00000|100%| E|CS|TAMS 0x0000000087c00000, 0x0000000087c00000| Complete 
|  89|0x0000000087d00000, 0x0000000087e00000, 0x0000000087e00000|100%| E|CS|TAMS 0x0000000087d00000, 0x0000000087d00000| Complete 
|  90|0x0000000087e00000, 0x0000000087f00000, 0x0000000087f00000|100%| E|CS|TAMS 0x0000000087e00000, 0x0000000087e00000| Complete 
|  91|0x0000000087f00000, 0x0000000088000000, 0x0000000088000000|100%| E|CS|TAMS 0x0000000087f00000, 0x0000000087f00000| Complete 
|  92|0x0000000088000000, 0x0000000088100000, 0x0000000088100000|100%| E|CS|TAMS 0x0000000088000000, 0x0000000088000000| Complete 
|  93|0x0000000088100000, 0x0000000088200000, 0x0000000088200000|100%| E|CS|TAMS 0x0000000088100000, 0x0000000088100000| Complete 
|  94|0x0000000088200000, 0x0000000088300000, 0x0000000088300000|100%| E|CS|TAMS 0x0000000088200000, 0x0000000088200000| Complete 
|  95|0x0000000088300000, 0x0000000088400000, 0x0000000088400000|100%| E|CS|TAMS 0x0000000088300000, 0x0000000088300000| Complete 
|  96|0x0000000088400000, 0x0000000088500000, 0x0000000088500000|100%| E|CS|TAMS 0x0000000088400000, 0x0000000088400000| Complete 
|  97|0x0000000088500000, 0x0000000088600000, 0x0000000088600000|100%| E|CS|TAMS 0x0000000088500000, 0x0000000088500000| Complete 
|  98|0x0000000088600000, 0x0000000088700000, 0x0000000088700000|100%| E|CS|TAMS 0x0000000088600000, 0x0000000088600000| Complete 
|  99|0x0000000088700000, 0x0000000088800000, 0x0000000088800000|100%| E|CS|TAMS 0x0000000088700000, 0x0000000088700000| Complete 
| 100|0x0000000088800000, 0x0000000088900000, 0x0000000088900000|100%| E|CS|TAMS 0x0000000088800000, 0x0000000088800000| Complete 
| 101|0x0000000088900000, 0x0000000088a00000, 0x0000000088a00000|100%| E|CS|TAMS 0x0000000088900000, 0x0000000088900000| Complete 
| 102|0x0000000088a00000, 0x0000000088b00000, 0x0000000088b00000|100%| E|CS|TAMS 0x0000000088a00000, 0x0000000088a00000| Complete 
| 103|0x0000000088b00000, 0x0000000088c00000, 0x0000000088c00000|100%| E|CS|TAMS 0x0000000088b00000, 0x0000000088b00000| Complete 
| 104|0x0000000088c00000, 0x0000000088d00000, 0x0000000088d00000|100%| E|CS|TAMS 0x0000000088c00000, 0x0000000088c00000| Complete 
| 105|0x0000000088d00000, 0x0000000088e00000, 0x0000000088e00000|100%| E|CS|TAMS 0x0000000088d00000, 0x0000000088d00000| Complete 
| 106|0x0000000088e00000, 0x0000000088f00000, 0x0000000088f00000|100%| E|CS|TAMS 0x0000000088e00000, 0x0000000088e00000| Complete 
| 107|0x0000000088f00000, 0x0000000089000000, 0x0000000089000000|100%| E|CS|TAMS 0x0000000088f00000, 0x0000000088f00000| Complete 
| 108|0x0000000089000000, 0x0000000089100000, 0x0000000089100000|100%| E|CS|TAMS 0x0000000089000000, 0x0000000089000000| Complete 
| 109|0x0000000089100000, 0x0000000089200000, 0x0000000089200000|100%| E|CS|TAMS 0x0000000089100000, 0x0000000089100000| Complete 
| 110|0x0000000089200000, 0x00000000892ccdf8, 0x0000000089300000| 80%| S|CS|TAMS 0x0000000089200000, 0x0000000089200000| Complete 
| 111|0x0000000089300000, 0x0000000089400000, 0x0000000089400000|100%| S|CS|TAMS 0x0000000089300000, 0x0000000089300000| Complete 
| 112|0x0000000089400000, 0x0000000089500000, 0x0000000089500000|100%| E|CS|TAMS 0x0000000089400000, 0x0000000089400000| Complete 
| 113|0x0000000089500000, 0x0000000089600000, 0x0000000089600000|100%| E|CS|TAMS 0x0000000089500000, 0x0000000089500000| Complete 
| 114|0x0000000089600000, 0x0000000089700000, 0x0000000089700000|100%| E|CS|TAMS 0x0000000089600000, 0x0000000089600000| Complete 
| 115|0x0000000089700000, 0x0000000089800000, 0x0000000089800000|100%| E|CS|TAMS 0x0000000089700000, 0x0000000089700000| Complete 
| 116|0x0000000089800000, 0x0000000089900000, 0x0000000089900000|100%| E|CS|TAMS 0x0000000089800000, 0x0000000089800000| Complete 
| 117|0x0000000089900000, 0x0000000089a00000, 0x0000000089a00000|100%| E|CS|TAMS 0x0000000089900000, 0x0000000089900000| Complete 
| 118|0x0000000089a00000, 0x0000000089b00000, 0x0000000089b00000|100%| E|CS|TAMS 0x0000000089a00000, 0x0000000089a00000| Complete 
| 119|0x0000000089b00000, 0x0000000089c00000, 0x0000000089c00000|100%| E|CS|TAMS 0x0000000089b00000, 0x0000000089b00000| Complete 
| 120|0x0000000089c00000, 0x0000000089d00000, 0x0000000089d00000|100%| E|CS|TAMS 0x0000000089c00000, 0x0000000089c00000| Complete 
| 121|0x0000000089d00000, 0x0000000089e00000, 0x0000000089e00000|100%| E|CS|TAMS 0x0000000089d00000, 0x0000000089d00000| Complete 
| 122|0x0000000089e00000, 0x0000000089f00000, 0x0000000089f00000|100%| E|CS|TAMS 0x0000000089e00000, 0x0000000089e00000| Complete 
| 123|0x0000000089f00000, 0x000000008a000000, 0x000000008a000000|100%| E|CS|TAMS 0x0000000089f00000, 0x0000000089f00000| Complete 
| 124|0x000000008a000000, 0x000000008a100000, 0x000000008a100000|100%| E|CS|TAMS 0x000000008a000000, 0x000000008a000000| Complete 
| 125|0x000000008a100000, 0x000000008a200000, 0x000000008a200000|100%| E|CS|TAMS 0x000000008a100000, 0x000000008a100000| Complete 

Card table byte_map: [0x0000013bceb80000,0x0000013bcef70000] _byte_map_base: 0x0000013bce76e000

Marking Bits (Prev, Next): (CMBitMap*) 0x0000013bb7df4f50, (CMBitMap*) 0x0000013bb7df4f18
 Prev Bits: [0x0000013bd12d0000, 0x0000013bd3240000)
 Next Bits: [0x0000013bcf360000, 0x0000013bd12d0000)

Polling page: 0x0000013bb5d60000

Metaspace:

Usage:
  Non-class:     24.56 MB capacity,    24.18 MB ( 98%) used,   321.59 KB (  1%) free+waste,    68.38 KB ( <1%) overhead. 
      Class:      3.40 MB capacity,     3.15 MB ( 93%) used,   221.56 KB (  6%) free+waste,    34.00 KB ( <1%) overhead. 
       Both:     27.96 MB capacity,    27.33 MB ( 98%) used,   543.15 KB (  2%) free+waste,   102.38 KB ( <1%) overhead. 

Virtual space:
  Non-class space:       26.00 MB reserved,      24.75 MB ( 95%) committed 
      Class space:        1.00 GB reserved,       3.50 MB ( <1%) committed 
             Both:        1.03 GB reserved,      28.25 MB (  3%) committed 

Chunk freelists:
   Non-Class:  7.75 KB
       Class:  896 bytes
        Both:  8.63 KB

CodeHeap 'non-profiled nmethods': size=120000Kb used=965Kb max_used=965Kb free=119034Kb
 bounds [0x0000013bc6f20000, 0x0000013bc7190000, 0x0000013bce450000]
CodeHeap 'profiled nmethods': size=120000Kb used=5575Kb max_used=5575Kb free=114424Kb
 bounds [0x0000013bbf9f0000, 0x0000013bbff70000, 0x0000013bc6f20000]
CodeHeap 'non-nmethods': size=5760Kb used=1142Kb max_used=1170Kb free=4618Kb
 bounds [0x0000013bbf450000, 0x0000013bbf6c0000, 0x0000013bbf9f0000]
 total_blobs=3005 nmethods=2534 adapters=382
 compilation: enabled
              stopped_count=0, restarted_count=0
 full_count=0

Compilation events (10 events):
Event: 6.805 Thread 0x0000013bd6532800 nmethod 2513 0x0000013bbff53510 code [0x0000013bbff536e0, 0x0000013bbff53bc8]
Event: 6.806 Thread 0x0000013bd6532800 2514       3       org.springframework.core.type.classreading.AnnotationMetadataReadingVisitor::visitAnnotation (40 bytes)
Event: 6.810 Thread 0x0000013bd6532800 nmethod 2514 0x0000013bbff53d90 code [0x0000013bbff54020, 0x0000013bbff54cb8]
Event: 6.810 Thread 0x0000013bd6532800 2516       3       java.lang.Class::enumConstantDirectory (119 bytes)
Event: 6.815 Thread 0x0000013bd6532800 nmethod 2516 0x0000013bbff55290 code [0x0000013bbff555a0, 0x0000013bbff56568]
Event: 6.815 Thread 0x0000013bd6532800 2522       3       java.util.Arrays::binarySearch0 (95 bytes)
Event: 6.816 Thread 0x0000013bd6532800 nmethod 2522 0x0000013bbff56b10 code [0x0000013bbff56ce0, 0x0000013bbff570b8]
Event: 6.816 Thread 0x0000013bd6532800 2518       3       java.util.WeakHashMap::get (77 bytes)
Event: 6.819 Thread 0x0000013bd6532800 nmethod 2518 0x0000013bbff57290 code [0x0000013bbff574a0, 0x0000013bbff57ca8]
Event: 6.819 Thread 0x0000013bd6532800 2520       3       java.util.TreeMap$KeySet::iterator (32 bytes)

GC Heap History (6 events):
Event: 1.315 GC heap before
{Heap before GC invocations=0 (full 0):
 garbage-first heap   total 129024K, used 24576K [0x0000000082400000, 0x0000000100000000)
  region size 1024K, 24 young (24576K), 0 survivors (0K)
 Metaspace       used 13408K, capacity 13648K, committed 13824K, reserved 1060864K
  class space    used 1344K, capacity 1431K, committed 1536K, reserved 1048576K
}
Event: 1.321 GC heap after
{Heap after GC invocations=1 (full 0):
 garbage-first heap   total 129024K, used 7615K [0x0000000082400000, 0x0000000100000000)
  region size 1024K, 3 young (3072K), 3 survivors (3072K)
 Metaspace       used 13408K, capacity 13648K, committed 13824K, reserved 1060864K
  class space    used 1344K, capacity 1431K, committed 1536K, reserved 1048576K
}
Event: 1.643 GC heap before
{Heap before GC invocations=1 (full 0):
 garbage-first heap   total 129024K, used 31167K [0x0000000082400000, 0x0000000100000000)
  region size 1024K, 26 young (26624K), 3 survivors (3072K)
 Metaspace       used 17913K, capacity 18213K, committed 18304K, reserved 1064960K
  class space    used 2027K, capacity 2145K, committed 2176K, reserved 1048576K
}
Event: 1.647 GC heap after
{Heap after GC invocations=2 (full 0):
 garbage-first heap   total 129024K, used 8997K [0x0000000082400000, 0x0000000100000000)
  region size 1024K, 2 young (2048K), 2 survivors (2048K)
 Metaspace       used 17913K, capacity 18213K, committed 18304K, reserved 1064960K
  class space    used 2027K, capacity 2145K, committed 2176K, reserved 1048576K
}
Event: 2.982 GC heap before
{Heap before GC invocations=2 (full 0):
 garbage-first heap   total 129024K, used 22309K [0x0000000082400000, 0x0000000100000000)
  region size 1024K, 16 young (16384K), 2 survivors (2048K)
 Metaspace       used 20674K, capacity 21109K, committed 21376K, reserved 1069056K
  class space    used 2398K, capacity 2586K, committed 2688K, reserved 1048576K
}
Event: 2.986 GC heap after
{Heap after GC invocations=3 (full 0):
 garbage-first heap   total 129024K, used 9469K [0x0000000082400000, 0x0000000100000000)
  region size 1024K, 2 young (2048K), 2 survivors (2048K)
 Metaspace       used 20674K, capacity 21109K, committed 21376K, reserved 1069056K
  class space    used 2398K, capacity 2586K, committed 2688K, reserved 1048576K
}

Deoptimization events (10 events):
Event: 2.951 Thread 0x0000013bd74b4800 Uncommon trap: reason=bimorphic_or_optimized_type_check action=maybe_recompile pc=0x0000013bc6fb08c4 method=java.util.HashMap.putVal(ILjava/lang/Object;Ljava/lang/Object;ZZ)Ljava/lang/Object; @ 253 c2
Event: 2.951 Thread 0x0000013bd74b4800 Uncommon trap: reason=bimorphic_or_optimized_type_check action=maybe_recompile pc=0x0000013bc6fb08c4 method=java.util.HashMap.putVal(ILjava/lang/Object;Ljava/lang/Object;ZZ)Ljava/lang/Object; @ 253 c2
Event: 2.951 Thread 0x0000013bd74b4800 Uncommon trap: reason=bimorphic_or_optimized_type_check action=maybe_recompile pc=0x0000013bc6fb08c4 method=java.util.HashMap.putVal(ILjava/lang/Object;Ljava/lang/Object;ZZ)Ljava/lang/Object; @ 253 c2
Event: 3.089 Thread 0x0000013bd74b4800 Uncommon trap: reason=unstable_if action=reinterpret pc=0x0000013bc6f4490c method=java.util.zip.ZipFile$Source.getEntryPos([BZ)I @ 156 c2
Event: 3.230 Thread 0x0000013bd7819800 Uncommon trap: reason=unstable_if action=reinterpret pc=0x0000013bc6f86744 method=java.nio.Buffer.limit(I)Ljava/nio/Buffer; @ 42 c2
Event: 3.273 Thread 0x0000013bd7819800 Uncommon trap: reason=unstable_if action=reinterpret pc=0x0000013bc6f7d4f8 method=jdk.internal.org.objectweb.asm.Type.getArgumentsAndReturnSizes(Ljava/lang/String;)I @ 47 c2
Event: 3.301 Thread 0x0000013bd7819800 Uncommon trap: reason=unstable_if action=reinterpret pc=0x0000013bc6f95a1c method=java.nio.Buffer.position(I)Ljava/nio/Buffer; @ 37 c2
Event: 3.319 Thread 0x0000013bd7819800 Uncommon trap: reason=unstable_if action=reinterpret pc=0x0000013bc6f8479c method=java.nio.Buffer.position(I)Ljava/nio/Buffer; @ 37 c2
Event: 3.501 Thread 0x0000013bd7819800 Uncommon trap: reason=unstable_if action=reinterpret pc=0x0000013bc6ff3d84 method=com.sun.org.apache.xerces.internal.impl.XMLEntityScanner.skipSpaces()Z @ 128 c2
Event: 3.522 Thread 0x0000013bd7819800 Uncommon trap: reason=unstable_if action=reinterpret pc=0x0000013bc6ff6eb8 method=com.sun.org.apache.xerces.internal.util.SymbolTable.addSymbol([CII)Ljava/lang/String; @ 38 c2

Classes redefined (0 events):
No events

Internal exceptions (10 events):
Event: 3.275 Thread 0x0000013bd7819800 Exception <a 'java/lang/NoSuchMethodError'{0x00000000887aa8f8}: java.lang.invoke.DirectMethodHandle$Holder.invokeStatic(Ljava/lang/Object;Ljava/lang/Object;)J> (0x00000000887aa8f8) thrown at [./open/src/hotspot/share/interpreter/linkResolver.cpp, line 772
Event: 3.275 Thread 0x0000013bd7819800 Exception <a 'java/lang/NoSuchMethodError'{0x00000000887ad720}: java.lang.invoke.DirectMethodHandle$Holder.invokeStaticInit(Ljava/lang/Object;Ljava/lang/Object;)J> (0x00000000887ad720) thrown at [./open/src/hotspot/share/interpreter/linkResolver.cpp, line
Event: 3.277 Thread 0x0000013bd7819800 Exception <a 'java/lang/NoSuchMethodError'{0x00000000887b9bc8}: java.lang.invoke.DirectMethodHandle$Holder.invokeInterface(Ljava/lang/Object;Ljava/lang/Object;)J> (0x00000000887b9bc8) thrown at [./open/src/hotspot/share/interpreter/linkResolver.cpp, line 
Event: 3.277 Thread 0x0000013bd7819800 Exception <a 'java/lang/IncompatibleClassChangeError'{0x00000000887bc960}: Found class java.lang.Object, but interface was expected> (0x00000000887bc960) thrown at [./open/src/hotspot/share/interpreter/linkResolver.cpp, line 838]
Event: 3.280 Thread 0x0000013bd7819800 Exception <a 'java/lang/NoSuchMethodError'{0x00000000887df930}: java.lang.invoke.DirectMethodHandle$Holder.invokeVirtual(Ljava/lang/Object;Ljava/lang/Object;Ljava/lang/Object;Ljava/lang/Object;)Ljava/lang/Object;> (0x00000000887df930) thrown at [./open/sr
Event: 4.619 Thread 0x0000013bd7819800 Exception <a 'java/lang/IncompatibleClassChangeError'{0x00000000878bf178}: Found class java.lang.Object, but interface was expected> (0x00000000878bf178) thrown at [./open/src/hotspot/share/interpreter/linkResolver.cpp, line 838]
Event: 5.699 Thread 0x0000013bd7819800 Exception <a 'java/lang/NoSuchMethodError'{0x0000000087301b08}: java.lang.invoke.DirectMethodHandle$Holder.invokeStatic(Ljava/lang/Object;Ljava/lang/Object;Ljava/lang/Object;Ljava/lang/Object;Ljava/lang/Object;Ljava/lang/Object;Ljava/lang/Object;Ljava/lan
Event: 5.701 Thread 0x0000013bd7819800 Exception <a 'java/lang/NoSuchMethodError'{0x000000008731fac8}: java.lang.invoke.DirectMethodHandle$Holder.invokeStatic(Ljava/lang/Object;Ljava/lang/Object;Ljava/lang/Object;Ljava/lang/Object;Ljava/lang/Object;Ljava/lang/Object;Ljava/lang/Object;Ljava/lan
Event: 5.703 Thread 0x0000013bd7819800 Exception <a 'java/lang/NoSuchMethodError'{0x000000008733eaf8}: java.lang.invoke.DirectMethodHandle$Holder.invokeStatic(Ljava/lang/Object;Ljava/lang/Object;Ljava/lang/Object;Ljava/lang/Object;Ljava/lang/Object;Ljava/lang/Object;Ljava/lang/Object;Ljava/lan
Event: 5.705 Thread 0x0000013bd7819800 Exception <a 'java/lang/NoSuchMethodError'{0x000000008735f250}: java.lang.invoke.DirectMethodHandle$Holder.invokeStatic(Ljava/lang/Object;Ljava/lang/Object;Ljava/lang/Object;Ljava/lang/Object;Ljava/lang/Object;Ljava/lang/Object;Ljava/lang/Object;Ljava/lan

Events (10 events):
Event: 6.803 loading class jdk/management/jfr/RecordingInfo done
Event: 6.805 loading class jdk/management/jfr/ConfigurationInfo
Event: 6.806 loading class jdk/management/jfr/ConfigurationInfo done
Event: 6.808 loading class jdk/management/jfr/EventTypeInfo
Event: 6.808 loading class jdk/management/jfr/EventTypeInfo done
Event: 6.814 loading class jdk/management/jfr/StreamManager
Event: 6.815 loading class jdk/management/jfr/StreamManager done
Event: 6.815 loading class javax/management/StandardMBean$MBeanInfoSafeAction
Event: 6.815 loading class javax/management/StandardMBean$MBeanInfoSafeAction done
Event: 6.815 loading class javax/management/NotificationListener


Dynamic libraries:
0x00007ff67efd0000 - 0x00007ff67efdf000 	C:\Program Files\Java\jdk-11.0.15.1\bin\javaw.exe
0x00007ff91ae00000 - 0x00007ff91b067000 	C:\WINDOWS\SYSTEM32\ntdll.dll
0x00007ff91a240000 - 0x00007ff91a309000 	C:\WINDOWS\System32\KERNEL32.DLL
0x00007ff9176d0000 - 0x00007ff917ac4000 	C:\WINDOWS\System32\KERNELBASE.dll
0x00007ff918960000 - 0x00007ff918aab000 	C:\WINDOWS\System32\ucrtbase.dll
0x00007ff912270000 - 0x00007ff912285000 	C:\Program Files\Java\jdk-11.0.15.1\bin\VCRUNTIME140.dll
0x00007ff912250000 - 0x00007ff912268000 	C:\Program Files\Java\jdk-11.0.15.1\bin\jli.dll
0x00007ff919ed0000 - 0x00007ff919f86000 	C:\WINDOWS\System32\ADVAPI32.dll
0x00007ff91a890000 - 0x00007ff91a939000 	C:\WINDOWS\System32\msvcrt.dll
0x00007ff91a310000 - 0x00007ff91a3b7000 	C:\WINDOWS\System32\sechost.dll
0x00007ff91a670000 - 0x00007ff91a788000 	C:\WINDOWS\System32\RPCRT4.dll
0x00007ff91a070000 - 0x00007ff91a235000 	C:\WINDOWS\System32\USER32.dll
0x00007ff918ab0000 - 0x00007ff918ad7000 	C:\WINDOWS\System32\win32u.dll
0x00007ff91a560000 - 0x00007ff91a58b000 	C:\WINDOWS\System32\GDI32.dll
0x00007ff901d90000 - 0x00007ff902023000 	C:\WINDOWS\WinSxS\amd64_microsoft.windows.common-controls_6595b64144ccf1df_6.0.26100.8115_none_3e075c82e3354f9c\COMCTL32.dll
0x00007ff917d90000 - 0x00007ff917ebb000 	C:\WINDOWS\System32\gdi32full.dll
0x00007ff918ae0000 - 0x00007ff918b83000 	C:\WINDOWS\System32\msvcp_win.dll
0x00007ff90fdb0000 - 0x00007ff90fdbb000 	C:\WINDOWS\SYSTEM32\VERSION.dll
0x00007ff918c90000 - 0x00007ff918cc2000 	C:\WINDOWS\System32\IMM32.DLL
0x00007ff8ba0e0000 - 0x00007ff8ba17b000 	C:\Program Files\Java\jdk-11.0.15.1\bin\msvcp140.dll
0x00007ff89fb30000 - 0x00007ff8a0646000 	C:\Program Files\Java\jdk-11.0.15.1\bin\server\jvm.dll
0x00007ff91a940000 - 0x00007ff91a948000 	C:\WINDOWS\System32\PSAPI.DLL
0x00007ff8f4b60000 - 0x00007ff8f4b6a000 	C:\WINDOWS\SYSTEM32\WSOCK32.dll
0x00007ff91ad30000 - 0x00007ff91adb0000 	C:\WINDOWS\System32\WS2_32.dll
0x00007ff905d10000 - 0x00007ff905d46000 	C:\WINDOWS\SYSTEM32\WINMM.dll
0x00007ff916420000 - 0x00007ff91643b000 	C:\WINDOWS\SYSTEM32\kernel.appcore.dll
0x00007ff912290000 - 0x00007ff9122a0000 	C:\Program Files\Java\jdk-11.0.15.1\bin\verify.dll
0x00007ff9157c0000 - 0x00007ff915a02000 	C:\WINDOWS\SYSTEM32\DBGHELP.DLL
0x00007ff918e10000 - 0x00007ff919192000 	C:\WINDOWS\System32\combase.dll
0x00007ff91a590000 - 0x00007ff91a668000 	C:\WINDOWS\System32\OLEAUT32.dll
0x00007ff900e10000 - 0x00007ff900e4b000 	C:\WINDOWS\SYSTEM32\dbgcore.DLL
0x00007ff918730000 - 0x00007ff9187d5000 	C:\WINDOWS\System32\bcryptPrimitives.dll
0x00007ff905840000 - 0x00007ff905868000 	C:\Program Files\Java\jdk-11.0.15.1\bin\java.dll
0x00007ff912160000 - 0x00007ff91216a000 	C:\Program Files\Java\jdk-11.0.15.1\bin\jimage.dll
0x00007ff906c20000 - 0x00007ff906c36000 	C:\Program Files\Java\jdk-11.0.15.1\bin\zip.dll
0x00007ff919730000 - 0x00007ff919e97000 	C:\WINDOWS\System32\SHELL32.dll
0x00007ff917ad0000 - 0x00007ff917c3a000 	C:\WINDOWS\System32\wintypes.dll
0x00007ff917ec0000 - 0x00007ff918728000 	C:\WINDOWS\System32\windows.storage.dll
0x00007ff91a790000 - 0x00007ff91a888000 	C:\WINDOWS\System32\SHCORE.dll
0x00007ff918c10000 - 0x00007ff918c76000 	C:\WINDOWS\System32\shlwapi.dll
0x00007ff9175f0000 - 0x00007ff917619000 	C:\WINDOWS\SYSTEM32\profapi.dll
0x00007ff905a10000 - 0x00007ff905a29000 	C:\Program Files\Java\jdk-11.0.15.1\bin\net.dll
0x00007ff910010000 - 0x00007ff91013d000 	C:\WINDOWS\SYSTEM32\WINHTTP.dll
0x00007ff916970000 - 0x00007ff9169dc000 	C:\WINDOWS\system32\mswsock.dll
0x00007ff903770000 - 0x00007ff903782000 	C:\Program Files\Java\jdk-11.0.15.1\bin\nio.dll
0x00007ff912240000 - 0x00007ff912249000 	C:\Program Files\Java\jdk-11.0.15.1\bin\management.dll
0x00007ff9121b0000 - 0x00007ff9121bb000 	C:\Program Files\Java\jdk-11.0.15.1\bin\management_ext.dll
0x00007ff8f8410000 - 0x00007ff8f8428000 	C:\WINDOWS\system32\napinsp.dll
0x00007ff915e90000 - 0x00007ff915fc2000 	C:\WINDOWS\SYSTEM32\DNSAPI.dll
0x00007ff915e00000 - 0x00007ff915e32000 	C:\WINDOWS\SYSTEM32\IPHLPAPI.DLL
0x00007ff91a950000 - 0x00007ff91a95a000 	C:\WINDOWS\System32\NSI.dll
0x00007ff8f7a70000 - 0x00007ff8f7a83000 	C:\WINDOWS\System32\winrnr.dll
0x00007ff8f7a40000 - 0x00007ff8f7a62000 	C:\WINDOWS\system32\nlansp_c.dll
0x00007ff90f5d0000 - 0x00007ff90f5e6000 	C:\WINDOWS\system32\wshbth.dll
0x00007ff90d710000 - 0x00007ff90d71b000 	C:\Windows\System32\rasadhlp.dll
0x00007ff90dbb0000 - 0x00007ff90dc36000 	C:\WINDOWS\System32\fwpuclnt.dll

dbghelp: loaded successfully - version: 4.0.5 - missing functions: none
symbol engine: initialized successfully - sym options: 0x614 - pdb path: .;C:\Program Files\Java\jdk-11.0.15.1\bin;C:\WINDOWS\SYSTEM32;C:\WINDOWS\WinSxS\amd64_microsoft.windows.common-controls_6595b64144ccf1df_6.0.26100.8115_none_3e075c82e3354f9c;C:\Program Files\Java\jdk-11.0.15.1\bin\server

VM Arguments:
jvm_args: -Dfile.encoding=UTF-8 
java_command: com.rays.ORSProject10Application
java_class_path (initial): C:\project-10-Jwt\ORSProject-10 JWT\target\classes;C:\Users\DELL\.m2\repository\org\springframework\boot\spring-boot-devtools\2.1.2.RELEASE\spring-boot-devtools-2.1.2.RELEASE.jar;C:\Users\DELL\.m2\repository\org\springframework\boot\spring-boot\2.1.2.RELEASE\spring-boot-2.1.2.RELEASE.jar;C:\Users\DELL\.m2\repository\org\springframework\spring-core\5.1.4.RELEASE\spring-core-5.1.4.RELEASE.jar;C:\Users\DELL\.m2\repository\org\springframework\spring-jcl\5.1.4.RELEASE\spring-jcl-5.1.4.RELEASE.jar;C:\Users\DELL\.m2\repository\org\springframework\spring-context\5.1.4.RELEASE\spring-context-5.1.4.RELEASE.jar;C:\Users\DELL\.m2\repository\org\springframework\boot\spring-boot-autoconfigure\2.1.2.RELEASE\spring-boot-autoconfigure-2.1.2.RELEASE.jar;C:\Users\DELL\.m2\repository\org\springframework\boot\spring-boot-starter-web\2.1.2.RELEASE\spring-boot-starter-web-2.1.2.RELEASE.jar;C:\Users\DELL\.m2\repository\org\springframework\boot\spring-boot-starter\2.1.2.RELEASE\spring-boot-starter-2.1.2.RELEASE.jar;C:\Users\DELL\.m2\repository\org\springframework\boot\spring-boot-starter-logging\2.1.2.RELEASE\spring-boot-starter-logging-2.1.2.RELEASE.jar;C:\Users\DELL\.m2\repository\ch\qos\logback\logback-classic\1.2.3\logback-classic-1.2.3.jar;C:\Users\DELL\.m2\repository\ch\qos\logback\logback-core\1.2.3\logback-core-1.2.3.jar;C:\Users\DELL\.m2\repository\org\apache\logging\log4j\log4j-to-slf4j\2.11.1\log4j-to-slf4j-2.11.1.jar;C:\Users\DELL\.m2\repository\org\apache\logging\log4j\log4j-api\2.11.1\log4j-api-2.11.1.jar;C:\Users\DELL\.m2\repository\org\slf4j\jul-to-slf4j\1.7.25\jul-to-slf4j-1.7.25.jar;C:\Users\DELL\.m2\repository\javax\annotation\javax.annotation-api\1.3.2\javax.annotation-api-1.3.2.jar;C:\Users\DELL\.m2\repository\org\yaml\snakeyaml\1.23\snakeyaml-1.23.jar;C:\Users\DELL\.m2\repository\org\springframework\boot\spring-boot-starter-json\2.1.2.RELEASE\spring-boot-starter-json-2.1.2.RELEASE.jar;C:\Users\DELL\.m2\repository\com\fasterxml\jackson\datat
Launcher Type: SUN_STANDARD

[Global flags]
     intx CICompilerCount                          = 4                                         {product} {ergonomic}
     uint ConcGCThreads                            = 2                                         {product} {ergonomic}
     uint G1ConcRefinementThreads                  = 8                                         {product} {ergonomic}
   size_t G1HeapRegionSize                         = 1048576                                   {product} {ergonomic}
    uintx GCDrainStackTargetSize                   = 64                                        {product} {ergonomic}
   size_t InitialHeapSize                          = 132120576                                 {product} {ergonomic}
   size_t MarkStackSize                            = 4194304                                   {product} {ergonomic}
   size_t MaxHeapSize                              = 2109734912                                {product} {ergonomic}
   size_t MaxNewSize                               = 1265631232                                {product} {ergonomic}
   size_t MinHeapDeltaBytes                        = 1048576                                   {product} {ergonomic}
    uintx NonNMethodCodeHeapSize                   = 5836300                                {pd product} {ergonomic}
    uintx NonProfiledCodeHeapSize                  = 122910970                              {pd product} {ergonomic}
    uintx ProfiledCodeHeapSize                     = 122910970                              {pd product} {ergonomic}
    uintx ReservedCodeCacheSize                    = 251658240                              {pd product} {ergonomic}
     bool SegmentedCodeCache                       = true                                      {product} {ergonomic}
     bool UseCompressedClassPointers               = true                                 {lp64_product} {ergonomic}
     bool UseCompressedOops                        = true                                 {lp64_product} {ergonomic}
     bool UseG1GC                                  = true                                      {product} {ergonomic}
     bool UseLargePagesIndividualAllocation        = false                                  {pd product} {ergonomic}

Logging:
Log output configuration:
 #0: stdout all=warning uptime,level,tags
 #1: stderr all=off uptime,level,tags

Environment Variables:
JAVA_HOME=C:\Program Files\Java\jdk-11.0.15.1
PATH=C:/Program Files/Java/jdk-11.0.15.1/bin/server;C:/Program Files/Java/jdk-11.0.15.1/bin;C:\WINDOWS\system32;C:\WINDOWS;C:\WINDOWS\System32\Wbem;C:\WINDOWS\System32\WindowsPowerShell\v1.0\;C:\WINDOWS\System32\OpenSSH\;C:\Program Files\Git\cmd;C:\Program Files\dotnet\;C:\Program Files\Docker\Docker\resources\bin;C:\Program Files\nodejs\;C:\Program Files (x86)\NVIDIA Corporation\PhysX\Common;C:\Program Files\NVIDIA Corporation\NVIDIA App\NvDLISR;C:\Program Files\Apache\Maven\bin;C:\WINDOWS\system32;C:\WINDOWS;C:\WINDOWS\System32\Wbem;C:\WINDOWS\System32\WindowsPowerShell\v1.0\;C:\WINDOWS\System32\OpenSSH\;C:\Program Files\Git\cmd;C:\Program Files\dotnet\;C:\Program Files\Docker\Docker\resources\bin;C:\Program Files\nodejs\;C:\Program Files (x86)\NVIDIA Corporation\PhysX\Common;C:\Program Files\NVIDIA Corporation\NVIDIA App\NvDLISR;C:\Program Files\Java\jdk-11.0.15.1\bin;C:\Users\DELL\AppData\Roaming\npm;C:\Users\DELL\AppData\Local\Microsoft\WindowsApps;;C:\Users\DELL\AppData\Local\Programs\Microsoft VS Code\bin;C:\Users\DELL\AppData\Local\Programs\mongosh\;%USERPROFILE%\AppData\Local\Microsoft\WindowsApps;C:\Users\DELL\Downloads\eclipse-jee-2019-03-R-win32-x86_64\eclipse;
USERNAME=DELL
OS=Windows_NT
PROCESSOR_IDENTIFIER=Intel64 Family 6 Model 158 Stepping 10, GenuineIntel



---------------  S Y S T E M  ---------------

OS: Windows 11 , 64 bit Build 26100 (10.0.26100.8246)
Hyper-V role detected

CPU:total 8 (initial active 8) (4 cores per cpu, 2 threads per core) family 6 model 158 stepping 10 microcode 0xde, cmov, cx8, fxsr, mmx, sse, sse2, sse3, ssse3, sse4.1, sse4.2, popcnt, avx, avx2, aes, clmul, erms, 3dnowpref, lzcnt, ht, tsc, tscinvbit, bmi1, bmi2, adx, fma

Memory: 4k page, system-wide physical 8044M (946M free)
TotalPageFile size 32620M (AvailPageFile size 7M)
current process WorkingSet (physical memory assigned to process): 166M, peak: 168M
current process commit charge ("private bytes"): 269M, peak: 275M

vm_info: Java HotSpot(TM) 64-Bit Server VM (11.0.15.1+2-LTS-10) for windows-amd64 JRE (11.0.15.1+2-LTS-10), built on Apr 25 2022 21:51:57 by "mach5one" with MS VC++ 15.9 (VS2017)

END.
